Archive member included because of file (symbol)

contiki-sky.a(process.o)      obj_sky/contiki-sky-main.o (process_init)
contiki-sky.a(autostart.o)    obj_sky/contiki-sky-main.o (autostart_start)
contiki-sky.a(random.o)       staffetta-test.co (random_init)
contiki-sky.a(etimer.o)       obj_sky/contiki-sky-main.o (etimer_process)
contiki-sky.a(energest.o)     obj_sky/contiki-sky-main.o (energest_init)
contiki-sky.a(rtimer.o)       obj_sky/contiki-sky-main.o (rtimer_init)
contiki-sky.a(metric.o)       staffetta-test.co (node_energy_state)
contiki-sky.a(gpio.o)         obj_sky/contiki-sky-main.o (gpio_init)
contiki-sky.a(energytrace.o)  contiki-sky.a(metric.o) (remaining_energy)
contiki-sky.a(staffetta.o)    staffetta-test.co (getWakeups)
contiki-sky.a(msp430.o)       contiki-sky.a(energytrace.o) (w_memcpy)
contiki-sky.a(leds.o)         staffetta-test.co (leds_init)
contiki-sky.a(watchdog.o)     obj_sky/contiki-sky-main.o (watchdog_init)
contiki-sky.a(xmem.o)         obj_sky/contiki-sky-main.o (xmem_init)
contiki-sky.a(cc2420.o)       obj_sky/contiki-sky-main.o (cc2420_init)
contiki-sky.a(node-id.o)      staffetta-test.co (node_id)
contiki-sky.a(uart1.o)        obj_sky/contiki-sky-main.o (uart1_active)
contiki-sky.a(clock.o)        contiki-sky.a(etimer.o) (clock_time)
contiki-sky.a(leds-arch.o)    contiki-sky.a(leds.o) (leds_arch_init)
contiki-sky.a(uart1-putchar.o)
                              obj_sky/contiki-sky-main.o (putchar)
contiki-sky.a(rtimer-arch.o)  contiki-sky.a(rtimer.o) (rtimer_arch_init)
contiki-sky.a(rand.o)         contiki-sky.a(random.o) (rand)
contiki-sky.a(timer.o)        contiki-sky.a(etimer.o) (timer_set)
contiki-sky.a(ctimer.o)       contiki-sky.a(staffetta.o) (ctimer_stop)
contiki-sky.a(ringbuf.o)      contiki-sky.a(uart1.o) (ringbuf_init)
contiki-sky.a(spi.o)          contiki-sky.a(xmem.o) (spi_init)
contiki-sky.a(list.o)         contiki-sky.a(ctimer.o) (list_init)
/usr/bin/../lib/gcc/msp430/4.6.3/mmpy-16/libgcc.a(_mulsi3.o)
                              contiki-sky.a(energytrace.o) (__mulsi3)
/usr/bin/../lib/gcc/msp430/4.6.3/mmpy-16/libgcc.a(_udivmod16.o)
                              contiki-sky.a(energytrace.o) (__udivhi3)
/usr/bin/../lib/gcc/msp430/4.6.3/mmpy-16/libgcc.a(_divmod16.o)
                              contiki-sky.a(staffetta.o) (__modhi3)
/usr/bin/../lib/gcc/msp430/4.6.3/mmpy-16/libgcc.a(_udivmod32.o)
                              staffetta-test.co (__udivsi3)
/usr/bin/../lib/gcc/msp430/4.6.3/mmpy-16/libgcc.a(_divmod32.o)
                              contiki-sky.a(energytrace.o) (__divsi3)
/usr/bin/../lib/gcc/msp430/4.6.3/../../../../msp430/lib/mmpy-16/libc.a(strcmp.o)
                              contiki-sky.a(energytrace.o) (strcmp)
/usr/bin/../lib/gcc/msp430/4.6.3/../../../../msp430/lib/mmpy-16/libc.a(strncpy.o)
                              contiki-sky.a(energytrace.o) (strncpy)
/usr/bin/../lib/gcc/msp430/4.6.3/../../../../msp430/lib/mmpy-16/libc.a(atoi.o)
                              contiki-sky.a(energytrace.o) (atoi)
/usr/bin/../lib/gcc/msp430/4.6.3/../../../../msp430/lib/mmpy-16/libc.a(printf.o)
                              staffetta-test.co (printf)
/usr/bin/../lib/gcc/msp430/4.6.3/../../../../msp430/lib/mmpy-16/libc.a(vuprintf.o)
                              /usr/bin/../lib/gcc/msp430/4.6.3/../../../../msp430/lib/mmpy-16/libc.a(printf.o) (vuprintf)
/usr/bin/../lib/gcc/msp430/4.6.3/../../../../msp430/lib/mmpy-16/libc.a(puts.o)
                              staffetta-test.co (puts)
/usr/bin/../lib/gcc/msp430/4.6.3/mmpy-16/libgcc.a(_udivmod64.o)
                              /usr/bin/../lib/gcc/msp430/4.6.3/../../../../msp430/lib/mmpy-16/libc.a(vuprintf.o) (__udivdi3)
/usr/bin/../lib/gcc/msp430/4.6.3/mmpy-16/libcrt0.a(_reset_vector__.o)
                              /usr/bin/../lib/gcc/msp430/4.6.3/mmpy-16/crt0ivtbl16.o (_reset_vector__)
/usr/bin/../lib/gcc/msp430/4.6.3/mmpy-16/libcrt0.a(__watchdog_support.o)
                              /usr/bin/../lib/gcc/msp430/4.6.3/mmpy-16/libcrt0.a(_reset_vector__.o) (__watchdog_support)
/usr/bin/../lib/gcc/msp430/4.6.3/mmpy-16/libcrt0.a(__init_stack.o)
                              /usr/bin/../lib/gcc/msp430/4.6.3/mmpy-16/libcrt0.a(_reset_vector__.o) (__init_stack)
/usr/bin/../lib/gcc/msp430/4.6.3/mmpy-16/libcrt0.a(__low_level_init.o)
                              /usr/bin/../lib/gcc/msp430/4.6.3/mmpy-16/libcrt0.a(_reset_vector__.o) (__low_level_init)
/usr/bin/../lib/gcc/msp430/4.6.3/mmpy-16/libcrt0.a(_copy_data.o)
                              /usr/bin/../lib/gcc/msp430/4.6.3/mmpy-16/libcrt0.a(_reset_vector__.o) (__do_copy_data)
/usr/bin/../lib/gcc/msp430/4.6.3/mmpy-16/libcrt0.a(_clear_bss.o)
                              /usr/bin/../lib/gcc/msp430/4.6.3/mmpy-16/libcrt0.a(_reset_vector__.o) (__do_clear_bss)
/usr/bin/../lib/gcc/msp430/4.6.3/mmpy-16/libcrt0.a(__stop_progExec__.o)
                              /usr/bin/../lib/gcc/msp430/4.6.3/mmpy-16/libcrt0.a(_reset_vector__.o) (__stop_progExec__)
/usr/bin/../lib/gcc/msp430/4.6.3/mmpy-16/libcrt0.a(_endless_loop__.o)
                              /usr/bin/../lib/gcc/msp430/4.6.3/mmpy-16/libcrt0.a(_reset_vector__.o) (_endless_loop__)
/usr/bin/../lib/gcc/msp430/4.6.3/mmpy-16/libcrt0.a(_unexpected_.o)
                              /usr/bin/../lib/gcc/msp430/4.6.3/mmpy-16/crt0ivtbl16.o (_unexpected_)

Allocating common symbols
Common symbol       size              file

energest_total_time
                    0x30              contiki-sky.a(energest.o)
energest_total_count
                    0x2               contiki-sky.a(energest.o)
energest_current_mode
                    0xc               contiki-sky.a(energest.o)
process_maxevents   0x1               contiki-sky.a(process.o)
node_state          0x2               contiki-sky.a(energytrace.o)
node_duty_cycle     0x2               contiki-sky.a(metric.o)
node_activation_ev  0x1               contiki-sky.a(energytrace.o)
index               0x2               contiki-sky.a(staffetta.o)
energest_current_time
                    0x18              contiki-sky.a(energest.o)
edc_id              0x50              contiki-sky.a(staffetta.o)
fd_read_solar       0x2               contiki-sky.a(energytrace.o)

Memory Configuration

Name             Origin             Length             Attributes
sfr              0x0000000000000000 0x0000000000000010
peripheral_8bit  0x0000000000000010 0x00000000000000f0
peripheral_16bit 0x0000000000000100 0x0000000000000100
ram_mirror       0x0000000000000200 0x0000000000000800 xw
infomem          0x0000000000001000 0x0000000000000100
infob            0x0000000000001000 0x0000000000000080
infoa            0x0000000000001080 0x0000000000000080
ram              0x0000000000001100 0x0000000000002800 xw
rom              0x0000000000004000 0x000000000000bfe0 xr
vectors          0x000000000000ffe0 0x0000000000000020
bsl              0x0000000000000000 0x0000000000000000
infoc            0x0000000000000000 0x0000000000000000
infod            0x0000000000000000 0x0000000000000000
ram2             0x0000000000000000 0x0000000000000000 xw
usbram           0x0000000000000000 0x0000000000000000 xw
far_rom          0x0000000000000000 0x0000000000000000
*default*        0x0000000000000000 0xffffffffffffffff

Linker script and memory map

LOAD /usr/bin/../lib/gcc/msp430/4.6.3/mmpy-16/crt0ivtbl16.o
Address of section .glossy set to 0x4000
Address of section .text set to 0x4400
LOAD staffetta-test.co
LOAD obj_sky/contiki-sky-main.o
LOAD contiki-sky.a
LOAD /usr/bin/../lib/gcc/msp430/4.6.3/../../../../msp430/lib/mmpy-16/libm.a
LOAD /usr/bin/../lib/gcc/msp430/4.6.3/mmpy-16/libgcc.a
LOAD /usr/bin/../lib/gcc/msp430/4.6.3/../../../../msp430/lib/mmpy-16/libc.a
LOAD /usr/bin/../lib/gcc/msp430/4.6.3/mmpy-16/libgcc.a
LOAD /usr/bin/../lib/gcc/msp430/4.6.3/mmpy-16/libcrt0.a
                0x0000000000000080                PROVIDE (__info_segment_size, 0x80)
                0x0000000000001000                PROVIDE (__infob, 0x1000)
                0x0000000000001080                PROVIDE (__infoa, 0x1080)
                0x0000000000000000                __IE1 = 0x0
                0x0000000000000002                __IFG1 = 0x2
                0x0000000000000004                __ME1 = 0x4
                0x0000000000000001                __IE2 = 0x1
                0x0000000000000003                __IFG2 = 0x3
                0x0000000000000005                __ME2 = 0x5
                0x0000000000000120                __WDTCTL = 0x120
                0x0000000000000130                __MPY = 0x130
                0x0000000000000132                __MPYS = 0x132
                0x0000000000000134                __MAC = 0x134
                0x0000000000000136                __MACS = 0x136
                0x0000000000000138                __OP2 = 0x138
                0x000000000000013a                __RESLO = 0x13a
                0x000000000000013c                __RESHI = 0x13c
                0x000000000000013e                __SUMEXT = 0x13e
                0x0000000000000020                __P1IN = 0x20
                0x0000000000000021                __P1OUT = 0x21
                0x0000000000000022                __P1DIR = 0x22
                0x0000000000000023                __P1IFG = 0x23
                0x0000000000000024                __P1IES = 0x24
                0x0000000000000025                __P1IE = 0x25
                0x0000000000000026                __P1SEL = 0x26
                0x0000000000000028                __P2IN = 0x28
                0x0000000000000029                __P2OUT = 0x29
                0x000000000000002a                __P2DIR = 0x2a
                0x000000000000002b                __P2IFG = 0x2b
                0x000000000000002c                __P2IES = 0x2c
                0x000000000000002d                __P2IE = 0x2d
                0x000000000000002e                __P2SEL = 0x2e
                0x0000000000000018                __P3IN = 0x18
                0x0000000000000019                __P3OUT = 0x19
                0x000000000000001a                __P3DIR = 0x1a
                0x000000000000001b                __P3SEL = 0x1b
                0x000000000000001c                __P4IN = 0x1c
                0x000000000000001d                __P4OUT = 0x1d
                0x000000000000001e                __P4DIR = 0x1e
                0x000000000000001f                __P4SEL = 0x1f
                0x0000000000000030                __P5IN = 0x30
                0x0000000000000031                __P5OUT = 0x31
                0x0000000000000032                __P5DIR = 0x32
                0x0000000000000033                __P5SEL = 0x33
                0x0000000000000034                __P6IN = 0x34
                0x0000000000000035                __P6OUT = 0x35
                0x0000000000000036                __P6DIR = 0x36
                0x0000000000000037                __P6SEL = 0x37
                0x0000000000000070                __U0CTL = 0x70
                0x0000000000000071                __U0TCTL = 0x71
                0x0000000000000072                __U0RCTL = 0x72
                0x0000000000000073                __U0MCTL = 0x73
                0x0000000000000074                __U0BR0 = 0x74
                0x0000000000000075                __U0BR1 = 0x75
                0x0000000000000076                __U0RXBUF = 0x76
                0x0000000000000077                __U0TXBUF = 0x77
                0x0000000000000078                __U1CTL = 0x78
                0x0000000000000079                __U1TCTL = 0x79
                0x000000000000007a                __U1RCTL = 0x7a
                0x000000000000007b                __U1MCTL = 0x7b
                0x000000000000007c                __U1BR0 = 0x7c
                0x000000000000007d                __U1BR1 = 0x7d
                0x000000000000007e                __U1RXBUF = 0x7e
                0x000000000000007f                __U1TXBUF = 0x7f
                0x0000000000000050                __I2CIE = 0x50
                0x0000000000000051                __I2CIFG = 0x51
                0x0000000000000052                __I2CNDAT = 0x52
                0x0000000000000071                __I2CTCTL = 0x71
                0x0000000000000072                __I2CDCTL = 0x72
                0x0000000000000073                __I2CPSC = 0x73
                0x0000000000000074                __I2CSCLH = 0x74
                0x0000000000000075                __I2CSCLL = 0x75
                0x0000000000000076                __I2CDRB = 0x76
                0x0000000000000076                __I2CDRW = 0x76
                0x0000000000000118                __I2COA = 0x118
                0x000000000000011a                __I2CSA = 0x11a
                0x000000000000011c                __I2CIV = 0x11c
                0x000000000000012e                __TAIV = 0x12e
                0x0000000000000160                __TACTL = 0x160
                0x0000000000000162                __TACCTL0 = 0x162
                0x0000000000000164                __TACCTL1 = 0x164
                0x0000000000000166                __TACCTL2 = 0x166
                0x0000000000000170                __TAR = 0x170
                0x0000000000000172                __TACCR0 = 0x172
                0x0000000000000174                __TACCR1 = 0x174
                0x0000000000000176                __TACCR2 = 0x176
                0x000000000000011e                __TBIV = 0x11e
                0x0000000000000180                __TBCTL = 0x180
                0x0000000000000182                __TBCCTL0 = 0x182
                0x0000000000000184                __TBCCTL1 = 0x184
                0x0000000000000186                __TBCCTL2 = 0x186
                0x0000000000000188                __TBCCTL3 = 0x188
                0x000000000000018a                __TBCCTL4 = 0x18a
                0x000000000000018c                __TBCCTL5 = 0x18c
                0x000000000000018e                __TBCCTL6 = 0x18e
                0x0000000000000190                __TBR = 0x190
                0x0000000000000192                __TBCCR0 = 0x192
                0x0000000000000194                __TBCCR1 = 0x194
                0x0000000000000196                __TBCCR2 = 0x196
                0x0000000000000198                __TBCCR3 = 0x198
                0x000000000000019a                __TBCCR4 = 0x19a
                0x000000000000019c                __TBCCR5 = 0x19c
                0x000000000000019e                __TBCCR6 = 0x19e
                0x0000000000000056                __DCOCTL = 0x56
                0x0000000000000057                __BCSCTL1 = 0x57
                0x0000000000000058                __BCSCTL2 = 0x58
                0x0000000000000055                __SVSCTL = 0x55
                0x0000000000000128                __FCTL1 = 0x128
                0x000000000000012a                __FCTL2 = 0x12a
                0x000000000000012c                __FCTL3 = 0x12c
                0x0000000000000059                __CACTL1 = 0x59
                0x000000000000005a                __CACTL2 = 0x5a
                0x000000000000005b                __CAPD = 0x5b
                0x00000000000001a0                __ADC12CTL0 = 0x1a0
                0x00000000000001a2                __ADC12CTL1 = 0x1a2
                0x00000000000001a4                __ADC12IFG = 0x1a4
                0x00000000000001a6                __ADC12IE = 0x1a6
                0x00000000000001a8                __ADC12IV = 0x1a8
                0x0000000000000140                __ADC12MEM0 = 0x140
                0x0000000000000142                __ADC12MEM1 = 0x142
                0x0000000000000144                __ADC12MEM2 = 0x144
                0x0000000000000146                __ADC12MEM3 = 0x146
                0x0000000000000148                __ADC12MEM4 = 0x148
                0x000000000000014a                __ADC12MEM5 = 0x14a
                0x000000000000014c                __ADC12MEM6 = 0x14c
                0x000000000000014e                __ADC12MEM7 = 0x14e
                0x0000000000000150                __ADC12MEM8 = 0x150
                0x0000000000000152                __ADC12MEM9 = 0x152
                0x0000000000000154                __ADC12MEM10 = 0x154
                0x0000000000000156                __ADC12MEM11 = 0x156
                0x0000000000000158                __ADC12MEM12 = 0x158
                0x000000000000015a                __ADC12MEM13 = 0x15a
                0x000000000000015c                __ADC12MEM14 = 0x15c
                0x000000000000015e                __ADC12MEM15 = 0x15e
                0x0000000000000080                __ADC12MCTL0 = 0x80
                0x0000000000000081                __ADC12MCTL1 = 0x81
                0x0000000000000082                __ADC12MCTL2 = 0x82
                0x0000000000000083                __ADC12MCTL3 = 0x83
                0x0000000000000084                __ADC12MCTL4 = 0x84
                0x0000000000000085                __ADC12MCTL5 = 0x85
                0x0000000000000086                __ADC12MCTL6 = 0x86
                0x0000000000000087                __ADC12MCTL7 = 0x87
                0x0000000000000088                __ADC12MCTL8 = 0x88
                0x0000000000000089                __ADC12MCTL9 = 0x89
                0x000000000000008a                __ADC12MCTL10 = 0x8a
                0x000000000000008b                __ADC12MCTL11 = 0x8b
                0x000000000000008c                __ADC12MCTL12 = 0x8c
                0x000000000000008d                __ADC12MCTL13 = 0x8d
                0x000000000000008e                __ADC12MCTL14 = 0x8e
                0x000000000000008f                __ADC12MCTL15 = 0x8f
                0x00000000000001c0                __DAC12_0CTL = 0x1c0
                0x00000000000001c2                __DAC12_1CTL = 0x1c2
                0x00000000000001c8                __DAC12_0DAT = 0x1c8
                0x00000000000001ca                __DAC12_1DAT = 0x1ca
                0x0000000000000122                __DMACTL0 = 0x122
                0x0000000000000124                __DMACTL1 = 0x124
                0x00000000000001e0                __DMA0CTL = 0x1e0
                0x00000000000001e8                __DMA1CTL = 0x1e8
                0x00000000000001f0                __DMA2CTL = 0x1f0
                0x00000000000001e2                __DMA0SA = 0x1e2
                0x00000000000001e4                __DMA0DA = 0x1e4
                0x00000000000001e6                __DMA0SZ = 0x1e6
                0x00000000000001ea                __DMA1SA = 0x1ea
                0x00000000000001ec                __DMA1DA = 0x1ec
                0x00000000000001ee                __DMA1SZ = 0x1ee
                0x00000000000001f2                __DMA2SA = 0x1f2
                0x00000000000001f4                __DMA2DA = 0x1f4
                0x00000000000001f6                __DMA2SZ = 0x1f6

.hash
 *(.hash)

.dynsym
 *(.dynsym)

.dynstr
 *(.dynstr)

.gnu.version
 *(.gnu.version)

.gnu.version_d
 *(.gnu.version_d)

.gnu.version_r
 *(.gnu.version_r)

.rel.init
 *(.rel.init)

.rela.init
 *(.rela.init)

.rel.fini
 *(.rel.fini)

.rela.fini
 *(.rela.fini)

.rel.text
 *(.rel.text .rel.text.* .rel.gnu.linkonce.t.*)

.rela.text
 *(.rela.text .rela.text.* .rela.gnu.linkonce.t.*)

.rel.rodata
 *(.rel.rodata .rel.rodata.* .rel.gnu.linkonce.r.*)

.rela.rodata
 *(.rela.rodata .rela.rodata.* .rela.gnu.linkonce.r.*)

.rel.data
 *(.rel.data .rel.data.* .rel.gnu.linkonce.d.*)

.rela.data
 *(.rela.data .rela.data.* .rela.gnu.linkonce.d.*)

.rel.bss
 *(.rel.bss .rel.bss.* .rel.gnu.linkonce.b.*)

.rela.bss
 *(.rela.bss .rela.bss.* .rela.gnu.linkonce.b.*)

.rel.ctors
 *(.rel.ctors)

.rela.ctors
 *(.rela.ctors)

.rel.dtors
 *(.rel.dtors)

.rela.dtors
 *(.rela.dtors)

.rel.got
 *(.rel.got)

.rela.got
 *(.rela.got)

.rel.plt
 *(.rel.plt)

.rela.plt
 *(.rela.plt)

.text           0x0000000000004400     0x5572
                0x0000000000004400                . = ALIGN (0x2)
 *(.init .init.*)
 *(.init0)
 .init0         0x0000000000004400        0x0 /usr/bin/../lib/gcc/msp430/4.6.3/mmpy-16/libcrt0.a(_reset_vector__.o)
                0x0000000000004400                _reset_vector__
 *(.init1)
 .init1         0x0000000000004400        0xc /usr/bin/../lib/gcc/msp430/4.6.3/mmpy-16/libcrt0.a(__watchdog_support.o)
                0x0000000000004400                __watchdog_support
 *(.init2)
 .init2         0x000000000000440c        0x4 /usr/bin/../lib/gcc/msp430/4.6.3/mmpy-16/libcrt0.a(__init_stack.o)
                0x000000000000440c                __init_stack
 *(.init3)
 .init3         0x0000000000004410        0x0 /usr/bin/../lib/gcc/msp430/4.6.3/mmpy-16/libcrt0.a(__low_level_init.o)
                0x0000000000004410                __low_level_init
 *(.init4)
 .init4         0x0000000000004410       0x18 /usr/bin/../lib/gcc/msp430/4.6.3/mmpy-16/libcrt0.a(_copy_data.o)
                0x0000000000004410                __do_copy_data
 .init4         0x0000000000004428       0x16 /usr/bin/../lib/gcc/msp430/4.6.3/mmpy-16/libcrt0.a(_clear_bss.o)
                0x0000000000004428                __do_clear_bss
 *(.init5)
 *(.init6)
 *(.init7)
 *(.init8)
 *(.init9)
 .init9         0x000000000000443e      0x17a obj_sky/contiki-sky-main.o
                0x000000000000443e                main
 *(.fini9)
 .fini9         0x00000000000045b8        0x0 /usr/bin/../lib/gcc/msp430/4.6.3/mmpy-16/libcrt0.a(__stop_progExec__.o)
                0x00000000000045b8                __stop_progExec__
 *(.fini8)
 *(.fini7)
 *(.fini6)
 *(.fini5)
 *(.fini4)
 *(.fini3)
 *(.fini2)
 *(.fini1)
 *(.fini0)
 .fini0         0x00000000000045b8        0x6 /usr/bin/../lib/gcc/msp430/4.6.3/mmpy-16/libcrt0.a(_endless_loop__.o)
                0x00000000000045b8                _endless_loop__
 *(.fini .fini.*)
                0x00000000000045be                . = ALIGN (0x2)
                0x00000000000045be                __ctors_start = .
 *(.ctors)
                0x00000000000045be                __ctors_end = .
                0x00000000000045be                __dtors_start = .
 *(.dtors)
                0x00000000000045be                __dtors_end = .
                0x00000000000045be                . = ALIGN (0x2)
 *(.text .text.* .gnu.linkonce.t.*)
 .text          0x00000000000045be        0x4 /usr/bin/../lib/gcc/msp430/4.6.3/mmpy-16/crt0ivtbl16.o
                0x00000000000045be                __isr_14
                0x00000000000045be                __isr_4
                0x00000000000045be                __isr_11
                0x00000000000045be                __isr_7
                0x00000000000045be                __isr_0
                0x00000000000045be                __isr_8
                0x00000000000045be                __isr_12
                0x00000000000045be                __isr_13
                0x00000000000045be                __isr_9
                0x00000000000045be                __isr_1
 .text.crt0     0x00000000000045c2        0x0 /usr/bin/../lib/gcc/msp430/4.6.3/mmpy-16/crt0ivtbl16.o
 .text          0x00000000000045c2      0x1c2 staffetta-test.co
 .text          0x0000000000004784        0x0 obj_sky/contiki-sky-main.o
 .text          0x0000000000004784      0x29e contiki-sky.a(process.o)
                0x0000000000004880                process_alloc_event
                0x000000000000488e                process_exit
                0x0000000000004898                process_init
                0x00000000000048b4                process_run
                0x0000000000004956                process_nevents
                0x0000000000004964                process_post
                0x00000000000049b8                process_post_synch
                0x00000000000049ca                process_start
                0x00000000000049fc                process_poll
                0x0000000000004a14                process_is_running
 .text          0x0000000000004a22       0x2a contiki-sky.a(autostart.o)
                0x0000000000004a22                autostart_start
                0x0000000000004a38                autostart_exit
 .text          0x0000000000004a4c        0xc contiki-sky.a(random.o)
                0x0000000000004a4c                random_init
                0x0000000000004a52                random_rand
 .text          0x0000000000004a58      0x25a contiki-sky.a(etimer.o)
                0x0000000000004ad0                etimer_request_poll
                0x0000000000004bda                etimer_set
                0x0000000000004bec                etimer_reset
                0x0000000000004bfe                etimer_restart
                0x0000000000004c10                etimer_adjust
                0x0000000000004c2a                etimer_expired
                0x0000000000004c38                etimer_expiration_time
                0x0000000000004c4c                etimer_start_time
                0x0000000000004c54                etimer_pending
                0x0000000000004c60                etimer_next_expiration_time
                0x0000000000004c76                etimer_stop
 .text          0x0000000000004cb2       0xba contiki-sky.a(energest.o)
                0x0000000000004cb2                energest_init
                0x0000000000004cda                energest_type_time
                0x0000000000004d1c                energest_leveldevice_leveltime
                0x0000000000004d22                energest_type_set
                0x0000000000004d30                energest_flush
 .text          0x0000000000004d6c       0x50 contiki-sky.a(rtimer.o)
                0x0000000000004d6c                rtimer_init
                0x0000000000004d72                rtimer_set
                0x0000000000004d96                rtimer_run_next
 .text          0x0000000000004dbc       0xae contiki-sky.a(metric.o)
                0x0000000000004dbc                compute_node_duty_cycle
                0x0000000000004dec                get_duty_cycle
                0x0000000000004df2                compute_node_state
                0x0000000000004e28                get_node_state
                0x0000000000004e2e                compute_harvesting_rate
                0x0000000000004e64                get_harvesting_rate
 .text          0x0000000000004e6a      0x10e contiki-sky.a(gpio.o)
                0x0000000000004e6a                gpio_arch_init
                0x0000000000004e78                gpio_arch_get
                0x0000000000004ea6                gpio_arch_set
                0x0000000000004ee8                gpio_init
                0x0000000000004ef6                gpio_get
                0x0000000000004efc                gpio_on
                0x0000000000004f06                gpio_off
                0x0000000000004f10                gpio_invert
                0x0000000000004f1a                gpio_toggle
                0x0000000000004f20                gpio_blink
                0x0000000000004f3c                gpio_green
                0x0000000000004f50                gpio_yellow
                0x0000000000004f64                gpio_red
 .text          0x0000000000004f78     0x18a6 contiki-sky.a(energytrace.o)
                0x00000000000057e2                cfs_open
                0x0000000000005888                cfs_close
                0x00000000000058b4                cfs_seek
                0x000000000000593a                cfs_remove
                0x0000000000005954                cfs_read
                0x0000000000005e60                cfs_write
                0x0000000000005fba                cfs_opendir
                0x0000000000005fc6                cfs_readdir
                0x0000000000006058                cfs_closedir
                0x000000000000605a                cfs_coffee_reserve
                0x0000000000006086                cfs_coffee_configure_log
                0x00000000000060ea                cfs_coffee_set_io_semantics
                0x0000000000006114                cfs_coffee_format
                0x0000000000006150                cfs_coffee_get_protected_mem
                0x000000000000615c                context_trigger
                0x00000000000061ba                clean_message
                0x00000000000061ce                read_lines
                0x0000000000006266                init_solar_file
                0x00000000000062a4                get_solar_energy
                0x00000000000062f4                tx_current_consumption
                0x0000000000006626                energytrace_print
                0x00000000000067fc                energytrace_start
                0x0000000000006814                energytrace_stop
 .text          0x000000000000681e     0x11d0 contiki-sky.a(staffetta.o)
                0x0000000000006a30                getWakeups
                0x0000000000006a3a                staffetta_send_packet
                0x00000000000075ac                sink_busy_wait
                0x00000000000075ae                sink_listen
                0x0000000000007826                staffetta_print_stats
                0x000000000000783c                staffetta_get_energy_consumption
                0x00000000000078ee                staffetta_add_data
                0x0000000000007914                staffetta_init
 .text          0x00000000000079ee      0x192 contiki-sky.a(msp430.o)
                0x00000000000079ee                w_memcpy
                0x0000000000007a00                w_memset
                0x0000000000007a12                msp430_init_dco
                0x0000000000007a96                msp430_cpu_init
                0x0000000000007abc                sbrk
                0x0000000000007b16                splhigh_
                0x0000000000007b1e                splx_
                0x0000000000007b22                msp430_sync_dco
 .text          0x0000000000007b80      0x15c contiki-sky.a(leds.o)
                0x0000000000007c30                leds_init
                0x0000000000007c3e                leds_get
                0x0000000000007c44                leds_on
                0x0000000000007c58                leds_off
                0x0000000000007c6c                leds_invert
                0x0000000000007c76                leds_toggle
                0x0000000000007c7c                leds_blink
                0x0000000000007ca0                leds_green
                0x0000000000007cb4                leds_yellow
                0x0000000000007cc8                leds_red
 .text          0x0000000000007cdc       0x20 contiki-sky.a(watchdog.o)
                0x0000000000007cdc                __isr_10
                0x0000000000007cdc                watchdog_interrupt
                0x0000000000007cde                watchdog_init
                0x0000000000007cf4                watchdog_start
                0x0000000000007cf6                watchdog_periodic
                0x0000000000007cf8                watchdog_stop
                0x0000000000007cfa                watchdog_reboot
 .text          0x0000000000007cfc      0x358 contiki-sky.a(xmem.o)
                0x0000000000007d6c                xmem_init
                0x0000000000007d88                xmem_pread
                0x0000000000007e60                xmem_pwrite
                0x0000000000007f9e                xmem_erase
 .text          0x0000000000008054      0x468 contiki-sky.a(cc2420.o)
                0x0000000000008070                cc2420_init
                0x0000000000008358                cc2420_set_channel
                0x00000000000083bc                cc2420_set_txpower
                0x0000000000008462                cc2420_get_txpower
 .text          0x00000000000084bc       0x6e contiki-sky.a(node-id.o)
                0x00000000000084bc                node_id_restore
                0x00000000000084f4                node_id_burn
 .text          0x000000000000852a      0x1b2 contiki-sky.a(uart1.o)
                0x000000000000852a                uart1_active
                0x0000000000008542                uart1_set_input
                0x0000000000008548                uart1_writeb
                0x000000000000857a                uart1_init
                0x0000000000008658                uart1_rx_interrupt
                0x0000000000008658                __isr_3
                0x00000000000086ac                __isr_2
                0x00000000000086ac                uart1_tx_interrupt
 .text          0x00000000000086dc      0x1b2 contiki-sky.a(clock.o)
                0x00000000000086dc                etimer_interrupt
                0x000000000000874e                __isr_5
                0x000000000000874e                timera1
                0x00000000000087be                clock_time
                0x00000000000087d8                clock_set
                0x00000000000087ee                clock_fine_max
                0x00000000000087f4                clock_fine
                0x00000000000087fe                clock_init
                0x0000000000008826                clock_delay
                0x000000000000882c                clock_wait
                0x000000000000886c                clock_set_seconds
                0x000000000000886e                clock_seconds
                0x0000000000008888                clock_counter
 .text          0x000000000000888e       0x7c contiki-sky.a(leds-arch.o)
                0x000000000000888e                leds_arch_init
                0x000000000000889c                leds_arch_get
                0x00000000000088d0                leds_arch_set
 .text          0x000000000000890a       0x10 contiki-sky.a(uart1-putchar.o)
                0x000000000000890a                putchar
 .text          0x000000000000891a       0x3c contiki-sky.a(rtimer-arch.o)
                0x000000000000891a                __isr_6
                0x000000000000891a                timera0
                0x0000000000008936                rtimer_arch_init
                0x0000000000008944                rtimer_arch_schedule
 .text          0x0000000000008956       0x88 contiki-sky.a(rand.o)
                0x0000000000008956                rand
                0x00000000000089d4                srand
 .text          0x00000000000089de       0x90 contiki-sky.a(timer.o)
                0x00000000000089de                timer_set
                0x00000000000089fa                timer_reset
                0x0000000000008a08                timer_restart
                0x0000000000008a1c                timer_expired
                0x0000000000008a46                timer_remaining
 .text          0x0000000000008a6e      0x1e4 contiki-sky.a(ctimer.o)
                0x0000000000008b12                ctimer_init
                0x0000000000008b2a                ctimer_set
                0x0000000000008b84                ctimer_reset
                0x0000000000008bbe                ctimer_restart
                0x0000000000008bf8                ctimer_stop
                0x0000000000008c20                ctimer_expired
 .text          0x0000000000008c52       0x98 contiki-sky.a(ringbuf.o)
                0x0000000000008c52                ringbuf_init
                0x0000000000008c66                ringbuf_put
                0x0000000000008c9e                ringbuf_get
                0x0000000000008cd0                ringbuf_size
                0x0000000000008cd8                ringbuf_elements
 .text          0x0000000000008cea       0x32 contiki-sky.a(spi.o)
                0x0000000000008cea                spi_init
 .text          0x0000000000008d1c       0xfe contiki-sky.a(list.o)
                0x0000000000008d1c                list_init
                0x0000000000008d22                list_head
                0x0000000000008d26                list_copy
                0x0000000000008d2c                list_tail
                0x0000000000008d3e                list_chop
                0x0000000000008d62                list_pop
                0x0000000000008d70                list_remove
                0x0000000000008da4                list_push
                0x0000000000008dbe                list_add
                0x0000000000008de8                list_length
                0x0000000000008df8                list_insert
                0x0000000000008e0e                list_item_next
 .text          0x0000000000008e1a        0x0 /usr/bin/../lib/gcc/msp430/4.6.3/mmpy-16/libgcc.a(_mulsi3.o)
 .text.libgcc   0x0000000000008e1a       0x2c /usr/bin/../lib/gcc/msp430/4.6.3/mmpy-16/libgcc.a(_mulsi3.o)
                0x0000000000008e1a                __mulsi3
 .text          0x0000000000008e46        0x0 /usr/bin/../lib/gcc/msp430/4.6.3/mmpy-16/libgcc.a(_udivmod16.o)
 .text.libgcc   0x0000000000008e46       0x22 /usr/bin/../lib/gcc/msp430/4.6.3/mmpy-16/libgcc.a(_udivmod16.o)
                0x0000000000008e46                __udivhi3
                0x0000000000008e46                __ext_udivmod16
                0x0000000000008e60                __umodhi3
 .text          0x0000000000008e68        0x0 /usr/bin/../lib/gcc/msp430/4.6.3/mmpy-16/libgcc.a(_divmod16.o)
 .text.libgcc   0x0000000000008e68       0x3a /usr/bin/../lib/gcc/msp430/4.6.3/mmpy-16/libgcc.a(_divmod16.o)
                0x0000000000008e68                __ext_divmod16
                0x0000000000008e68                __divhi3
                0x0000000000008e9a                __modhi3
 .text          0x0000000000008ea2        0x0 /usr/bin/../lib/gcc/msp430/4.6.3/mmpy-16/libgcc.a(_udivmod32.o)
 .text.libgcc   0x0000000000008ea2       0x40 /usr/bin/../lib/gcc/msp430/4.6.3/mmpy-16/libgcc.a(_udivmod32.o)
                0x0000000000008ea2                __udivsi3
                0x0000000000008ea2                __ext_udivmod32
                0x0000000000008ed8                __umodsi3
 .text          0x0000000000008ee2        0x0 /usr/bin/../lib/gcc/msp430/4.6.3/mmpy-16/libgcc.a(_divmod32.o)
 .text.libgcc   0x0000000000008ee2       0x4c /usr/bin/../lib/gcc/msp430/4.6.3/mmpy-16/libgcc.a(_divmod32.o)
                0x0000000000008ee2                __ext_divmod32
                0x0000000000008ee2                __divsi3
                0x0000000000008f24                __modsi3
 .text          0x0000000000008f2e       0x1e /usr/bin/../lib/gcc/msp430/4.6.3/../../../../msp430/lib/mmpy-16/libc.a(strcmp.o)
                0x0000000000008f2e                strcmp
 .text          0x0000000000008f4c       0x2a /usr/bin/../lib/gcc/msp430/4.6.3/../../../../msp430/lib/mmpy-16/libc.a(strncpy.o)
                0x0000000000008f4c                strncpy
 .text          0x0000000000008f76       0x8a /usr/bin/../lib/gcc/msp430/4.6.3/../../../../msp430/lib/mmpy-16/libc.a(atoi.o)
                0x0000000000008f76                atoi
 .text          0x0000000000009000       0x1e /usr/bin/../lib/gcc/msp430/4.6.3/../../../../msp430/lib/mmpy-16/libc.a(printf.o)
                0x0000000000009000                printf
                0x0000000000009010                vprintf
 .text          0x000000000000901e      0x836 /usr/bin/../lib/gcc/msp430/4.6.3/../../../../msp430/lib/mmpy-16/libc.a(vuprintf.o)
                0x00000000000091b6                vuprintf
 .text          0x0000000000009854       0x2c /usr/bin/../lib/gcc/msp430/4.6.3/../../../../msp430/lib/mmpy-16/libc.a(puts.o)
                0x0000000000009854                puts
 .text          0x0000000000009880        0x0 /usr/bin/../lib/gcc/msp430/4.6.3/mmpy-16/libgcc.a(_udivmod64.o)
 .text.libgcc   0x0000000000009880       0xf0 /usr/bin/../lib/gcc/msp430/4.6.3/mmpy-16/libgcc.a(_udivmod64.o)
                0x0000000000009880                __xabi_udivmod64
                0x00000000000098de                __udivdi3
                0x0000000000009904                __umoddi3
                0x0000000000009932                __udivmoddi4
 .text          0x0000000000009970        0x0 /usr/bin/../lib/gcc/msp430/4.6.3/mmpy-16/libcrt0.a(_reset_vector__.o)
 .text          0x0000000000009970        0x0 /usr/bin/../lib/gcc/msp430/4.6.3/mmpy-16/libcrt0.a(__watchdog_support.o)
 .text          0x0000000000009970        0x0 /usr/bin/../lib/gcc/msp430/4.6.3/mmpy-16/libcrt0.a(__init_stack.o)
 .text          0x0000000000009970        0x0 /usr/bin/../lib/gcc/msp430/4.6.3/mmpy-16/libcrt0.a(__low_level_init.o)
 .text          0x0000000000009970        0x0 /usr/bin/../lib/gcc/msp430/4.6.3/mmpy-16/libcrt0.a(_copy_data.o)
 .text          0x0000000000009970        0x0 /usr/bin/../lib/gcc/msp430/4.6.3/mmpy-16/libcrt0.a(_clear_bss.o)
 .text          0x0000000000009970        0x0 /usr/bin/../lib/gcc/msp430/4.6.3/mmpy-16/libcrt0.a(__stop_progExec__.o)
 .text          0x0000000000009970        0x0 /usr/bin/../lib/gcc/msp430/4.6.3/mmpy-16/libcrt0.a(_endless_loop__.o)
 .text          0x0000000000009970        0x0 /usr/bin/../lib/gcc/msp430/4.6.3/mmpy-16/libcrt0.a(_unexpected_.o)
 .text.crt0     0x0000000000009970        0x2 /usr/bin/../lib/gcc/msp430/4.6.3/mmpy-16/libcrt0.a(_unexpected_.o)
                0x0000000000009970                _unexpected_
                0x0000000000009972                . = ALIGN (0x2)

.rodata         0x0000000000009972      0x174
                0x0000000000009972                . = ALIGN (0x2)
 *(.rodata .rodata.* .gnu.linkonce.r.*)
 .rodata        0x0000000000009972       0x3c staffetta-test.co
                0x000000000000999a                autostart_processes
 .rodata        0x00000000000099ae       0x50 obj_sky/contiki-sky-main.o
 .rodata        0x00000000000099fe        0xc contiki-sky.a(etimer.o)
 .rodata        0x0000000000009a0a       0x76 contiki-sky.a(energytrace.o)
 .rodata        0x0000000000009a80       0x50 contiki-sky.a(staffetta.o)
 .rodata        0x0000000000009ad0        0xf contiki-sky.a(ctimer.o)
 .rodata        0x0000000000009adf        0x7 /usr/bin/../lib/gcc/msp430/4.6.3/../../../../msp430/lib/mmpy-16/libc.a(vuprintf.o)
                0x0000000000009ae6                . = ALIGN (0x2)
                0x0000000000009ae6                _etext = .

.data           0x0000000000001100       0x4e load address 0x0000000000009ae6
                0x0000000000001100                . = ALIGN (0x2)
                0x0000000000001100                PROVIDE (__data_start, .)
 *(.data .data.* .gnu.linkonce.d.*)
 .data          0x0000000000001100        0x0 /usr/bin/../lib/gcc/msp430/4.6.3/mmpy-16/crt0ivtbl16.o
 .data          0x0000000000001100       0x14 staffetta-test.co
                0x0000000000001100                staffetta_print_stats_process
                0x000000000000110a                staffetta_test
 .data          0x0000000000001114        0x4 obj_sky/contiki-sky-main.o
                0x0000000000001114                TOS_LOCAL_ADDRESS
                0x0000000000001116                TOS_NODE_ID
 .data          0x0000000000001118        0x0 contiki-sky.a(process.o)
 .data          0x0000000000001118        0x0 contiki-sky.a(autostart.o)
 .data          0x0000000000001118        0x0 contiki-sky.a(random.o)
 .data          0x0000000000001118        0xa contiki-sky.a(etimer.o)
                0x0000000000001118                etimer_process
 .data          0x0000000000001122        0x0 contiki-sky.a(energest.o)
 .data          0x0000000000001122        0x0 contiki-sky.a(rtimer.o)
 .data          0x0000000000001122        0x0 contiki-sky.a(metric.o)
 .data          0x0000000000001122        0x0 contiki-sky.a(gpio.o)
 .data          0x0000000000001122       0x18 contiki-sky.a(energytrace.o)
                0x0000000000001122                energytrace_process_print
                0x000000000000112c                energytrace_process
                0x0000000000001136                remaining_energy
 .data          0x000000000000113a        0x8 contiki-sky.a(staffetta.o)
 .data          0x0000000000001142        0x2 contiki-sky.a(msp430.o)
 .data          0x0000000000001144        0x0 contiki-sky.a(leds.o)
 .data          0x0000000000001144        0x0 contiki-sky.a(watchdog.o)
 .data          0x0000000000001144        0x0 contiki-sky.a(xmem.o)
 .data          0x0000000000001144        0x0 contiki-sky.a(cc2420.o)
 .data          0x0000000000001144        0x0 contiki-sky.a(node-id.o)
 .data          0x0000000000001144        0x0 contiki-sky.a(uart1.o)
 .data          0x0000000000001144        0x0 contiki-sky.a(clock.o)
 .data          0x0000000000001144        0x0 contiki-sky.a(leds-arch.o)
 .data          0x0000000000001144        0x0 contiki-sky.a(uart1-putchar.o)
 .data          0x0000000000001144        0x0 contiki-sky.a(rtimer-arch.o)
 .data          0x0000000000001144        0x0 contiki-sky.a(rand.o)
 .data          0x0000000000001144        0x0 contiki-sky.a(timer.o)
 .data          0x0000000000001144        0xa contiki-sky.a(ctimer.o)
                0x0000000000001144                ctimer_process
 .data          0x000000000000114e        0x0 contiki-sky.a(ringbuf.o)
 .data          0x000000000000114e        0x0 contiki-sky.a(spi.o)
 .data          0x000000000000114e        0x0 contiki-sky.a(list.o)
 .data          0x000000000000114e        0x0 /usr/bin/../lib/gcc/msp430/4.6.3/mmpy-16/libgcc.a(_mulsi3.o)
 .data          0x000000000000114e        0x0 /usr/bin/../lib/gcc/msp430/4.6.3/mmpy-16/libgcc.a(_udivmod16.o)
 .data          0x000000000000114e        0x0 /usr/bin/../lib/gcc/msp430/4.6.3/mmpy-16/libgcc.a(_divmod16.o)
 .data          0x000000000000114e        0x0 /usr/bin/../lib/gcc/msp430/4.6.3/mmpy-16/libgcc.a(_udivmod32.o)
 .data          0x000000000000114e        0x0 /usr/bin/../lib/gcc/msp430/4.6.3/mmpy-16/libgcc.a(_divmod32.o)
 .data          0x000000000000114e        0x0 /usr/bin/../lib/gcc/msp430/4.6.3/../../../../msp430/lib/mmpy-16/libc.a(strcmp.o)
 .data          0x000000000000114e        0x0 /usr/bin/../lib/gcc/msp430/4.6.3/../../../../msp430/lib/mmpy-16/libc.a(strncpy.o)
 .data          0x000000000000114e        0x0 /usr/bin/../lib/gcc/msp430/4.6.3/../../../../msp430/lib/mmpy-16/libc.a(atoi.o)
 .data          0x000000000000114e        0x0 /usr/bin/../lib/gcc/msp430/4.6.3/../../../../msp430/lib/mmpy-16/libc.a(printf.o)
 .data          0x000000000000114e        0x0 /usr/bin/../lib/gcc/msp430/4.6.3/../../../../msp430/lib/mmpy-16/libc.a(vuprintf.o)
 .data          0x000000000000114e        0x0 /usr/bin/../lib/gcc/msp430/4.6.3/../../../../msp430/lib/mmpy-16/libc.a(puts.o)
 .data          0x000000000000114e        0x0 /usr/bin/../lib/gcc/msp430/4.6.3/mmpy-16/libgcc.a(_udivmod64.o)
 .data          0x000000000000114e        0x0 /usr/bin/../lib/gcc/msp430/4.6.3/mmpy-16/libcrt0.a(_reset_vector__.o)
 .data          0x000000000000114e        0x0 /usr/bin/../lib/gcc/msp430/4.6.3/mmpy-16/libcrt0.a(__watchdog_support.o)
 .data          0x000000000000114e        0x0 /usr/bin/../lib/gcc/msp430/4.6.3/mmpy-16/libcrt0.a(__init_stack.o)
 .data          0x000000000000114e        0x0 /usr/bin/../lib/gcc/msp430/4.6.3/mmpy-16/libcrt0.a(__low_level_init.o)
 .data          0x000000000000114e        0x0 /usr/bin/../lib/gcc/msp430/4.6.3/mmpy-16/libcrt0.a(_copy_data.o)
 .data          0x000000000000114e        0x0 /usr/bin/../lib/gcc/msp430/4.6.3/mmpy-16/libcrt0.a(_clear_bss.o)
 .data          0x000000000000114e        0x0 /usr/bin/../lib/gcc/msp430/4.6.3/mmpy-16/libcrt0.a(__stop_progExec__.o)
 .data          0x000000000000114e        0x0 /usr/bin/../lib/gcc/msp430/4.6.3/mmpy-16/libcrt0.a(_endless_loop__.o)
 .data          0x000000000000114e        0x0 /usr/bin/../lib/gcc/msp430/4.6.3/mmpy-16/libcrt0.a(_unexpected_.o)
                0x000000000000114e                . = ALIGN (0x2)
                0x000000000000114e                _edata = .
                0x0000000000009ae6                PROVIDE (__data_load_start, LOADADDR (.data))
                0x000000000000004e                PROVIDE (__data_size, SIZEOF (.data))

.bss            0x000000000000114e      0x9a6 load address 0x0000000000009b34
                0x000000000000114e                PROVIDE (__bss_start, .)
 *(.bss .bss.*)
 .bss           0x000000000000114e        0x0 /usr/bin/../lib/gcc/msp430/4.6.3/mmpy-16/crt0ivtbl16.o
 .bss           0x000000000000114e       0x1c staffetta-test.co
 .bss           0x000000000000116a        0x4 obj_sky/contiki-sky-main.o
 .bss           0x000000000000116e       0x42 contiki-sky.a(process.o)
                0x000000000000116e                process_current
                0x0000000000001170                process_list
 .bss           0x00000000000011b0        0x0 contiki-sky.a(autostart.o)
 .bss           0x00000000000011b0        0x0 contiki-sky.a(random.o)
 .bss           0x00000000000011b0        0x6 contiki-sky.a(etimer.o)
 .bss           0x00000000000011b6        0x0 contiki-sky.a(energest.o)
 .bss           0x00000000000011b6        0x2 contiki-sky.a(rtimer.o)
 .bss           0x00000000000011b8        0x4 contiki-sky.a(metric.o)
                0x00000000000011b8                harvesting_rate
                0x00000000000011ba                node_energy_state
 .bss           0x00000000000011bc        0x2 contiki-sky.a(gpio.o)
 .bss           0x00000000000011be       0xd6 contiki-sky.a(energytrace.o)
                0x00000000000011be                acum_harvest
                0x00000000000011c2                acum_consumption
                0x00000000000011c6                harvesting_array_index
                0x00000000000011c8                harvesting_rate_array
                0x00000000000011dc                energy_change
                0x00000000000011de                node_dc_state
                0x00000000000011e0                node_state_old
 .bss           0x0000000000001294      0x74e contiki-sky.a(staffetta.o)
 .bss           0x00000000000019e2        0x0 contiki-sky.a(msp430.o)
 .bss           0x00000000000019e2        0x2 contiki-sky.a(leds.o)
 .bss           0x00000000000019e4        0x2 contiki-sky.a(watchdog.o)
 .bss           0x00000000000019e6        0x0 contiki-sky.a(xmem.o)
 .bss           0x00000000000019e6        0x0 contiki-sky.a(cc2420.o)
 .bss           0x00000000000019e6        0x2 contiki-sky.a(node-id.o)
                0x00000000000019e6                node_id
 .bss           0x00000000000019e8       0x4a contiki-sky.a(uart1.o)
 .bss           0x0000000000001a32        0xa contiki-sky.a(clock.o)
 .bss           0x0000000000001a3c        0x0 contiki-sky.a(leds-arch.o)
 .bss           0x0000000000001a3c        0x0 contiki-sky.a(uart1-putchar.o)
 .bss           0x0000000000001a3c        0x0 contiki-sky.a(rtimer-arch.o)
 .bss           0x0000000000001a3c        0x0 contiki-sky.a(rand.o)
 .bss           0x0000000000001a3c        0x0 contiki-sky.a(timer.o)
 .bss           0x0000000000001a3c        0x4 contiki-sky.a(ctimer.o)
 .bss           0x0000000000001a40        0x0 contiki-sky.a(ringbuf.o)
 .bss           0x0000000000001a40        0x2 contiki-sky.a(spi.o)
                0x0000000000001a40                spi_busy
 .bss           0x0000000000001a42        0x0 contiki-sky.a(list.o)
 .bss           0x0000000000001a42        0x0 /usr/bin/../lib/gcc/msp430/4.6.3/mmpy-16/libgcc.a(_mulsi3.o)
 .bss           0x0000000000001a42        0x0 /usr/bin/../lib/gcc/msp430/4.6.3/mmpy-16/libgcc.a(_udivmod16.o)
 .bss           0x0000000000001a42        0x0 /usr/bin/../lib/gcc/msp430/4.6.3/mmpy-16/libgcc.a(_divmod16.o)
 .bss           0x0000000000001a42        0x0 /usr/bin/../lib/gcc/msp430/4.6.3/mmpy-16/libgcc.a(_udivmod32.o)
 .bss           0x0000000000001a42        0x0 /usr/bin/../lib/gcc/msp430/4.6.3/mmpy-16/libgcc.a(_divmod32.o)
 .bss           0x0000000000001a42        0x0 /usr/bin/../lib/gcc/msp430/4.6.3/../../../../msp430/lib/mmpy-16/libc.a(strcmp.o)
 .bss           0x0000000000001a42        0x0 /usr/bin/../lib/gcc/msp430/4.6.3/../../../../msp430/lib/mmpy-16/libc.a(strncpy.o)
 .bss           0x0000000000001a42        0x0 /usr/bin/../lib/gcc/msp430/4.6.3/../../../../msp430/lib/mmpy-16/libc.a(atoi.o)
 .bss           0x0000000000001a42        0x0 /usr/bin/../lib/gcc/msp430/4.6.3/../../../../msp430/lib/mmpy-16/libc.a(printf.o)
 .bss           0x0000000000001a42        0x0 /usr/bin/../lib/gcc/msp430/4.6.3/../../../../msp430/lib/mmpy-16/libc.a(vuprintf.o)
 .bss           0x0000000000001a42        0x0 /usr/bin/../lib/gcc/msp430/4.6.3/../../../../msp430/lib/mmpy-16/libc.a(puts.o)
 .bss           0x0000000000001a42        0x0 /usr/bin/../lib/gcc/msp430/4.6.3/mmpy-16/libgcc.a(_udivmod64.o)
 .bss           0x0000000000001a42        0x0 /usr/bin/../lib/gcc/msp430/4.6.3/mmpy-16/libcrt0.a(_reset_vector__.o)
 .bss           0x0000000000001a42        0x0 /usr/bin/../lib/gcc/msp430/4.6.3/mmpy-16/libcrt0.a(__watchdog_support.o)
 .bss           0x0000000000001a42        0x0 /usr/bin/../lib/gcc/msp430/4.6.3/mmpy-16/libcrt0.a(__init_stack.o)
 .bss           0x0000000000001a42        0x0 /usr/bin/../lib/gcc/msp430/4.6.3/mmpy-16/libcrt0.a(__low_level_init.o)
 .bss           0x0000000000001a42        0x0 /usr/bin/../lib/gcc/msp430/4.6.3/mmpy-16/libcrt0.a(_copy_data.o)
 .bss           0x0000000000001a42        0x0 /usr/bin/../lib/gcc/msp430/4.6.3/mmpy-16/libcrt0.a(_clear_bss.o)
 .bss           0x0000000000001a42        0x0 /usr/bin/../lib/gcc/msp430/4.6.3/mmpy-16/libcrt0.a(__stop_progExec__.o)
 .bss           0x0000000000001a42        0x0 /usr/bin/../lib/gcc/msp430/4.6.3/mmpy-16/libcrt0.a(_endless_loop__.o)
 .bss           0x0000000000001a42        0x0 /usr/bin/../lib/gcc/msp430/4.6.3/mmpy-16/libcrt0.a(_unexpected_.o)
 *(COMMON)
 COMMON         0x0000000000001a42        0x1 contiki-sky.a(process.o)
                0x0000000000001a42                process_maxevents
 *fill*         0x0000000000001a43        0x1 00
 COMMON         0x0000000000001a44       0x56 contiki-sky.a(energest.o)
                0x0000000000001a44                energest_total_time
                0x0000000000001a74                energest_total_count
                0x0000000000001a76                energest_current_mode
                0x0000000000001a82                energest_current_time
 COMMON         0x0000000000001a9a        0x2 contiki-sky.a(metric.o)
                0x0000000000001a9a                node_duty_cycle
 COMMON         0x0000000000001a9c        0x6 contiki-sky.a(energytrace.o)
                0x0000000000001a9c                node_state
                0x0000000000001a9e                node_activation_ev
                0x0000000000001aa0                fd_read_solar
 COMMON         0x0000000000001aa2       0x52 contiki-sky.a(staffetta.o)
                0x0000000000001aa2                index
                0x0000000000001aa4                edc_id
                0x0000000000001af4                . = ALIGN (0x2)
                0x0000000000001af4                PROVIDE (__bss_end, .)
                0x00000000000009a6                PROVIDE (__bss_size, SIZEOF (.bss))

.noinit         0x0000000000001af4        0x6 load address 0x0000000000009b34
                0x0000000000001af4                PROVIDE (__noinit_start, .)
 *(.noinit .noinit.*)
 .noinit        0x0000000000001af4        0x4 contiki-sky.a(rand.o)
                0x0000000000001af4                rand_state
 .noinit.crt0   0x0000000000001af8        0x2 /usr/bin/../lib/gcc/msp430/4.6.3/mmpy-16/libcrt0.a(__watchdog_support.o)
                0x0000000000001af8                __wdt_clear_value
                0x0000000000001afa                . = ALIGN (0x2)
                0x0000000000001afa                PROVIDE (__noinit_end, .)
                0x0000000000001afa                . = ALIGN (0x2)
                0x0000000000001afa                _end = .

.infomem        0x0000000000001000        0x0
 *(.infomem)
                0x0000000000001000                . = ALIGN (0x2)
 *(.infomem.*)

.infomemnobits  0x0000000000001000        0x0
 *(.infomemnobits)
                0x0000000000001000                . = ALIGN (0x2)
 *(.infomemnobits.*)

.infoa
 *(.infoa .infoa.*)

.infob
 *(.infob .infob.*)

.infoc
 *(.infoc .infoc.*)

.infod
 *(.infod .infod.*)

.vectors        0x000000000000ffe0       0x20
                0x000000000000ffe0                PROVIDE (__vectors_start, .)
 *(.vectors*)
 .vectors       0x000000000000ffe0       0x20 /usr/bin/../lib/gcc/msp430/4.6.3/mmpy-16/crt0ivtbl16.o
                0x000000000000ffe0                __ivtbl_16
                0x0000000000010000                _vectors_end = .

.fartext        0x0000000000000000        0x0
                0x0000000000000000                . = ALIGN (0x2)
 *(.fartext)
                0x0000000000000000                . = ALIGN (0x2)
 *(.fartext.*)
                0x0000000000000000                _efartext = .

.profiler
 *(.profiler)

.stab
 *(.stab)

.stabstr
 *(.stabstr)

.stab.excl
 *(.stab.excl)

.stab.exclstr
 *(.stab.exclstr)

.stab.index
 *(.stab.index)

.stab.indexstr
 *(.stab.indexstr)

.comment
 *(.comment)

.debug
 *(.debug)

.line
 *(.line)

.debug_srcinfo
 *(.debug_srcinfo)

.debug_sfnames
 *(.debug_sfnames)

.debug_aranges  0x0000000000000000      0x3ac
 *(.debug_aranges)
 .debug_aranges
                0x0000000000000000       0x14 staffetta-test.co
 .debug_aranges
                0x0000000000000014       0x14 obj_sky/contiki-sky-main.o
 .debug_aranges
                0x0000000000000028       0x14 contiki-sky.a(process.o)
 .debug_aranges
                0x000000000000003c       0x14 contiki-sky.a(autostart.o)
 .debug_aranges
                0x0000000000000050       0x14 contiki-sky.a(random.o)
 .debug_aranges
                0x0000000000000064       0x14 contiki-sky.a(etimer.o)
 .debug_aranges
                0x0000000000000078       0x14 contiki-sky.a(energest.o)
 .debug_aranges
                0x000000000000008c       0x14 contiki-sky.a(rtimer.o)
 .debug_aranges
                0x00000000000000a0       0x14 contiki-sky.a(metric.o)
 .debug_aranges
                0x00000000000000b4       0x14 contiki-sky.a(gpio.o)
 .debug_aranges
                0x00000000000000c8       0x14 contiki-sky.a(energytrace.o)
 .debug_aranges
                0x00000000000000dc       0x14 contiki-sky.a(staffetta.o)
 .debug_aranges
                0x00000000000000f0       0x14 contiki-sky.a(msp430.o)
 .debug_aranges
                0x0000000000000104       0x14 contiki-sky.a(leds.o)
 .debug_aranges
                0x0000000000000118       0x14 contiki-sky.a(watchdog.o)
 .debug_aranges
                0x000000000000012c       0x14 contiki-sky.a(xmem.o)
 .debug_aranges
                0x0000000000000140       0x14 contiki-sky.a(cc2420.o)
 .debug_aranges
                0x0000000000000154       0x14 contiki-sky.a(node-id.o)
 .debug_aranges
                0x0000000000000168       0x14 contiki-sky.a(uart1.o)
 .debug_aranges
                0x000000000000017c       0x14 contiki-sky.a(clock.o)
 .debug_aranges
                0x0000000000000190       0x14 contiki-sky.a(leds-arch.o)
 .debug_aranges
                0x00000000000001a4       0x14 contiki-sky.a(uart1-putchar.o)
 .debug_aranges
                0x00000000000001b8       0x14 contiki-sky.a(rtimer-arch.o)
 .debug_aranges
                0x00000000000001cc       0x14 contiki-sky.a(rand.o)
 .debug_aranges
                0x00000000000001e0       0x14 contiki-sky.a(timer.o)
 .debug_aranges
                0x00000000000001f4       0x14 contiki-sky.a(ctimer.o)
 .debug_aranges
                0x0000000000000208       0x14 contiki-sky.a(ringbuf.o)
 .debug_aranges
                0x000000000000021c       0x14 contiki-sky.a(spi.o)
 .debug_aranges
                0x0000000000000230       0x14 contiki-sky.a(list.o)
 .debug_aranges
                0x0000000000000244       0x14 /usr/bin/../lib/gcc/msp430/4.6.3/mmpy-16/libgcc.a(_mulsi3.o)
 .debug_aranges
                0x0000000000000258       0x14 /usr/bin/../lib/gcc/msp430/4.6.3/mmpy-16/libgcc.a(_udivmod16.o)
 .debug_aranges
                0x000000000000026c       0x14 /usr/bin/../lib/gcc/msp430/4.6.3/mmpy-16/libgcc.a(_divmod16.o)
 .debug_aranges
                0x0000000000000280       0x14 /usr/bin/../lib/gcc/msp430/4.6.3/mmpy-16/libgcc.a(_udivmod32.o)
 .debug_aranges
                0x0000000000000294       0x14 /usr/bin/../lib/gcc/msp430/4.6.3/mmpy-16/libgcc.a(_divmod32.o)
 .debug_aranges
                0x00000000000002a8       0x14 /usr/bin/../lib/gcc/msp430/4.6.3/../../../../msp430/lib/mmpy-16/libc.a(strcmp.o)
 .debug_aranges
                0x00000000000002bc       0x14 /usr/bin/../lib/gcc/msp430/4.6.3/../../../../msp430/lib/mmpy-16/libc.a(strncpy.o)
 .debug_aranges
                0x00000000000002d0       0x14 /usr/bin/../lib/gcc/msp430/4.6.3/../../../../msp430/lib/mmpy-16/libc.a(atoi.o)
 .debug_aranges
                0x00000000000002e4       0x14 /usr/bin/../lib/gcc/msp430/4.6.3/../../../../msp430/lib/mmpy-16/libc.a(printf.o)
 .debug_aranges
                0x00000000000002f8       0x14 /usr/bin/../lib/gcc/msp430/4.6.3/../../../../msp430/lib/mmpy-16/libc.a(vuprintf.o)
 .debug_aranges
                0x000000000000030c       0x14 /usr/bin/../lib/gcc/msp430/4.6.3/../../../../msp430/lib/mmpy-16/libc.a(puts.o)
 .debug_aranges
                0x0000000000000320       0x14 /usr/bin/../lib/gcc/msp430/4.6.3/mmpy-16/libgcc.a(_udivmod64.o)
 .debug_aranges
                0x0000000000000334       0x14 /usr/bin/../lib/gcc/msp430/4.6.3/mmpy-16/libcrt0.a(__watchdog_support.o)
 .debug_aranges
                0x0000000000000348       0x14 /usr/bin/../lib/gcc/msp430/4.6.3/mmpy-16/libcrt0.a(__init_stack.o)
 .debug_aranges
                0x000000000000035c       0x14 /usr/bin/../lib/gcc/msp430/4.6.3/mmpy-16/libcrt0.a(_copy_data.o)
 .debug_aranges
                0x0000000000000370       0x14 /usr/bin/../lib/gcc/msp430/4.6.3/mmpy-16/libcrt0.a(_clear_bss.o)
 .debug_aranges
                0x0000000000000384       0x14 /usr/bin/../lib/gcc/msp430/4.6.3/mmpy-16/libcrt0.a(_endless_loop__.o)
 .debug_aranges
                0x0000000000000398       0x14 /usr/bin/../lib/gcc/msp430/4.6.3/mmpy-16/libcrt0.a(_unexpected_.o)

.debug_pubnames
 *(.debug_pubnames)

.debug_info     0x0000000000000000     0x80cc
 *(.debug_info)
 .debug_info    0x0000000000000000      0x457 staffetta-test.co
 .debug_info    0x0000000000000457      0x354 obj_sky/contiki-sky-main.o
 .debug_info    0x00000000000007ab      0x53f contiki-sky.a(process.o)
 .debug_info    0x0000000000000cea      0x1ad contiki-sky.a(autostart.o)
 .debug_info    0x0000000000000e97       0xa0 contiki-sky.a(random.o)
 .debug_info    0x0000000000000f37      0x4aa contiki-sky.a(etimer.o)
 .debug_info    0x00000000000013e1      0x265 contiki-sky.a(energest.o)
 .debug_info    0x0000000000001646      0x203 contiki-sky.a(rtimer.o)
 .debug_info    0x0000000000001849      0x1f9 contiki-sky.a(metric.o)
 .debug_info    0x0000000000001a42      0x279 contiki-sky.a(gpio.o)
 .debug_info    0x0000000000001cbb     0x1e5b contiki-sky.a(energytrace.o)
 .debug_info    0x0000000000003b16      0xe07 contiki-sky.a(staffetta.o)
 .debug_info    0x000000000000491d      0x36a contiki-sky.a(msp430.o)
 .debug_info    0x0000000000004c87      0x2fd contiki-sky.a(leds.o)
 .debug_info    0x0000000000004f84      0x129 contiki-sky.a(watchdog.o)
 .debug_info    0x00000000000050ad      0x4a8 contiki-sky.a(xmem.o)
 .debug_info    0x0000000000005555      0x3f8 contiki-sky.a(cc2420.o)
 .debug_info    0x000000000000594d       0xde contiki-sky.a(node-id.o)
 .debug_info    0x0000000000005a2b      0x2d6 contiki-sky.a(uart1.o)
 .debug_info    0x0000000000005d01      0x391 contiki-sky.a(clock.o)
 .debug_info    0x0000000000006092       0xd9 contiki-sky.a(leds-arch.o)
 .debug_info    0x000000000000616b       0x8b contiki-sky.a(uart1-putchar.o)
 .debug_info    0x00000000000061f6       0xef contiki-sky.a(rtimer-arch.o)
 .debug_info    0x00000000000062e5      0x14c contiki-sky.a(rand.o)
 .debug_info    0x0000000000006431      0x170 contiki-sky.a(timer.o)
 .debug_info    0x00000000000065a1      0x488 contiki-sky.a(ctimer.o)
 .debug_info    0x0000000000006a29      0x1b0 contiki-sky.a(ringbuf.o)
 .debug_info    0x0000000000006bd9      0x132 contiki-sky.a(spi.o)
 .debug_info    0x0000000000006d0b      0x2f0 contiki-sky.a(list.o)
 .debug_info    0x0000000000006ffb       0xb4 /usr/bin/../lib/gcc/msp430/4.6.3/mmpy-16/libgcc.a(_mulsi3.o)
 .debug_info    0x00000000000070af       0xb4 /usr/bin/../lib/gcc/msp430/4.6.3/mmpy-16/libgcc.a(_udivmod16.o)
 .debug_info    0x0000000000007163       0xb4 /usr/bin/../lib/gcc/msp430/4.6.3/mmpy-16/libgcc.a(_divmod16.o)
 .debug_info    0x0000000000007217       0xb4 /usr/bin/../lib/gcc/msp430/4.6.3/mmpy-16/libgcc.a(_udivmod32.o)
 .debug_info    0x00000000000072cb       0xb4 /usr/bin/../lib/gcc/msp430/4.6.3/mmpy-16/libgcc.a(_divmod32.o)
 .debug_info    0x000000000000737f       0xa4 /usr/bin/../lib/gcc/msp430/4.6.3/../../../../msp430/lib/mmpy-16/libc.a(strcmp.o)
 .debug_info    0x0000000000007423       0xe1 /usr/bin/../lib/gcc/msp430/4.6.3/../../../../msp430/lib/mmpy-16/libc.a(strncpy.o)
 .debug_info    0x0000000000007504       0xb4 /usr/bin/../lib/gcc/msp430/4.6.3/../../../../msp430/lib/mmpy-16/libc.a(atoi.o)
 .debug_info    0x00000000000075b8      0x105 /usr/bin/../lib/gcc/msp430/4.6.3/../../../../msp430/lib/mmpy-16/libc.a(printf.o)
 .debug_info    0x00000000000076bd      0x565 /usr/bin/../lib/gcc/msp430/4.6.3/../../../../msp430/lib/mmpy-16/libc.a(vuprintf.o)
 .debug_info    0x0000000000007c22       0x96 /usr/bin/../lib/gcc/msp430/4.6.3/../../../../msp430/lib/mmpy-16/libc.a(puts.o)
 .debug_info    0x0000000000007cb8       0xb4 /usr/bin/../lib/gcc/msp430/4.6.3/mmpy-16/libgcc.a(_udivmod64.o)
 .debug_info    0x0000000000007d6c       0x90 /usr/bin/../lib/gcc/msp430/4.6.3/mmpy-16/libcrt0.a(__watchdog_support.o)
 .debug_info    0x0000000000007dfc       0x90 /usr/bin/../lib/gcc/msp430/4.6.3/mmpy-16/libcrt0.a(__init_stack.o)
 .debug_info    0x0000000000007e8c       0x90 /usr/bin/../lib/gcc/msp430/4.6.3/mmpy-16/libcrt0.a(_copy_data.o)
 .debug_info    0x0000000000007f1c       0x90 /usr/bin/../lib/gcc/msp430/4.6.3/mmpy-16/libcrt0.a(_clear_bss.o)
 .debug_info    0x0000000000007fac       0x90 /usr/bin/../lib/gcc/msp430/4.6.3/mmpy-16/libcrt0.a(_endless_loop__.o)
 .debug_info    0x000000000000803c       0x90 /usr/bin/../lib/gcc/msp430/4.6.3/mmpy-16/libcrt0.a(_unexpected_.o)
 *(.gnu.linkonce.wi.*)

.debug_abbrev   0x0000000000000000     0x2f89
 *(.debug_abbrev)
 .debug_abbrev  0x0000000000000000      0x1cb staffetta-test.co
 .debug_abbrev  0x00000000000001cb      0x1bc obj_sky/contiki-sky-main.o
 .debug_abbrev  0x0000000000000387      0x323 contiki-sky.a(process.o)
 .debug_abbrev  0x00000000000006aa       0xf5 contiki-sky.a(autostart.o)
 .debug_abbrev  0x000000000000079f       0x67 contiki-sky.a(random.o)
 .debug_abbrev  0x0000000000000806      0x27a contiki-sky.a(etimer.o)
 .debug_abbrev  0x0000000000000a80      0x14e contiki-sky.a(energest.o)
 .debug_abbrev  0x0000000000000bce      0x139 contiki-sky.a(rtimer.o)
 .debug_abbrev  0x0000000000000d07       0xe2 contiki-sky.a(metric.o)
 .debug_abbrev  0x0000000000000de9      0x115 contiki-sky.a(gpio.o)
 .debug_abbrev  0x0000000000000efe      0x474 contiki-sky.a(energytrace.o)
 .debug_abbrev  0x0000000000001372      0x447 contiki-sky.a(staffetta.o)
 .debug_abbrev  0x00000000000017b9      0x157 contiki-sky.a(msp430.o)
 .debug_abbrev  0x0000000000001910      0x163 contiki-sky.a(leds.o)
 .debug_abbrev  0x0000000000001a73       0x91 contiki-sky.a(watchdog.o)
 .debug_abbrev  0x0000000000001b04      0x21f contiki-sky.a(xmem.o)
 .debug_abbrev  0x0000000000001d23      0x161 contiki-sky.a(cc2420.o)
 .debug_abbrev  0x0000000000001e84       0x82 contiki-sky.a(node-id.o)
 .debug_abbrev  0x0000000000001f06      0x162 contiki-sky.a(uart1.o)
 .debug_abbrev  0x0000000000002068      0x1b5 contiki-sky.a(clock.o)
 .debug_abbrev  0x000000000000221d       0x97 contiki-sky.a(leds-arch.o)
 .debug_abbrev  0x00000000000022b4       0x50 contiki-sky.a(uart1-putchar.o)
 .debug_abbrev  0x0000000000002304       0xa2 contiki-sky.a(rtimer-arch.o)
 .debug_abbrev  0x00000000000023a6       0xae contiki-sky.a(rand.o)
 .debug_abbrev  0x0000000000002454       0xf8 contiki-sky.a(timer.o)
 .debug_abbrev  0x000000000000254c      0x1cb contiki-sky.a(ctimer.o)
 .debug_abbrev  0x0000000000002717      0x109 contiki-sky.a(ringbuf.o)
 .debug_abbrev  0x0000000000002820       0x97 contiki-sky.a(spi.o)
 .debug_abbrev  0x00000000000028b7      0x151 contiki-sky.a(list.o)
 .debug_abbrev  0x0000000000002a08       0x14 /usr/bin/../lib/gcc/msp430/4.6.3/mmpy-16/libgcc.a(_mulsi3.o)
 .debug_abbrev  0x0000000000002a1c       0x14 /usr/bin/../lib/gcc/msp430/4.6.3/mmpy-16/libgcc.a(_udivmod16.o)
 .debug_abbrev  0x0000000000002a30       0x14 /usr/bin/../lib/gcc/msp430/4.6.3/mmpy-16/libgcc.a(_divmod16.o)
 .debug_abbrev  0x0000000000002a44       0x14 /usr/bin/../lib/gcc/msp430/4.6.3/mmpy-16/libgcc.a(_udivmod32.o)
 .debug_abbrev  0x0000000000002a58       0x14 /usr/bin/../lib/gcc/msp430/4.6.3/mmpy-16/libgcc.a(_divmod32.o)
 .debug_abbrev  0x0000000000002a6c       0x60 /usr/bin/../lib/gcc/msp430/4.6.3/../../../../msp430/lib/mmpy-16/libc.a(strcmp.o)
 .debug_abbrev  0x0000000000002acc       0x94 /usr/bin/../lib/gcc/msp430/4.6.3/../../../../msp430/lib/mmpy-16/libc.a(strncpy.o)
 .debug_abbrev  0x0000000000002b60       0x7e /usr/bin/../lib/gcc/msp430/4.6.3/../../../../msp430/lib/mmpy-16/libc.a(atoi.o)
 .debug_abbrev  0x0000000000002bde       0xd0 /usr/bin/../lib/gcc/msp430/4.6.3/../../../../msp430/lib/mmpy-16/libc.a(printf.o)
 .debug_abbrev  0x0000000000002cae      0x1ef /usr/bin/../lib/gcc/msp430/4.6.3/../../../../msp430/lib/mmpy-16/libc.a(vuprintf.o)
 .debug_abbrev  0x0000000000002e9d       0x60 /usr/bin/../lib/gcc/msp430/4.6.3/../../../../msp430/lib/mmpy-16/libc.a(puts.o)
 .debug_abbrev  0x0000000000002efd       0x14 /usr/bin/../lib/gcc/msp430/4.6.3/mmpy-16/libgcc.a(_udivmod64.o)
 .debug_abbrev  0x0000000000002f11       0x14 /usr/bin/../lib/gcc/msp430/4.6.3/mmpy-16/libcrt0.a(__watchdog_support.o)
 .debug_abbrev  0x0000000000002f25       0x14 /usr/bin/../lib/gcc/msp430/4.6.3/mmpy-16/libcrt0.a(__init_stack.o)
 .debug_abbrev  0x0000000000002f39       0x14 /usr/bin/../lib/gcc/msp430/4.6.3/mmpy-16/libcrt0.a(_copy_data.o)
 .debug_abbrev  0x0000000000002f4d       0x14 /usr/bin/../lib/gcc/msp430/4.6.3/mmpy-16/libcrt0.a(_clear_bss.o)
 .debug_abbrev  0x0000000000002f61       0x14 /usr/bin/../lib/gcc/msp430/4.6.3/mmpy-16/libcrt0.a(_endless_loop__.o)
 .debug_abbrev  0x0000000000002f75       0x14 /usr/bin/../lib/gcc/msp430/4.6.3/mmpy-16/libcrt0.a(_unexpected_.o)

.debug_line     0x0000000000000000     0x36f4
 *(.debug_line)
 .debug_line    0x0000000000000000      0x1b9 staffetta-test.co
 .debug_line    0x00000000000001b9      0x181 obj_sky/contiki-sky-main.o
 .debug_line    0x000000000000033a      0x13d contiki-sky.a(process.o)
 .debug_line    0x0000000000000477       0x96 contiki-sky.a(autostart.o)
 .debug_line    0x000000000000050d       0x4a contiki-sky.a(random.o)
 .debug_line    0x0000000000000557      0x170 contiki-sky.a(etimer.o)
 .debug_line    0x00000000000006c7       0xe8 contiki-sky.a(energest.o)
 .debug_line    0x00000000000007af       0x81 contiki-sky.a(rtimer.o)
 .debug_line    0x0000000000000830      0x106 contiki-sky.a(metric.o)
 .debug_line    0x0000000000000936      0x126 contiki-sky.a(gpio.o)
 .debug_line    0x0000000000000a5c      0x754 contiki-sky.a(energytrace.o)
 .debug_line    0x00000000000011b0      0x890 contiki-sky.a(staffetta.o)
 .debug_line    0x0000000000001a40      0x155 contiki-sky.a(msp430.o)
 .debug_line    0x0000000000001b95      0x133 contiki-sky.a(leds.o)
 .debug_line    0x0000000000001cc8       0xae contiki-sky.a(watchdog.o)
 .debug_line    0x0000000000001d76      0x1d0 contiki-sky.a(xmem.o)
 .debug_line    0x0000000000001f46      0x32e contiki-sky.a(cc2420.o)
 .debug_line    0x0000000000002274       0x61 contiki-sky.a(node-id.o)
 .debug_line    0x00000000000022d5      0x10c contiki-sky.a(uart1.o)
 .debug_line    0x00000000000023e1      0x16a contiki-sky.a(clock.o)
 .debug_line    0x000000000000254b       0xe2 contiki-sky.a(leds-arch.o)
 .debug_line    0x000000000000262d       0x9c contiki-sky.a(uart1-putchar.o)
 .debug_line    0x00000000000026c9       0xc5 contiki-sky.a(rtimer-arch.o)
 .debug_line    0x000000000000278e       0xc6 contiki-sky.a(rand.o)
 .debug_line    0x0000000000002854       0xa2 contiki-sky.a(timer.o)
 .debug_line    0x00000000000028f6      0x15d contiki-sky.a(ctimer.o)
 .debug_line    0x0000000000002a53       0xba contiki-sky.a(ringbuf.o)
 .debug_line    0x0000000000002b0d       0x9d contiki-sky.a(spi.o)
 .debug_line    0x0000000000002baa       0xd8 contiki-sky.a(list.o)
 .debug_line    0x0000000000002c82       0x74 /usr/bin/../lib/gcc/msp430/4.6.3/mmpy-16/libgcc.a(_mulsi3.o)
 .debug_line    0x0000000000002cf6       0x6d /usr/bin/../lib/gcc/msp430/4.6.3/mmpy-16/libgcc.a(_udivmod16.o)
 .debug_line    0x0000000000002d63       0x78 /usr/bin/../lib/gcc/msp430/4.6.3/mmpy-16/libgcc.a(_divmod16.o)
 .debug_line    0x0000000000002ddb       0x7c /usr/bin/../lib/gcc/msp430/4.6.3/mmpy-16/libgcc.a(_udivmod32.o)
 .debug_line    0x0000000000002e57       0x81 /usr/bin/../lib/gcc/msp430/4.6.3/mmpy-16/libgcc.a(_divmod32.o)
 .debug_line    0x0000000000002ed8       0x49 /usr/bin/../lib/gcc/msp430/4.6.3/../../../../msp430/lib/mmpy-16/libc.a(strcmp.o)
 .debug_line    0x0000000000002f21       0xb7 /usr/bin/../lib/gcc/msp430/4.6.3/../../../../msp430/lib/mmpy-16/libc.a(strncpy.o)
 .debug_line    0x0000000000002fd8       0x6e /usr/bin/../lib/gcc/msp430/4.6.3/../../../../msp430/lib/mmpy-16/libc.a(atoi.o)
 .debug_line    0x0000000000003046       0xb1 /usr/bin/../lib/gcc/msp430/4.6.3/../../../../msp430/lib/mmpy-16/libc.a(printf.o)
 .debug_line    0x00000000000030f7      0x311 /usr/bin/../lib/gcc/msp430/4.6.3/../../../../msp430/lib/mmpy-16/libc.a(vuprintf.o)
 .debug_line    0x0000000000003408       0x4d /usr/bin/../lib/gcc/msp430/4.6.3/../../../../msp430/lib/mmpy-16/libc.a(puts.o)
 .debug_line    0x0000000000003455       0xc2 /usr/bin/../lib/gcc/msp430/4.6.3/mmpy-16/libgcc.a(_udivmod64.o)
 .debug_line    0x0000000000003517       0x4f /usr/bin/../lib/gcc/msp430/4.6.3/mmpy-16/libcrt0.a(__watchdog_support.o)
 .debug_line    0x0000000000003566       0x4d /usr/bin/../lib/gcc/msp430/4.6.3/mmpy-16/libcrt0.a(__init_stack.o)
 .debug_line    0x00000000000035b3       0x53 /usr/bin/../lib/gcc/msp430/4.6.3/mmpy-16/libcrt0.a(_copy_data.o)
 .debug_line    0x0000000000003606       0x53 /usr/bin/../lib/gcc/msp430/4.6.3/mmpy-16/libcrt0.a(_clear_bss.o)
 .debug_line    0x0000000000003659       0x4e /usr/bin/../lib/gcc/msp430/4.6.3/mmpy-16/libcrt0.a(_endless_loop__.o)
 .debug_line    0x00000000000036a7       0x4d /usr/bin/../lib/gcc/msp430/4.6.3/mmpy-16/libcrt0.a(_unexpected_.o)

.debug_frame    0x0000000000000000     0x1382
 *(.debug_frame)
 .debug_frame   0x0000000000000000       0x62 staffetta-test.co
 .debug_frame   0x0000000000000062       0x50 obj_sky/contiki-sky-main.o
 .debug_frame   0x00000000000000b2       0xe8 contiki-sky.a(process.o)
 .debug_frame   0x000000000000019a       0x36 contiki-sky.a(autostart.o)
 .debug_frame   0x00000000000001d0       0x2a contiki-sky.a(random.o)
 .debug_frame   0x00000000000001fa       0xf8 contiki-sky.a(etimer.o)
 .debug_frame   0x00000000000002f2       0x62 contiki-sky.a(energest.o)
 .debug_frame   0x0000000000000354       0x36 contiki-sky.a(rtimer.o)
 .debug_frame   0x000000000000038a       0x5a contiki-sky.a(metric.o)
 .debug_frame   0x00000000000003e4       0xc0 contiki-sky.a(gpio.o)
 .debug_frame   0x00000000000004a4      0x476 contiki-sky.a(energytrace.o)
 .debug_frame   0x000000000000091a      0x196 contiki-sky.a(staffetta.o)
 .debug_frame   0x0000000000000ab0       0x86 contiki-sky.a(msp430.o)
 .debug_frame   0x0000000000000b36       0xa2 contiki-sky.a(leds.o)
 .debug_frame   0x0000000000000bd8       0x5a contiki-sky.a(watchdog.o)
 .debug_frame   0x0000000000000c32       0xc4 contiki-sky.a(xmem.o)
 .debug_frame   0x0000000000000cf6       0x6e contiki-sky.a(cc2420.o)
 .debug_frame   0x0000000000000d64       0x32 contiki-sky.a(node-id.o)
 .debug_frame   0x0000000000000d96       0x88 contiki-sky.a(uart1.o)
 .debug_frame   0x0000000000000e1e       0xd0 contiki-sky.a(clock.o)
 .debug_frame   0x0000000000000eee       0x36 contiki-sky.a(leds-arch.o)
 .debug_frame   0x0000000000000f24       0x24 contiki-sky.a(uart1-putchar.o)
 .debug_frame   0x0000000000000f48       0x4a contiki-sky.a(rtimer-arch.o)
 .debug_frame   0x0000000000000f92       0x40 contiki-sky.a(rand.o)
 .debug_frame   0x0000000000000fd2       0x6a contiki-sky.a(timer.o)
 .debug_frame   0x000000000000103c       0xaa contiki-sky.a(ctimer.o)
 .debug_frame   0x00000000000010e6       0x5e contiki-sky.a(ringbuf.o)
 .debug_frame   0x0000000000001144       0x1e contiki-sky.a(spi.o)
 .debug_frame   0x0000000000001162       0xbc contiki-sky.a(list.o)
 .debug_frame   0x000000000000121e       0x1e /usr/bin/../lib/gcc/msp430/4.6.3/../../../../msp430/lib/mmpy-16/libc.a(strcmp.o)
 .debug_frame   0x000000000000123c       0x24 /usr/bin/../lib/gcc/msp430/4.6.3/../../../../msp430/lib/mmpy-16/libc.a(strncpy.o)
 .debug_frame   0x0000000000001260       0x24 /usr/bin/../lib/gcc/msp430/4.6.3/../../../../msp430/lib/mmpy-16/libc.a(atoi.o)
 .debug_frame   0x0000000000001284       0x2a /usr/bin/../lib/gcc/msp430/4.6.3/../../../../msp430/lib/mmpy-16/libc.a(printf.o)
 .debug_frame   0x00000000000012ae       0xb0 /usr/bin/../lib/gcc/msp430/4.6.3/../../../../msp430/lib/mmpy-16/libc.a(vuprintf.o)
 .debug_frame   0x000000000000135e       0x24 /usr/bin/../lib/gcc/msp430/4.6.3/../../../../msp430/lib/mmpy-16/libc.a(puts.o)

.debug_str      0x0000000000000000     0x2596
 *(.debug_str)
 .debug_str     0x0000000000000000      0x3a3 staffetta-test.co
                                        0x452 (size before relaxing)
 .debug_str     0x00000000000003a3       0xcc obj_sky/contiki-sky-main.o
                                        0x382 (size before relaxing)
 .debug_str     0x000000000000046f      0x178 contiki-sky.a(process.o)
                                        0x2cf (size before relaxing)
 .debug_str     0x00000000000005e7       0x3a contiki-sky.a(autostart.o)
                                        0x187 (size before relaxing)
 .debug_str     0x0000000000000621       0x35 contiki-sky.a(random.o)
                                        0x12b (size before relaxing)
 .debug_str     0x0000000000000656      0x133 contiki-sky.a(etimer.o)
                                        0x2dc (size before relaxing)
 .debug_str     0x0000000000000789       0x9b contiki-sky.a(energest.o)
                                        0x325 (size before relaxing)
 .debug_str     0x0000000000000824       0xb8 contiki-sky.a(rtimer.o)
                                        0x2f0 (size before relaxing)
 .debug_str     0x00000000000008dc       0x9e contiki-sky.a(metric.o)
                                        0x34a (size before relaxing)
 .debug_str     0x000000000000097a       0xcf contiki-sky.a(gpio.o)
                                        0x1dd (size before relaxing)
 .debug_str     0x0000000000000a49      0x810 contiki-sky.a(energytrace.o)
                                        0xc3a (size before relaxing)
 .debug_str     0x0000000000001259      0x723 contiki-sky.a(staffetta.o)
                                        0xb10 (size before relaxing)
 .debug_str     0x000000000000197c      0x133 contiki-sky.a(msp430.o)
                                        0x295 (size before relaxing)
 .debug_str     0x0000000000001aaf       0x87 contiki-sky.a(leds.o)
                                        0x325 (size before relaxing)
 .debug_str     0x0000000000001b36       0xa6 contiki-sky.a(watchdog.o)
                                        0x1a4 (size before relaxing)
 .debug_str     0x0000000000001bdc       0xa5 contiki-sky.a(xmem.o)
                                        0x399 (size before relaxing)
 .debug_str     0x0000000000001c81       0x85 contiki-sky.a(cc2420.o)
                                        0x59d (size before relaxing)
 .debug_str     0x0000000000001d06       0x3c contiki-sky.a(node-id.o)
                                        0x13a (size before relaxing)
 .debug_str     0x0000000000001d42      0x12f contiki-sky.a(uart1.o)
                                        0x291 (size before relaxing)
 .debug_str     0x0000000000001e71       0xdd contiki-sky.a(clock.o)
                                        0x3ab (size before relaxing)
 .debug_str     0x0000000000001f4e       0x5a contiki-sky.a(leds-arch.o)
                                        0x161 (size before relaxing)
 .debug_str     0x0000000000001fa8       0x2d contiki-sky.a(uart1-putchar.o)
                                        0x123 (size before relaxing)
 .debug_str     0x0000000000001fd5       0x62 contiki-sky.a(rtimer-arch.o)
                                        0x184 (size before relaxing)
 .debug_str     0x0000000000002037       0x27 contiki-sky.a(rand.o)
                                        0x268 (size before relaxing)
 .debug_str     0x000000000000205e       0x27 contiki-sky.a(timer.o)
                                        0x176 (size before relaxing)
 .debug_str     0x0000000000002085       0xc0 contiki-sky.a(ctimer.o)
                                        0x397 (size before relaxing)
 .debug_str     0x0000000000002145       0x64 contiki-sky.a(ringbuf.o)
                                        0x189 (size before relaxing)
 .debug_str     0x00000000000021a9       0x5d contiki-sky.a(spi.o)
                                        0x198 (size before relaxing)
 .debug_str     0x0000000000002206       0xa8 contiki-sky.a(list.o)
                                        0x13a (size before relaxing)
 .debug_str     0x00000000000022ae       0x6b /usr/bin/../lib/gcc/msp430/4.6.3/../../../../msp430/lib/mmpy-16/libc.a(strcmp.o)
                                        0x11f (size before relaxing)
 .debug_str     0x0000000000002319       0x1b /usr/bin/../lib/gcc/msp430/4.6.3/../../../../msp430/lib/mmpy-16/libc.a(strncpy.o)
                                        0x128 (size before relaxing)
 .debug_str     0x0000000000002334       0x1a /usr/bin/../lib/gcc/msp430/4.6.3/../../../../msp430/lib/mmpy-16/libc.a(atoi.o)
                                        0x120 (size before relaxing)
 .debug_str     0x000000000000234e       0x40 /usr/bin/../lib/gcc/msp430/4.6.3/../../../../msp430/lib/mmpy-16/libc.a(printf.o)
                                        0x155 (size before relaxing)
 .debug_str     0x000000000000238e      0x1f3 /usr/bin/../lib/gcc/msp430/4.6.3/../../../../msp430/lib/mmpy-16/libc.a(vuprintf.o)
                                        0x3a0 (size before relaxing)
 .debug_str     0x0000000000002581       0x15 /usr/bin/../lib/gcc/msp430/4.6.3/../../../../msp430/lib/mmpy-16/libc.a(puts.o)
                                        0x11b (size before relaxing)

.debug_loc      0x0000000000000000     0x3737
 *(.debug_loc)
 .debug_loc     0x0000000000000000      0x193 staffetta-test.co
 .debug_loc     0x0000000000000193       0x9a obj_sky/contiki-sky-main.o
 .debug_loc     0x000000000000022d      0x20d contiki-sky.a(process.o)
 .debug_loc     0x000000000000043a       0x56 contiki-sky.a(autostart.o)
 .debug_loc     0x0000000000000490        0xb contiki-sky.a(random.o)
 .debug_loc     0x000000000000049b      0x270 contiki-sky.a(etimer.o)
 .debug_loc     0x000000000000070b       0x8a contiki-sky.a(energest.o)
 .debug_loc     0x0000000000000795       0x5b contiki-sky.a(rtimer.o)
 .debug_loc     0x00000000000007f0       0x28 contiki-sky.a(metric.o)
 .debug_loc     0x0000000000000818       0xb3 contiki-sky.a(gpio.o)
 .debug_loc     0x00000000000008cb     0x1431 contiki-sky.a(energytrace.o)
 .debug_loc     0x0000000000001cfc      0x493 contiki-sky.a(staffetta.o)
 .debug_loc     0x000000000000218f      0x118 contiki-sky.a(msp430.o)
 .debug_loc     0x00000000000022a7       0xdc contiki-sky.a(leds.o)
 .debug_loc     0x0000000000002383      0x2f2 contiki-sky.a(xmem.o)
 .debug_loc     0x0000000000002675      0x119 contiki-sky.a(cc2420.o)
 .debug_loc     0x000000000000278e       0x33 contiki-sky.a(node-id.o)
 .debug_loc     0x00000000000027c1       0x99 contiki-sky.a(uart1.o)
 .debug_loc     0x000000000000285a       0x92 contiki-sky.a(clock.o)
 .debug_loc     0x00000000000028ec        0xb contiki-sky.a(leds-arch.o)
 .debug_loc     0x00000000000028f7       0x2d contiki-sky.a(uart1-putchar.o)
 .debug_loc     0x0000000000002924       0x2c contiki-sky.a(rtimer-arch.o)
 .debug_loc     0x0000000000002950       0x74 contiki-sky.a(rand.o)
 .debug_loc     0x00000000000029c4       0xb9 contiki-sky.a(timer.o)
 .debug_loc     0x0000000000002a7d      0x205 contiki-sky.a(ctimer.o)
 .debug_loc     0x0000000000002c82       0xa3 contiki-sky.a(ringbuf.o)
 .debug_loc     0x0000000000002d25      0x1ac contiki-sky.a(list.o)
 .debug_loc     0x0000000000002ed1       0x24 /usr/bin/../lib/gcc/msp430/4.6.3/../../../../msp430/lib/mmpy-16/libc.a(strcmp.o)
 .debug_loc     0x0000000000002ef5       0x45 /usr/bin/../lib/gcc/msp430/4.6.3/../../../../msp430/lib/mmpy-16/libc.a(strncpy.o)
 .debug_loc     0x0000000000002f3a       0x9a /usr/bin/../lib/gcc/msp430/4.6.3/../../../../msp430/lib/mmpy-16/libc.a(atoi.o)
 .debug_loc     0x0000000000002fd4       0x38 /usr/bin/../lib/gcc/msp430/4.6.3/../../../../msp430/lib/mmpy-16/libc.a(printf.o)
 .debug_loc     0x000000000000300c      0x705 /usr/bin/../lib/gcc/msp430/4.6.3/../../../../msp430/lib/mmpy-16/libc.a(vuprintf.o)
 .debug_loc     0x0000000000003711       0x26 /usr/bin/../lib/gcc/msp430/4.6.3/../../../../msp430/lib/mmpy-16/libc.a(puts.o)

.debug_macinfo
 *(.debug_macinfo)

.debug_pubtypes
 *(.debug_pubtypes)

.debug_ranges   0x0000000000000000       0x68
 *(.debug_ranges)
 .debug_ranges  0x0000000000000000       0x18 staffetta-test.co
 .debug_ranges  0x0000000000000018        0x8 obj_sky/contiki-sky-main.o
 .debug_ranges  0x0000000000000020       0x24 contiki-sky.a(energytrace.o)
 .debug_ranges  0x0000000000000044        0xc contiki-sky.a(staffetta.o)
 .debug_ranges  0x0000000000000050       0x18 /usr/bin/../lib/gcc/msp430/4.6.3/../../../../msp430/lib/mmpy-16/libc.a(vuprintf.o)
                0x0000000000003900                PROVIDE (__stack, (ORIGIN (ram) + 0x2800))
                0x0000000000009ae6                PROVIDE (__data_start_rom, _etext)
                0x0000000000009b34                PROVIDE (__data_end_rom, (_etext + SIZEOF (.data)))
OUTPUT(staffetta-test.sky elf32-msp430)

.glossy         0x0000000000004000        0x0
