Archive member included because of file (symbol)

contiki-sky.a(process.o)      obj_sky/contiki-sky-main.o (process_init)
contiki-sky.a(autostart.o)    obj_sky/contiki-sky-main.o (autostart_start)
contiki-sky.a(random.o)       staffetta-test.co (random_init)
contiki-sky.a(etimer.o)       obj_sky/contiki-sky-main.o (etimer_process)
contiki-sky.a(energest.o)     obj_sky/contiki-sky-main.o (energest_init)
contiki-sky.a(rtimer.o)       obj_sky/contiki-sky-main.o (rtimer_init)
contiki-sky.a(metric.o)       staffetta-test.co (node_energy_state)
contiki-sky.a(gpio.o)         obj_sky/contiki-sky-main.o (gpio_init)
contiki-sky.a(energytrace.o)  staffetta-test.co (remaining_energy)
contiki-sky.a(staffetta.o)    staffetta-test.co (getWakeups)
contiki-sky.a(msp430.o)       contiki-sky.a(energytrace.o) (w_memcpy)
contiki-sky.a(leds.o)         staffetta-test.co (leds_init)
contiki-sky.a(watchdog.o)     obj_sky/contiki-sky-main.o (watchdog_init)
contiki-sky.a(xmem.o)         obj_sky/contiki-sky-main.o (xmem_init)
contiki-sky.a(cc2420.o)       obj_sky/contiki-sky-main.o (cc2420_init)
contiki-sky.a(node-id.o)      staffetta-test.co (node_id)
contiki-sky.a(uart1.o)        obj_sky/contiki-sky-main.o (uart1_active)
contiki-sky.a(clock.o)        contiki-sky.a(etimer.o) (clock_time)
contiki-sky.a(leds-arch.o)    contiki-sky.a(leds.o) (leds_arch_init)
contiki-sky.a(uart1-putchar.o)
                              obj_sky/contiki-sky-main.o (putchar)
contiki-sky.a(rtimer-arch.o)  contiki-sky.a(rtimer.o) (rtimer_arch_init)
contiki-sky.a(rand.o)         contiki-sky.a(random.o) (rand)
contiki-sky.a(timer.o)        contiki-sky.a(etimer.o) (timer_set)
contiki-sky.a(ctimer.o)       contiki-sky.a(staffetta.o) (ctimer_stop)
contiki-sky.a(ringbuf.o)      contiki-sky.a(uart1.o) (ringbuf_init)
contiki-sky.a(spi.o)          contiki-sky.a(xmem.o) (spi_init)
contiki-sky.a(list.o)         contiki-sky.a(ctimer.o) (list_init)
/usr/lib/gcc/msp430/4.6.3/../../../../msp430/lib/mmpy-16/libm.a(ef_sqrt.o)
                              contiki-sky.a(energytrace.o) (sqrt)
/usr/lib/gcc/msp430/4.6.3/../../../../msp430/lib/mmpy-16/libm.a(ef_log.o)
                              contiki-sky.a(energytrace.o) (logf)
/usr/lib/gcc/msp430/4.6.3/../../../../msp430/lib/mmpy-16/libm.a(sf_cos.o)
                              contiki-sky.a(energytrace.o) (cos)
/usr/lib/gcc/msp430/4.6.3/../../../../msp430/lib/mmpy-16/libm.a(kf_sin.o)
                              /usr/lib/gcc/msp430/4.6.3/../../../../msp430/lib/mmpy-16/libm.a(sf_cos.o) (__kernel_sinf)
/usr/lib/gcc/msp430/4.6.3/../../../../msp430/lib/mmpy-16/libm.a(kf_cos.o)
                              /usr/lib/gcc/msp430/4.6.3/../../../../msp430/lib/mmpy-16/libm.a(sf_cos.o) (__kernel_cosf)
/usr/lib/gcc/msp430/4.6.3/../../../../msp430/lib/mmpy-16/libm.a(ef_rem_pio2.o)
                              /usr/lib/gcc/msp430/4.6.3/../../../../msp430/lib/mmpy-16/libm.a(sf_cos.o) (__ieee754_rem_pio2f)
/usr/lib/gcc/msp430/4.6.3/../../../../msp430/lib/mmpy-16/libm.a(kf_rem_pio2.o)
                              /usr/lib/gcc/msp430/4.6.3/../../../../msp430/lib/mmpy-16/libm.a(ef_rem_pio2.o) (__kernel_rem_pio2f)
/usr/lib/gcc/msp430/4.6.3/../../../../msp430/lib/mmpy-16/libm.a(sf_scalbn.o)
                              /usr/lib/gcc/msp430/4.6.3/../../../../msp430/lib/mmpy-16/libm.a(kf_rem_pio2.o) (scalbnf)
/usr/lib/gcc/msp430/4.6.3/../../../../msp430/lib/mmpy-16/libm.a(sf_floor.o)
                              /usr/lib/gcc/msp430/4.6.3/../../../../msp430/lib/mmpy-16/libm.a(kf_rem_pio2.o) (floorf)
/usr/lib/gcc/msp430/4.6.3/mmpy-16/libgcc.a(_mulsi3.o)
                              contiki-sky.a(energytrace.o) (__mulsi3)
/usr/lib/gcc/msp430/4.6.3/mmpy-16/libgcc.a(_udivmod16.o)
                              contiki-sky.a(energytrace.o) (__udivhi3)
/usr/lib/gcc/msp430/4.6.3/mmpy-16/libgcc.a(_divmod16.o)
                              contiki-sky.a(staffetta.o) (__modhi3)
/usr/lib/gcc/msp430/4.6.3/mmpy-16/libgcc.a(_udivmod32.o)
                              staffetta-test.co (__udivsi3)
/usr/lib/gcc/msp430/4.6.3/mmpy-16/libgcc.a(_divmod32.o)
                              contiki-sky.a(energytrace.o) (__divsi3)
/usr/lib/gcc/msp430/4.6.3/mmpy-16/libgcc.a(_fixunssfsi.o)
                              contiki-sky.a(energytrace.o) (__fixunssfsi)
/usr/lib/gcc/msp430/4.6.3/mmpy-16/libgcc.a(_addsub_sf.o)
                              contiki-sky.a(energytrace.o) (__addsf3)
/usr/lib/gcc/msp430/4.6.3/mmpy-16/libgcc.a(_mul_sf.o)
                              contiki-sky.a(energytrace.o) (__mulsf3)
/usr/lib/gcc/msp430/4.6.3/mmpy-16/libgcc.a(_div_sf.o)
                              contiki-sky.a(energytrace.o) (__divsf3)
/usr/lib/gcc/msp430/4.6.3/mmpy-16/libgcc.a(_eq_sf.o)
                              contiki-sky.a(energytrace.o) (__eqsf2)
/usr/lib/gcc/msp430/4.6.3/mmpy-16/libgcc.a(_gt_sf.o)
                              /usr/lib/gcc/msp430/4.6.3/../../../../msp430/lib/mmpy-16/libm.a(sf_floor.o) (__gtsf2)
/usr/lib/gcc/msp430/4.6.3/mmpy-16/libgcc.a(_ge_sf.o)
[...]
Memory Configuration

Name             Origin             Length             Attributes
sfr              0x0000000000000000 0x0000000000000010
peripheral_8bit  0x0000000000000010 0x00000000000000f0
peripheral_16bit 0x0000000000000100 0x0000000000000100
ram_mirror       0x0000000000000200 0x0000000000000800 xw
infomem          0x0000000000001000 0x0000000000000100
infob            0x0000000000001000 0x0000000000000080
infoa            0x0000000000001080 0x0000000000000080
ram              0x0000000000001100 0x0000000000002800 xw
rom              0x0000000000004000 0x000000000000bfe0 xr
vectors          0x000000000000ffe0 0x0000000000000020
bsl              0x0000000000000000 0x0000000000000000
infoc            0x0000000000000000 0x0000000000000000
infod            0x0000000000000000 0x0000000000000000
ram2             0x0000000000000000 0x0000000000000000 xw
usbram           0x0000000000000000 0x0000000000000000 xw
far_rom          0x0000000000000000 0x0000000000000000
*default*        0x0000000000000000 0xffffffffffffffff

Linker script and memory map

LOAD /usr/lib/gcc/msp430/4.6.3/mmpy-16/crt0ivtbl16.o
Address of section .glossy set to 0x4000
Address of section .text set to 0x4400
LOAD staffetta-test.co
LOAD obj_sky/contiki-sky-main.o
LOAD contiki-sky.a
LOAD /usr/lib/gcc/msp430/4.6.3/../../../../msp430/lib/mmpy-16/libm.a
LOAD /usr/lib/gcc/msp430/4.6.3/mmpy-16/libgcc.a
LOAD /usr/lib/gcc/msp430/4.6.3/../../../../msp430/lib/mmpy-16/libc.a
LOAD /usr/lib/gcc/msp430/4.6.3/mmpy-16/libgcc.a
LOAD /usr/lib/gcc/msp430/4.6.3/mmpy-16/libcrt0.a
                0x0000000000000080                PROVIDE (__info_segment_size, 0x80)
                0x0000000000001000                PROVIDE (__infob, 0x1000)
                0x0000000000001080                PROVIDE (__infoa, 0x1080)
                0x0000000000000000                __IE1 = 0x0
                0x0000000000000002                __IFG1 = 0x2
                0x0000000000000004                __ME1 = 0x4
                0x0000000000000001                __IE2 = 0x1
                0x0000000000000003                __IFG2 = 0x3
                0x0000000000000005                __ME2 = 0x5
                0x0000000000000120                __WDTCTL = 0x120
                0x0000000000000130                __MPY = 0x130
                0x0000000000000132                __MPYS = 0x132
                0x0000000000000134                __MAC = 0x134
                0x0000000000000136                __MACS = 0x136
                0x0000000000000138                __OP2 = 0x138
                0x000000000000013a                __RESLO = 0x13a
                0x000000000000013c                __RESHI = 0x13c
                0x000000000000013e                __SUMEXT = 0x13e
                0x0000000000000020                __P1IN = 0x20
                0x0000000000000021                __P1OUT = 0x21
                0x0000000000000022                __P1DIR = 0x22
                0x0000000000000023                __P1IFG = 0x23
                0x0000000000000024                __P1IES = 0x24
                0x0000000000000025                __P1IE = 0x25
                0x0000000000000026                __P1SEL = 0x26
                0x0000000000000028                __P2IN = 0x28
                0x0000000000000029                __P2OUT = 0x29
                0x000000000000002a                __P2DIR = 0x2a
                0x000000000000002b                __P2IFG = 0x2b
                0x000000000000002c                __P2IES = 0x2c
                0x000000000000002d                __P2IE = 0x2d
                0x000000000000002e                __P2SEL = 0x2e
                0x0000000000000018                __P3IN = 0x18
                0x0000000000000019                __P3OUT = 0x19
                0x000000000000001a                __P3DIR = 0x1a
                0x000000000000001b                __P3SEL = 0x1b
                0x000000000000001c                __P4IN = 0x1c
                0x000000000000001d                __P4OUT = 0x1d
                0x000000000000001e                __P4DIR = 0x1e
                0x000000000000001f                __P4SEL = 0x1f
                0x0000000000000030                __P5IN = 0x30
                0x0000000000000031                __P5OUT = 0x31
                0x0000000000000032                __P5DIR = 0x32
                0x0000000000000033                __P5SEL = 0x33
                0x0000000000000034                __P6IN = 0x34
                0x0000000000000035                __P6OUT = 0x35
                0x0000000000000036                __P6DIR = 0x36
                0x0000000000000037                __P6SEL = 0x37
                0x0000000000000070                __U0CTL = 0x70
                0x0000000000000071                __U0TCTL = 0x71
                0x0000000000000072                __U0RCTL = 0x72
                0x0000000000000073                __U0MCTL = 0x73
                0x0000000000000074                __U0BR0 = 0x74
                0x0000000000000075                __U0BR1 = 0x75
                0x0000000000000076                __U0RXBUF = 0x76
                0x0000000000000077                __U0TXBUF = 0x77
                0x0000000000000078                __U1CTL = 0x78
                0x0000000000000079                __U1TCTL = 0x79
                0x000000000000007a                __U1RCTL = 0x7a
                0x000000000000007b                __U1MCTL = 0x7b
                0x000000000000007c                __U1BR0 = 0x7c
                0x000000000000007d                __U1BR1 = 0x7d
                0x000000000000007e                __U1RXBUF = 0x7e
                0x000000000000007f                __U1TXBUF = 0x7f
                0x0000000000000050                __I2CIE = 0x50
                0x0000000000000051                __I2CIFG = 0x51
                0x0000000000000052                __I2CNDAT = 0x52
                0x0000000000000071                __I2CTCTL = 0x71
                0x0000000000000072                __I2CDCTL = 0x72
                0x0000000000000073                __I2CPSC = 0x73
                0x0000000000000074                __I2CSCLH = 0x74
                0x0000000000000075                __I2CSCLL = 0x75
                0x0000000000000076                __I2CDRB = 0x76
                0x0000000000000076                __I2CDRW = 0x76
                0x0000000000000118                __I2COA = 0x118
                0x000000000000011a                __I2CSA = 0x11a
                0x000000000000011c                __I2CIV = 0x11c
                0x000000000000012e                __TAIV = 0x12e
                0x0000000000000160                __TACTL = 0x160
                0x0000000000000162                __TACCTL0 = 0x162
                0x0000000000000164                __TACCTL1 = 0x164
                0x0000000000000166                __TACCTL2 = 0x166
                0x0000000000000170                __TAR = 0x170
                0x0000000000000172                __TACCR0 = 0x172
                0x0000000000000174                __TACCR1 = 0x174
                0x0000000000000176                __TACCR2 = 0x176
                0x000000000000011e                __TBIV = 0x11e
                0x0000000000000180                __TBCTL = 0x180
                0x0000000000000182                __TBCCTL0 = 0x182
                0x0000000000000184                __TBCCTL1 = 0x184
                0x0000000000000186                __TBCCTL2 = 0x186
                0x0000000000000188                __TBCCTL3 = 0x188
                0x000000000000018a                __TBCCTL4 = 0x18a
                0x000000000000018c                __TBCCTL5 = 0x18c
                0x000000000000018e                __TBCCTL6 = 0x18e
                0x0000000000000190                __TBR = 0x190
                0x0000000000000192                __TBCCR0 = 0x192
                0x0000000000000194                __TBCCR1 = 0x194
                0x0000000000000196                __TBCCR2 = 0x196
                0x0000000000000198                __TBCCR3 = 0x198
                0x000000000000019a                __TBCCR4 = 0x19a
                0x000000000000019c                __TBCCR5 = 0x19c
                0x000000000000019e                __TBCCR6 = 0x19e
                0x0000000000000056                __DCOCTL = 0x56
                0x0000000000000057                __BCSCTL1 = 0x57
                0x0000000000000058                __BCSCTL2 = 0x58
                0x0000000000000055                __SVSCTL = 0x55
                0x0000000000000128                __FCTL1 = 0x128
                0x000000000000012a                __FCTL2 = 0x12a
                0x000000000000012c                __FCTL3 = 0x12c
                0x0000000000000059                __CACTL1 = 0x59
                0x000000000000005a                __CACTL2 = 0x5a
                0x000000000000005b                __CAPD = 0x5b
                0x00000000000001a0                __ADC12CTL0 = 0x1a0
                0x00000000000001a2                __ADC12CTL1 = 0x1a2
                0x00000000000001a4                __ADC12IFG = 0x1a4
                0x00000000000001a6                __ADC12IE = 0x1a6
                0x00000000000001a8                __ADC12IV = 0x1a8
                0x0000000000000140                __ADC12MEM0 = 0x140
                0x0000000000000142                __ADC12MEM1 = 0x142
                0x0000000000000144                __ADC12MEM2 = 0x144
                0x0000000000000146                __ADC12MEM3 = 0x146
                0x0000000000000148                __ADC12MEM4 = 0x148
                0x000000000000014a                __ADC12MEM5 = 0x14a
                0x000000000000014c                __ADC12MEM6 = 0x14c
                0x000000000000014e                __ADC12MEM7 = 0x14e
                0x0000000000000150                __ADC12MEM8 = 0x150
                0x0000000000000152                __ADC12MEM9 = 0x152
                0x0000000000000154                __ADC12MEM10 = 0x154
                0x0000000000000156                __ADC12MEM11 = 0x156
                0x0000000000000158                __ADC12MEM12 = 0x158
                0x000000000000015a                __ADC12MEM13 = 0x15a
                0x000000000000015c                __ADC12MEM14 = 0x15c
                0x000000000000015e                __ADC12MEM15 = 0x15e
                0x0000000000000080                __ADC12MCTL0 = 0x80
                0x0000000000000081                __ADC12MCTL1 = 0x81
                0x0000000000000082                __ADC12MCTL2 = 0x82
                0x0000000000000083                __ADC12MCTL3 = 0x83
                0x0000000000000084                __ADC12MCTL4 = 0x84
                0x0000000000000085                __ADC12MCTL5 = 0x85
                0x0000000000000086                __ADC12MCTL6 = 0x86
                0x0000000000000087                __ADC12MCTL7 = 0x87
                0x0000000000000088                __ADC12MCTL8 = 0x88
                0x0000000000000089                __ADC12MCTL9 = 0x89
                0x000000000000008a                __ADC12MCTL10 = 0x8a
                0x000000000000008b                __ADC12MCTL11 = 0x8b
                0x000000000000008c                __ADC12MCTL12 = 0x8c
                0x000000000000008d                __ADC12MCTL13 = 0x8d
                0x000000000000008e                __ADC12MCTL14 = 0x8e
                0x000000000000008f                __ADC12MCTL15 = 0x8f
                0x00000000000001c0                __DAC12_0CTL = 0x1c0
                0x00000000000001c2                __DAC12_1CTL = 0x1c2
                0x00000000000001c8                __DAC12_0DAT = 0x1c8
                0x00000000000001ca                __DAC12_1DAT = 0x1ca
                0x0000000000000122                __DMACTL0 = 0x122
                0x0000000000000124                __DMACTL1 = 0x124
                0x00000000000001e0                __DMA0CTL = 0x1e0
                0x00000000000001e8                __DMA1CTL = 0x1e8
                0x00000000000001f0                __DMA2CTL = 0x1f0
                0x00000000000001e2                __DMA0SA = 0x1e2
                0x00000000000001e4                __DMA0DA = 0x1e4
                0x00000000000001e6                __DMA0SZ = 0x1e6
                0x00000000000001ea                __DMA1SA = 0x1ea
                0x00000000000001ec                __DMA1DA = 0x1ec
                0x00000000000001ee                __DMA1SZ = 0x1ee
                0x00000000000001f2                __DMA2SA = 0x1f2
                0x00000000000001f4                __DMA2DA = 0x1f4
                0x00000000000001f6                __DMA2SZ = 0x1f6

.hash
 *(.hash)

.dynsym
 *(.dynsym)

.dynstr
 *(.dynstr)

.gnu.version
 *(.gnu.version)

.gnu.version_d
 *(.gnu.version_d)

.gnu.version_r
 *(.gnu.version_r)

.rel.init
 *(.rel.init)

.rela.init
 *(.rela.init)

.rel.fini
 *(.rel.fini)

.rela.fini
 *(.rela.fini)

.rel.text
 *(.rel.text .rel.text.* .rel.gnu.linkonce.t.*)

.rela.text
 *(.rela.text .rela.text.* .rela.gnu.linkonce.t.*)

.rel.rodata
 *(.rel.rodata .rel.rodata.* .rel.gnu.linkonce.r.*)

.rela.rodata
 *(.rela.rodata .rela.rodata.* .rela.gnu.linkonce.r.*)

.rel.data
 *(.rel.data .rel.data.* .rel.gnu.linkonce.d.*)

.rela.data
 *(.rela.data .rela.data.* .rela.gnu.linkonce.d.*)

.rel.bss
 *(.rel.bss .rel.bss.* .rel.gnu.linkonce.b.*)

.rela.bss
 *(.rela.bss .rela.bss.* .rela.gnu.linkonce.b.*)

.rel.ctors
 *(.rel.ctors)

.rela.ctors
 *(.rela.ctors)

.rel.dtors
 *(.rel.dtors)

.rela.dtors
 *(.rela.dtors)

.rel.got
 *(.rel.got)

.rela.got
 *(.rela.got)

.rel.plt
 *(.rel.plt)

.rela.plt
 *(.rela.plt)

.text           0x0000000000004400     0x82d2
                0x0000000000004400                . = ALIGN (0x2)
 *(.init .init.*)
 *(.init0)
 .init0         0x0000000000004400        0x0 /usr/lib/gcc/msp430/4.6.3/mmpy-16/libcrt0.a(_reset_vector__.o)
                0x0000000000004400                _reset_vector__
 *(.init1)
 .init1         0x0000000000004400        0xc /usr/lib/gcc/msp430/4.6.3/mmpy-16/libcrt0.a(__watchdog_support.o)
                0x0000000000004400                __watchdog_support
 *(.init2)
 .init2         0x000000000000440c        0x4 /usr/lib/gcc/msp430/4.6.3/mmpy-16/libcrt0.a(__init_stack.o)
                0x000000000000440c                __init_stack
 *(.init3)
 .init3         0x0000000000004410        0x0 /usr/lib/gcc/msp430/4.6.3/mmpy-16/libcrt0.a(__low_level_init.o)
                0x0000000000004410                __low_level_init
 *(.init4)
 .init4         0x0000000000004410       0x18 /usr/lib/gcc/msp430/4.6.3/mmpy-16/libcrt0.a(_copy_data.o)
                0x0000000000004410                __do_copy_data
 .init4         0x0000000000004428       0x16 /usr/lib/gcc/msp430/4.6.3/mmpy-16/libcrt0.a(_clear_bss.o)
                0x0000000000004428                __do_clear_bss
 *(.init5)
 *(.init6)
 *(.init7)
 *(.init8)
 *(.init9)
 .init9         0x000000000000443e      0x17a obj_sky/contiki-sky-main.o
                0x000000000000443e                main
 *(.fini9)
 .fini9         0x00000000000045b8        0x0 /usr/lib/gcc/msp430/4.6.3/mmpy-16/libcrt0.a(__stop_progExec__.o)
                0x00000000000045b8                __stop_progExec__
 *(.fini8)
 *(.fini7)
 *(.fini6)
 *(.fini5)
 *(.fini4)
 *(.fini3)
 *(.fini2)
 *(.fini1)
 *(.fini0)
 .fini0         0x00000000000045b8        0x6 /usr/lib/gcc/msp430/4.6.3/mmpy-16/libcrt0.a(_endless_loop__.o)
                0x00000000000045b8                _endless_loop__
 *(.fini .fini.*)
                0x00000000000045be                . = ALIGN (0x2)
                0x00000000000045be                __ctors_start = .
 *(.ctors)
                0x00000000000045be                __ctors_end = .
                0x00000000000045be                __dtors_start = .
 *(.dtors)
                0x00000000000045be                __dtors_end = .
                0x00000000000045be                . = ALIGN (0x2)
 *(.text .text.* .gnu.linkonce.t.*)
 .text          0x00000000000045be        0x4 /usr/lib/gcc/msp430/4.6.3/mmpy-16/crt0ivtbl16.o
                0x00000000000045be                __isr_14
                0x00000000000045be                __isr_4
                0x00000000000045be                __isr_11
                0x00000000000045be                __isr_7
                0x00000000000045be                __isr_0
                0x00000000000045be                __isr_8
                0x00000000000045be                __isr_12
                0x00000000000045be                __isr_13
                0x00000000000045be                __isr_9
                0x00000000000045be                __isr_1
 .text.crt0     0x00000000000045c2        0x0 /usr/lib/gcc/msp430/4.6.3/mmpy-16/crt0ivtbl16.o
 .text          0x00000000000045c2      0x1b2 staffetta-test.co
 .text          0x0000000000004774        0x0 obj_sky/contiki-sky-main.o
 .text          0x0000000000004774      0x29e contiki-sky.a(process.o)
                0x0000000000004870                process_alloc_event
                0x000000000000487e                process_exit
                0x0000000000004888                process_init
                0x00000000000048a4                process_run
                0x0000000000004946                process_nevents
                0x0000000000004954                process_post
                0x00000000000049a8                process_post_synch
                0x00000000000049ba                process_start
                0x00000000000049ec                process_poll
                0x0000000000004a04                process_is_running
 .text          0x0000000000004a12       0x2a contiki-sky.a(autostart.o)
                0x0000000000004a12                autostart_start
                0x0000000000004a28                autostart_exit
 .text          0x0000000000004a3c        0xc contiki-sky.a(random.o)
                0x0000000000004a3c                random_init
                0x0000000000004a42                random_rand
 .text          0x0000000000004a48      0x25a contiki-sky.a(etimer.o)
                0x0000000000004ac0                etimer_request_poll
                0x0000000000004bca                etimer_set
                0x0000000000004bdc                etimer_reset
                0x0000000000004bee                etimer_restart
                0x0000000000004c00                etimer_adjust
                0x0000000000004c1a                etimer_expired
                0x0000000000004c28                etimer_expiration_time
                0x0000000000004c3c                etimer_start_time
                0x0000000000004c44                etimer_pending
                0x0000000000004c50                etimer_next_expiration_time
                0x0000000000004c66                etimer_stop
 .text          0x0000000000004ca2       0xba contiki-sky.a(energest.o)
                0x0000000000004ca2                energest_init
                0x0000000000004cca                energest_type_time
                0x0000000000004d0c                energest_leveldevice_leveltime
                0x0000000000004d12                energest_type_set
                0x0000000000004d20                energest_flush
 .text          0x0000000000004d5c       0x50 contiki-sky.a(rtimer.o)
                0x0000000000004d5c                rtimer_init
                0x0000000000004d62                rtimer_set
                0x0000000000004d86                rtimer_run_next
 .text          0x0000000000004dac       0xae contiki-sky.a(metric.o)
                0x0000000000004dac                compute_node_duty_cycle
                0x0000000000004ddc                get_duty_cycle
                0x0000000000004de2                compute_node_state
                0x0000000000004e18                get_node_state
                0x0000000000004e1e                compute_harvesting_rate
                0x0000000000004e54                get_harvesting_rate
 .text          0x0000000000004e5a      0x10e contiki-sky.a(gpio.o)
                0x0000000000004e5a                gpio_arch_init
                0x0000000000004e68                gpio_arch_get
                0x0000000000004e96                gpio_arch_set
                0x0000000000004ed8                gpio_init
                0x0000000000004ee6                gpio_get
                0x0000000000004eec                gpio_on
                0x0000000000004ef6                gpio_off
                0x0000000000004f00                gpio_invert
                0x0000000000004f0a                gpio_toggle
                0x0000000000004f10                gpio_blink
                0x0000000000004f2c                gpio_green
                0x0000000000004f40                gpio_yellow
                0x0000000000004f54                gpio_red
 .text          0x0000000000004f68     0x193a contiki-sky.a(energytrace.o)
                0x00000000000057d2                cfs_open
                0x0000000000005878                cfs_close
                0x00000000000058a4                cfs_seek
                0x000000000000592a                cfs_remove
                0x0000000000005944                cfs_read
                0x0000000000005e50                cfs_write
                0x0000000000005faa                cfs_opendir
                0x0000000000005fb6                cfs_readdir
                0x0000000000006048                cfs_closedir
                0x000000000000604a                cfs_coffee_reserve
                0x0000000000006076                cfs_coffee_configure_log
                0x00000000000060da                cfs_coffee_set_io_semantics
                0x0000000000006104                cfs_coffee_format
                0x0000000000006140                cfs_coffee_get_protected_mem
                0x000000000000614c                randn
                0x00000000000062e4                solar_energy_input
                0x0000000000006586                clean_message
                0x000000000000659a                read_lines
                0x000000000000662a                tx_current_consumption
                0x00000000000066aa                energytrace_print
                0x0000000000006880                energytrace_start
                0x0000000000006898                energytrace_stop
 .text          0x00000000000068a2     0x11fc contiki-sky.a(staffetta.o)
                0x0000000000006ab4                getWakeups
                0x0000000000006abe                staffetta_send_packet
                0x000000000000763e                sink_busy_wait
                0x0000000000007640                sink_listen
                0x00000000000078b8                staffetta_print_stats
                0x00000000000078ce                staffetta_get_energy_consumption
                0x00000000000079a8                staffetta_add_data
                0x00000000000079ce                staffetta_init
 .text          0x0000000000007a9e      0x192 contiki-sky.a(msp430.o)
                0x0000000000007a9e                w_memcpy
                0x0000000000007ab0                w_memset
                0x0000000000007ac2                msp430_init_dco
                0x0000000000007b46                msp430_cpu_init
                0x0000000000007b6c                sbrk
                0x0000000000007bc6                splhigh_
                0x0000000000007bce                splx_
                0x0000000000007bd2                msp430_sync_dco
 .text          0x0000000000007c30      0x15c contiki-sky.a(leds.o)
                0x0000000000007ce0                leds_init
                0x0000000000007cee                leds_get
                0x0000000000007cf4                leds_on
                0x0000000000007d08                leds_off
                0x0000000000007d1c                leds_invert
                0x0000000000007d26                leds_toggle
                0x0000000000007d2c                leds_blink
                0x0000000000007d50                leds_green
                0x0000000000007d64                leds_yellow
                0x0000000000007d78                leds_red
 .text          0x0000000000007d8c       0x20 contiki-sky.a(watchdog.o)
                0x0000000000007d8c                __isr_10
                0x0000000000007d8c                watchdog_interrupt
                0x0000000000007d8e                watchdog_init
                0x0000000000007da4                watchdog_start
                0x0000000000007da6                watchdog_periodic
                0x0000000000007da8                watchdog_stop
                0x0000000000007daa                watchdog_reboot
 .text          0x0000000000007dac      0x358 contiki-sky.a(xmem.o)
                0x0000000000007e1c                xmem_init
                0x0000000000007e38                xmem_pread
                0x0000000000007f10                xmem_pwrite
                0x000000000000804e                xmem_erase
 .text          0x0000000000008104      0x468 contiki-sky.a(cc2420.o)
                0x0000000000008120                cc2420_init
                0x0000000000008408                cc2420_set_channel
                0x000000000000846c                cc2420_set_txpower
                0x0000000000008512                cc2420_get_txpower
 .text          0x000000000000856c       0x6e contiki-sky.a(node-id.o)
                0x000000000000856c                node_id_restore
                0x00000000000085a4                node_id_burn
 .text          0x00000000000085da      0x1b2 contiki-sky.a(uart1.o)
                0x00000000000085da                uart1_active
                0x00000000000085f2                uart1_set_input
                0x00000000000085f8                uart1_writeb
                0x000000000000862a                uart1_init
                0x0000000000008708                uart1_rx_interrupt
                0x0000000000008708                __isr_3
                0x000000000000875c                __isr_2
                0x000000000000875c                uart1_tx_interrupt
 .text          0x000000000000878c      0x1b2 contiki-sky.a(clock.o)
                0x000000000000878c                etimer_interrupt
                0x00000000000087fe                __isr_5
                0x00000000000087fe                timera1
                0x000000000000886e                clock_time
                0x0000000000008888                clock_set
                0x000000000000889e                clock_fine_max
                0x00000000000088a4                clock_fine
                0x00000000000088ae                clock_init
                0x00000000000088d6                clock_delay
                0x00000000000088dc                clock_wait
                0x000000000000891c                clock_set_seconds
                0x000000000000891e                clock_seconds
                0x0000000000008938                clock_counter
 .text          0x000000000000893e       0x7c contiki-sky.a(leds-arch.o)
                0x000000000000893e                leds_arch_init
                0x000000000000894c                leds_arch_get
                0x0000000000008980                leds_arch_set
 .text          0x00000000000089ba       0x10 contiki-sky.a(uart1-putchar.o)
                0x00000000000089ba                putchar
 .text          0x00000000000089ca       0x3c contiki-sky.a(rtimer-arch.o)
                0x00000000000089ca                __isr_6
                0x00000000000089ca                timera0
                0x00000000000089e6                rtimer_arch_init
                0x00000000000089f4                rtimer_arch_schedule
 .text          0x0000000000008a06       0x88 contiki-sky.a(rand.o)
                0x0000000000008a06                rand
                0x0000000000008a84                srand
 .text          0x0000000000008a8e       0x90 contiki-sky.a(timer.o)
                0x0000000000008a8e                timer_set
                0x0000000000008aaa                timer_reset
                0x0000000000008ab8                timer_restart
                0x0000000000008acc                timer_expired
                0x0000000000008af6                timer_remaining
 .text          0x0000000000008b1e      0x1e4 contiki-sky.a(ctimer.o)
                0x0000000000008bc2                ctimer_init
                0x0000000000008bda                ctimer_set
                0x0000000000008c34                ctimer_reset
                0x0000000000008c6e                ctimer_restart
                0x0000000000008ca8                ctimer_stop
                0x0000000000008cd0                ctimer_expired
 .text          0x0000000000008d02       0x98 contiki-sky.a(ringbuf.o)
                0x0000000000008d02                ringbuf_init
                0x0000000000008d16                ringbuf_put
                0x0000000000008d4e                ringbuf_get
                0x0000000000008d80                ringbuf_size
                0x0000000000008d88                ringbuf_elements
 .text          0x0000000000008d9a       0x32 contiki-sky.a(spi.o)
                0x0000000000008d9a                spi_init
 .text          0x0000000000008dcc       0xfe contiki-sky.a(list.o)
                0x0000000000008dcc                list_init
                0x0000000000008dd2                list_head
                0x0000000000008dd6                list_copy
                0x0000000000008ddc                list_tail
                0x0000000000008dee                list_chop
                0x0000000000008e12                list_pop
                0x0000000000008e20                list_remove
                0x0000000000008e54                list_push
                0x0000000000008e6e                list_add
                0x0000000000008e98                list_length
                0x0000000000008ea8                list_insert
                0x0000000000008ebe                list_item_next
 .text          0x0000000000008eca      0x16e /usr/lib/gcc/msp430/4.6.3/../../../../msp430/lib/mmpy-16/libm.a(ef_sqrt.o)
                0x0000000000008eca                __ieee754_sqrtf
                0x000000000000902c                sqrtf
                0x0000000000009032                sqrt
 .text          0x0000000000009038      0x4ca /usr/lib/gcc/msp430/4.6.3/../../../../msp430/lib/mmpy-16/libm.a(ef_log.o)
                0x0000000000009038                __ieee754_logf
                0x00000000000094fc                logf
 .text          0x0000000000009502       0xa4 /usr/lib/gcc/msp430/4.6.3/../../../../msp430/lib/mmpy-16/libm.a(sf_cos.o)
                0x0000000000009502                cosf
                0x00000000000095a0                cos
 .text          0x00000000000095a6      0x184 /usr/lib/gcc/msp430/4.6.3/../../../../msp430/lib/mmpy-16/libm.a(kf_sin.o)
                0x00000000000095a6                __kernel_sinf
 .text          0x000000000000972a      0x1e4 /usr/lib/gcc/msp430/4.6.3/../../../../msp430/lib/mmpy-16/libm.a(kf_cos.o)
                0x000000000000972a                __kernel_cosf
 .text          0x000000000000990e      0x5e0 /usr/lib/gcc/msp430/4.6.3/../../../../msp430/lib/mmpy-16/libm.a(ef_rem_pio2.o)
                0x000000000000990e                __ieee754_rem_pio2f
 .text          0x0000000000009eee      0xc72 /usr/lib/gcc/msp430/4.6.3/../../../../msp430/lib/mmpy-16/libm.a(kf_rem_pio2.o)
                0x0000000000009eee                __kernel_rem_pio2f
 .text          0x000000000000ab60      0x184 /usr/lib/gcc/msp430/4.6.3/../../../../msp430/lib/mmpy-16/libm.a(sf_scalbn.o)
                0x000000000000ab60                scalbnf
                0x000000000000acde                scalbn
 .text          0x000000000000ace4      0x11c /usr/lib/gcc/msp430/4.6.3/../../../../msp430/lib/mmpy-16/libm.a(sf_floor.o)
                0x000000000000ace4                floorf
                0x000000000000adfa                floor
 .text          0x000000000000ae00        0x0 /usr/lib/gcc/msp430/4.6.3/mmpy-16/libgcc.a(_mulsi3.o)
 .text.libgcc   0x000000000000ae00       0x2c /usr/lib/gcc/msp430/4.6.3/mmpy-16/libgcc.a(_mulsi3.o)
                0x000000000000ae00                __mulsi3
 .text          0x000000000000ae2c        0x0 /usr/lib/gcc/msp430/4.6.3/mmpy-16/libgcc.a(_udivmod16.o)
 .text.libgcc   0x000000000000ae2c       0x22 /usr/lib/gcc/msp430/4.6.3/mmpy-16/libgcc.a(_udivmod16.o)
                0x000000000000ae2c                __udivhi3
                0x000000000000ae2c                __ext_udivmod16
                0x000000000000ae46                __umodhi3
 .text          0x000000000000ae4e        0x0 /usr/lib/gcc/msp430/4.6.3/mmpy-16/libgcc.a(_divmod16.o)
 .text.libgcc   0x000000000000ae4e       0x3a /usr/lib/gcc/msp430/4.6.3/mmpy-16/libgcc.a(_divmod16.o)
                0x000000000000ae4e                __ext_divmod16
                0x000000000000ae4e                __divhi3
                0x000000000000ae80                __modhi3
 .text          0x000000000000ae88        0x0 /usr/lib/gcc/msp430/4.6.3/mmpy-16/libgcc.a(_udivmod32.o)
 .text.libgcc   0x000000000000ae88       0x40 /usr/lib/gcc/msp430/4.6.3/mmpy-16/libgcc.a(_udivmod32.o)
                0x000000000000ae88                __udivsi3
                0x000000000000ae88                __ext_udivmod32
                0x000000000000aebe                __umodsi3
 .text          0x000000000000aec8        0x0 /usr/lib/gcc/msp430/4.6.3/mmpy-16/libgcc.a(_divmod32.o)
 .text.libgcc   0x000000000000aec8       0x4c /usr/lib/gcc/msp430/4.6.3/mmpy-16/libgcc.a(_divmod32.o)
                0x000000000000aec8                __ext_divmod32
                0x000000000000aec8                __divsi3
                0x000000000000af0a                __modsi3
 .text          0x000000000000af14       0x42 /usr/lib/gcc/msp430/4.6.3/mmpy-16/libgcc.a(_fixunssfsi.o)
                0x000000000000af14                __fixunssfsi
 .text          0x000000000000af56      0x32e /usr/lib/gcc/msp430/4.6.3/mmpy-16/libgcc.a(_addsub_sf.o)
                0x000000000000b1e8                __addsf3
                0x000000000000b234                __subsf3
 .text          0x000000000000b284      0x224 /usr/lib/gcc/msp430/4.6.3/mmpy-16/libgcc.a(_mul_sf.o)
                0x000000000000b284                __mulsf3
 .text          0x000000000000b4a8      0x150 /usr/lib/gcc/msp430/4.6.3/mmpy-16/libgcc.a(_div_sf.o)
                0x000000000000b4a8                __divsf3
 .text          0x000000000000b5f8       0x50 /usr/lib/gcc/msp430/4.6.3/mmpy-16/libgcc.a(_eq_sf.o)
                0x000000000000b5f8                __eqsf2
 .text          0x000000000000b648       0x50 /usr/lib/gcc/msp430/4.6.3/mmpy-16/libgcc.a(_gt_sf.o)
                0x000000000000b648                __gtsf2
 .text          0x000000000000b698       0x50 /usr/lib/gcc/msp430/4.6.3/mmpy-16/libgcc.a(_ge_sf.o)
                0x000000000000b698                __gesf2
 .text          0x000000000000b6e8       0xa6 /usr/lib/gcc/msp430/4.6.3/mmpy-16/libgcc.a(_si_to_sf.o)
                0x000000000000b6e8                __floatsisf
 .text          0x000000000000b78e       0x90 /usr/lib/gcc/msp430/4.6.3/mmpy-16/libgcc.a(_sf_to_si.o)
                0x000000000000b78e                __fixsfsi
 .text          0x000000000000b81e        0x0 /usr/lib/gcc/msp430/4.6.3/mmpy-16/libgcc.a(_thenan_sf.o)
 .text          0x000000000000b81e       0xe2 /usr/lib/gcc/msp430/4.6.3/mmpy-16/libgcc.a(_usi_to_sf.o)
                0x000000000000b81e                __floatunsisf
 .text          0x000000000000b900       0x72 /usr/lib/gcc/msp430/4.6.3/mmpy-16/libgcc.a(_clzsi2.o)
                0x000000000000b900                __clzsi2
 .text          0x000000000000b972      0x1de /usr/lib/gcc/msp430/4.6.3/mmpy-16/libgcc.a(_pack_sf.o)
                0x000000000000b972                __pack_f
 .text          0x000000000000bb50      0x124 /usr/lib/gcc/msp430/4.6.3/mmpy-16/libgcc.a(_unpack_sf.o)
                0x000000000000bb50                __unpack_f
 .text          0x000000000000bc74       0xa4 /usr/lib/gcc/msp430/4.6.3/mmpy-16/libgcc.a(_fpcmp_parts_sf.o)
                0x000000000000bc74                __fpcmp_parts_f
 .text          0x000000000000bd18        0x0 /usr/lib/gcc/msp430/4.6.3/mmpy-16/libgcc.a(_clz.o)
 .text          0x000000000000bd18       0x1e /usr/lib/gcc/msp430/4.6.3/../../../../msp430/lib/mmpy-16/libc.a(strcmp.o)
                0x000000000000bd18                strcmp
 .text          0x000000000000bd36       0x2a /usr/lib/gcc/msp430/4.6.3/../../../../msp430/lib/mmpy-16/libc.a(strncpy.o)
                0x000000000000bd36                strncpy
 .text          0x000000000000bd60       0x1e /usr/lib/gcc/msp430/4.6.3/../../../../msp430/lib/mmpy-16/libc.a(printf.o)
                0x000000000000bd60                printf
                0x000000000000bd70                vprintf
 .text          0x000000000000bd7e      0x836 /usr/lib/gcc/msp430/4.6.3/../../../../msp430/lib/mmpy-16/libc.a(vuprintf.o)
                0x000000000000bf16                vuprintf
 .text          0x000000000000c5b4       0x2c /usr/lib/gcc/msp430/4.6.3/../../../../msp430/lib/mmpy-16/libc.a(puts.o)
                0x000000000000c5b4                puts
 .text          0x000000000000c5e0        0x0 /usr/lib/gcc/msp430/4.6.3/mmpy-16/libgcc.a(_udivmod64.o)
 .text.libgcc   0x000000000000c5e0       0xf0 /usr/lib/gcc/msp430/4.6.3/mmpy-16/libgcc.a(_udivmod64.o)
                0x000000000000c5e0                __xabi_udivmod64
                0x000000000000c63e                __udivdi3
                0x000000000000c664                __umoddi3
                0x000000000000c692                __udivmoddi4
 .text          0x000000000000c6d0        0x0 /usr/lib/gcc/msp430/4.6.3/mmpy-16/libcrt0.a(_reset_vector__.o)
 .text          0x000000000000c6d0        0x0 /usr/lib/gcc/msp430/4.6.3/mmpy-16/libcrt0.a(__watchdog_support.o)
 .text          0x000000000000c6d0        0x0 /usr/lib/gcc/msp430/4.6.3/mmpy-16/libcrt0.a(__init_stack.o)
 .text          0x000000000000c6d0        0x0 /usr/lib/gcc/msp430/4.6.3/mmpy-16/libcrt0.a(__low_level_init.o)
 .text          0x000000000000c6d0        0x0 /usr/lib/gcc/msp430/4.6.3/mmpy-16/libcrt0.a(_copy_data.o)
 .text          0x000000000000c6d0        0x0 /usr/lib/gcc/msp430/4.6.3/mmpy-16/libcrt0.a(_clear_bss.o)
 .text          0x000000000000c6d0        0x0 /usr/lib/gcc/msp430/4.6.3/mmpy-16/libcrt0.a(__stop_progExec__.o)
 .text          0x000000000000c6d0        0x0 /usr/lib/gcc/msp430/4.6.3/mmpy-16/libcrt0.a(_endless_loop__.o)
 .text          0x000000000000c6d0        0x0 /usr/lib/gcc/msp430/4.6.3/mmpy-16/libcrt0.a(_unexpected_.o)
 .text.crt0     0x000000000000c6d0        0x2 /usr/lib/gcc/msp430/4.6.3/mmpy-16/libcrt0.a(_unexpected_.o)
                0x000000000000c6d0                _unexpected_
                0x000000000000c6d2                . = ALIGN (0x2)

.rodata         0x000000000000c6d2      0x622
                0x000000000000c6d2                . = ALIGN (0x2)
 *(.rodata .rodata.* .gnu.linkonce.r.*)
 .rodata        0x000000000000c6d2       0x3c staffetta-test.co
                0x000000000000c6fa                autostart_processes
 .rodata        0x000000000000c70e       0x50 obj_sky/contiki-sky-main.o
 .rodata        0x000000000000c75e        0xc contiki-sky.a(etimer.o)
 .rodata        0x000000000000c76a       0x4a contiki-sky.a(energytrace.o)
 .rodata        0x000000000000c7b4       0x57 contiki-sky.a(staffetta.o)
 .rodata        0x000000000000c80b        0xf contiki-sky.a(ctimer.o)
 .rodata        0x000000000000c81a      0x398 /usr/lib/gcc/msp430/4.6.3/../../../../msp430/lib/mmpy-16/libm.a(ef_rem_pio2.o)
 .rodata        0x000000000000cbb2       0x32 /usr/lib/gcc/msp430/4.6.3/../../../../msp430/lib/mmpy-16/libm.a(kf_rem_pio2.o)
 .rodata        0x000000000000cbe4        0x8 /usr/lib/gcc/msp430/4.6.3/mmpy-16/libgcc.a(_thenan_sf.o)
                0x000000000000cbe4                __thenan_sf
 .rodata        0x000000000000cbec      0x100 /usr/lib/gcc/msp430/4.6.3/mmpy-16/libgcc.a(_clz.o)
                0x000000000000cbec                __clz_tab
 .rodata        0x000000000000ccec        0x7 /usr/lib/gcc/msp430/4.6.3/../../../../msp430/lib/mmpy-16/libc.a(vuprintf.o)
                0x000000000000ccf4                . = ALIGN (0x2)
 *fill*         0x000000000000ccf3        0x1 00
                0x000000000000ccf4                _etext = .

.data           0x0000000000001100       0x4e load address 0x000000000000ccf4
                0x0000000000001100                . = ALIGN (0x2)
                0x0000000000001100                PROVIDE (__data_start, .)
 *(.data .data.* .gnu.linkonce.d.*)
 .data          0x0000000000001100        0x0 /usr/lib/gcc/msp430/4.6.3/mmpy-16/crt0ivtbl16.o
 .data          0x0000000000001100       0x14 staffetta-test.co
                0x0000000000001100                staffetta_print_stats_process
                0x000000000000110a                staffetta_test
 .data          0x0000000000001114        0x4 obj_sky/contiki-sky-main.o
                0x0000000000001114                TOS_LOCAL_ADDRESS
                0x0000000000001116                TOS_NODE_ID
 .data          0x0000000000001118        0x0 contiki-sky.a(process.o)
 .data          0x0000000000001118        0x0 contiki-sky.a(autostart.o)
 .data          0x0000000000001118        0x0 contiki-sky.a(random.o)
 .data          0x0000000000001118        0xa contiki-sky.a(etimer.o)
                0x0000000000001118                etimer_process
 .data          0x0000000000001122        0x0 contiki-sky.a(energest.o)
 .data          0x0000000000001122        0x0 contiki-sky.a(rtimer.o)
 .data          0x0000000000001122        0x0 contiki-sky.a(metric.o)
 .data          0x0000000000001122        0x0 contiki-sky.a(gpio.o)
 .data          0x0000000000001122       0x18 contiki-sky.a(energytrace.o)
                0x0000000000001122                energytrace_process_print
                0x000000000000112c                energytrace_process
                0x0000000000001136                remaining_energy
 .data          0x000000000000113a        0x8 contiki-sky.a(staffetta.o)
 .data          0x0000000000001142        0x2 contiki-sky.a(msp430.o)
 .data          0x0000000000001144        0x0 contiki-sky.a(leds.o)
 .data          0x0000000000001144        0x0 contiki-sky.a(watchdog.o)
 .data          0x0000000000001144        0x0 contiki-sky.a(xmem.o)
 .data          0x0000000000001144        0x0 contiki-sky.a(cc2420.o)
 .data          0x0000000000001144        0x0 contiki-sky.a(node-id.o)
 .data          0x0000000000001144        0x0 contiki-sky.a(uart1.o)
 .data          0x0000000000001144        0x0 contiki-sky.a(clock.o)
 .data          0x0000000000001144        0x0 contiki-sky.a(leds-arch.o)
 .data          0x0000000000001144        0x0 contiki-sky.a(uart1-putchar.o)
 .data          0x0000000000001144        0x0 contiki-sky.a(rtimer-arch.o)
 .data          0x0000000000001144        0x0 contiki-sky.a(rand.o)
 .data          0x0000000000001144        0x0 contiki-sky.a(timer.o)
 .data          0x0000000000001144        0xa contiki-sky.a(ctimer.o)
                0x0000000000001144                ctimer_process
 .data          0x000000000000114e        0x0 contiki-sky.a(ringbuf.o)
 .data          0x000000000000114e        0x0 contiki-sky.a(spi.o)
 .data          0x000000000000114e        0x0 contiki-sky.a(list.o)
 .data          0x000000000000114e        0x0 /usr/lib/gcc/msp430/4.6.3/../../../../msp430/lib/mmpy-16/libm.a(ef_sqrt.o)
 .data          0x000000000000114e        0x0 /usr/lib/gcc/msp430/4.6.3/../../../../msp430/lib/mmpy-16/libm.a(ef_log.o)
 .data          0x000000000000114e        0x0 /usr/lib/gcc/msp430/4.6.3/../../../../msp430/lib/mmpy-16/libm.a(sf_cos.o)
 .data          0x000000000000114e        0x0 /usr/lib/gcc/msp430/4.6.3/../../../../msp430/lib/mmpy-16/libm.a(kf_sin.o)
 .data          0x000000000000114e        0x0 /usr/lib/gcc/msp430/4.6.3/../../../../msp430/lib/mmpy-16/libm.a(kf_cos.o)
 .data          0x000000000000114e        0x0 /usr/lib/gcc/msp430/4.6.3/../../../../msp430/lib/mmpy-16/libm.a(ef_rem_pio2.o)
 .data          0x000000000000114e        0x0 /usr/lib/gcc/msp430/4.6.3/../../../../msp430/lib/mmpy-16/libm.a(kf_rem_pio2.o)
 .data          0x000000000000114e        0x0 /usr/lib/gcc/msp430/4.6.3/../../../../msp430/lib/mmpy-16/libm.a(sf_scalbn.o)
 .data          0x000000000000114e        0x0 /usr/lib/gcc/msp430/4.6.3/../../../../msp430/lib/mmpy-16/libm.a(sf_floor.o)
 .data          0x000000000000114e        0x0 /usr/lib/gcc/msp430/4.6.3/mmpy-16/libgcc.a(_mulsi3.o)
 .data          0x000000000000114e        0x0 /usr/lib/gcc/msp430/4.6.3/mmpy-16/libgcc.a(_udivmod16.o)
 .data          0x000000000000114e        0x0 /usr/lib/gcc/msp430/4.6.3/mmpy-16/libgcc.a(_divmod16.o)
 .data          0x000000000000114e        0x0 /usr/lib/gcc/msp430/4.6.3/mmpy-16/libgcc.a(_udivmod32.o)
 .data          0x000000000000114e        0x0 /usr/lib/gcc/msp430/4.6.3/mmpy-16/libgcc.a(_divmod32.o)
 .data          0x000000000000114e        0x0 /usr/lib/gcc/msp430/4.6.3/mmpy-16/libgcc.a(_fixunssfsi.o)
 .data          0x000000000000114e        0x0 /usr/lib/gcc/msp430/4.6.3/mmpy-16/libgcc.a(_addsub_sf.o)
 .data          0x000000000000114e        0x0 /usr/lib/gcc/msp430/4.6.3/mmpy-16/libgcc.a(_mul_sf.o)
 .data          0x000000000000114e        0x0 /usr/lib/gcc/msp430/4.6.3/mmpy-16/libgcc.a(_div_sf.o)
 .data          0x000000000000114e        0x0 /usr/lib/gcc/msp430/4.6.3/mmpy-16/libgcc.a(_eq_sf.o)
 .data          0x000000000000114e        0x0 /usr/lib/gcc/msp430/4.6.3/mmpy-16/libgcc.a(_gt_sf.o)
 .data          0x000000000000114e        0x0 /usr/lib/gcc/msp430/4.6.3/mmpy-16/libgcc.a(_ge_sf.o)
 .data          0x000000000000114e        0x0 /usr/lib/gcc/msp430/4.6.3/mmpy-16/libgcc.a(_si_to_sf.o)
 .data          0x000000000000114e        0x0 /usr/lib/gcc/msp430/4.6.3/mmpy-16/libgcc.a(_sf_to_si.o)
 .data          0x000000000000114e        0x0 /usr/lib/gcc/msp430/4.6.3/mmpy-16/libgcc.a(_thenan_sf.o)
 .data          0x000000000000114e        0x0 /usr/lib/gcc/msp430/4.6.3/mmpy-16/libgcc.a(_usi_to_sf.o)
 .data          0x000000000000114e        0x0 /usr/lib/gcc/msp430/4.6.3/mmpy-16/libgcc.a(_clzsi2.o)
 .data          0x000000000000114e        0x0 /usr/lib/gcc/msp430/4.6.3/mmpy-16/libgcc.a(_pack_sf.o)
 .data          0x000000000000114e        0x0 /usr/lib/gcc/msp430/4.6.3/mmpy-16/libgcc.a(_unpack_sf.o)
 .data          0x000000000000114e        0x0 /usr/lib/gcc/msp430/4.6.3/mmpy-16/libgcc.a(_fpcmp_parts_sf.o)
 .data          0x000000000000114e        0x0 /usr/lib/gcc/msp430/4.6.3/mmpy-16/libgcc.a(_clz.o)
 .data          0x000000000000114e        0x0 /usr/lib/gcc/msp430/4.6.3/../../../../msp430/lib/mmpy-16/libc.a(strcmp.o)
 .data          0x000000000000114e        0x0 /usr/lib/gcc/msp430/4.6.3/../../../../msp430/lib/mmpy-16/libc.a(strncpy.o)
 .data          0x000000000000114e        0x0 /usr/lib/gcc/msp430/4.6.3/../../../../msp430/lib/mmpy-16/libc.a(printf.o)
 .data          0x000000000000114e        0x0 /usr/lib/gcc/msp430/4.6.3/../../../../msp430/lib/mmpy-16/libc.a(vuprintf.o)
 .data          0x000000000000114e        0x0 /usr/lib/gcc/msp430/4.6.3/../../../../msp430/lib/mmpy-16/libc.a(puts.o)
 .data          0x000000000000114e        0x0 /usr/lib/gcc/msp430/4.6.3/mmpy-16/libgcc.a(_udivmod64.o)
 .data          0x000000000000114e        0x0 /usr/lib/gcc/msp430/4.6.3/mmpy-16/libcrt0.a(_reset_vector__.o)
 .data          0x000000000000114e        0x0 /usr/lib/gcc/msp430/4.6.3/mmpy-16/libcrt0.a(__watchdog_support.o)
 .data          0x000000000000114e        0x0 /usr/lib/gcc/msp430/4.6.3/mmpy-16/libcrt0.a(__init_stack.o)
 .data          0x000000000000114e        0x0 /usr/lib/gcc/msp430/4.6.3/mmpy-16/libcrt0.a(__low_level_init.o)
 .data          0x000000000000114e        0x0 /usr/lib/gcc/msp430/4.6.3/mmpy-16/libcrt0.a(_copy_data.o)
 .data          0x000000000000114e        0x0 /usr/lib/gcc/msp430/4.6.3/mmpy-16/libcrt0.a(_clear_bss.o)
 .data          0x000000000000114e        0x0 /usr/lib/gcc/msp430/4.6.3/mmpy-16/libcrt0.a(__stop_progExec__.o)
 .data          0x000000000000114e        0x0 /usr/lib/gcc/msp430/4.6.3/mmpy-16/libcrt0.a(_endless_loop__.o)
 .data          0x000000000000114e        0x0 /usr/lib/gcc/msp430/4.6.3/mmpy-16/libcrt0.a(_unexpected_.o)
                0x000000000000114e                . = ALIGN (0x2)
                0x000000000000114e                _edata = .
                0x000000000000ccf4                PROVIDE (__data_load_start, LOADADDR (.data))
                0x000000000000004e                PROVIDE (__data_size, SIZEOF (.data))

.bss            0x000000000000114e      0x99e load address 0x000000000000cd42
                0x000000000000114e                PROVIDE (__bss_start, .)
 *(.bss .bss.*)
 .bss           0x000000000000114e        0x0 /usr/lib/gcc/msp430/4.6.3/mmpy-16/crt0ivtbl16.o
 .bss           0x000000000000114e       0x1c staffetta-test.co
 .bss           0x000000000000116a        0x4 obj_sky/contiki-sky-main.o
 .bss           0x000000000000116e       0x42 contiki-sky.a(process.o)
                0x000000000000116e                process_current
                0x0000000000001170                process_list
 .bss           0x00000000000011b0        0x0 contiki-sky.a(autostart.o)
 .bss           0x00000000000011b0        0x0 contiki-sky.a(random.o)
 .bss           0x00000000000011b0        0x6 contiki-sky.a(etimer.o)
 .bss           0x00000000000011b6        0x0 contiki-sky.a(energest.o)
 .bss           0x00000000000011b6        0x2 contiki-sky.a(rtimer.o)
 .bss           0x00000000000011b8        0x4 contiki-sky.a(metric.o)
                0x00000000000011b8                harvesting_rate
                0x00000000000011ba                node_energy_state
 .bss           0x00000000000011bc        0x2 contiki-sky.a(gpio.o)
 .bss           0x00000000000011be       0xd2 contiki-sky.a(energytrace.o)
                0x00000000000011be                acum_consumption
                0x00000000000011c2                harvesting_array_index
                0x00000000000011c4                harvesting_rate_array
                0x00000000000011d8                node_dc_state
                0x00000000000011da                node_state_old
 .bss           0x0000000000001290      0x74a contiki-sky.a(staffetta.o)
 .bss           0x00000000000019da        0x0 contiki-sky.a(msp430.o)
 .bss           0x00000000000019da        0x2 contiki-sky.a(leds.o)
 .bss           0x00000000000019dc        0x2 contiki-sky.a(watchdog.o)
 .bss           0x00000000000019de        0x0 contiki-sky.a(xmem.o)
 .bss           0x00000000000019de        0x0 contiki-sky.a(cc2420.o)
 .bss           0x00000000000019de        0x2 contiki-sky.a(node-id.o)
                0x00000000000019de                node_id
 .bss           0x00000000000019e0       0x4a contiki-sky.a(uart1.o)
 .bss           0x0000000000001a2a        0xa contiki-sky.a(clock.o)
 .bss           0x0000000000001a34        0x0 contiki-sky.a(leds-arch.o)
 .bss           0x0000000000001a34        0x0 contiki-sky.a(uart1-putchar.o)
 .bss           0x0000000000001a34        0x0 contiki-sky.a(rtimer-arch.o)
 .bss           0x0000000000001a34        0x0 contiki-sky.a(rand.o)
 .bss           0x0000000000001a34        0x0 contiki-sky.a(timer.o)
 .bss           0x0000000000001a34        0x4 contiki-sky.a(ctimer.o)
 .bss           0x0000000000001a38        0x0 contiki-sky.a(ringbuf.o)
 .bss           0x0000000000001a38        0x2 contiki-sky.a(spi.o)
                0x0000000000001a38                spi_busy
 .bss           0x0000000000001a3a        0x0 contiki-sky.a(list.o)
 .bss           0x0000000000001a3a        0x0 /usr/lib/gcc/msp430/4.6.3/../../../../msp430/lib/mmpy-16/libm.a(ef_sqrt.o)
 .bss           0x0000000000001a3a        0x0 /usr/lib/gcc/msp430/4.6.3/../../../../msp430/lib/mmpy-16/libm.a(ef_log.o)
 .bss           0x0000000000001a3a        0x0 /usr/lib/gcc/msp430/4.6.3/../../../../msp430/lib/mmpy-16/libm.a(sf_cos.o)
 .bss           0x0000000000001a3a        0x0 /usr/lib/gcc/msp430/4.6.3/../../../../msp430/lib/mmpy-16/libm.a(kf_sin.o)
 .bss           0x0000000000001a3a        0x0 /usr/lib/gcc/msp430/4.6.3/../../../../msp430/lib/mmpy-16/libm.a(kf_cos.o)
 .bss           0x0000000000001a3a        0x0 /usr/lib/gcc/msp430/4.6.3/../../../../msp430/lib/mmpy-16/libm.a(ef_rem_pio2.o)
 .bss           0x0000000000001a3a        0x0 /usr/lib/gcc/msp430/4.6.3/../../../../msp430/lib/mmpy-16/libm.a(kf_rem_pio2.o)
 .bss           0x0000000000001a3a        0x0 /usr/lib/gcc/msp430/4.6.3/../../../../msp430/lib/mmpy-16/libm.a(sf_scalbn.o)
 .bss           0x0000000000001a3a        0x0 /usr/lib/gcc/msp430/4.6.3/../../../../msp430/lib/mmpy-16/libm.a(sf_floor.o)
 .bss           0x0000000000001a3a        0x0 /usr/lib/gcc/msp430/4.6.3/mmpy-16/libgcc.a(_mulsi3.o)
 .bss           0x0000000000001a3a        0x0 /usr/lib/gcc/msp430/4.6.3/mmpy-16/libgcc.a(_udivmod16.o)
 .bss           0x0000000000001a3a        0x0 /usr/lib/gcc/msp430/4.6.3/mmpy-16/libgcc.a(_divmod16.o)
 .bss           0x0000000000001a3a        0x0 /usr/lib/gcc/msp430/4.6.3/mmpy-16/libgcc.a(_udivmod32.o)
 .bss           0x0000000000001a3a        0x0 /usr/lib/gcc/msp430/4.6.3/mmpy-16/libgcc.a(_divmod32.o)
 .bss           0x0000000000001a3a        0x0 /usr/lib/gcc/msp430/4.6.3/mmpy-16/libgcc.a(_fixunssfsi.o)
 .bss           0x0000000000001a3a        0x0 /usr/lib/gcc/msp430/4.6.3/mmpy-16/libgcc.a(_addsub_sf.o)
 .bss           0x0000000000001a3a        0x0 /usr/lib/gcc/msp430/4.6.3/mmpy-16/libgcc.a(_mul_sf.o)
 .bss           0x0000000000001a3a        0x0 /usr/lib/gcc/msp430/4.6.3/mmpy-16/libgcc.a(_div_sf.o)
 .bss           0x0000000000001a3a        0x0 /usr/lib/gcc/msp430/4.6.3/mmpy-16/libgcc.a(_eq_sf.o)
 .bss           0x0000000000001a3a        0x0 /usr/lib/gcc/msp430/4.6.3/mmpy-16/libgcc.a(_gt_sf.o)
 .bss           0x0000000000001a3a        0x0 /usr/lib/gcc/msp430/4.6.3/mmpy-16/libgcc.a(_ge_sf.o)
 .bss           0x0000000000001a3a        0x0 /usr/lib/gcc/msp430/4.6.3/mmpy-16/libgcc.a(_si_to_sf.o)
 .bss           0x0000000000001a3a        0x0 /usr/lib/gcc/msp430/4.6.3/mmpy-16/libgcc.a(_sf_to_si.o)
 .bss           0x0000000000001a3a        0x0 /usr/lib/gcc/msp430/4.6.3/mmpy-16/libgcc.a(_thenan_sf.o)
 .bss           0x0000000000001a3a        0x0 /usr/lib/gcc/msp430/4.6.3/mmpy-16/libgcc.a(_usi_to_sf.o)
 .bss           0x0000000000001a3a        0x0 /usr/lib/gcc/msp430/4.6.3/mmpy-16/libgcc.a(_clzsi2.o)
 .bss           0x0000000000001a3a        0x0 /usr/lib/gcc/msp430/4.6.3/mmpy-16/libgcc.a(_pack_sf.o)
 .bss           0x0000000000001a3a        0x0 /usr/lib/gcc/msp430/4.6.3/mmpy-16/libgcc.a(_unpack_sf.o)
 .bss           0x0000000000001a3a        0x0 /usr/lib/gcc/msp430/4.6.3/mmpy-16/libgcc.a(_fpcmp_parts_sf.o)
 .bss           0x0000000000001a3a        0x0 /usr/lib/gcc/msp430/4.6.3/mmpy-16/libgcc.a(_clz.o)
 .bss           0x0000000000001a3a        0x0 /usr/lib/gcc/msp430/4.6.3/../../../../msp430/lib/mmpy-16/libc.a(strcmp.o)
 .bss           0x0000000000001a3a        0x0 /usr/lib/gcc/msp430/4.6.3/../../../../msp430/lib/mmpy-16/libc.a(strncpy.o)
 .bss           0x0000000000001a3a        0x0 /usr/lib/gcc/msp430/4.6.3/../../../../msp430/lib/mmpy-16/libc.a(printf.o)
 .bss           0x0000000000001a3a        0x0 /usr/lib/gcc/msp430/4.6.3/../../../../msp430/lib/mmpy-16/libc.a(vuprintf.o)
 .bss           0x0000000000001a3a        0x0 /usr/lib/gcc/msp430/4.6.3/../../../../msp430/lib/mmpy-16/libc.a(puts.o)
 .bss           0x0000000000001a3a        0x0 /usr/lib/gcc/msp430/4.6.3/mmpy-16/libgcc.a(_udivmod64.o)
 .bss           0x0000000000001a3a        0x0 /usr/lib/gcc/msp430/4.6.3/mmpy-16/libcrt0.a(_reset_vector__.o)
 .bss           0x0000000000001a3a        0x0 /usr/lib/gcc/msp430/4.6.3/mmpy-16/libcrt0.a(__watchdog_support.o)
 .bss           0x0000000000001a3a        0x0 /usr/lib/gcc/msp430/4.6.3/mmpy-16/libcrt0.a(__init_stack.o)
 .bss           0x0000000000001a3a        0x0 /usr/lib/gcc/msp430/4.6.3/mmpy-16/libcrt0.a(__low_level_init.o)
 .bss           0x0000000000001a3a        0x0 /usr/lib/gcc/msp430/4.6.3/mmpy-16/libcrt0.a(_copy_data.o)
 .bss           0x0000000000001a3a        0x0 /usr/lib/gcc/msp430/4.6.3/mmpy-16/libcrt0.a(_clear_bss.o)
 .bss           0x0000000000001a3a        0x0 /usr/lib/gcc/msp430/4.6.3/mmpy-16/libcrt0.a(__stop_progExec__.o)
 .bss           0x0000000000001a3a        0x0 /usr/lib/gcc/msp430/4.6.3/mmpy-16/libcrt0.a(_endless_loop__.o)
 .bss           0x0000000000001a3a        0x0 /usr/lib/gcc/msp430/4.6.3/mmpy-16/libcrt0.a(_unexpected_.o)
 *(COMMON)
 COMMON         0x0000000000001a3a        0x1 contiki-sky.a(process.o)
                0x0000000000001a3a                process_maxevents
 *fill*         0x0000000000001a3b        0x1 00
 COMMON         0x0000000000001a3c       0x56 contiki-sky.a(energest.o)
                0x0000000000001a3c                energest_total_time
                0x0000000000001a6c                energest_total_count
                0x0000000000001a6e                energest_current_mode
                0x0000000000001a7a                energest_current_time
 COMMON         0x0000000000001a92        0x2 contiki-sky.a(metric.o)
                0x0000000000001a92                node_duty_cycle
 COMMON         0x0000000000001a94        0x5 contiki-sky.a(energytrace.o)
                0x0000000000001a94                fd_read
                0x0000000000001a96                node_state
                0x0000000000001a98                node_activation_ev
 *fill*         0x0000000000001a99        0x1 00
 COMMON         0x0000000000001a9a       0x52 contiki-sky.a(staffetta.o)
                0x0000000000001a9a                index
                0x0000000000001a9c                edc_id
                0x0000000000001aec                . = ALIGN (0x2)
                0x0000000000001aec                PROVIDE (__bss_end, .)
                0x000000000000099e                PROVIDE (__bss_size, SIZEOF (.bss))

.noinit         0x0000000000001aec        0x6 load address 0x000000000000cd42
                0x0000000000001aec                PROVIDE (__noinit_start, .)
 *(.noinit .noinit.*)
 .noinit        0x0000000000001aec        0x4 contiki-sky.a(rand.o)
                0x0000000000001aec                rand_state
 .noinit.crt0   0x0000000000001af0        0x2 /usr/lib/gcc/msp430/4.6.3/mmpy-16/libcrt0.a(__watchdog_support.o)
                0x0000000000001af0                __wdt_clear_value
                0x0000000000001af2                . = ALIGN (0x2)
                0x0000000000001af2                PROVIDE (__noinit_end, .)
                0x0000000000001af2                . = ALIGN (0x2)
                0x0000000000001af2                _end = .

.infomem        0x0000000000001000        0x0
 *(.infomem)
                0x0000000000001000                . = ALIGN (0x2)
 *(.infomem.*)

.infomemnobits  0x0000000000001000        0x0
 *(.infomemnobits)
                0x0000000000001000                . = ALIGN (0x2)
 *(.infomemnobits.*)

.infoa
 *(.infoa .infoa.*)

.infob
 *(.infob .infob.*)

.infoc
 *(.infoc .infoc.*)

.infod
 *(.infod .infod.*)

.vectors        0x000000000000ffe0       0x20
                0x000000000000ffe0                PROVIDE (__vectors_start, .)
 *(.vectors*)
 .vectors       0x000000000000ffe0       0x20 /usr/lib/gcc/msp430/4.6.3/mmpy-16/crt0ivtbl16.o
                0x000000000000ffe0                __ivtbl_16
                0x0000000000010000                _vectors_end = .

.fartext        0x0000000000000000        0x0
                0x0000000000000000                . = ALIGN (0x2)
 *(.fartext)
                0x0000000000000000                . = ALIGN (0x2)
 *(.fartext.*)
                0x0000000000000000                _efartext = .

.profiler
 *(.profiler)

.stab
 *(.stab)

.stabstr
 *(.stabstr)

.stab.excl
 *(.stab.excl)

.stab.exclstr
 *(.stab.exclstr)

.stab.index
 *(.stab.index)

.stab.indexstr
 *(.stab.indexstr)

.comment
 *(.comment)

.debug
 *(.debug)

.line
 *(.line)

.debug_srcinfo
 *(.debug_srcinfo)

.debug_sfnames
 *(.debug_sfnames)

.debug_aranges  0x0000000000000000      0x564
 *(.debug_aranges)
 .debug_aranges
                0x0000000000000000       0x14 staffetta-test.co
 .debug_aranges
                0x0000000000000014       0x14 obj_sky/contiki-sky-main.o
 .debug_aranges
                0x0000000000000028       0x14 contiki-sky.a(process.o)
 .debug_aranges
                0x000000000000003c       0x14 contiki-sky.a(autostart.o)
 .debug_aranges
                0x0000000000000050       0x14 contiki-sky.a(random.o)
 .debug_aranges
                0x0000000000000064       0x14 contiki-sky.a(etimer.o)
 .debug_aranges
                0x0000000000000078       0x14 contiki-sky.a(energest.o)
 .debug_aranges
                0x000000000000008c       0x14 contiki-sky.a(rtimer.o)
 .debug_aranges
                0x00000000000000a0       0x14 contiki-sky.a(metric.o)
 .debug_aranges
                0x00000000000000b4       0x14 contiki-sky.a(gpio.o)
 .debug_aranges
                0x00000000000000c8       0x14 contiki-sky.a(energytrace.o)
 .debug_aranges
                0x00000000000000dc       0x14 contiki-sky.a(staffetta.o)
 .debug_aranges
                0x00000000000000f0       0x14 contiki-sky.a(msp430.o)
 .debug_aranges
                0x0000000000000104       0x14 contiki-sky.a(leds.o)
 .debug_aranges
                0x0000000000000118       0x14 contiki-sky.a(watchdog.o)
 .debug_aranges
                0x000000000000012c       0x14 contiki-sky.a(xmem.o)
 .debug_aranges
                0x0000000000000140       0x14 contiki-sky.a(cc2420.o)
 .debug_aranges
                0x0000000000000154       0x14 contiki-sky.a(node-id.o)
 .debug_aranges
                0x0000000000000168       0x14 contiki-sky.a(uart1.o)
 .debug_aranges
                0x000000000000017c       0x14 contiki-sky.a(clock.o)
 .debug_aranges
                0x0000000000000190       0x14 contiki-sky.a(leds-arch.o)
 .debug_aranges
                0x00000000000001a4       0x14 contiki-sky.a(uart1-putchar.o)
 .debug_aranges
                0x00000000000001b8       0x14 contiki-sky.a(rtimer-arch.o)
 .debug_aranges
                0x00000000000001cc       0x14 contiki-sky.a(rand.o)
 .debug_aranges
                0x00000000000001e0       0x14 contiki-sky.a(timer.o)
 .debug_aranges
                0x00000000000001f4       0x14 contiki-sky.a(ctimer.o)
 .debug_aranges
                0x0000000000000208       0x14 contiki-sky.a(ringbuf.o)
 .debug_aranges
                0x000000000000021c       0x14 contiki-sky.a(spi.o)
 .debug_aranges
                0x0000000000000230       0x14 contiki-sky.a(list.o)
 .debug_aranges
                0x0000000000000244       0x14 /usr/lib/gcc/msp430/4.6.3/../../../../msp430/lib/mmpy-16/libm.a(ef_sqrt.o)
 .debug_aranges
                0x0000000000000258       0x14 /usr/lib/gcc/msp430/4.6.3/../../../../msp430/lib/mmpy-16/libm.a(ef_log.o)
 .debug_aranges
                0x000000000000026c       0x14 /usr/lib/gcc/msp430/4.6.3/../../../../msp430/lib/mmpy-16/libm.a(sf_cos.o)
 .debug_aranges
                0x0000000000000280       0x14 /usr/lib/gcc/msp430/4.6.3/../../../../msp430/lib/mmpy-16/libm.a(kf_sin.o)
 .debug_aranges
                0x0000000000000294       0x14 /usr/lib/gcc/msp430/4.6.3/../../../../msp430/lib/mmpy-16/libm.a(kf_cos.o)
 .debug_aranges
                0x00000000000002a8       0x14 /usr/lib/gcc/msp430/4.6.3/../../../../msp430/lib/mmpy-16/libm.a(ef_rem_pio2.o)
 .debug_aranges
                0x00000000000002bc       0x14 /usr/lib/gcc/msp430/4.6.3/../../../../msp430/lib/mmpy-16/libm.a(kf_rem_pio2.o)
 .debug_aranges
                0x00000000000002d0       0x14 /usr/lib/gcc/msp430/4.6.3/../../../../msp430/lib/mmpy-16/libm.a(sf_scalbn.o)
 .debug_aranges
                0x00000000000002e4       0x14 /usr/lib/gcc/msp430/4.6.3/../../../../msp430/lib/mmpy-16/libm.a(sf_floor.o)
 .debug_aranges
                0x00000000000002f8       0x14 /usr/lib/gcc/msp430/4.6.3/mmpy-16/libgcc.a(_mulsi3.o)
 .debug_aranges
                0x000000000000030c       0x14 /usr/lib/gcc/msp430/4.6.3/mmpy-16/libgcc.a(_udivmod16.o)
 .debug_aranges
                0x0000000000000320       0x14 /usr/lib/gcc/msp430/4.6.3/mmpy-16/libgcc.a(_divmod16.o)
 .debug_aranges
                0x0000000000000334       0x14 /usr/lib/gcc/msp430/4.6.3/mmpy-16/libgcc.a(_udivmod32.o)
 .debug_aranges
                0x0000000000000348       0x14 /usr/lib/gcc/msp430/4.6.3/mmpy-16/libgcc.a(_divmod32.o)
 .debug_aranges
                0x000000000000035c       0x14 /usr/lib/gcc/msp430/4.6.3/mmpy-16/libgcc.a(_fixunssfsi.o)
 .debug_aranges
                0x0000000000000370       0x14 /usr/lib/gcc/msp430/4.6.3/mmpy-16/libgcc.a(_addsub_sf.o)
 .debug_aranges
                0x0000000000000384       0x14 /usr/lib/gcc/msp430/4.6.3/mmpy-16/libgcc.a(_mul_sf.o)
 .debug_aranges
                0x0000000000000398       0x14 /usr/lib/gcc/msp430/4.6.3/mmpy-16/libgcc.a(_div_sf.o)
 .debug_aranges
                0x00000000000003ac       0x14 /usr/lib/gcc/msp430/4.6.3/mmpy-16/libgcc.a(_eq_sf.o)
 .debug_aranges
                0x00000000000003c0       0x14 /usr/lib/gcc/msp430/4.6.3/mmpy-16/libgcc.a(_gt_sf.o)
 .debug_aranges
                0x00000000000003d4       0x14 /usr/lib/gcc/msp430/4.6.3/mmpy-16/libgcc.a(_ge_sf.o)
 .debug_aranges
                0x00000000000003e8       0x14 /usr/lib/gcc/msp430/4.6.3/mmpy-16/libgcc.a(_si_to_sf.o)
 .debug_aranges
                0x00000000000003fc       0x14 /usr/lib/gcc/msp430/4.6.3/mmpy-16/libgcc.a(_sf_to_si.o)
 .debug_aranges
                0x0000000000000410       0x14 /usr/lib/gcc/msp430/4.6.3/mmpy-16/libgcc.a(_usi_to_sf.o)
 .debug_aranges
                0x0000000000000424       0x14 /usr/lib/gcc/msp430/4.6.3/mmpy-16/libgcc.a(_clzsi2.o)
 .debug_aranges
                0x0000000000000438       0x14 /usr/lib/gcc/msp430/4.6.3/mmpy-16/libgcc.a(_pack_sf.o)
 .debug_aranges
                0x000000000000044c       0x14 /usr/lib/gcc/msp430/4.6.3/mmpy-16/libgcc.a(_unpack_sf.o)
 .debug_aranges
                0x0000000000000460       0x14 /usr/lib/gcc/msp430/4.6.3/mmpy-16/libgcc.a(_fpcmp_parts_sf.o)
 .debug_aranges
                0x0000000000000474       0x14 /usr/lib/gcc/msp430/4.6.3/../../../../msp430/lib/mmpy-16/libc.a(strcmp.o)
 .debug_aranges
                0x0000000000000488       0x14 /usr/lib/gcc/msp430/4.6.3/../../../../msp430/lib/mmpy-16/libc.a(strncpy.o)
 .debug_aranges
                0x000000000000049c       0x14 /usr/lib/gcc/msp430/4.6.3/../../../../msp430/lib/mmpy-16/libc.a(printf.o)
 .debug_aranges
                0x00000000000004b0       0x14 /usr/lib/gcc/msp430/4.6.3/../../../../msp430/lib/mmpy-16/libc.a(vuprintf.o)
 .debug_aranges
                0x00000000000004c4       0x14 /usr/lib/gcc/msp430/4.6.3/../../../../msp430/lib/mmpy-16/libc.a(puts.o)
 .debug_aranges
                0x00000000000004d8       0x14 /usr/lib/gcc/msp430/4.6.3/mmpy-16/libgcc.a(_udivmod64.o)
 .debug_aranges
                0x00000000000004ec       0x14 /usr/lib/gcc/msp430/4.6.3/mmpy-16/libcrt0.a(__watchdog_support.o)
 .debug_aranges
                0x0000000000000500       0x14 /usr/lib/gcc/msp430/4.6.3/mmpy-16/libcrt0.a(__init_stack.o)
 .debug_aranges
                0x0000000000000514       0x14 /usr/lib/gcc/msp430/4.6.3/mmpy-16/libcrt0.a(_copy_data.o)
 .debug_aranges
                0x0000000000000528       0x14 /usr/lib/gcc/msp430/4.6.3/mmpy-16/libcrt0.a(_clear_bss.o)
 .debug_aranges
                0x000000000000053c       0x14 /usr/lib/gcc/msp430/4.6.3/mmpy-16/libcrt0.a(_endless_loop__.o)
 .debug_aranges
                0x0000000000000550       0x14 /usr/lib/gcc/msp430/4.6.3/mmpy-16/libcrt0.a(_unexpected_.o)

.debug_pubnames
 *(.debug_pubnames)

.debug_info     0x0000000000000000     0xb694
 *(.debug_info)
 .debug_info    0x0000000000000000      0x42e staffetta-test.co
 .debug_info    0x000000000000042e      0x354 obj_sky/contiki-sky-main.o
 .debug_info    0x0000000000000782      0x53f contiki-sky.a(process.o)
 .debug_info    0x0000000000000cc1      0x1ad contiki-sky.a(autostart.o)
 .debug_info    0x0000000000000e6e       0xa0 contiki-sky.a(random.o)
 .debug_info    0x0000000000000f0e      0x4aa contiki-sky.a(etimer.o)
 .debug_info    0x00000000000013b8      0x265 contiki-sky.a(energest.o)
 .debug_info    0x000000000000161d      0x203 contiki-sky.a(rtimer.o)
 .debug_info    0x0000000000001820      0x1f9 contiki-sky.a(metric.o)
 .debug_info    0x0000000000001a19      0x279 contiki-sky.a(gpio.o)
 .debug_info    0x0000000000001c92     0x1e2a contiki-sky.a(energytrace.o)
 .debug_info    0x0000000000003abc      0xdfb contiki-sky.a(staffetta.o)
 .debug_info    0x00000000000048b7      0x36a contiki-sky.a(msp430.o)
 .debug_info    0x0000000000004c21      0x2fd contiki-sky.a(leds.o)
 .debug_info    0x0000000000004f1e      0x129 contiki-sky.a(watchdog.o)
 .debug_info    0x0000000000005047      0x4a8 contiki-sky.a(xmem.o)
 .debug_info    0x00000000000054ef      0x3f8 contiki-sky.a(cc2420.o)
 .debug_info    0x00000000000058e7       0xde contiki-sky.a(node-id.o)
 .debug_info    0x00000000000059c5      0x2d6 contiki-sky.a(uart1.o)
 .debug_info    0x0000000000005c9b      0x391 contiki-sky.a(clock.o)
 .debug_info    0x000000000000602c       0xd9 contiki-sky.a(leds-arch.o)
 .debug_info    0x0000000000006105       0x8b contiki-sky.a(uart1-putchar.o)
 .debug_info    0x0000000000006190       0xef contiki-sky.a(rtimer-arch.o)
 .debug_info    0x000000000000627f      0x14c contiki-sky.a(rand.o)
 .debug_info    0x00000000000063cb      0x170 contiki-sky.a(timer.o)
 .debug_info    0x000000000000653b      0x488 contiki-sky.a(ctimer.o)
 .debug_info    0x00000000000069c3      0x1b0 contiki-sky.a(ringbuf.o)
 .debug_info    0x0000000000006b73      0x132 contiki-sky.a(spi.o)
 .debug_info    0x0000000000006ca5      0x2f0 contiki-sky.a(list.o)
 .debug_info    0x0000000000006f95      0x208 /usr/lib/gcc/msp430/4.6.3/../../../../msp430/lib/mmpy-16/libm.a(ef_sqrt.o)
 .debug_info    0x000000000000719d      0x297 /usr/lib/gcc/msp430/4.6.3/../../../../msp430/lib/mmpy-16/libm.a(ef_log.o)
 .debug_info    0x0000000000007434      0x121 /usr/lib/gcc/msp430/4.6.3/../../../../msp430/lib/mmpy-16/libm.a(sf_cos.o)
 .debug_info    0x0000000000007555      0x15b /usr/lib/gcc/msp430/4.6.3/../../../../msp430/lib/mmpy-16/libm.a(kf_sin.o)
 .debug_info    0x00000000000076b0      0x1b4 /usr/lib/gcc/msp430/4.6.3/../../../../msp430/lib/mmpy-16/libm.a(kf_cos.o)
 .debug_info    0x0000000000007864      0x2d3 /usr/lib/gcc/msp430/4.6.3/../../../../msp430/lib/mmpy-16/libm.a(ef_rem_pio2.o)
 .debug_info    0x0000000000007b37      0x2ad /usr/lib/gcc/msp430/4.6.3/../../../../msp430/lib/mmpy-16/libm.a(kf_rem_pio2.o)
 .debug_info    0x0000000000007de4      0x1e4 /usr/lib/gcc/msp430/4.6.3/../../../../msp430/lib/mmpy-16/libm.a(sf_scalbn.o)
 .debug_info    0x0000000000007fc8      0x161 /usr/lib/gcc/msp430/4.6.3/../../../../msp430/lib/mmpy-16/libm.a(sf_floor.o)
 .debug_info    0x0000000000008129       0xd6 /usr/lib/gcc/msp430/4.6.3/mmpy-16/libgcc.a(_mulsi3.o)
 .debug_info    0x00000000000081ff       0xd6 /usr/lib/gcc/msp430/4.6.3/mmpy-16/libgcc.a(_udivmod16.o)
 .debug_info    0x00000000000082d5       0xd6 /usr/lib/gcc/msp430/4.6.3/mmpy-16/libgcc.a(_divmod16.o)
 .debug_info    0x00000000000083ab       0xd6 /usr/lib/gcc/msp430/4.6.3/mmpy-16/libgcc.a(_udivmod32.o)
 .debug_info    0x0000000000008481       0xd6 /usr/lib/gcc/msp430/4.6.3/mmpy-16/libgcc.a(_divmod32.o)
 .debug_info    0x0000000000008557       0xb5 /usr/lib/gcc/msp430/4.6.3/mmpy-16/libgcc.a(_fixunssfsi.o)
 .debug_info    0x000000000000860c      0x425 /usr/lib/gcc/msp430/4.6.3/mmpy-16/libgcc.a(_addsub_sf.o)
 .debug_info    0x0000000000008a31      0x3c9 /usr/lib/gcc/msp430/4.6.3/mmpy-16/libgcc.a(_mul_sf.o)
 .debug_info    0x0000000000008dfa      0x35c /usr/lib/gcc/msp430/4.6.3/mmpy-16/libgcc.a(_div_sf.o)
 .debug_info    0x0000000000009156      0x26e /usr/lib/gcc/msp430/4.6.3/mmpy-16/libgcc.a(_eq_sf.o)
 .debug_info    0x00000000000093c4      0x26e /usr/lib/gcc/msp430/4.6.3/mmpy-16/libgcc.a(_gt_sf.o)
 .debug_info    0x0000000000009632      0x26e /usr/lib/gcc/msp430/4.6.3/mmpy-16/libgcc.a(_ge_sf.o)
 .debug_info    0x00000000000098a0      0x20b /usr/lib/gcc/msp430/4.6.3/mmpy-16/libgcc.a(_si_to_sf.o)
 .debug_info    0x0000000000009aab      0x289 /usr/lib/gcc/msp430/4.6.3/mmpy-16/libgcc.a(_sf_to_si.o)
 .debug_info    0x0000000000009d34      0x144 /usr/lib/gcc/msp430/4.6.3/mmpy-16/libgcc.a(_thenan_sf.o)
 .debug_info    0x0000000000009e78      0x204 /usr/lib/gcc/msp430/4.6.3/mmpy-16/libgcc.a(_usi_to_sf.o)
 .debug_info    0x000000000000a07c      0x109 /usr/lib/gcc/msp430/4.6.3/mmpy-16/libgcc.a(_clzsi2.o)
 .debug_info    0x000000000000a185      0x2b1 /usr/lib/gcc/msp430/4.6.3/mmpy-16/libgcc.a(_pack_sf.o)
 .debug_info    0x000000000000a436      0x23e /usr/lib/gcc/msp430/4.6.3/mmpy-16/libgcc.a(_unpack_sf.o)
 .debug_info    0x000000000000a674      0x1d5 /usr/lib/gcc/msp430/4.6.3/mmpy-16/libgcc.a(_fpcmp_parts_sf.o)
 .debug_info    0x000000000000a849       0xa0 /usr/lib/gcc/msp430/4.6.3/mmpy-16/libgcc.a(_clz.o)
 .debug_info    0x000000000000a8e9       0xa4 /usr/lib/gcc/msp430/4.6.3/../../../../msp430/lib/mmpy-16/libc.a(strcmp.o)
 .debug_info    0x000000000000a98d       0xe1 /usr/lib/gcc/msp430/4.6.3/../../../../msp430/lib/mmpy-16/libc.a(strncpy.o)
 .debug_info    0x000000000000aa6e      0x105 /usr/lib/gcc/msp430/4.6.3/../../../../msp430/lib/mmpy-16/libc.a(printf.o)
 .debug_info    0x000000000000ab73      0x565 /usr/lib/gcc/msp430/4.6.3/../../../../msp430/lib/mmpy-16/libc.a(vuprintf.o)
 .debug_info    0x000000000000b0d8       0x96 /usr/lib/gcc/msp430/4.6.3/../../../../msp430/lib/mmpy-16/libc.a(puts.o)
 .debug_info    0x000000000000b16e       0xd6 /usr/lib/gcc/msp430/4.6.3/mmpy-16/libgcc.a(_udivmod64.o)
 .debug_info    0x000000000000b244       0xb8 /usr/lib/gcc/msp430/4.6.3/mmpy-16/libcrt0.a(__watchdog_support.o)
 .debug_info    0x000000000000b2fc       0xb8 /usr/lib/gcc/msp430/4.6.3/mmpy-16/libcrt0.a(__init_stack.o)
 .debug_info    0x000000000000b3b4       0xb8 /usr/lib/gcc/msp430/4.6.3/mmpy-16/libcrt0.a(_copy_data.o)
 .debug_info    0x000000000000b46c       0xb8 /usr/lib/gcc/msp430/4.6.3/mmpy-16/libcrt0.a(_clear_bss.o)
 .debug_info    0x000000000000b524       0xb8 /usr/lib/gcc/msp430/4.6.3/mmpy-16/libcrt0.a(_endless_loop__.o)
 .debug_info    0x000000000000b5dc       0xb8 /usr/lib/gcc/msp430/4.6.3/mmpy-16/libcrt0.a(_unexpected_.o)
 *(.gnu.linkonce.wi.*)

.debug_abbrev   0x0000000000000000     0x4b2d
 *(.debug_abbrev)
 .debug_abbrev  0x0000000000000000      0x1cb staffetta-test.co
 .debug_abbrev  0x00000000000001cb      0x1bc obj_sky/contiki-sky-main.o
 .debug_abbrev  0x0000000000000387      0x323 contiki-sky.a(process.o)
 .debug_abbrev  0x00000000000006aa       0xf5 contiki-sky.a(autostart.o)
 .debug_abbrev  0x000000000000079f       0x67 contiki-sky.a(random.o)
 .debug_abbrev  0x0000000000000806      0x27a contiki-sky.a(etimer.o)
 .debug_abbrev  0x0000000000000a80      0x14e contiki-sky.a(energest.o)
 .debug_abbrev  0x0000000000000bce      0x139 contiki-sky.a(rtimer.o)
 .debug_abbrev  0x0000000000000d07       0xe2 contiki-sky.a(metric.o)
 .debug_abbrev  0x0000000000000de9      0x115 contiki-sky.a(gpio.o)
 .debug_abbrev  0x0000000000000efe      0x48c contiki-sky.a(energytrace.o)
 .debug_abbrev  0x000000000000138a      0x447 contiki-sky.a(staffetta.o)
 .debug_abbrev  0x00000000000017d1      0x157 contiki-sky.a(msp430.o)
 .debug_abbrev  0x0000000000001928      0x163 contiki-sky.a(leds.o)
 .debug_abbrev  0x0000000000001a8b       0x91 contiki-sky.a(watchdog.o)
 .debug_abbrev  0x0000000000001b1c      0x21f contiki-sky.a(xmem.o)
 .debug_abbrev  0x0000000000001d3b      0x161 contiki-sky.a(cc2420.o)
 .debug_abbrev  0x0000000000001e9c       0x82 contiki-sky.a(node-id.o)
 .debug_abbrev  0x0000000000001f1e      0x162 contiki-sky.a(uart1.o)
 .debug_abbrev  0x0000000000002080      0x1b5 contiki-sky.a(clock.o)
 .debug_abbrev  0x0000000000002235       0x97 contiki-sky.a(leds-arch.o)
 .debug_abbrev  0x00000000000022cc       0x50 contiki-sky.a(uart1-putchar.o)
 .debug_abbrev  0x000000000000231c       0xa2 contiki-sky.a(rtimer-arch.o)
 .debug_abbrev  0x00000000000023be       0xae contiki-sky.a(rand.o)
 .debug_abbrev  0x000000000000246c       0xf8 contiki-sky.a(timer.o)
 .debug_abbrev  0x0000000000002564      0x1cb contiki-sky.a(ctimer.o)
 .debug_abbrev  0x000000000000272f      0x109 contiki-sky.a(ringbuf.o)
 .debug_abbrev  0x0000000000002838       0x97 contiki-sky.a(spi.o)
 .debug_abbrev  0x00000000000028cf      0x151 contiki-sky.a(list.o)
 .debug_abbrev  0x0000000000002a20      0x14a /usr/lib/gcc/msp430/4.6.3/../../../../msp430/lib/mmpy-16/libm.a(ef_sqrt.o)
 .debug_abbrev  0x0000000000002b6a      0x110 /usr/lib/gcc/msp430/4.6.3/../../../../msp430/lib/mmpy-16/libm.a(ef_log.o)
 .debug_abbrev  0x0000000000002c7a       0xbe /usr/lib/gcc/msp430/4.6.3/../../../../msp430/lib/mmpy-16/libm.a(sf_cos.o)
 .debug_abbrev  0x0000000000002d38       0xaf /usr/lib/gcc/msp430/4.6.3/../../../../msp430/lib/mmpy-16/libm.a(kf_sin.o)
 .debug_abbrev  0x0000000000002de7       0xd0 /usr/lib/gcc/msp430/4.6.3/../../../../msp430/lib/mmpy-16/libm.a(kf_cos.o)
 .debug_abbrev  0x0000000000002eb7      0x121 /usr/lib/gcc/msp430/4.6.3/../../../../msp430/lib/mmpy-16/libm.a(ef_rem_pio2.o)
 .debug_abbrev  0x0000000000002fd8       0xf7 /usr/lib/gcc/msp430/4.6.3/../../../../msp430/lib/mmpy-16/libm.a(kf_rem_pio2.o)
 .debug_abbrev  0x00000000000030cf       0xf4 /usr/lib/gcc/msp430/4.6.3/../../../../msp430/lib/mmpy-16/libm.a(sf_scalbn.o)
 .debug_abbrev  0x00000000000031c3       0xda /usr/lib/gcc/msp430/4.6.3/../../../../msp430/lib/mmpy-16/libm.a(sf_floor.o)
 .debug_abbrev  0x000000000000329d       0x14 /usr/lib/gcc/msp430/4.6.3/mmpy-16/libgcc.a(_mulsi3.o)
 .debug_abbrev  0x00000000000032b1       0x14 /usr/lib/gcc/msp430/4.6.3/mmpy-16/libgcc.a(_udivmod16.o)
 .debug_abbrev  0x00000000000032c5       0x14 /usr/lib/gcc/msp430/4.6.3/mmpy-16/libgcc.a(_divmod16.o)
 .debug_abbrev  0x00000000000032d9       0x14 /usr/lib/gcc/msp430/4.6.3/mmpy-16/libgcc.a(_udivmod32.o)
 .debug_abbrev  0x00000000000032ed       0x14 /usr/lib/gcc/msp430/4.6.3/mmpy-16/libgcc.a(_divmod32.o)
 .debug_abbrev  0x0000000000003301       0x5d /usr/lib/gcc/msp430/4.6.3/mmpy-16/libgcc.a(_fixunssfsi.o)
 .debug_abbrev  0x000000000000335e      0x1ab /usr/lib/gcc/msp430/4.6.3/mmpy-16/libgcc.a(_addsub_sf.o)
 .debug_abbrev  0x0000000000003509      0x1d9 /usr/lib/gcc/msp430/4.6.3/mmpy-16/libgcc.a(_mul_sf.o)
 .debug_abbrev  0x00000000000036e2      0x1c4 /usr/lib/gcc/msp430/4.6.3/mmpy-16/libgcc.a(_div_sf.o)
 .debug_abbrev  0x00000000000038a6      0x151 /usr/lib/gcc/msp430/4.6.3/mmpy-16/libgcc.a(_eq_sf.o)
 .debug_abbrev  0x00000000000039f7      0x151 /usr/lib/gcc/msp430/4.6.3/mmpy-16/libgcc.a(_gt_sf.o)
 .debug_abbrev  0x0000000000003b48      0x151 /usr/lib/gcc/msp430/4.6.3/mmpy-16/libgcc.a(_ge_sf.o)
 .debug_abbrev  0x0000000000003c99      0x164 /usr/lib/gcc/msp430/4.6.3/mmpy-16/libgcc.a(_si_to_sf.o)
 .debug_abbrev  0x0000000000003dfd      0x160 /usr/lib/gcc/msp430/4.6.3/mmpy-16/libgcc.a(_sf_to_si.o)
 .debug_abbrev  0x0000000000003f5d       0xba /usr/lib/gcc/msp430/4.6.3/mmpy-16/libgcc.a(_thenan_sf.o)
 .debug_abbrev  0x0000000000004017      0x173 /usr/lib/gcc/msp430/4.6.3/mmpy-16/libgcc.a(_usi_to_sf.o)
 .debug_abbrev  0x000000000000418a       0xac /usr/lib/gcc/msp430/4.6.3/mmpy-16/libgcc.a(_clzsi2.o)
 .debug_abbrev  0x0000000000004236      0x192 /usr/lib/gcc/msp430/4.6.3/mmpy-16/libgcc.a(_pack_sf.o)
 .debug_abbrev  0x00000000000043c8      0x15a /usr/lib/gcc/msp430/4.6.3/mmpy-16/libgcc.a(_unpack_sf.o)
 .debug_abbrev  0x0000000000004522      0x10b /usr/lib/gcc/msp430/4.6.3/mmpy-16/libgcc.a(_fpcmp_parts_sf.o)
 .debug_abbrev  0x000000000000462d       0x61 /usr/lib/gcc/msp430/4.6.3/mmpy-16/libgcc.a(_clz.o)
 .debug_abbrev  0x000000000000468e       0x60 /usr/lib/gcc/msp430/4.6.3/../../../../msp430/lib/mmpy-16/libc.a(strcmp.o)
 .debug_abbrev  0x00000000000046ee       0x94 /usr/lib/gcc/msp430/4.6.3/../../../../msp430/lib/mmpy-16/libc.a(strncpy.o)
 .debug_abbrev  0x0000000000004782       0xd0 /usr/lib/gcc/msp430/4.6.3/../../../../msp430/lib/mmpy-16/libc.a(printf.o)
 .debug_abbrev  0x0000000000004852      0x1ef /usr/lib/gcc/msp430/4.6.3/../../../../msp430/lib/mmpy-16/libc.a(vuprintf.o)
 .debug_abbrev  0x0000000000004a41       0x60 /usr/lib/gcc/msp430/4.6.3/../../../../msp430/lib/mmpy-16/libc.a(puts.o)
 .debug_abbrev  0x0000000000004aa1       0x14 /usr/lib/gcc/msp430/4.6.3/mmpy-16/libgcc.a(_udivmod64.o)
 .debug_abbrev  0x0000000000004ab5       0x14 /usr/lib/gcc/msp430/4.6.3/mmpy-16/libcrt0.a(__watchdog_support.o)
 .debug_abbrev  0x0000000000004ac9       0x14 /usr/lib/gcc/msp430/4.6.3/mmpy-16/libcrt0.a(__init_stack.o)
 .debug_abbrev  0x0000000000004add       0x14 /usr/lib/gcc/msp430/4.6.3/mmpy-16/libcrt0.a(_copy_data.o)
 .debug_abbrev  0x0000000000004af1       0x14 /usr/lib/gcc/msp430/4.6.3/mmpy-16/libcrt0.a(_clear_bss.o)
 .debug_abbrev  0x0000000000004b05       0x14 /usr/lib/gcc/msp430/4.6.3/mmpy-16/libcrt0.a(_endless_loop__.o)
 .debug_abbrev  0x0000000000004b19       0x14 /usr/lib/gcc/msp430/4.6.3/mmpy-16/libcrt0.a(_unexpected_.o)

.debug_line     0x0000000000000000     0x4d40
 *(.debug_line)
 .debug_line    0x0000000000000000      0x1a8 staffetta-test.co
 .debug_line    0x00000000000001a8      0x17a obj_sky/contiki-sky-main.o
 .debug_line    0x0000000000000322      0x13d contiki-sky.a(process.o)
 .debug_line    0x000000000000045f       0x96 contiki-sky.a(autostart.o)
 .debug_line    0x00000000000004f5       0x4a contiki-sky.a(random.o)
 .debug_line    0x000000000000053f      0x170 contiki-sky.a(etimer.o)
 .debug_line    0x00000000000006af       0xe1 contiki-sky.a(energest.o)
 .debug_line    0x0000000000000790       0x81 contiki-sky.a(rtimer.o)
 .debug_line    0x0000000000000811       0xff contiki-sky.a(metric.o)
 .debug_line    0x0000000000000910      0x11f contiki-sky.a(gpio.o)
 .debug_line    0x0000000000000a2f      0x754 contiki-sky.a(energytrace.o)
 .debug_line    0x0000000000001183      0x88b contiki-sky.a(staffetta.o)
 .debug_line    0x0000000000001a0e      0x147 contiki-sky.a(msp430.o)
 .debug_line    0x0000000000001b55      0x12c contiki-sky.a(leds.o)
 .debug_line    0x0000000000001c81       0xa7 contiki-sky.a(watchdog.o)
 .debug_line    0x0000000000001d28      0x1c9 contiki-sky.a(xmem.o)
 .debug_line    0x0000000000001ef1      0x327 contiki-sky.a(cc2420.o)
 .debug_line    0x0000000000002218       0x61 contiki-sky.a(node-id.o)
 .debug_line    0x0000000000002279      0x105 contiki-sky.a(uart1.o)
 .debug_line    0x000000000000237e      0x163 contiki-sky.a(clock.o)
 .debug_line    0x00000000000024e1       0xdb contiki-sky.a(leds-arch.o)
 .debug_line    0x00000000000025bc       0x95 contiki-sky.a(uart1-putchar.o)
 .debug_line    0x0000000000002651       0xbe contiki-sky.a(rtimer-arch.o)
 .debug_line    0x000000000000270f       0xbf contiki-sky.a(rand.o)
 .debug_line    0x00000000000027ce       0xa2 contiki-sky.a(timer.o)
 .debug_line    0x0000000000002870      0x15d contiki-sky.a(ctimer.o)
 .debug_line    0x00000000000029cd       0xb3 contiki-sky.a(ringbuf.o)
 .debug_line    0x0000000000002a80       0x96 contiki-sky.a(spi.o)
 .debug_line    0x0000000000002b16       0xd8 contiki-sky.a(list.o)
 .debug_line    0x0000000000002bee       0xb7 /usr/lib/gcc/msp430/4.6.3/../../../../msp430/lib/mmpy-16/libm.a(ef_sqrt.o)
 .debug_line    0x0000000000002ca5       0xef /usr/lib/gcc/msp430/4.6.3/../../../../msp430/lib/mmpy-16/libm.a(ef_log.o)
 .debug_line    0x0000000000002d94       0x73 /usr/lib/gcc/msp430/4.6.3/../../../../msp430/lib/mmpy-16/libm.a(sf_cos.o)
 .debug_line    0x0000000000002e07       0x71 /usr/lib/gcc/msp430/4.6.3/../../../../msp430/lib/mmpy-16/libm.a(kf_sin.o)
 .debug_line    0x0000000000002e78       0x84 /usr/lib/gcc/msp430/4.6.3/../../../../msp430/lib/mmpy-16/libm.a(kf_cos.o)
 .debug_line    0x0000000000002efc      0x103 /usr/lib/gcc/msp430/4.6.3/../../../../msp430/lib/mmpy-16/libm.a(ef_rem_pio2.o)
 .debug_line    0x0000000000002fff      0x37e /usr/lib/gcc/msp430/4.6.3/../../../../msp430/lib/mmpy-16/libm.a(kf_rem_pio2.o)
 .debug_line    0x000000000000337d       0x97 /usr/lib/gcc/msp430/4.6.3/../../../../msp430/lib/mmpy-16/libm.a(sf_scalbn.o)
 .debug_line    0x0000000000003414       0x90 /usr/lib/gcc/msp430/4.6.3/../../../../msp430/lib/mmpy-16/libm.a(sf_floor.o)
 .debug_line    0x00000000000034a4       0xa3 /usr/lib/gcc/msp430/4.6.3/mmpy-16/libgcc.a(_mulsi3.o)
 .debug_line    0x0000000000003547       0x9c /usr/lib/gcc/msp430/4.6.3/mmpy-16/libgcc.a(_udivmod16.o)
 .debug_line    0x00000000000035e3       0xa7 /usr/lib/gcc/msp430/4.6.3/mmpy-16/libgcc.a(_divmod16.o)
 .debug_line    0x000000000000368a       0xab /usr/lib/gcc/msp430/4.6.3/mmpy-16/libgcc.a(_udivmod32.o)
 .debug_line    0x0000000000003735       0xb0 /usr/lib/gcc/msp430/4.6.3/mmpy-16/libgcc.a(_divmod32.o)
 .debug_line    0x00000000000037e5       0x94 /usr/lib/gcc/msp430/4.6.3/mmpy-16/libgcc.a(_fixunssfsi.o)
 .debug_line    0x0000000000003879      0x13f /usr/lib/gcc/msp430/4.6.3/mmpy-16/libgcc.a(_addsub_sf.o)
 .debug_line    0x00000000000039b8      0x137 /usr/lib/gcc/msp430/4.6.3/mmpy-16/libgcc.a(_mul_sf.o)
 .debug_line    0x0000000000003aef       0xf9 /usr/lib/gcc/msp430/4.6.3/mmpy-16/libgcc.a(_div_sf.o)
 .debug_line    0x0000000000003be8       0xb1 /usr/lib/gcc/msp430/4.6.3/mmpy-16/libgcc.a(_eq_sf.o)
 .debug_line    0x0000000000003c99       0xb1 /usr/lib/gcc/msp430/4.6.3/mmpy-16/libgcc.a(_gt_sf.o)
 .debug_line    0x0000000000003d4a       0xb1 /usr/lib/gcc/msp430/4.6.3/mmpy-16/libgcc.a(_ge_sf.o)
 .debug_line    0x0000000000003dfb       0xc9 /usr/lib/gcc/msp430/4.6.3/mmpy-16/libgcc.a(_si_to_sf.o)
 .debug_line    0x0000000000003ec4       0xbf /usr/lib/gcc/msp430/4.6.3/mmpy-16/libgcc.a(_sf_to_si.o)
 .debug_line    0x0000000000003f83       0x94 /usr/lib/gcc/msp430/4.6.3/mmpy-16/libgcc.a(_thenan_sf.o)
 .debug_line    0x0000000000004017       0xc6 /usr/lib/gcc/msp430/4.6.3/mmpy-16/libgcc.a(_usi_to_sf.o)
 .debug_line    0x00000000000040dd       0xbe /usr/lib/gcc/msp430/4.6.3/mmpy-16/libgcc.a(_clzsi2.o)
 .debug_line    0x000000000000419b      0x102 /usr/lib/gcc/msp430/4.6.3/mmpy-16/libgcc.a(_pack_sf.o)
 .debug_line    0x000000000000429d       0xdd /usr/lib/gcc/msp430/4.6.3/mmpy-16/libgcc.a(_unpack_sf.o)
 .debug_line    0x000000000000437a       0xe8 /usr/lib/gcc/msp430/4.6.3/mmpy-16/libgcc.a(_fpcmp_parts_sf.o)
 .debug_line    0x0000000000004462       0x80 /usr/lib/gcc/msp430/4.6.3/mmpy-16/libgcc.a(_clz.o)
 .debug_line    0x00000000000044e2       0x49 /usr/lib/gcc/msp430/4.6.3/../../../../msp430/lib/mmpy-16/libc.a(strcmp.o)
 .debug_line    0x000000000000452b       0x78 /usr/lib/gcc/msp430/4.6.3/../../../../msp430/lib/mmpy-16/libc.a(strncpy.o)
 .debug_line    0x00000000000045a3       0x72 /usr/lib/gcc/msp430/4.6.3/../../../../msp430/lib/mmpy-16/libc.a(printf.o)
 .debug_line    0x0000000000004615      0x2d2 /usr/lib/gcc/msp430/4.6.3/../../../../msp430/lib/mmpy-16/libc.a(vuprintf.o)
 .debug_line    0x00000000000048e7       0x4d /usr/lib/gcc/msp430/4.6.3/../../../../msp430/lib/mmpy-16/libc.a(puts.o)
 .debug_line    0x0000000000004934       0xf1 /usr/lib/gcc/msp430/4.6.3/mmpy-16/libgcc.a(_udivmod64.o)
 .debug_line    0x0000000000004a25       0x84 /usr/lib/gcc/msp430/4.6.3/mmpy-16/libcrt0.a(__watchdog_support.o)
 .debug_line    0x0000000000004aa9       0x82 /usr/lib/gcc/msp430/4.6.3/mmpy-16/libcrt0.a(__init_stack.o)
 .debug_line    0x0000000000004b2b       0x88 /usr/lib/gcc/msp430/4.6.3/mmpy-16/libcrt0.a(_copy_data.o)
 .debug_line    0x0000000000004bb3       0x88 /usr/lib/gcc/msp430/4.6.3/mmpy-16/libcrt0.a(_clear_bss.o)
 .debug_line    0x0000000000004c3b       0x83 /usr/lib/gcc/msp430/4.6.3/mmpy-16/libcrt0.a(_endless_loop__.o)
 .debug_line    0x0000000000004cbe       0x82 /usr/lib/gcc/msp430/4.6.3/mmpy-16/libcrt0.a(_unexpected_.o)

.debug_frame    0x0000000000000000     0x1926
 *(.debug_frame)
 .debug_frame   0x0000000000000000       0x60 staffetta-test.co
 .debug_frame   0x0000000000000060       0x50 obj_sky/contiki-sky-main.o
 .debug_frame   0x00000000000000b0       0xe8 contiki-sky.a(process.o)
 .debug_frame   0x0000000000000198       0x36 contiki-sky.a(autostart.o)
 .debug_frame   0x00000000000001ce       0x2a contiki-sky.a(random.o)
 .debug_frame   0x00000000000001f8       0xf8 contiki-sky.a(etimer.o)
 .debug_frame   0x00000000000002f0       0x62 contiki-sky.a(energest.o)
 .debug_frame   0x0000000000000352       0x36 contiki-sky.a(rtimer.o)
 .debug_frame   0x0000000000000388       0x5a contiki-sky.a(metric.o)
 .debug_frame   0x00000000000003e2       0xc0 contiki-sky.a(gpio.o)
 .debug_frame   0x00000000000004a2      0x498 contiki-sky.a(energytrace.o)
 .debug_frame   0x000000000000093a      0x1b6 contiki-sky.a(staffetta.o)
 .debug_frame   0x0000000000000af0       0x86 contiki-sky.a(msp430.o)
 .debug_frame   0x0000000000000b76       0xa2 contiki-sky.a(leds.o)
 .debug_frame   0x0000000000000c18       0x5a contiki-sky.a(watchdog.o)
 .debug_frame   0x0000000000000c72       0xc4 contiki-sky.a(xmem.o)
 .debug_frame   0x0000000000000d36       0x6e contiki-sky.a(cc2420.o)
 .debug_frame   0x0000000000000da4       0x32 contiki-sky.a(node-id.o)
 .debug_frame   0x0000000000000dd6       0x88 contiki-sky.a(uart1.o)
 .debug_frame   0x0000000000000e5e       0xd0 contiki-sky.a(clock.o)
 .debug_frame   0x0000000000000f2e       0x36 contiki-sky.a(leds-arch.o)
 .debug_frame   0x0000000000000f64       0x24 contiki-sky.a(uart1-putchar.o)
 .debug_frame   0x0000000000000f88       0x4a contiki-sky.a(rtimer-arch.o)
 .debug_frame   0x0000000000000fd2       0x40 contiki-sky.a(rand.o)
 .debug_frame   0x0000000000001012       0x6a contiki-sky.a(timer.o)
 .debug_frame   0x000000000000107c       0xaa contiki-sky.a(ctimer.o)
 .debug_frame   0x0000000000001126       0x5e contiki-sky.a(ringbuf.o)
 .debug_frame   0x0000000000001184       0x1e contiki-sky.a(spi.o)
 .debug_frame   0x00000000000011a2       0xbc contiki-sky.a(list.o)
 .debug_frame   0x000000000000125e       0x62 /usr/lib/gcc/msp430/4.6.3/../../../../msp430/lib/mmpy-16/libm.a(ef_sqrt.o)
 .debug_frame   0x00000000000012c0       0x56 /usr/lib/gcc/msp430/4.6.3/../../../../msp430/lib/mmpy-16/libm.a(ef_log.o)
 .debug_frame   0x0000000000001316       0x4e /usr/lib/gcc/msp430/4.6.3/../../../../msp430/lib/mmpy-16/libm.a(sf_cos.o)
 .debug_frame   0x0000000000001364       0x4a /usr/lib/gcc/msp430/4.6.3/../../../../msp430/lib/mmpy-16/libm.a(kf_sin.o)
 .debug_frame   0x00000000000013ae       0x4a /usr/lib/gcc/msp430/4.6.3/../../../../msp430/lib/mmpy-16/libm.a(kf_cos.o)
 .debug_frame   0x00000000000013f8       0x58 /usr/lib/gcc/msp430/4.6.3/../../../../msp430/lib/mmpy-16/libm.a(ef_rem_pio2.o)
 .debug_frame   0x0000000000001450       0x4a /usr/lib/gcc/msp430/4.6.3/../../../../msp430/lib/mmpy-16/libm.a(kf_rem_pio2.o)
 .debug_frame   0x000000000000149a       0x44 /usr/lib/gcc/msp430/4.6.3/../../../../msp430/lib/mmpy-16/libm.a(sf_scalbn.o)
 .debug_frame   0x00000000000014de       0x56 /usr/lib/gcc/msp430/4.6.3/../../../../msp430/lib/mmpy-16/libm.a(sf_floor.o)
 .debug_frame   0x0000000000001534       0x28 /usr/lib/gcc/msp430/4.6.3/mmpy-16/libgcc.a(_fixunssfsi.o)
 .debug_frame   0x000000000000155c       0x6a /usr/lib/gcc/msp430/4.6.3/mmpy-16/libgcc.a(_addsub_sf.o)
 .debug_frame   0x00000000000015c6       0x4a /usr/lib/gcc/msp430/4.6.3/mmpy-16/libgcc.a(_mul_sf.o)
 .debug_frame   0x0000000000001610       0x3a /usr/lib/gcc/msp430/4.6.3/mmpy-16/libgcc.a(_div_sf.o)
 .debug_frame   0x000000000000164a       0x22 /usr/lib/gcc/msp430/4.6.3/mmpy-16/libgcc.a(_eq_sf.o)
 .debug_frame   0x000000000000166c       0x22 /usr/lib/gcc/msp430/4.6.3/mmpy-16/libgcc.a(_gt_sf.o)
 .debug_frame   0x000000000000168e       0x22 /usr/lib/gcc/msp430/4.6.3/mmpy-16/libgcc.a(_ge_sf.o)
 .debug_frame   0x00000000000016b0       0x2c /usr/lib/gcc/msp430/4.6.3/mmpy-16/libgcc.a(_si_to_sf.o)
 .debug_frame   0x00000000000016dc       0x22 /usr/lib/gcc/msp430/4.6.3/mmpy-16/libgcc.a(_sf_to_si.o)
 .debug_frame   0x00000000000016fe       0x36 /usr/lib/gcc/msp430/4.6.3/mmpy-16/libgcc.a(_usi_to_sf.o)
 .debug_frame   0x0000000000001734       0x2e /usr/lib/gcc/msp430/4.6.3/mmpy-16/libgcc.a(_clzsi2.o)
 .debug_frame   0x0000000000001762       0x38 /usr/lib/gcc/msp430/4.6.3/mmpy-16/libgcc.a(_pack_sf.o)
 .debug_frame   0x000000000000179a       0x28 /usr/lib/gcc/msp430/4.6.3/mmpy-16/libgcc.a(_unpack_sf.o)
 .debug_frame   0x00000000000017c2       0x24 /usr/lib/gcc/msp430/4.6.3/mmpy-16/libgcc.a(_fpcmp_parts_sf.o)
 .debug_frame   0x00000000000017e6       0x1e /usr/lib/gcc/msp430/4.6.3/../../../../msp430/lib/mmpy-16/libc.a(strcmp.o)
 .debug_frame   0x0000000000001804       0x24 /usr/lib/gcc/msp430/4.6.3/../../../../msp430/lib/mmpy-16/libc.a(strncpy.o)
 .debug_frame   0x0000000000001828       0x2a /usr/lib/gcc/msp430/4.6.3/../../../../msp430/lib/mmpy-16/libc.a(printf.o)
 .debug_frame   0x0000000000001852       0xb0 /usr/lib/gcc/msp430/4.6.3/../../../../msp430/lib/mmpy-16/libc.a(vuprintf.o)
 .debug_frame   0x0000000000001902       0x24 /usr/lib/gcc/msp430/4.6.3/../../../../msp430/lib/mmpy-16/libc.a(puts.o)

.debug_str      0x0000000000000000     0x2a17
 *(.debug_str)
 .debug_str     0x0000000000000000      0x376 staffetta-test.co
                                        0x426 (size before relaxing)
 .debug_str     0x0000000000000376       0xcc obj_sky/contiki-sky-main.o
                                        0x379 (size before relaxing)
 .debug_str     0x0000000000000442      0x178 contiki-sky.a(process.o)
                                        0x2c6 (size before relaxing)
 .debug_str     0x00000000000005ba       0x3a contiki-sky.a(autostart.o)
                                        0x17e (size before relaxing)
 .debug_str     0x00000000000005f4       0x35 contiki-sky.a(random.o)
                                        0x122 (size before relaxing)
 .debug_str     0x0000000000000629      0x133 contiki-sky.a(etimer.o)
                                        0x2d3 (size before relaxing)
 .debug_str     0x000000000000075c       0x9b contiki-sky.a(energest.o)
                                        0x31c (size before relaxing)
 .debug_str     0x00000000000007f7       0xb8 contiki-sky.a(rtimer.o)
                                        0x2e7 (size before relaxing)
 .debug_str     0x00000000000008af       0x9e contiki-sky.a(metric.o)
                                        0x341 (size before relaxing)
 .debug_str     0x000000000000094d       0xcf contiki-sky.a(gpio.o)
                                        0x1d4 (size before relaxing)
 .debug_str     0x0000000000000a1c      0x7ff contiki-sky.a(energytrace.o)
                                        0xc1a (size before relaxing)