Archive member included because of file (symbol)

contiki-sky.a(process.o)      obj_sky/contiki-sky-main.o (process_init)
contiki-sky.a(autostart.o)    obj_sky/contiki-sky-main.o (autostart_start)
contiki-sky.a(random.o)       staffetta-test.co (random_init)
contiki-sky.a(etimer.o)       obj_sky/contiki-sky-main.o (etimer_process)
contiki-sky.a(energest.o)     obj_sky/contiki-sky-main.o (energest_init)
contiki-sky.a(rtimer.o)       obj_sky/contiki-sky-main.o (rtimer_init)
contiki-sky.a(metric.o)       staffetta-test.co (node_energy_state)
contiki-sky.a(gpio.o)         obj_sky/contiki-sky-main.o (gpio_init)
contiki-sky.a(energytrace.o)  staffetta-test.co (remaining_energy)
contiki-sky.a(staffetta.o)    staffetta-test.co (getWakeups)
contiki-sky.a(msp430.o)       contiki-sky.a(energytrace.o) (w_memcpy)
contiki-sky.a(leds.o)         staffetta-test.co (leds_init)
contiki-sky.a(watchdog.o)     obj_sky/contiki-sky-main.o (watchdog_init)
contiki-sky.a(xmem.o)         obj_sky/contiki-sky-main.o (xmem_init)
contiki-sky.a(cc2420.o)       obj_sky/contiki-sky-main.o (cc2420_init)
contiki-sky.a(node-id.o)      staffetta-test.co (node_id)
contiki-sky.a(uart1.o)        obj_sky/contiki-sky-main.o (uart1_active)
contiki-sky.a(clock.o)        contiki-sky.a(etimer.o) (clock_time)
contiki-sky.a(leds-arch.o)    contiki-sky.a(leds.o) (leds_arch_init)
contiki-sky.a(uart1-putchar.o)
                              obj_sky/contiki-sky-main.o (putchar)
contiki-sky.a(rtimer-arch.o)  contiki-sky.a(rtimer.o) (rtimer_arch_init)
contiki-sky.a(rand.o)         contiki-sky.a(random.o) (rand)
contiki-sky.a(timer.o)        contiki-sky.a(etimer.o) (timer_set)
contiki-sky.a(ctimer.o)       contiki-sky.a(staffetta.o) (ctimer_stop)
contiki-sky.a(ringbuf.o)      contiki-sky.a(uart1.o) (ringbuf_init)
contiki-sky.a(spi.o)          contiki-sky.a(xmem.o) (spi_init)
contiki-sky.a(list.o)         contiki-sky.a(ctimer.o) (list_init)
/usr/lib/gcc/msp430/4.6.3/mmpy-16/libgcc.a(_mulsi3.o)
                              contiki-sky.a(energytrace.o) (__mulsi3)
/usr/lib/gcc/msp430/4.6.3/mmpy-16/libgcc.a(_udivmod16.o)
                              contiki-sky.a(energytrace.o) (__udivhi3)
/usr/lib/gcc/msp430/4.6.3/mmpy-16/libgcc.a(_divmod16.o)
                              contiki-sky.a(staffetta.o) (__modhi3)
/usr/lib/gcc/msp430/4.6.3/mmpy-16/libgcc.a(_udivmod32.o)
                              staffetta-test.co (__udivsi3)
/usr/lib/gcc/msp430/4.6.3/mmpy-16/libgcc.a(_divmod32.o)
                              contiki-sky.a(energytrace.o) (__divsi3)
/usr/lib/gcc/msp430/4.6.3/mmpy-16/libgcc.a(_fixunssfsi.o)
                              contiki-sky.a(energytrace.o) (__fixunssfsi)
/usr/lib/gcc/msp430/4.6.3/mmpy-16/libgcc.a(_addsub_sf.o)
                              /usr/lib/gcc/msp430/4.6.3/mmpy-16/libgcc.a(_fixunssfsi.o) (__subsf3)
/usr/lib/gcc/msp430/4.6.3/mmpy-16/libgcc.a(_mul_sf.o)
                              contiki-sky.a(energytrace.o) (__mulsf3)
/usr/lib/gcc/msp430/4.6.3/mmpy-16/libgcc.a(_ge_sf.o)
                              /usr/lib/gcc/msp430/4.6.3/mmpy-16/libgcc.a(_fixunssfsi.o) (__gesf2)
/usr/lib/gcc/msp430/4.6.3/mmpy-16/libgcc.a(_sf_to_si.o)
                              /usr/lib/gcc/msp430/4.6.3/mmpy-16/libgcc.a(_fixunssfsi.o) (__fixsfsi)
/usr/lib/gcc/msp430/4.6.3/mmpy-16/libgcc.a(_thenan_sf.o)
                              /usr/lib/gcc/msp430/4.6.3/mmpy-16/libgcc.a(_addsub_sf.o) (__thenan_sf)
/usr/lib/gcc/msp430/4.6.3/mmpy-16/libgcc.a(_usi_to_sf.o)
                              contiki-sky.a(energytrace.o) (__floatunsisf)
/usr/lib/gcc/msp430/4.6.3/mmpy-16/libgcc.a(_clzsi2.o)
                              /usr/lib/gcc/msp430/4.6.3/mmpy-16/libgcc.a(_usi_to_sf.o) (__clzsi2)
/usr/lib/gcc/msp430/4.6.3/mmpy-16/libgcc.a(_pack_sf.o)
                              /usr/lib/gcc/msp430/4.6.3/mmpy-16/libgcc.a(_addsub_sf.o) (__pack_f)
/usr/lib/gcc/msp430/4.6.3/mmpy-16/libgcc.a(_unpack_sf.o)
                              /usr/lib/gcc/msp430/4.6.3/mmpy-16/libgcc.a(_addsub_sf.o) (__unpack_f)
/usr/lib/gcc/msp430/4.6.3/mmpy-16/libgcc.a(_fpcmp_parts_sf.o)
                              /usr/lib/gcc/msp430/4.6.3/mmpy-16/libgcc.a(_ge_sf.o) (__fpcmp_parts_f)
/usr/lib/gcc/msp430/4.6.3/mmpy-16/libgcc.a(_clz.o)
                              /usr/lib/gcc/msp430/4.6.3/mmpy-16/libgcc.a(_clzsi2.o) (__clz_tab)
/usr/lib/gcc/msp430/4.6.3/../../../../msp430/lib/mmpy-16/libc.a(strcmp.o)
                              contiki-sky.a(energytrace.o) (strcmp)
/usr/lib/gcc/msp430/4.6.3/../../../../msp430/lib/mmpy-16/libc.a(strncpy.o)
                              contiki-sky.a(energytrace.o) (strncpy)
/usr/lib/gcc/msp430/4.6.3/../../../../msp430/lib/mmpy-16/libc.a(printf.o)
                              staffetta-test.co (printf)
/usr/lib/gcc/msp430/4.6.3/../../../../msp430/lib/mmpy-16/libc.a(vuprintf.o)
                              /usr/lib/gcc/msp430/4.6.3/../../../../msp430/lib/mmpy-16/libc.a(printf.o) (vuprintf)
/usr/lib/gcc/msp430/4.6.3/../../../../msp430/lib/mmpy-16/libc.a(puts.o)
                              staffetta-test.co (puts)
/usr/lib/gcc/msp430/4.6.3/mmpy-16/libgcc.a(_udivmod64.o)
                              /usr/lib/gcc/msp430/4.6.3/../../../../msp430/lib/mmpy-16/libc.a(vuprintf.o) (__udivdi3)
/usr/lib/gcc/msp430/4.6.3/mmpy-16/libcrt0.a(_reset_vector__.o)
                              /usr/lib/gcc/msp430/4.6.3/mmpy-16/crt0ivtbl16.o (_reset_vector__)
/usr/lib/gcc/msp430/4.6.3/mmpy-16/libcrt0.a(__watchdog_support.o)
                              /usr/lib/gcc/msp430/4.6.3/mmpy-16/libcrt0.a(_reset_vector__.o) (__watchdog_support)
/usr/lib/gcc/msp430/4.6.3/mmpy-16/libcrt0.a(__init_stack.o)
                              /usr/lib/gcc/msp430/4.6.3/mmpy-16/libcrt0.a(_reset_vector__.o) (__init_stack)
/usr/lib/gcc/msp430/4.6.3/mmpy-16/libcrt0.a(__low_level_init.o)
                              /usr/lib/gcc/msp430/4.6.3/mmpy-16/libcrt0.a(_reset_vector__.o) (__low_level_init)
/usr/lib/gcc/msp430/4.6.3/mmpy-16/libcrt0.a(_copy_data.o)
                              /usr/lib/gcc/msp430/4.6.3/mmpy-16/libcrt0.a(_reset_vector__.o) (__do_copy_data)
/usr/lib/gcc/msp430/4.6.3/mmpy-16/libcrt0.a(_clear_bss.o)
                              /usr/lib/gcc/msp430/4.6.3/mmpy-16/libcrt0.a(_reset_vector__.o) (__do_clear_bss)
/usr/lib/gcc/msp430/4.6.3/mmpy-16/libcrt0.a(__stop_progExec__.o)
                              /usr/lib/gcc/msp430/4.6.3/mmpy-16/libcrt0.a(_reset_vector__.o) (__stop_progExec__)
/usr/lib/gcc/msp430/4.6.3/mmpy-16/libcrt0.a(_endless_loop__.o)
                              /usr/lib/gcc/msp430/4.6.3/mmpy-16/libcrt0.a(_reset_vector__.o) (_endless_loop__)
/usr/lib/gcc/msp430/4.6.3/mmpy-16/libcrt0.a(_unexpected_.o)
                              /usr/lib/gcc/msp430/4.6.3/mmpy-16/crt0ivtbl16.o (_unexpected_)

Allocating common symbols
Common symbol       size              file

energest_total_time
                    0x30              contiki-sky.a(energest.o)
energest_total_count
                    0x2               contiki-sky.a(energest.o)
energest_current_mode
                    0xc               contiki-sky.a(energest.o)
process_maxevents   0x1               contiki-sky.a(process.o)
node_state          0x2               contiki-sky.a(energytrace.o)
node_duty_cycle     0x2               contiki-sky.a(metric.o)
node_activation_ev  0x1               contiki-sky.a(energytrace.o)
energest_current_time
                    0x18              contiki-sky.a(energest.o)

Memory Configuration

Name             Origin             Length             Attributes
sfr              0x0000000000000000 0x0000000000000010
peripheral_8bit  0x0000000000000010 0x00000000000000f0
peripheral_16bit 0x0000000000000100 0x0000000000000100
ram_mirror       0x0000000000000200 0x0000000000000800 xw
infomem          0x0000000000001000 0x0000000000000100
infob            0x0000000000001000 0x0000000000000080
infoa            0x0000000000001080 0x0000000000000080
ram              0x0000000000001100 0x0000000000002800 xw
rom              0x0000000000004000 0x000000000000bfe0 xr
vectors          0x000000000000ffe0 0x0000000000000020
bsl              0x0000000000000000 0x0000000000000000
infoc            0x0000000000000000 0x0000000000000000
infod            0x0000000000000000 0x0000000000000000
ram2             0x0000000000000000 0x0000000000000000 xw
usbram           0x0000000000000000 0x0000000000000000 xw
far_rom          0x0000000000000000 0x0000000000000000
*default*        0x0000000000000000 0xffffffffffffffff

Linker script and memory map

LOAD /usr/lib/gcc/msp430/4.6.3/mmpy-16/crt0ivtbl16.o
Address of section .glossy set to 0x4000
Address of section .text set to 0x4400
LOAD staffetta-test.co
LOAD obj_sky/contiki-sky-main.o
LOAD contiki-sky.a
LOAD /usr/lib/gcc/msp430/4.6.3/../../../../msp430/lib/mmpy-16/libm.a
LOAD /usr/lib/gcc/msp430/4.6.3/mmpy-16/libgcc.a
LOAD /usr/lib/gcc/msp430/4.6.3/../../../../msp430/lib/mmpy-16/libc.a
LOAD /usr/lib/gcc/msp430/4.6.3/mmpy-16/libgcc.a
LOAD /usr/lib/gcc/msp430/4.6.3/mmpy-16/libcrt0.a
                0x0000000000000080                PROVIDE (__info_segment_size, 0x80)
                0x0000000000001000                PROVIDE (__infob, 0x1000)
                0x0000000000001080                PROVIDE (__infoa, 0x1080)
                0x0000000000000000                __IE1 = 0x0
                0x0000000000000002                __IFG1 = 0x2
                0x0000000000000004                __ME1 = 0x4
                0x0000000000000001                __IE2 = 0x1
                0x0000000000000003                __IFG2 = 0x3
                0x0000000000000005                __ME2 = 0x5
                0x0000000000000120                __WDTCTL = 0x120
                0x0000000000000130                __MPY = 0x130
                0x0000000000000132                __MPYS = 0x132
                0x0000000000000134                __MAC = 0x134
                0x0000000000000136                __MACS = 0x136
                0x0000000000000138                __OP2 = 0x138
                0x000000000000013a                __RESLO = 0x13a
                0x000000000000013c                __RESHI = 0x13c
                0x000000000000013e                __SUMEXT = 0x13e
                0x0000000000000020                __P1IN = 0x20
                0x0000000000000021                __P1OUT = 0x21
                0x0000000000000022                __P1DIR = 0x22
                0x0000000000000023                __P1IFG = 0x23
                0x0000000000000024                __P1IES = 0x24
                0x0000000000000025                __P1IE = 0x25
                0x0000000000000026                __P1SEL = 0x26
                0x0000000000000028                __P2IN = 0x28
                0x0000000000000029                __P2OUT = 0x29
                0x000000000000002a                __P2DIR = 0x2a
                0x000000000000002b                __P2IFG = 0x2b
                0x000000000000002c                __P2IES = 0x2c
                0x000000000000002d                __P2IE = 0x2d
                0x000000000000002e                __P2SEL = 0x2e
                0x0000000000000018                __P3IN = 0x18
                0x0000000000000019                __P3OUT = 0x19
                0x000000000000001a                __P3DIR = 0x1a
                0x000000000000001b                __P3SEL = 0x1b
                0x000000000000001c                __P4IN = 0x1c
                0x000000000000001d                __P4OUT = 0x1d
                0x000000000000001e                __P4DIR = 0x1e
                0x000000000000001f                __P4SEL = 0x1f
                0x0000000000000030                __P5IN = 0x30
                0x0000000000000031                __P5OUT = 0x31
                0x0000000000000032                __P5DIR = 0x32
                0x0000000000000033                __P5SEL = 0x33
                0x0000000000000034                __P6IN = 0x34
                0x0000000000000035                __P6OUT = 0x35
                0x0000000000000036                __P6DIR = 0x36
                0x0000000000000037                __P6SEL = 0x37
                0x0000000000000070                __U0CTL = 0x70
                0x0000000000000071                __U0TCTL = 0x71
                0x0000000000000072                __U0RCTL = 0x72
                0x0000000000000073                __U0MCTL = 0x73
                0x0000000000000074                __U0BR0 = 0x74
                0x0000000000000075                __U0BR1 = 0x75
                0x0000000000000076                __U0RXBUF = 0x76
                0x0000000000000077                __U0TXBUF = 0x77
                0x0000000000000078                __U1CTL = 0x78
                0x0000000000000079                __U1TCTL = 0x79
                0x000000000000007a                __U1RCTL = 0x7a
                0x000000000000007b                __U1MCTL = 0x7b
                0x000000000000007c                __U1BR0 = 0x7c
                0x000000000000007d                __U1BR1 = 0x7d
                0x000000000000007e                __U1RXBUF = 0x7e
                0x000000000000007f                __U1TXBUF = 0x7f
                0x0000000000000050                __I2CIE = 0x50
                0x0000000000000051                __I2CIFG = 0x51
                0x0000000000000052                __I2CNDAT = 0x52
                0x0000000000000071                __I2CTCTL = 0x71
                0x0000000000000072                __I2CDCTL = 0x72
                0x0000000000000073                __I2CPSC = 0x73
                0x0000000000000074                __I2CSCLH = 0x74
                0x0000000000000075                __I2CSCLL = 0x75
                0x0000000000000076                __I2CDRB = 0x76
                0x0000000000000076                __I2CDRW = 0x76
                0x0000000000000118                __I2COA = 0x118
                0x000000000000011a                __I2CSA = 0x11a
                0x000000000000011c                __I2CIV = 0x11c
                0x000000000000012e                __TAIV = 0x12e
                0x0000000000000160                __TACTL = 0x160
                0x0000000000000162                __TACCTL0 = 0x162
                0x0000000000000164                __TACCTL1 = 0x164
                0x0000000000000166                __TACCTL2 = 0x166
                0x0000000000000170                __TAR = 0x170
                0x0000000000000172                __TACCR0 = 0x172
                0x0000000000000174                __TACCR1 = 0x174
                0x0000000000000176                __TACCR2 = 0x176
                0x000000000000011e                __TBIV = 0x11e
                0x0000000000000180                __TBCTL = 0x180
                0x0000000000000182                __TBCCTL0 = 0x182
                0x0000000000000184                __TBCCTL1 = 0x184
                0x0000000000000186                __TBCCTL2 = 0x186
                0x0000000000000188                __TBCCTL3 = 0x188
                0x000000000000018a                __TBCCTL4 = 0x18a
                0x000000000000018c                __TBCCTL5 = 0x18c
                0x000000000000018e                __TBCCTL6 = 0x18e
                0x0000000000000190                __TBR = 0x190
                0x0000000000000192                __TBCCR0 = 0x192
                0x0000000000000194                __TBCCR1 = 0x194
                0x0000000000000196                __TBCCR2 = 0x196
                0x0000000000000198                __TBCCR3 = 0x198
                0x000000000000019a                __TBCCR4 = 0x19a
                0x000000000000019c                __TBCCR5 = 0x19c
                0x000000000000019e                __TBCCR6 = 0x19e
                0x0000000000000056                __DCOCTL = 0x56
                0x0000000000000057                __BCSCTL1 = 0x57
                0x0000000000000058                __BCSCTL2 = 0x58
                0x0000000000000055                __SVSCTL = 0x55
                0x0000000000000128                __FCTL1 = 0x128
                0x000000000000012a                __FCTL2 = 0x12a
                0x000000000000012c                __FCTL3 = 0x12c
                0x0000000000000059                __CACTL1 = 0x59
                0x000000000000005a                __CACTL2 = 0x5a
                0x000000000000005b                __CAPD = 0x5b
                0x00000000000001a0                __ADC12CTL0 = 0x1a0
                0x00000000000001a2                __ADC12CTL1 = 0x1a2
                0x00000000000001a4                __ADC12IFG = 0x1a4
                0x00000000000001a6                __ADC12IE = 0x1a6
                0x00000000000001a8                __ADC12IV = 0x1a8
                0x0000000000000140                __ADC12MEM0 = 0x140
                0x0000000000000142                __ADC12MEM1 = 0x142
                0x0000000000000144                __ADC12MEM2 = 0x144
                0x0000000000000146                __ADC12MEM3 = 0x146
                0x0000000000000148                __ADC12MEM4 = 0x148
                0x000000000000014a                __ADC12MEM5 = 0x14a
                0x000000000000014c                __ADC12MEM6 = 0x14c
                0x000000000000014e                __ADC12MEM7 = 0x14e
                0x0000000000000150                __ADC12MEM8 = 0x150
                0x0000000000000152                __ADC12MEM9 = 0x152
                0x0000000000000154                __ADC12MEM10 = 0x154
                0x0000000000000156                __ADC12MEM11 = 0x156
                0x0000000000000158                __ADC12MEM12 = 0x158
                0x000000000000015a                __ADC12MEM13 = 0x15a
                0x000000000000015c                __ADC12MEM14 = 0x15c
                0x000000000000015e                __ADC12MEM15 = 0x15e
                0x0000000000000080                __ADC12MCTL0 = 0x80
                0x0000000000000081                __ADC12MCTL1 = 0x81
                0x0000000000000082                __ADC12MCTL2 = 0x82
                0x0000000000000083                __ADC12MCTL3 = 0x83
                0x0000000000000084                __ADC12MCTL4 = 0x84
                0x0000000000000085                __ADC12MCTL5 = 0x85
                0x0000000000000086                __ADC12MCTL6 = 0x86
                0x0000000000000087                __ADC12MCTL7 = 0x87
                0x0000000000000088                __ADC12MCTL8 = 0x88
                0x0000000000000089                __ADC12MCTL9 = 0x89
                0x000000000000008a                __ADC12MCTL10 = 0x8a
                0x000000000000008b                __ADC12MCTL11 = 0x8b
                0x000000000000008c                __ADC12MCTL12 = 0x8c
                0x000000000000008d                __ADC12MCTL13 = 0x8d
                0x000000000000008e                __ADC12MCTL14 = 0x8e
                0x000000000000008f                __ADC12MCTL15 = 0x8f
                0x00000000000001c0                __DAC12_0CTL = 0x1c0
                0x00000000000001c2                __DAC12_1CTL = 0x1c2
                0x00000000000001c8                __DAC12_0DAT = 0x1c8
                0x00000000000001ca                __DAC12_1DAT = 0x1ca
                0x0000000000000122                __DMACTL0 = 0x122
                0x0000000000000124                __DMACTL1 = 0x124
                0x00000000000001e0                __DMA0CTL = 0x1e0
                0x00000000000001e8                __DMA1CTL = 0x1e8
                0x00000000000001f0                __DMA2CTL = 0x1f0
                0x00000000000001e2                __DMA0SA = 0x1e2
                0x00000000000001e4                __DMA0DA = 0x1e4
                0x00000000000001e6                __DMA0SZ = 0x1e6
                0x00000000000001ea                __DMA1SA = 0x1ea
                0x00000000000001ec                __DMA1DA = 0x1ec
                0x00000000000001ee                __DMA1SZ = 0x1ee
                0x00000000000001f2                __DMA2SA = 0x1f2
                0x00000000000001f4                __DMA2DA = 0x1f4
                0x00000000000001f6                __DMA2SZ = 0x1f6

.hash
 *(.hash)

.dynsym
 *(.dynsym)

.dynstr
 *(.dynstr)

.gnu.version
 *(.gnu.version)

.gnu.version_d
 *(.gnu.version_d)

.gnu.version_r
 *(.gnu.version_r)

.rel.init
 *(.rel.init)

.rela.init
 *(.rela.init)

.rel.fini
 *(.rel.fini)

.rela.fini
 *(.rela.fini)

.rel.text
 *(.rel.text .rel.text.* .rel.gnu.linkonce.t.*)

.rela.text
 *(.rela.text .rela.text.* .rela.gnu.linkonce.t.*)

.rel.rodata
 *(.rel.rodata .rel.rodata.* .rel.gnu.linkonce.r.*)

.rela.rodata
 *(.rela.rodata .rela.rodata.* .rela.gnu.linkonce.r.*)

.rel.data
 *(.rel.data .rel.data.* .rel.gnu.linkonce.d.*)

.rela.data
 *(.rela.data .rela.data.* .rela.gnu.linkonce.d.*)

.rel.bss
 *(.rel.bss .rel.bss.* .rel.gnu.linkonce.b.*)

.rela.bss
 *(.rela.bss .rela.bss.* .rela.gnu.linkonce.b.*)

.rel.ctors
 *(.rel.ctors)

.rela.ctors
 *(.rela.ctors)

.rel.dtors
 *(.rel.dtors)

.rela.dtors
 *(.rela.dtors)

.rel.got
 *(.rel.got)

.rela.got
 *(.rela.got)

.rel.plt
 *(.rel.plt)

.rela.plt
 *(.rela.plt)

.text           0x0000000000004400     0x5dfa
                0x0000000000004400                . = ALIGN (0x2)
 *(.init .init.*)
 *(.init0)
 .init0         0x0000000000004400        0x0 /usr/lib/gcc/msp430/4.6.3/mmpy-16/libcrt0.a(_reset_vector__.o)
                0x0000000000004400                _reset_vector__
 *(.init1)
 .init1         0x0000000000004400        0xc /usr/lib/gcc/msp430/4.6.3/mmpy-16/libcrt0.a(__watchdog_support.o)
                0x0000000000004400                __watchdog_support
 *(.init2)
 .init2         0x000000000000440c        0x4 /usr/lib/gcc/msp430/4.6.3/mmpy-16/libcrt0.a(__init_stack.o)
                0x000000000000440c                __init_stack
 *(.init3)
 .init3         0x0000000000004410        0x0 /usr/lib/gcc/msp430/4.6.3/mmpy-16/libcrt0.a(__low_level_init.o)
                0x0000000000004410                __low_level_init
 *(.init4)
 .init4         0x0000000000004410       0x18 /usr/lib/gcc/msp430/4.6.3/mmpy-16/libcrt0.a(_copy_data.o)
                0x0000000000004410                __do_copy_data
 .init4         0x0000000000004428       0x16 /usr/lib/gcc/msp430/4.6.3/mmpy-16/libcrt0.a(_clear_bss.o)
                0x0000000000004428                __do_clear_bss
 *(.init5)
 *(.init6)
 *(.init7)
 *(.init8)
 *(.init9)
 .init9         0x000000000000443e      0x17a obj_sky/contiki-sky-main.o
                0x000000000000443e                main
 *(.fini9)
 .fini9         0x00000000000045b8        0x0 /usr/lib/gcc/msp430/4.6.3/mmpy-16/libcrt0.a(__stop_progExec__.o)
                0x00000000000045b8                __stop_progExec__
 *(.fini8)
 *(.fini7)
 *(.fini6)
 *(.fini5)
 *(.fini4)
 *(.fini3)
 *(.fini2)
 *(.fini1)
 *(.fini0)
 .fini0         0x00000000000045b8        0x6 /usr/lib/gcc/msp430/4.6.3/mmpy-16/libcrt0.a(_endless_loop__.o)
                0x00000000000045b8                _endless_loop__
 *(.fini .fini.*)
                0x00000000000045be                . = ALIGN (0x2)
                0x00000000000045be                __ctors_start = .
 *(.ctors)
                0x00000000000045be                __ctors_end = .
                0x00000000000045be                __dtors_start = .
 *(.dtors)
                0x00000000000045be                __dtors_end = .
                0x00000000000045be                . = ALIGN (0x2)
 *(.text .text.* .gnu.linkonce.t.*)
 .text          0x00000000000045be        0x4 /usr/lib/gcc/msp430/4.6.3/mmpy-16/crt0ivtbl16.o
                0x00000000000045be                __isr_14
                0x00000000000045be                __isr_4
                0x00000000000045be                __isr_11
                0x00000000000045be                __isr_7
                0x00000000000045be                __isr_0
                0x00000000000045be                __isr_8
                0x00000000000045be                __isr_12
                0x00000000000045be                __isr_13
                0x00000000000045be                __isr_9
                0x00000000000045be                __isr_1
 .text.crt0     0x00000000000045c2        0x0 /usr/lib/gcc/msp430/4.6.3/mmpy-16/crt0ivtbl16.o
 .text          0x00000000000045c2      0x1f4 staffetta-test.co
 .text          0x00000000000047b6        0x0 obj_sky/contiki-sky-main.o
 .text          0x00000000000047b6      0x29e contiki-sky.a(process.o)
                0x00000000000048b2                process_alloc_event
                0x00000000000048c0                process_exit
                0x00000000000048ca                process_init
                0x00000000000048e6                process_run
                0x0000000000004988                process_nevents
                0x0000000000004996                process_post
                0x00000000000049ea                process_post_synch
                0x00000000000049fc                process_start
                0x0000000000004a2e                process_poll
                0x0000000000004a46                process_is_running
 .text          0x0000000000004a54       0x2a contiki-sky.a(autostart.o)
                0x0000000000004a54                autostart_start
                0x0000000000004a6a                autostart_exit
 .text          0x0000000000004a7e        0xc contiki-sky.a(random.o)
                0x0000000000004a7e                random_init
                0x0000000000004a84                random_rand
 .text          0x0000000000004a8a      0x25a contiki-sky.a(etimer.o)
                0x0000000000004b02                etimer_request_poll
                0x0000000000004c0c                etimer_set
                0x0000000000004c1e                etimer_reset
                0x0000000000004c30                etimer_restart
                0x0000000000004c42                etimer_adjust
                0x0000000000004c5c                etimer_expired
                0x0000000000004c6a                etimer_expiration_time
                0x0000000000004c7e                etimer_start_time
                0x0000000000004c86                etimer_pending
                0x0000000000004c92                etimer_next_expiration_time
                0x0000000000004ca8                etimer_stop
 .text          0x0000000000004ce4       0xba contiki-sky.a(energest.o)
                0x0000000000004ce4                energest_init
                0x0000000000004d0c                energest_type_time
                0x0000000000004d4e                energest_leveldevice_leveltime
                0x0000000000004d54                energest_type_set
                0x0000000000004d62                energest_flush
 .text          0x0000000000004d9e       0x50 contiki-sky.a(rtimer.o)
                0x0000000000004d9e                rtimer_init
                0x0000000000004da4                rtimer_set
                0x0000000000004dc8                rtimer_run_next
 .text          0x0000000000004dee       0xae contiki-sky.a(metric.o)
                0x0000000000004dee                compute_node_duty_cycle
                0x0000000000004e1e                get_duty_cycle
                0x0000000000004e24                compute_node_state
                0x0000000000004e5a                get_node_state
                0x0000000000004e60                compute_harvesting_rate
                0x0000000000004e96                get_harvesting_rate
 .text          0x0000000000004e9c      0x10e contiki-sky.a(gpio.o)
                0x0000000000004e9c                gpio_arch_init
                0x0000000000004eaa                gpio_arch_get
                0x0000000000004ed8                gpio_arch_set
                0x0000000000004f1a                gpio_init
                0x0000000000004f28                gpio_get
                0x0000000000004f2e                gpio_on
                0x0000000000004f38                gpio_off
                0x0000000000004f42                gpio_invert
                0x0000000000004f4c                gpio_toggle
                0x0000000000004f52                gpio_blink
                0x0000000000004f6e                gpio_green
                0x0000000000004f82                gpio_yellow
                0x0000000000004f96                gpio_red
 .text          0x0000000000004faa     0x17d6 contiki-sky.a(energytrace.o)
                0x0000000000005814                cfs_open
                0x00000000000058ba                cfs_close
                0x00000000000058e6                cfs_seek
                0x000000000000596c                cfs_remove
                0x0000000000005986                cfs_read
                0x0000000000005e92                cfs_write
                0x0000000000005fec                cfs_opendir
                0x0000000000005ff8                cfs_readdir
                0x000000000000608a                cfs_closedir
                0x000000000000608c                cfs_coffee_reserve
                0x00000000000060b8                cfs_coffee_configure_log
                0x000000000000611c                cfs_coffee_set_io_semantics
                0x0000000000006146                cfs_coffee_format
                0x0000000000006182                cfs_coffee_get_protected_mem
                0x000000000000618e                clean_message
                0x00000000000061a2                read_lines
                0x0000000000006222                tx_current_consumption
                0x0000000000006588                energytrace_print
                0x000000000000675e                energytrace_start
                0x0000000000006776                energytrace_stop
 .text          0x0000000000006780     0x1012 contiki-sky.a(staffetta.o)
                0x0000000000006992                getWakeups
                0x000000000000699c                staffetta_send_packet
                0x0000000000007364                sink_busy_wait
                0x0000000000007366                sink_listen
                0x00000000000075de                staffetta_print_stats
                0x00000000000075f4                staffetta_get_energy_consumption
                0x00000000000076a6                staffetta_add_data
                0x00000000000076cc                staffetta_init
 .text          0x0000000000007792      0x192 contiki-sky.a(msp430.o)
                0x0000000000007792                w_memcpy
                0x00000000000077a4                w_memset
                0x00000000000077b6                msp430_init_dco
                0x000000000000783a                msp430_cpu_init
                0x0000000000007860                sbrk
                0x00000000000078ba                splhigh_
                0x00000000000078c2                splx_
                0x00000000000078c6                msp430_sync_dco
 .text          0x0000000000007924      0x15c contiki-sky.a(leds.o)
                0x00000000000079d4                leds_init
                0x00000000000079e2                leds_get
                0x00000000000079e8                leds_on
                0x00000000000079fc                leds_off
                0x0000000000007a10                leds_invert
                0x0000000000007a1a                leds_toggle
                0x0000000000007a20                leds_blink
                0x0000000000007a44                leds_green
                0x0000000000007a58                leds_yellow
                0x0000000000007a6c                leds_red
 .text          0x0000000000007a80       0x20 contiki-sky.a(watchdog.o)
                0x0000000000007a80                __isr_10
                0x0000000000007a80                watchdog_interrupt
                0x0000000000007a82                watchdog_init
                0x0000000000007a98                watchdog_start
                0x0000000000007a9a                watchdog_periodic
                0x0000000000007a9c                watchdog_stop
                0x0000000000007a9e                watchdog_reboot
 .text          0x0000000000007aa0      0x358 contiki-sky.a(xmem.o)
                0x0000000000007b10                xmem_init
                0x0000000000007b2c                xmem_pread
                0x0000000000007c04                xmem_pwrite
                0x0000000000007d42                xmem_erase
 .text          0x0000000000007df8      0x468 contiki-sky.a(cc2420.o)
                0x0000000000007e14                cc2420_init
                0x00000000000080fc                cc2420_set_channel
                0x0000000000008160                cc2420_set_txpower
                0x0000000000008206                cc2420_get_txpower
 .text          0x0000000000008260       0x6e contiki-sky.a(node-id.o)
                0x0000000000008260                node_id_restore
                0x0000000000008298                node_id_burn
 .text          0x00000000000082ce      0x1b2 contiki-sky.a(uart1.o)
                0x00000000000082ce                uart1_active
                0x00000000000082e6                uart1_set_input
                0x00000000000082ec                uart1_writeb
                0x000000000000831e                uart1_init
                0x00000000000083fc                uart1_rx_interrupt
                0x00000000000083fc                __isr_3
                0x0000000000008450                __isr_2
                0x0000000000008450                uart1_tx_interrupt
 .text          0x0000000000008480      0x1b2 contiki-sky.a(clock.o)
                0x0000000000008480                etimer_interrupt
                0x00000000000084f2                __isr_5
                0x00000000000084f2                timera1
                0x0000000000008562                clock_time
                0x000000000000857c                clock_set
                0x0000000000008592                clock_fine_max
                0x0000000000008598                clock_fine
                0x00000000000085a2                clock_init
                0x00000000000085ca                clock_delay
                0x00000000000085d0                clock_wait
                0x0000000000008610                clock_set_seconds
                0x0000000000008612                clock_seconds
                0x000000000000862c                clock_counter
 .text          0x0000000000008632       0x7c contiki-sky.a(leds-arch.o)
                0x0000000000008632                leds_arch_init
                0x0000000000008640                leds_arch_get
                0x0000000000008674                leds_arch_set
 .text          0x00000000000086ae       0x10 contiki-sky.a(uart1-putchar.o)
                0x00000000000086ae                putchar
 .text          0x00000000000086be       0x3c contiki-sky.a(rtimer-arch.o)
                0x00000000000086be                __isr_6
                0x00000000000086be                timera0
                0x00000000000086da                rtimer_arch_init
                0x00000000000086e8                rtimer_arch_schedule
 .text          0x00000000000086fa       0x88 contiki-sky.a(rand.o)
                0x00000000000086fa                rand
                0x0000000000008778                srand
 .text          0x0000000000008782       0x90 contiki-sky.a(timer.o)
                0x0000000000008782                timer_set
                0x000000000000879e                timer_reset
                0x00000000000087ac                timer_restart
                0x00000000000087c0                timer_expired
                0x00000000000087ea                timer_remaining
 .text          0x0000000000008812      0x1e4 contiki-sky.a(ctimer.o)
                0x00000000000088b6                ctimer_init
                0x00000000000088ce                ctimer_set
                0x0000000000008928                ctimer_reset
                0x0000000000008962                ctimer_restart
                0x000000000000899c                ctimer_stop
                0x00000000000089c4                ctimer_expired
 .text          0x00000000000089f6       0x98 contiki-sky.a(ringbuf.o)
                0x00000000000089f6                ringbuf_init
                0x0000000000008a0a                ringbuf_put
                0x0000000000008a42                ringbuf_get
                0x0000000000008a74                ringbuf_size
                0x0000000000008a7c                ringbuf_elements
 .text          0x0000000000008a8e       0x32 contiki-sky.a(spi.o)
                0x0000000000008a8e                spi_init
 .text          0x0000000000008ac0       0xfe contiki-sky.a(list.o)
                0x0000000000008ac0                list_init
                0x0000000000008ac6                list_head
                0x0000000000008aca                list_copy
                0x0000000000008ad0                list_tail
                0x0000000000008ae2                list_chop
                0x0000000000008b06                list_pop
                0x0000000000008b14                list_remove
                0x0000000000008b48                list_push
                0x0000000000008b62                list_add
                0x0000000000008b8c                list_length
                0x0000000000008b9c                list_insert
                0x0000000000008bb2                list_item_next
 .text          0x0000000000008bbe        0x0 /usr/lib/gcc/msp430/4.6.3/mmpy-16/libgcc.a(_mulsi3.o)
 .text.libgcc   0x0000000000008bbe       0x2c /usr/lib/gcc/msp430/4.6.3/mmpy-16/libgcc.a(_mulsi3.o)
                0x0000000000008bbe                __mulsi3
 .text          0x0000000000008bea        0x0 /usr/lib/gcc/msp430/4.6.3/mmpy-16/libgcc.a(_udivmod16.o)
 .text.libgcc   0x0000000000008bea       0x22 /usr/lib/gcc/msp430/4.6.3/mmpy-16/libgcc.a(_udivmod16.o)
                0x0000000000008bea                __udivhi3
                0x0000000000008bea                __ext_udivmod16
                0x0000000000008c04                __umodhi3
 .text          0x0000000000008c0c        0x0 /usr/lib/gcc/msp430/4.6.3/mmpy-16/libgcc.a(_divmod16.o)
 .text.libgcc   0x0000000000008c0c       0x3a /usr/lib/gcc/msp430/4.6.3/mmpy-16/libgcc.a(_divmod16.o)
                0x0000000000008c0c                __ext_divmod16
                0x0000000000008c0c                __divhi3
                0x0000000000008c3e                __modhi3
 .text          0x0000000000008c46        0x0 /usr/lib/gcc/msp430/4.6.3/mmpy-16/libgcc.a(_udivmod32.o)
 .text.libgcc   0x0000000000008c46       0x40 /usr/lib/gcc/msp430/4.6.3/mmpy-16/libgcc.a(_udivmod32.o)
                0x0000000000008c46                __udivsi3
                0x0000000000008c46                __ext_udivmod32
                0x0000000000008c7c                __umodsi3
 .text          0x0000000000008c86        0x0 /usr/lib/gcc/msp430/4.6.3/mmpy-16/libgcc.a(_divmod32.o)
 .text.libgcc   0x0000000000008c86       0x4c /usr/lib/gcc/msp430/4.6.3/mmpy-16/libgcc.a(_divmod32.o)
                0x0000000000008c86                __ext_divmod32
                0x0000000000008c86                __divsi3
                0x0000000000008cc8                __modsi3
 .text          0x0000000000008cd2       0x42 /usr/lib/gcc/msp430/4.6.3/mmpy-16/libgcc.a(_fixunssfsi.o)
                0x0000000000008cd2                __fixunssfsi
 .text          0x0000000000008d14      0x32e /usr/lib/gcc/msp430/4.6.3/mmpy-16/libgcc.a(_addsub_sf.o)
                0x0000000000008fa6                __addsf3
                0x0000000000008ff2                __subsf3
 .text          0x0000000000009042      0x224 /usr/lib/gcc/msp430/4.6.3/mmpy-16/libgcc.a(_mul_sf.o)
                0x0000000000009042                __mulsf3
 .text          0x0000000000009266       0x50 /usr/lib/gcc/msp430/4.6.3/mmpy-16/libgcc.a(_ge_sf.o)
                0x0000000000009266                __gesf2
 .text          0x00000000000092b6       0x90 /usr/lib/gcc/msp430/4.6.3/mmpy-16/libgcc.a(_sf_to_si.o)
                0x00000000000092b6                __fixsfsi
 .text          0x0000000000009346        0x0 /usr/lib/gcc/msp430/4.6.3/mmpy-16/libgcc.a(_thenan_sf.o)
 .text          0x0000000000009346       0xe2 /usr/lib/gcc/msp430/4.6.3/mmpy-16/libgcc.a(_usi_to_sf.o)
                0x0000000000009346                __floatunsisf
 .text          0x0000000000009428       0x72 /usr/lib/gcc/msp430/4.6.3/mmpy-16/libgcc.a(_clzsi2.o)
                0x0000000000009428                __clzsi2
 .text          0x000000000000949a      0x1de /usr/lib/gcc/msp430/4.6.3/mmpy-16/libgcc.a(_pack_sf.o)
                0x000000000000949a                __pack_f
 .text          0x0000000000009678      0x124 /usr/lib/gcc/msp430/4.6.3/mmpy-16/libgcc.a(_unpack_sf.o)
                0x0000000000009678                __unpack_f
 .text          0x000000000000979c       0xa4 /usr/lib/gcc/msp430/4.6.3/mmpy-16/libgcc.a(_fpcmp_parts_sf.o)
                0x000000000000979c                __fpcmp_parts_f
 .text          0x0000000000009840        0x0 /usr/lib/gcc/msp430/4.6.3/mmpy-16/libgcc.a(_clz.o)
 .text          0x0000000000009840       0x1e /usr/lib/gcc/msp430/4.6.3/../../../../msp430/lib/mmpy-16/libc.a(strcmp.o)
                0x0000000000009840                strcmp
 .text          0x000000000000985e       0x2a /usr/lib/gcc/msp430/4.6.3/../../../../msp430/lib/mmpy-16/libc.a(strncpy.o)
                0x000000000000985e                strncpy
 .text          0x0000000000009888       0x1e /usr/lib/gcc/msp430/4.6.3/../../../../msp430/lib/mmpy-16/libc.a(printf.o)
                0x0000000000009888                printf
                0x0000000000009898                vprintf
 .text          0x00000000000098a6      0x836 /usr/lib/gcc/msp430/4.6.3/../../../../msp430/lib/mmpy-16/libc.a(vuprintf.o)
                0x0000000000009a3e                vuprintf
 .text          0x000000000000a0dc       0x2c /usr/lib/gcc/msp430/4.6.3/../../../../msp430/lib/mmpy-16/libc.a(puts.o)
                0x000000000000a0dc                puts
 .text          0x000000000000a108        0x0 /usr/lib/gcc/msp430/4.6.3/mmpy-16/libgcc.a(_udivmod64.o)
 .text.libgcc   0x000000000000a108       0xf0 /usr/lib/gcc/msp430/4.6.3/mmpy-16/libgcc.a(_udivmod64.o)
                0x000000000000a108                __xabi_udivmod64
                0x000000000000a166                __udivdi3
                0x000000000000a18c                __umoddi3
                0x000000000000a1ba                __udivmoddi4
 .text          0x000000000000a1f8        0x0 /usr/lib/gcc/msp430/4.6.3/mmpy-16/libcrt0.a(_reset_vector__.o)
 .text          0x000000000000a1f8        0x0 /usr/lib/gcc/msp430/4.6.3/mmpy-16/libcrt0.a(__watchdog_support.o)
 .text          0x000000000000a1f8        0x0 /usr/lib/gcc/msp430/4.6.3/mmpy-16/libcrt0.a(__init_stack.o)
 .text          0x000000000000a1f8        0x0 /usr/lib/gcc/msp430/4.6.3/mmpy-16/libcrt0.a(__low_level_init.o)
 .text          0x000000000000a1f8        0x0 /usr/lib/gcc/msp430/4.6.3/mmpy-16/libcrt0.a(_copy_data.o)
 .text          0x000000000000a1f8        0x0 /usr/lib/gcc/msp430/4.6.3/mmpy-16/libcrt0.a(_clear_bss.o)
 .text          0x000000000000a1f8        0x0 /usr/lib/gcc/msp430/4.6.3/mmpy-16/libcrt0.a(__stop_progExec__.o)
 .text          0x000000000000a1f8        0x0 /usr/lib/gcc/msp430/4.6.3/mmpy-16/libcrt0.a(_endless_loop__.o)
 .text          0x000000000000a1f8        0x0 /usr/lib/gcc/msp430/4.6.3/mmpy-16/libcrt0.a(_unexpected_.o)
 .text.crt0     0x000000000000a1f8        0x2 /usr/lib/gcc/msp430/4.6.3/mmpy-16/libcrt0.a(_unexpected_.o)
                0x000000000000a1f8                _unexpected_
                0x000000000000a1fa                . = ALIGN (0x2)

.rodata         0x000000000000a1fa      0x266
                0x000000000000a1fa                . = ALIGN (0x2)
 *(.rodata .rodata.* .gnu.linkonce.r.*)
 .rodata        0x000000000000a1fa       0x50 staffetta-test.co
                0x000000000000a236                autostart_processes
 .rodata        0x000000000000a24a       0x50 obj_sky/contiki-sky-main.o
 .rodata        0x000000000000a29a        0xc contiki-sky.a(etimer.o)
 .rodata        0x000000000000a2a6       0x4a contiki-sky.a(energytrace.o)
 .rodata        0x000000000000a2f0       0x50 contiki-sky.a(staffetta.o)
 .rodata        0x000000000000a340        0xf contiki-sky.a(ctimer.o)
 *fill*         0x000000000000a34f        0x1 00
 .rodata        0x000000000000a350        0x8 /usr/lib/gcc/msp430/4.6.3/mmpy-16/libgcc.a(_thenan_sf.o)
                0x000000000000a350                __thenan_sf
 .rodata        0x000000000000a358      0x100 /usr/lib/gcc/msp430/4.6.3/mmpy-16/libgcc.a(_clz.o)
                0x000000000000a358                __clz_tab
 .rodata        0x000000000000a458        0x7 /usr/lib/gcc/msp430/4.6.3/../../../../msp430/lib/mmpy-16/libc.a(vuprintf.o)
                0x000000000000a460                . = ALIGN (0x2)
 *fill*         0x000000000000a45f        0x1 00
                0x000000000000a460                _etext = .

.data           0x0000000000001100       0x4e load address 0x000000000000a460
                0x0000000000001100                . = ALIGN (0x2)
                0x0000000000001100                PROVIDE (__data_start, .)
 *(.data .data.* .gnu.linkonce.d.*)
 .data          0x0000000000001100        0x0 /usr/lib/gcc/msp430/4.6.3/mmpy-16/crt0ivtbl16.o
 .data          0x0000000000001100       0x14 staffetta-test.co
                0x0000000000001100                staffetta_print_stats_process
                0x000000000000110a                staffetta_test
 .data          0x0000000000001114        0x4 obj_sky/contiki-sky-main.o
                0x0000000000001114                TOS_LOCAL_ADDRESS
                0x0000000000001116                TOS_NODE_ID
 .data          0x0000000000001118        0x0 contiki-sky.a(process.o)
 .data          0x0000000000001118        0x0 contiki-sky.a(autostart.o)
 .data          0x0000000000001118        0x0 contiki-sky.a(random.o)
 .data          0x0000000000001118        0xa contiki-sky.a(etimer.o)
                0x0000000000001118                etimer_process
 .data          0x0000000000001122        0x0 contiki-sky.a(energest.o)
 .data          0x0000000000001122        0x0 contiki-sky.a(rtimer.o)
 .data          0x0000000000001122        0x0 contiki-sky.a(metric.o)
 .data          0x0000000000001122        0x0 contiki-sky.a(gpio.o)
 .data          0x0000000000001122       0x18 contiki-sky.a(energytrace.o)
                0x0000000000001122                energytrace_process_print
                0x000000000000112c                energytrace_process
                0x0000000000001136                remaining_energy
 .data          0x000000000000113a        0x8 contiki-sky.a(staffetta.o)
 .data          0x0000000000001142        0x2 contiki-sky.a(msp430.o)
 .data          0x0000000000001144        0x0 contiki-sky.a(leds.o)
 .data          0x0000000000001144        0x0 contiki-sky.a(watchdog.o)
 .data          0x0000000000001144        0x0 contiki-sky.a(xmem.o)
 .data          0x0000000000001144        0x0 contiki-sky.a(cc2420.o)
 .data          0x0000000000001144        0x0 contiki-sky.a(node-id.o)
 .data          0x0000000000001144        0x0 contiki-sky.a(uart1.o)
 .data          0x0000000000001144        0x0 contiki-sky.a(clock.o)
 .data          0x0000000000001144        0x0 contiki-sky.a(leds-arch.o)
 .data          0x0000000000001144        0x0 contiki-sky.a(uart1-putchar.o)
 .data          0x0000000000001144        0x0 contiki-sky.a(rtimer-arch.o)
 .data          0x0000000000001144        0x0 contiki-sky.a(rand.o)
 .data          0x0000000000001144        0x0 contiki-sky.a(timer.o)
 .data          0x0000000000001144        0xa contiki-sky.a(ctimer.o)
                0x0000000000001144                ctimer_process
 .data          0x000000000000114e        0x0 contiki-sky.a(ringbuf.o)
 .data          0x000000000000114e        0x0 contiki-sky.a(spi.o)
 .data          0x000000000000114e        0x0 contiki-sky.a(list.o)
 .data          0x000000000000114e        0x0 /usr/lib/gcc/msp430/4.6.3/mmpy-16/libgcc.a(_mulsi3.o)
 .data          0x000000000000114e        0x0 /usr/lib/gcc/msp430/4.6.3/mmpy-16/libgcc.a(_udivmod16.o)
 .data          0x000000000000114e        0x0 /usr/lib/gcc/msp430/4.6.3/mmpy-16/libgcc.a(_divmod16.o)
 .data          0x000000000000114e        0x0 /usr/lib/gcc/msp430/4.6.3/mmpy-16/libgcc.a(_udivmod32.o)
 .data          0x000000000000114e        0x0 /usr/lib/gcc/msp430/4.6.3/mmpy-16/libgcc.a(_divmod32.o)
 .data          0x000000000000114e        0x0 /usr/lib/gcc/msp430/4.6.3/mmpy-16/libgcc.a(_fixunssfsi.o)
 .data          0x000000000000114e        0x0 /usr/lib/gcc/msp430/4.6.3/mmpy-16/libgcc.a(_addsub_sf.o)
 .data          0x000000000000114e        0x0 /usr/lib/gcc/msp430/4.6.3/mmpy-16/libgcc.a(_mul_sf.o)
 .data          0x000000000000114e        0x0 /usr/lib/gcc/msp430/4.6.3/mmpy-16/libgcc.a(_ge_sf.o)
 .data          0x000000000000114e        0x0 /usr/lib/gcc/msp430/4.6.3/mmpy-16/libgcc.a(_sf_to_si.o)
 .data          0x000000000000114e        0x0 /usr/lib/gcc/msp430/4.6.3/mmpy-16/libgcc.a(_thenan_sf.o)
 .data          0x000000000000114e        0x0 /usr/lib/gcc/msp430/4.6.3/mmpy-16/libgcc.a(_usi_to_sf.o)
 .data          0x000000000000114e        0x0 /usr/lib/gcc/msp430/4.6.3/mmpy-16/libgcc.a(_clzsi2.o)
 .data          0x000000000000114e        0x0 /usr/lib/gcc/msp430/4.6.3/mmpy-16/libgcc.a(_pack_sf.o)
 .data          0x000000000000114e        0x0 /usr/lib/gcc/msp430/4.6.3/mmpy-16/libgcc.a(_unpack_sf.o)
 .data          0x000000000000114e        0x0 /usr/lib/gcc/msp430/4.6.3/mmpy-16/libgcc.a(_fpcmp_parts_sf.o)
 .data          0x000000000000114e        0x0 /usr/lib/gcc/msp430/4.6.3/mmpy-16/libgcc.a(_clz.o)
 .data          0x000000000000114e        0x0 /usr/lib/gcc/msp430/4.6.3/../../../../msp430/lib/mmpy-16/libc.a(strcmp.o)
 .data          0x000000000000114e        0x0 /usr/lib/gcc/msp430/4.6.3/../../../../msp430/lib/mmpy-16/libc.a(strncpy.o)
 .data          0x000000000000114e        0x0 /usr/lib/gcc/msp430/4.6.3/../../../../msp430/lib/mmpy-16/libc.a(printf.o)
 .data          0x000000000000114e        0x0 /usr/lib/gcc/msp430/4.6.3/../../../../msp430/lib/mmpy-16/libc.a(vuprintf.o)
 .data          0x000000000000114e        0x0 /usr/lib/gcc/msp430/4.6.3/../../../../msp430/lib/mmpy-16/libc.a(puts.o)
 .data          0x000000000000114e        0x0 /usr/lib/gcc/msp430/4.6.3/mmpy-16/libgcc.a(_udivmod64.o)
 .data          0x000000000000114e        0x0 /usr/lib/gcc/msp430/4.6.3/mmpy-16/libcrt0.a(_reset_vector__.o)
 .data          0x000000000000114e        0x0 /usr/lib/gcc/msp430/4.6.3/mmpy-16/libcrt0.a(__watchdog_support.o)
 .data          0x000000000000114e        0x0 /usr/lib/gcc/msp430/4.6.3/mmpy-16/libcrt0.a(__init_stack.o)
 .data          0x000000000000114e        0x0 /usr/lib/gcc/msp430/4.6.3/mmpy-16/libcrt0.a(__low_level_init.o)
 .data          0x000000000000114e        0x0 /usr/lib/gcc/msp430/4.6.3/mmpy-16/libcrt0.a(_copy_data.o)
 .data          0x000000000000114e        0x0 /usr/lib/gcc/msp430/4.6.3/mmpy-16/libcrt0.a(_clear_bss.o)
 .data          0x000000000000114e        0x0 /usr/lib/gcc/msp430/4.6.3/mmpy-16/libcrt0.a(__stop_progExec__.o)
 .data          0x000000000000114e        0x0 /usr/lib/gcc/msp430/4.6.3/mmpy-16/libcrt0.a(_endless_loop__.o)
 .data          0x000000000000114e        0x0 /usr/lib/gcc/msp430/4.6.3/mmpy-16/libcrt0.a(_unexpected_.o)
                0x000000000000114e                . = ALIGN (0x2)
                0x000000000000114e                _edata = .
                0x000000000000a460                PROVIDE (__data_load_start, LOADADDR (.data))
                0x000000000000004e                PROVIDE (__data_size, SIZEOF (.data))

.bss            0x000000000000114e      0x8aa load address 0x000000000000a4ae
                0x000000000000114e                PROVIDE (__bss_start, .)
 *(.bss .bss.*)
 .bss           0x000000000000114e        0x0 /usr/lib/gcc/msp430/4.6.3/mmpy-16/crt0ivtbl16.o
 .bss           0x000000000000114e       0x1c staffetta-test.co
 .bss           0x000000000000116a        0x4 obj_sky/contiki-sky-main.o
 .bss           0x000000000000116e       0x42 contiki-sky.a(process.o)
                0x000000000000116e                process_current
                0x0000000000001170                process_list
 .bss           0x00000000000011b0        0x0 contiki-sky.a(autostart.o)
 .bss           0x00000000000011b0        0x0 contiki-sky.a(random.o)
 .bss           0x00000000000011b0        0x6 contiki-sky.a(etimer.o)
 .bss           0x00000000000011b6        0x0 contiki-sky.a(energest.o)
 .bss           0x00000000000011b6        0x2 contiki-sky.a(rtimer.o)
 .bss           0x00000000000011b8        0x4 contiki-sky.a(metric.o)
                0x00000000000011b8                harvesting_rate
                0x00000000000011ba                node_energy_state
 .bss           0x00000000000011bc        0x2 contiki-sky.a(gpio.o)
 .bss           0x00000000000011be       0xce contiki-sky.a(energytrace.o)
                0x00000000000011be                acum_harvest
                0x00000000000011c2                acum_consumption
                0x00000000000011c6                harvesting_array_index
                0x00000000000011c8                harvesting_rate_array
                0x00000000000011dc                node_dc_state
                0x00000000000011de                node_state_old
 .bss           0x000000000000128c      0x6ae contiki-sky.a(staffetta.o)
 .bss           0x000000000000193a        0x0 contiki-sky.a(msp430.o)
 .bss           0x000000000000193a        0x2 contiki-sky.a(leds.o)
 .bss           0x000000000000193c        0x2 contiki-sky.a(watchdog.o)
 .bss           0x000000000000193e        0x0 contiki-sky.a(xmem.o)
 .bss           0x000000000000193e        0x0 contiki-sky.a(cc2420.o)
 .bss           0x000000000000193e        0x2 contiki-sky.a(node-id.o)
                0x000000000000193e                node_id
 .bss           0x0000000000001940       0x4a contiki-sky.a(uart1.o)
 .bss           0x000000000000198a        0xa contiki-sky.a(clock.o)
 .bss           0x0000000000001994        0x0 contiki-sky.a(leds-arch.o)
 .bss           0x0000000000001994        0x0 contiki-sky.a(uart1-putchar.o)
 .bss           0x0000000000001994        0x0 contiki-sky.a(rtimer-arch.o)
 .bss           0x0000000000001994        0x0 contiki-sky.a(rand.o)
 .bss           0x0000000000001994        0x0 contiki-sky.a(timer.o)
 .bss           0x0000000000001994        0x4 contiki-sky.a(ctimer.o)
 .bss           0x0000000000001998        0x0 contiki-sky.a(ringbuf.o)
 .bss           0x0000000000001998        0x2 contiki-sky.a(spi.o)
                0x0000000000001998                spi_busy
 .bss           0x000000000000199a        0x0 contiki-sky.a(list.o)
 .bss           0x000000000000199a        0x0 /usr/lib/gcc/msp430/4.6.3/mmpy-16/libgcc.a(_mulsi3.o)
 .bss           0x000000000000199a        0x0 /usr/lib/gcc/msp430/4.6.3/mmpy-16/libgcc.a(_udivmod16.o)
 .bss           0x000000000000199a        0x0 /usr/lib/gcc/msp430/4.6.3/mmpy-16/libgcc.a(_divmod16.o)
 .bss           0x000000000000199a        0x0 /usr/lib/gcc/msp430/4.6.3/mmpy-16/libgcc.a(_udivmod32.o)
 .bss           0x000000000000199a        0x0 /usr/lib/gcc/msp430/4.6.3/mmpy-16/libgcc.a(_divmod32.o)
 .bss           0x000000000000199a        0x0 /usr/lib/gcc/msp430/4.6.3/mmpy-16/libgcc.a(_fixunssfsi.o)
 .bss           0x000000000000199a        0x0 /usr/lib/gcc/msp430/4.6.3/mmpy-16/libgcc.a(_addsub_sf.o)
 .bss           0x000000000000199a        0x0 /usr/lib/gcc/msp430/4.6.3/mmpy-16/libgcc.a(_mul_sf.o)
 .bss           0x000000000000199a        0x0 /usr/lib/gcc/msp430/4.6.3/mmpy-16/libgcc.a(_ge_sf.o)
 .bss           0x000000000000199a        0x0 /usr/lib/gcc/msp430/4.6.3/mmpy-16/libgcc.a(_sf_to_si.o)
 .bss           0x000000000000199a        0x0 /usr/lib/gcc/msp430/4.6.3/mmpy-16/libgcc.a(_thenan_sf.o)
 .bss           0x000000000000199a        0x0 /usr/lib/gcc/msp430/4.6.3/mmpy-16/libgcc.a(_usi_to_sf.o)
 .bss           0x000000000000199a        0x0 /usr/lib/gcc/msp430/4.6.3/mmpy-16/libgcc.a(_clzsi2.o)
 .bss           0x000000000000199a        0x0 /usr/lib/gcc/msp430/4.6.3/mmpy-16/libgcc.a(_pack_sf.o)
 .bss           0x000000000000199a        0x0 /usr/lib/gcc/msp430/4.6.3/mmpy-16/libgcc.a(_unpack_sf.o)
 .bss           0x000000000000199a        0x0 /usr/lib/gcc/msp430/4.6.3/mmpy-16/libgcc.a(_fpcmp_parts_sf.o)
 .bss           0x000000000000199a        0x0 /usr/lib/gcc/msp430/4.6.3/mmpy-16/libgcc.a(_clz.o)
 .bss           0x000000000000199a        0x0 /usr/lib/gcc/msp430/4.6.3/../../../../msp430/lib/mmpy-16/libc.a(strcmp.o)
 .bss           0x000000000000199a        0x0 /usr/lib/gcc/msp430/4.6.3/../../../../msp430/lib/mmpy-16/libc.a(strncpy.o)
 .bss           0x000000000000199a        0x0 /usr/lib/gcc/msp430/4.6.3/../../../../msp430/lib/mmpy-16/libc.a(printf.o)
 .bss           0x000000000000199a        0x0 /usr/lib/gcc/msp430/4.6.3/../../../../msp430/lib/mmpy-16/libc.a(vuprintf.o)
 .bss           0x000000000000199a        0x0 /usr/lib/gcc/msp430/4.6.3/../../../../msp430/lib/mmpy-16/libc.a(puts.o)
 .bss           0x000000000000199a        0x0 /usr/lib/gcc/msp430/4.6.3/mmpy-16/libgcc.a(_udivmod64.o)
 .bss           0x000000000000199a        0x0 /usr/lib/gcc/msp430/4.6.3/mmpy-16/libcrt0.a(_reset_vector__.o)
 .bss           0x000000000000199a        0x0 /usr/lib/gcc/msp430/4.6.3/mmpy-16/libcrt0.a(__watchdog_support.o)
 .bss           0x000000000000199a        0x0 /usr/lib/gcc/msp430/4.6.3/mmpy-16/libcrt0.a(__init_stack.o)
 .bss           0x000000000000199a        0x0 /usr/lib/gcc/msp430/4.6.3/mmpy-16/libcrt0.a(__low_level_init.o)
 .bss           0x000000000000199a        0x0 /usr/lib/gcc/msp430/4.6.3/mmpy-16/libcrt0.a(_copy_data.o)
 .bss           0x000000000000199a        0x0 /usr/lib/gcc/msp430/4.6.3/mmpy-16/libcrt0.a(_clear_bss.o)
 .bss           0x000000000000199a        0x0 /usr/lib/gcc/msp430/4.6.3/mmpy-16/libcrt0.a(__stop_progExec__.o)
 .bss           0x000000000000199a        0x0 /usr/lib/gcc/msp430/4.6.3/mmpy-16/libcrt0.a(_endless_loop__.o)
 .bss           0x000000000000199a        0x0 /usr/lib/gcc/msp430/4.6.3/mmpy-16/libcrt0.a(_unexpected_.o)
 *(COMMON)
 COMMON         0x000000000000199a        0x1 contiki-sky.a(process.o)
                0x000000000000199a                process_maxevents
 *fill*         0x000000000000199b        0x1 00
 COMMON         0x000000000000199c       0x56 contiki-sky.a(energest.o)
                0x000000000000199c                energest_total_time
                0x00000000000019cc                energest_total_count
                0x00000000000019ce                energest_current_mode
                0x00000000000019da                energest_current_time
 COMMON         0x00000000000019f2        0x2 contiki-sky.a(metric.o)
                0x00000000000019f2                node_duty_cycle
 COMMON         0x00000000000019f4        0x3 contiki-sky.a(energytrace.o)
                0x00000000000019f4                node_state
                0x00000000000019f6                node_activation_ev
                0x00000000000019f8                . = ALIGN (0x2)
 *fill*         0x00000000000019f7        0x1 00
                0x00000000000019f8                PROVIDE (__bss_end, .)
                0x00000000000008aa                PROVIDE (__bss_size, SIZEOF (.bss))

.noinit         0x00000000000019f8        0x6 load address 0x000000000000a4ae
                0x00000000000019f8                PROVIDE (__noinit_start, .)
 *(.noinit .noinit.*)
 .noinit        0x00000000000019f8        0x4 contiki-sky.a(rand.o)
                0x00000000000019f8                rand_state
 .noinit.crt0   0x00000000000019fc        0x2 /usr/lib/gcc/msp430/4.6.3/mmpy-16/libcrt0.a(__watchdog_support.o)
                0x00000000000019fc                __wdt_clear_value
                0x00000000000019fe                . = ALIGN (0x2)
                0x00000000000019fe                PROVIDE (__noinit_end, .)
                0x00000000000019fe                . = ALIGN (0x2)
                0x00000000000019fe                _end = .

.infomem        0x0000000000001000        0x0
 *(.infomem)
                0x0000000000001000                . = ALIGN (0x2)
 *(.infomem.*)

.infomemnobits  0x0000000000001000        0x0
 *(.infomemnobits)
                0x0000000000001000                . = ALIGN (0x2)
 *(.infomemnobits.*)

.infoa
 *(.infoa .infoa.*)

.infob
 *(.infob .infob.*)

.infoc
 *(.infoc .infoc.*)

.infod
 *(.infod .infod.*)

.vectors        0x000000000000ffe0       0x20
                0x000000000000ffe0                PROVIDE (__vectors_start, .)
 *(.vectors*)
 .vectors       0x000000000000ffe0       0x20 /usr/lib/gcc/msp430/4.6.3/mmpy-16/crt0ivtbl16.o
                0x000000000000ffe0                __ivtbl_16
                0x0000000000010000                _vectors_end = .

.fartext        0x0000000000000000        0x0
                0x0000000000000000                . = ALIGN (0x2)
 *(.fartext)
                0x0000000000000000                . = ALIGN (0x2)
 *(.fartext.*)
                0x0000000000000000                _efartext = .

.profiler
 *(.profiler)

.stab
 *(.stab)

.stabstr
 *(.stabstr)

.stab.excl
 *(.stab.excl)

.stab.exclstr
 *(.stab.exclstr)

.stab.index
 *(.stab.index)

.stab.indexstr
 *(.stab.indexstr)

.comment
 *(.comment)

.debug
 *(.debug)

.line
 *(.line)

.debug_srcinfo
 *(.debug_srcinfo)

.debug_sfnames
 *(.debug_sfnames)

.debug_aranges  0x0000000000000000      0x460
 *(.debug_aranges)
 .debug_aranges
                0x0000000000000000       0x14 staffetta-test.co
 .debug_aranges
                0x0000000000000014       0x14 obj_sky/contiki-sky-main.o
 .debug_aranges
                0x0000000000000028       0x14 contiki-sky.a(process.o)
 .debug_aranges
                0x000000000000003c       0x14 contiki-sky.a(autostart.o)
 .debug_aranges
                0x0000000000000050       0x14 contiki-sky.a(random.o)
 .debug_aranges
                0x0000000000000064       0x14 contiki-sky.a(etimer.o)
 .debug_aranges
                0x0000000000000078       0x14 contiki-sky.a(energest.o)
 .debug_aranges
                0x000000000000008c       0x14 contiki-sky.a(rtimer.o)
 .debug_aranges
                0x00000000000000a0       0x14 contiki-sky.a(metric.o)
 .debug_aranges
                0x00000000000000b4       0x14 contiki-sky.a(gpio.o)
 .debug_aranges
                0x00000000000000c8       0x14 contiki-sky.a(energytrace.o)
 .debug_aranges
                0x00000000000000dc       0x14 contiki-sky.a(staffetta.o)
 .debug_aranges
                0x00000000000000f0       0x14 contiki-sky.a(msp430.o)
 .debug_aranges
                0x0000000000000104       0x14 contiki-sky.a(leds.o)
 .debug_aranges
                0x0000000000000118       0x14 contiki-sky.a(watchdog.o)
 .debug_aranges
                0x000000000000012c       0x14 contiki-sky.a(xmem.o)
 .debug_aranges
                0x0000000000000140       0x14 contiki-sky.a(cc2420.o)
 .debug_aranges
                0x0000000000000154       0x14 contiki-sky.a(node-id.o)
 .debug_aranges
                0x0000000000000168       0x14 contiki-sky.a(uart1.o)
 .debug_aranges
                0x000000000000017c       0x14 contiki-sky.a(clock.o)
 .debug_aranges
                0x0000000000000190       0x14 contiki-sky.a(leds-arch.o)
 .debug_aranges
                0x00000000000001a4       0x14 contiki-sky.a(uart1-putchar.o)
 .debug_aranges
                0x00000000000001b8       0x14 contiki-sky.a(rtimer-arch.o)
 .debug_aranges
                0x00000000000001cc       0x14 contiki-sky.a(rand.o)
 .debug_aranges
                0x00000000000001e0       0x14 contiki-sky.a(timer.o)
 .debug_aranges
                0x00000000000001f4       0x14 contiki-sky.a(ctimer.o)
 .debug_aranges
                0x0000000000000208       0x14 contiki-sky.a(ringbuf.o)
 .debug_aranges
                0x000000000000021c       0x14 contiki-sky.a(spi.o)
 .debug_aranges
                0x0000000000000230       0x14 contiki-sky.a(list.o)
 .debug_aranges
                0x0000000000000244       0x14 /usr/lib/gcc/msp430/4.6.3/mmpy-16/libgcc.a(_mulsi3.o)
 .debug_aranges
                0x0000000000000258       0x14 /usr/lib/gcc/msp430/4.6.3/mmpy-16/libgcc.a(_udivmod16.o)
 .debug_aranges
                0x000000000000026c       0x14 /usr/lib/gcc/msp430/4.6.3/mmpy-16/libgcc.a(_divmod16.o)
 .debug_aranges
                0x0000000000000280       0x14 /usr/lib/gcc/msp430/4.6.3/mmpy-16/libgcc.a(_udivmod32.o)
 .debug_aranges
                0x0000000000000294       0x14 /usr/lib/gcc/msp430/4.6.3/mmpy-16/libgcc.a(_divmod32.o)
 .debug_aranges
                0x00000000000002a8       0x14 /usr/lib/gcc/msp430/4.6.3/mmpy-16/libgcc.a(_fixunssfsi.o)
 .debug_aranges
                0x00000000000002bc       0x14 /usr/lib/gcc/msp430/4.6.3/mmpy-16/libgcc.a(_addsub_sf.o)
 .debug_aranges
                0x00000000000002d0       0x14 /usr/lib/gcc/msp430/4.6.3/mmpy-16/libgcc.a(_mul_sf.o)
 .debug_aranges
                0x00000000000002e4       0x14 /usr/lib/gcc/msp430/4.6.3/mmpy-16/libgcc.a(_ge_sf.o)
 .debug_aranges
                0x00000000000002f8       0x14 /usr/lib/gcc/msp430/4.6.3/mmpy-16/libgcc.a(_sf_to_si.o)
 .debug_aranges
                0x000000000000030c       0x14 /usr/lib/gcc/msp430/4.6.3/mmpy-16/libgcc.a(_usi_to_sf.o)
 .debug_aranges
                0x0000000000000320       0x14 /usr/lib/gcc/msp430/4.6.3/mmpy-16/libgcc.a(_clzsi2.o)
 .debug_aranges
                0x0000000000000334       0x14 /usr/lib/gcc/msp430/4.6.3/mmpy-16/libgcc.a(_pack_sf.o)
 .debug_aranges
                0x0000000000000348       0x14 /usr/lib/gcc/msp430/4.6.3/mmpy-16/libgcc.a(_unpack_sf.o)
 .debug_aranges
                0x000000000000035c       0x14 /usr/lib/gcc/msp430/4.6.3/mmpy-16/libgcc.a(_fpcmp_parts_sf.o)
 .debug_aranges
                0x0000000000000370       0x14 /usr/lib/gcc/msp430/4.6.3/../../../../msp430/lib/mmpy-16/libc.a(strcmp.o)
 .debug_aranges
                0x0000000000000384       0x14 /usr/lib/gcc/msp430/4.6.3/../../../../msp430/lib/mmpy-16/libc.a(strncpy.o)
 .debug_aranges
                0x0000000000000398       0x14 /usr/lib/gcc/msp430/4.6.3/../../../../msp430/lib/mmpy-16/libc.a(printf.o)
 .debug_aranges
                0x00000000000003ac       0x14 /usr/lib/gcc/msp430/4.6.3/../../../../msp430/lib/mmpy-16/libc.a(vuprintf.o)
 .debug_aranges
                0x00000000000003c0       0x14 /usr/lib/gcc/msp430/4.6.3/../../../../msp430/lib/mmpy-16/libc.a(puts.o)
 .debug_aranges
                0x00000000000003d4       0x14 /usr/lib/gcc/msp430/4.6.3/mmpy-16/libgcc.a(_udivmod64.o)
 .debug_aranges
                0x00000000000003e8       0x14 /usr/lib/gcc/msp430/4.6.3/mmpy-16/libcrt0.a(__watchdog_support.o)
 .debug_aranges
                0x00000000000003fc       0x14 /usr/lib/gcc/msp430/4.6.3/mmpy-16/libcrt0.a(__init_stack.o)
 .debug_aranges
                0x0000000000000410       0x14 /usr/lib/gcc/msp430/4.6.3/mmpy-16/libcrt0.a(_copy_data.o)
 .debug_aranges
                0x0000000000000424       0x14 /usr/lib/gcc/msp430/4.6.3/mmpy-16/libcrt0.a(_clear_bss.o)
 .debug_aranges
                0x0000000000000438       0x14 /usr/lib/gcc/msp430/4.6.3/mmpy-16/libcrt0.a(_endless_loop__.o)
 .debug_aranges
                0x000000000000044c       0x14 /usr/lib/gcc/msp430/4.6.3/mmpy-16/libcrt0.a(_unexpected_.o)

.debug_pubnames
 *(.debug_pubnames)

.debug_info     0x0000000000000000     0x9951
 *(.debug_info)
 .debug_info    0x0000000000000000      0x43b staffetta-test.co
 .debug_info    0x000000000000043b      0x354 obj_sky/contiki-sky-main.o
 .debug_info    0x000000000000078f      0x53f contiki-sky.a(process.o)
 .debug_info    0x0000000000000cce      0x1ad contiki-sky.a(autostart.o)
 .debug_info    0x0000000000000e7b       0xa0 contiki-sky.a(random.o)
 .debug_info    0x0000000000000f1b      0x4aa contiki-sky.a(etimer.o)
 .debug_info    0x00000000000013c5      0x265 contiki-sky.a(energest.o)
 .debug_info    0x000000000000162a      0x203 contiki-sky.a(rtimer.o)
 .debug_info    0x000000000000182d      0x1f9 contiki-sky.a(metric.o)
 .debug_info    0x0000000000001a26      0x279 contiki-sky.a(gpio.o)
 .debug_info    0x0000000000001c9f     0x1d50 contiki-sky.a(energytrace.o)
 .debug_info    0x00000000000039ef      0xd5c contiki-sky.a(staffetta.o)
 .debug_info    0x000000000000474b      0x36a contiki-sky.a(msp430.o)
 .debug_info    0x0000000000004ab5      0x2fd contiki-sky.a(leds.o)
 .debug_info    0x0000000000004db2      0x129 contiki-sky.a(watchdog.o)
 .debug_info    0x0000000000004edb      0x4a8 contiki-sky.a(xmem.o)
 .debug_info    0x0000000000005383      0x3f8 contiki-sky.a(cc2420.o)
 .debug_info    0x000000000000577b       0xde contiki-sky.a(node-id.o)
 .debug_info    0x0000000000005859      0x2d6 contiki-sky.a(uart1.o)
 .debug_info    0x0000000000005b2f      0x391 contiki-sky.a(clock.o)
 .debug_info    0x0000000000005ec0       0xd9 contiki-sky.a(leds-arch.o)
 .debug_info    0x0000000000005f99       0x8b contiki-sky.a(uart1-putchar.o)
 .debug_info    0x0000000000006024       0xef contiki-sky.a(rtimer-arch.o)
 .debug_info    0x0000000000006113      0x14c contiki-sky.a(rand.o)
 .debug_info    0x000000000000625f      0x170 contiki-sky.a(timer.o)
 .debug_info    0x00000000000063cf      0x488 contiki-sky.a(ctimer.o)
 .debug_info    0x0000000000006857      0x1b0 contiki-sky.a(ringbuf.o)
 .debug_info    0x0000000000006a07      0x132 contiki-sky.a(spi.o)
 .debug_info    0x0000000000006b39      0x2f0 contiki-sky.a(list.o)
 .debug_info    0x0000000000006e29       0xd6 /usr/lib/gcc/msp430/4.6.3/mmpy-16/libgcc.a(_mulsi3.o)
 .debug_info    0x0000000000006eff       0xd6 /usr/lib/gcc/msp430/4.6.3/mmpy-16/libgcc.a(_udivmod16.o)
 .debug_info    0x0000000000006fd5       0xd6 /usr/lib/gcc/msp430/4.6.3/mmpy-16/libgcc.a(_divmod16.o)
 .debug_info    0x00000000000070ab       0xd6 /usr/lib/gcc/msp430/4.6.3/mmpy-16/libgcc.a(_udivmod32.o)
 .debug_info    0x0000000000007181       0xd6 /usr/lib/gcc/msp430/4.6.3/mmpy-16/libgcc.a(_divmod32.o)
 .debug_info    0x0000000000007257       0xb5 /usr/lib/gcc/msp430/4.6.3/mmpy-16/libgcc.a(_fixunssfsi.o)
 .debug_info    0x000000000000730c      0x425 /usr/lib/gcc/msp430/4.6.3/mmpy-16/libgcc.a(_addsub_sf.o)
 .debug_info    0x0000000000007731      0x3c9 /usr/lib/gcc/msp430/4.6.3/mmpy-16/libgcc.a(_mul_sf.o)
 .debug_info    0x0000000000007afa      0x26e /usr/lib/gcc/msp430/4.6.3/mmpy-16/libgcc.a(_ge_sf.o)
 .debug_info    0x0000000000007d68      0x289 /usr/lib/gcc/msp430/4.6.3/mmpy-16/libgcc.a(_sf_to_si.o)
 .debug_info    0x0000000000007ff1      0x144 /usr/lib/gcc/msp430/4.6.3/mmpy-16/libgcc.a(_thenan_sf.o)
 .debug_info    0x0000000000008135      0x204 /usr/lib/gcc/msp430/4.6.3/mmpy-16/libgcc.a(_usi_to_sf.o)
 .debug_info    0x0000000000008339      0x109 /usr/lib/gcc/msp430/4.6.3/mmpy-16/libgcc.a(_clzsi2.o)
 .debug_info    0x0000000000008442      0x2b1 /usr/lib/gcc/msp430/4.6.3/mmpy-16/libgcc.a(_pack_sf.o)
 .debug_info    0x00000000000086f3      0x23e /usr/lib/gcc/msp430/4.6.3/mmpy-16/libgcc.a(_unpack_sf.o)
 .debug_info    0x0000000000008931      0x1d5 /usr/lib/gcc/msp430/4.6.3/mmpy-16/libgcc.a(_fpcmp_parts_sf.o)
 .debug_info    0x0000000000008b06       0xa0 /usr/lib/gcc/msp430/4.6.3/mmpy-16/libgcc.a(_clz.o)
 .debug_info    0x0000000000008ba6       0xa4 /usr/lib/gcc/msp430/4.6.3/../../../../msp430/lib/mmpy-16/libc.a(strcmp.o)
 .debug_info    0x0000000000008c4a       0xe1 /usr/lib/gcc/msp430/4.6.3/../../../../msp430/lib/mmpy-16/libc.a(strncpy.o)
 .debug_info    0x0000000000008d2b      0x105 /usr/lib/gcc/msp430/4.6.3/../../../../msp430/lib/mmpy-16/libc.a(printf.o)
 .debug_info    0x0000000000008e30      0x565 /usr/lib/gcc/msp430/4.6.3/../../../../msp430/lib/mmpy-16/libc.a(vuprintf.o)
 .debug_info    0x0000000000009395       0x96 /usr/lib/gcc/msp430/4.6.3/../../../../msp430/lib/mmpy-16/libc.a(puts.o)
 .debug_info    0x000000000000942b       0xd6 /usr/lib/gcc/msp430/4.6.3/mmpy-16/libgcc.a(_udivmod64.o)
 .debug_info    0x0000000000009501       0xb8 /usr/lib/gcc/msp430/4.6.3/mmpy-16/libcrt0.a(__watchdog_support.o)
 .debug_info    0x00000000000095b9       0xb8 /usr/lib/gcc/msp430/4.6.3/mmpy-16/libcrt0.a(__init_stack.o)
 .debug_info    0x0000000000009671       0xb8 /usr/lib/gcc/msp430/4.6.3/mmpy-16/libcrt0.a(_copy_data.o)
 .debug_info    0x0000000000009729       0xb8 /usr/lib/gcc/msp430/4.6.3/mmpy-16/libcrt0.a(_clear_bss.o)
 .debug_info    0x00000000000097e1       0xb8 /usr/lib/gcc/msp430/4.6.3/mmpy-16/libcrt0.a(_endless_loop__.o)
 .debug_info    0x0000000000009899       0xb8 /usr/lib/gcc/msp430/4.6.3/mmpy-16/libcrt0.a(_unexpected_.o)
 *(.gnu.linkonce.wi.*)

.debug_abbrev   0x0000000000000000     0x3c36
 *(.debug_abbrev)
 .debug_abbrev  0x0000000000000000      0x1cb staffetta-test.co
 .debug_abbrev  0x00000000000001cb      0x1bc obj_sky/contiki-sky-main.o
 .debug_abbrev  0x0000000000000387      0x323 contiki-sky.a(process.o)
 .debug_abbrev  0x00000000000006aa       0xf5 contiki-sky.a(autostart.o)
 .debug_abbrev  0x000000000000079f       0x67 contiki-sky.a(random.o)
 .debug_abbrev  0x0000000000000806      0x27a contiki-sky.a(etimer.o)
 .debug_abbrev  0x0000000000000a80      0x14e contiki-sky.a(energest.o)
 .debug_abbrev  0x0000000000000bce      0x139 contiki-sky.a(rtimer.o)
 .debug_abbrev  0x0000000000000d07       0xe2 contiki-sky.a(metric.o)
 .debug_abbrev  0x0000000000000de9      0x115 contiki-sky.a(gpio.o)
 .debug_abbrev  0x0000000000000efe      0x41a contiki-sky.a(energytrace.o)
 .debug_abbrev  0x0000000000001318      0x409 contiki-sky.a(staffetta.o)
 .debug_abbrev  0x0000000000001721      0x157 contiki-sky.a(msp430.o)
 .debug_abbrev  0x0000000000001878      0x163 contiki-sky.a(leds.o)
 .debug_abbrev  0x00000000000019db       0x91 contiki-sky.a(watchdog.o)
 .debug_abbrev  0x0000000000001a6c      0x21f contiki-sky.a(xmem.o)
 .debug_abbrev  0x0000000000001c8b      0x161 contiki-sky.a(cc2420.o)
 .debug_abbrev  0x0000000000001dec       0x82 contiki-sky.a(node-id.o)
 .debug_abbrev  0x0000000000001e6e      0x162 contiki-sky.a(uart1.o)
 .debug_abbrev  0x0000000000001fd0      0x1b5 contiki-sky.a(clock.o)
 .debug_abbrev  0x0000000000002185       0x97 contiki-sky.a(leds-arch.o)
 .debug_abbrev  0x000000000000221c       0x50 contiki-sky.a(uart1-putchar.o)
 .debug_abbrev  0x000000000000226c       0xa2 contiki-sky.a(rtimer-arch.o)
 .debug_abbrev  0x000000000000230e       0xae contiki-sky.a(rand.o)
 .debug_abbrev  0x00000000000023bc       0xf8 contiki-sky.a(timer.o)
 .debug_abbrev  0x00000000000024b4      0x1cb contiki-sky.a(ctimer.o)
 .debug_abbrev  0x000000000000267f      0x109 contiki-sky.a(ringbuf.o)
 .debug_abbrev  0x0000000000002788       0x97 contiki-sky.a(spi.o)
 .debug_abbrev  0x000000000000281f      0x151 contiki-sky.a(list.o)
 .debug_abbrev  0x0000000000002970       0x14 /usr/lib/gcc/msp430/4.6.3/mmpy-16/libgcc.a(_mulsi3.o)
 .debug_abbrev  0x0000000000002984       0x14 /usr/lib/gcc/msp430/4.6.3/mmpy-16/libgcc.a(_udivmod16.o)
 .debug_abbrev  0x0000000000002998       0x14 /usr/lib/gcc/msp430/4.6.3/mmpy-16/libgcc.a(_divmod16.o)
 .debug_abbrev  0x00000000000029ac       0x14 /usr/lib/gcc/msp430/4.6.3/mmpy-16/libgcc.a(_udivmod32.o)
 .debug_abbrev  0x00000000000029c0       0x14 /usr/lib/gcc/msp430/4.6.3/mmpy-16/libgcc.a(_divmod32.o)
 .debug_abbrev  0x00000000000029d4       0x5d /usr/lib/gcc/msp430/4.6.3/mmpy-16/libgcc.a(_fixunssfsi.o)
 .debug_abbrev  0x0000000000002a31      0x1ab /usr/lib/gcc/msp430/4.6.3/mmpy-16/libgcc.a(_addsub_sf.o)
 .debug_abbrev  0x0000000000002bdc      0x1d9 /usr/lib/gcc/msp430/4.6.3/mmpy-16/libgcc.a(_mul_sf.o)
 .debug_abbrev  0x0000000000002db5      0x151 /usr/lib/gcc/msp430/4.6.3/mmpy-16/libgcc.a(_ge_sf.o)
 .debug_abbrev  0x0000000000002f06      0x160 /usr/lib/gcc/msp430/4.6.3/mmpy-16/libgcc.a(_sf_to_si.o)
 .debug_abbrev  0x0000000000003066       0xba /usr/lib/gcc/msp430/4.6.3/mmpy-16/libgcc.a(_thenan_sf.o)
 .debug_abbrev  0x0000000000003120      0x173 /usr/lib/gcc/msp430/4.6.3/mmpy-16/libgcc.a(_usi_to_sf.o)
 .debug_abbrev  0x0000000000003293       0xac /usr/lib/gcc/msp430/4.6.3/mmpy-16/libgcc.a(_clzsi2.o)
 .debug_abbrev  0x000000000000333f      0x192 /usr/lib/gcc/msp430/4.6.3/mmpy-16/libgcc.a(_pack_sf.o)
 .debug_abbrev  0x00000000000034d1      0x15a /usr/lib/gcc/msp430/4.6.3/mmpy-16/libgcc.a(_unpack_sf.o)
 .debug_abbrev  0x000000000000362b      0x10b /usr/lib/gcc/msp430/4.6.3/mmpy-16/libgcc.a(_fpcmp_parts_sf.o)
 .debug_abbrev  0x0000000000003736       0x61 /usr/lib/gcc/msp430/4.6.3/mmpy-16/libgcc.a(_clz.o)
 .debug_abbrev  0x0000000000003797       0x60 /usr/lib/gcc/msp430/4.6.3/../../../../msp430/lib/mmpy-16/libc.a(strcmp.o)
 .debug_abbrev  0x00000000000037f7       0x94 /usr/lib/gcc/msp430/4.6.3/../../../../msp430/lib/mmpy-16/libc.a(strncpy.o)
 .debug_abbrev  0x000000000000388b       0xd0 /usr/lib/gcc/msp430/4.6.3/../../../../msp430/lib/mmpy-16/libc.a(printf.o)
 .debug_abbrev  0x000000000000395b      0x1ef /usr/lib/gcc/msp430/4.6.3/../../../../msp430/lib/mmpy-16/libc.a(vuprintf.o)
 .debug_abbrev  0x0000000000003b4a       0x60 /usr/lib/gcc/msp430/4.6.3/../../../../msp430/lib/mmpy-16/libc.a(puts.o)
 .debug_abbrev  0x0000000000003baa       0x14 /usr/lib/gcc/msp430/4.6.3/mmpy-16/libgcc.a(_udivmod64.o)
 .debug_abbrev  0x0000000000003bbe       0x14 /usr/lib/gcc/msp430/4.6.3/mmpy-16/libcrt0.a(__watchdog_support.o)
 .debug_abbrev  0x0000000000003bd2       0x14 /usr/lib/gcc/msp430/4.6.3/mmpy-16/libcrt0.a(__init_stack.o)
 .debug_abbrev  0x0000000000003be6       0x14 /usr/lib/gcc/msp430/4.6.3/mmpy-16/libcrt0.a(_copy_data.o)
 .debug_abbrev  0x0000000000003bfa       0x14 /usr/lib/gcc/msp430/4.6.3/mmpy-16/libcrt0.a(_clear_bss.o)
 .debug_abbrev  0x0000000000003c0e       0x14 /usr/lib/gcc/msp430/4.6.3/mmpy-16/libcrt0.a(_endless_loop__.o)
 .debug_abbrev  0x0000000000003c22       0x14 /usr/lib/gcc/msp430/4.6.3/mmpy-16/libcrt0.a(_unexpected_.o)

.debug_line     0x0000000000000000     0x40ea
 *(.debug_line)
 .debug_line    0x0000000000000000      0x1b7 staffetta-test.co
 .debug_line    0x00000000000001b7      0x17a obj_sky/contiki-sky-main.o
 .debug_line    0x0000000000000331      0x13d contiki-sky.a(process.o)
 .debug_line    0x000000000000046e       0x96 contiki-sky.a(autostart.o)
 .debug_line    0x0000000000000504       0x4a contiki-sky.a(random.o)
 .debug_line    0x000000000000054e      0x170 contiki-sky.a(etimer.o)
 .debug_line    0x00000000000006be       0xe1 contiki-sky.a(energest.o)
 .debug_line    0x000000000000079f       0x81 contiki-sky.a(rtimer.o)
 .debug_line    0x0000000000000820       0xff contiki-sky.a(metric.o)
 .debug_line    0x000000000000091f      0x11f contiki-sky.a(gpio.o)
 .debug_line    0x0000000000000a3e      0x703 contiki-sky.a(energytrace.o)
 .debug_line    0x0000000000001141      0x851 contiki-sky.a(staffetta.o)
 .debug_line    0x0000000000001992      0x147 contiki-sky.a(msp430.o)
 .debug_line    0x0000000000001ad9      0x12c contiki-sky.a(leds.o)
 .debug_line    0x0000000000001c05       0xa7 contiki-sky.a(watchdog.o)
 .debug_line    0x0000000000001cac      0x1c9 contiki-sky.a(xmem.o)
 .debug_line    0x0000000000001e75      0x327 contiki-sky.a(cc2420.o)
 .debug_line    0x000000000000219c       0x61 contiki-sky.a(node-id.o)
 .debug_line    0x00000000000021fd      0x105 contiki-sky.a(uart1.o)
 .debug_line    0x0000000000002302      0x163 contiki-sky.a(clock.o)
 .debug_line    0x0000000000002465       0xdb contiki-sky.a(leds-arch.o)
 .debug_line    0x0000000000002540       0x95 contiki-sky.a(uart1-putchar.o)
 .debug_line    0x00000000000025d5       0xbe contiki-sky.a(rtimer-arch.o)
 .debug_line    0x0000000000002693       0xbf contiki-sky.a(rand.o)
 .debug_line    0x0000000000002752       0xa2 contiki-sky.a(timer.o)
 .debug_line    0x00000000000027f4      0x15d contiki-sky.a(ctimer.o)
 .debug_line    0x0000000000002951       0xb3 contiki-sky.a(ringbuf.o)
 .debug_line    0x0000000000002a04       0x96 contiki-sky.a(spi.o)
 .debug_line    0x0000000000002a9a       0xd8 contiki-sky.a(list.o)
 .debug_line    0x0000000000002b72       0xa3 /usr/lib/gcc/msp430/4.6.3/mmpy-16/libgcc.a(_mulsi3.o)
 .debug_line    0x0000000000002c15       0x9c /usr/lib/gcc/msp430/4.6.3/mmpy-16/libgcc.a(_udivmod16.o)
 .debug_line    0x0000000000002cb1       0xa7 /usr/lib/gcc/msp430/4.6.3/mmpy-16/libgcc.a(_divmod16.o)
 .debug_line    0x0000000000002d58       0xab /usr/lib/gcc/msp430/4.6.3/mmpy-16/libgcc.a(_udivmod32.o)
 .debug_line    0x0000000000002e03       0xb0 /usr/lib/gcc/msp430/4.6.3/mmpy-16/libgcc.a(_divmod32.o)
 .debug_line    0x0000000000002eb3       0x94 /usr/lib/gcc/msp430/4.6.3/mmpy-16/libgcc.a(_fixunssfsi.o)
 .debug_line    0x0000000000002f47      0x13f /usr/lib/gcc/msp430/4.6.3/mmpy-16/libgcc.a(_addsub_sf.o)
 .debug_line    0x0000000000003086      0x137 /usr/lib/gcc/msp430/4.6.3/mmpy-16/libgcc.a(_mul_sf.o)
 .debug_line    0x00000000000031bd       0xb1 /usr/lib/gcc/msp430/4.6.3/mmpy-16/libgcc.a(_ge_sf.o)
 .debug_line    0x000000000000326e       0xbf /usr/lib/gcc/msp430/4.6.3/mmpy-16/libgcc.a(_sf_to_si.o)
 .debug_line    0x000000000000332d       0x94 /usr/lib/gcc/msp430/4.6.3/mmpy-16/libgcc.a(_thenan_sf.o)
 .debug_line    0x00000000000033c1       0xc6 /usr/lib/gcc/msp430/4.6.3/mmpy-16/libgcc.a(_usi_to_sf.o)
 .debug_line    0x0000000000003487       0xbe /usr/lib/gcc/msp430/4.6.3/mmpy-16/libgcc.a(_clzsi2.o)
 .debug_line    0x0000000000003545      0x102 /usr/lib/gcc/msp430/4.6.3/mmpy-16/libgcc.a(_pack_sf.o)
 .debug_line    0x0000000000003647       0xdd /usr/lib/gcc/msp430/4.6.3/mmpy-16/libgcc.a(_unpack_sf.o)
 .debug_line    0x0000000000003724       0xe8 /usr/lib/gcc/msp430/4.6.3/mmpy-16/libgcc.a(_fpcmp_parts_sf.o)
 .debug_line    0x000000000000380c       0x80 /usr/lib/gcc/msp430/4.6.3/mmpy-16/libgcc.a(_clz.o)
 .debug_line    0x000000000000388c       0x49 /usr/lib/gcc/msp430/4.6.3/../../../../msp430/lib/mmpy-16/libc.a(strcmp.o)
 .debug_line    0x00000000000038d5       0x78 /usr/lib/gcc/msp430/4.6.3/../../../../msp430/lib/mmpy-16/libc.a(strncpy.o)
 .debug_line    0x000000000000394d       0x72 /usr/lib/gcc/msp430/4.6.3/../../../../msp430/lib/mmpy-16/libc.a(printf.o)
 .debug_line    0x00000000000039bf      0x2d2 /usr/lib/gcc/msp430/4.6.3/../../../../msp430/lib/mmpy-16/libc.a(vuprintf.o)
 .debug_line    0x0000000000003c91       0x4d /usr/lib/gcc/msp430/4.6.3/../../../../msp430/lib/mmpy-16/libc.a(puts.o)
 .debug_line    0x0000000000003cde       0xf1 /usr/lib/gcc/msp430/4.6.3/mmpy-16/libgcc.a(_udivmod64.o)
 .debug_line    0x0000000000003dcf       0x84 /usr/lib/gcc/msp430/4.6.3/mmpy-16/libcrt0.a(__watchdog_support.o)
 .debug_line    0x0000000000003e53       0x82 /usr/lib/gcc/msp430/4.6.3/mmpy-16/libcrt0.a(__init_stack.o)
 .debug_line    0x0000000000003ed5       0x88 /usr/lib/gcc/msp430/4.6.3/mmpy-16/libcrt0.a(_copy_data.o)
 .debug_line    0x0000000000003f5d       0x88 /usr/lib/gcc/msp430/4.6.3/mmpy-16/libcrt0.a(_clear_bss.o)
 .debug_line    0x0000000000003fe5       0x83 /usr/lib/gcc/msp430/4.6.3/mmpy-16/libcrt0.a(_endless_loop__.o)
 .debug_line    0x0000000000004068       0x82 /usr/lib/gcc/msp430/4.6.3/mmpy-16/libcrt0.a(_unexpected_.o)

.debug_frame    0x0000000000000000     0x1534
 *(.debug_frame)
 .debug_frame   0x0000000000000000       0x7a staffetta-test.co
 .debug_frame   0x000000000000007a       0x50 obj_sky/contiki-sky-main.o
 .debug_frame   0x00000000000000ca       0xe8 contiki-sky.a(process.o)
 .debug_frame   0x00000000000001b2       0x36 contiki-sky.a(autostart.o)
 .debug_frame   0x00000000000001e8       0x2a contiki-sky.a(random.o)
 .debug_frame   0x0000000000000212       0xf8 contiki-sky.a(etimer.o)
 .debug_frame   0x000000000000030a       0x62 contiki-sky.a(energest.o)
 .debug_frame   0x000000000000036c       0x36 contiki-sky.a(rtimer.o)
 .debug_frame   0x00000000000003a2       0x5a contiki-sky.a(metric.o)
 .debug_frame   0x00000000000003fc       0xc0 contiki-sky.a(gpio.o)
 .debug_frame   0x00000000000004bc      0x430 contiki-sky.a(energytrace.o)
 .debug_frame   0x00000000000008ec      0x192 contiki-sky.a(staffetta.o)
 .debug_frame   0x0000000000000a7e       0x86 contiki-sky.a(msp430.o)
 .debug_frame   0x0000000000000b04       0xa2 contiki-sky.a(leds.o)
 .debug_frame   0x0000000000000ba6       0x5a contiki-sky.a(watchdog.o)
 .debug_frame   0x0000000000000c00       0xc4 contiki-sky.a(xmem.o)
 .debug_frame   0x0000000000000cc4       0x6e contiki-sky.a(cc2420.o)
 .debug_frame   0x0000000000000d32       0x32 contiki-sky.a(node-id.o)
 .debug_frame   0x0000000000000d64       0x88 contiki-sky.a(uart1.o)
 .debug_frame   0x0000000000000dec       0xd0 contiki-sky.a(clock.o)
 .debug_frame   0x0000000000000ebc       0x36 contiki-sky.a(leds-arch.o)
 .debug_frame   0x0000000000000ef2       0x24 contiki-sky.a(uart1-putchar.o)
 .debug_frame   0x0000000000000f16       0x4a contiki-sky.a(rtimer-arch.o)
 .debug_frame   0x0000000000000f60       0x40 contiki-sky.a(rand.o)
 .debug_frame   0x0000000000000fa0       0x6a contiki-sky.a(timer.o)
 .debug_frame   0x000000000000100a       0xaa contiki-sky.a(ctimer.o)
 .debug_frame   0x00000000000010b4       0x5e contiki-sky.a(ringbuf.o)
 .debug_frame   0x0000000000001112       0x1e contiki-sky.a(spi.o)
 .debug_frame   0x0000000000001130       0xbc contiki-sky.a(list.o)
 .debug_frame   0x00000000000011ec       0x28 /usr/lib/gcc/msp430/4.6.3/mmpy-16/libgcc.a(_fixunssfsi.o)
 .debug_frame   0x0000000000001214       0x6a /usr/lib/gcc/msp430/4.6.3/mmpy-16/libgcc.a(_addsub_sf.o)
 .debug_frame   0x000000000000127e       0x4a /usr/lib/gcc/msp430/4.6.3/mmpy-16/libgcc.a(_mul_sf.o)
 .debug_frame   0x00000000000012c8       0x22 /usr/lib/gcc/msp430/4.6.3/mmpy-16/libgcc.a(_ge_sf.o)
 .debug_frame   0x00000000000012ea       0x22 /usr/lib/gcc/msp430/4.6.3/mmpy-16/libgcc.a(_sf_to_si.o)
 .debug_frame   0x000000000000130c       0x36 /usr/lib/gcc/msp430/4.6.3/mmpy-16/libgcc.a(_usi_to_sf.o)
 .debug_frame   0x0000000000001342       0x2e /usr/lib/gcc/msp430/4.6.3/mmpy-16/libgcc.a(_clzsi2.o)
 .debug_frame   0x0000000000001370       0x38 /usr/lib/gcc/msp430/4.6.3/mmpy-16/libgcc.a(_pack_sf.o)
 .debug_frame   0x00000000000013a8       0x28 /usr/lib/gcc/msp430/4.6.3/mmpy-16/libgcc.a(_unpack_sf.o)
 .debug_frame   0x00000000000013d0       0x24 /usr/lib/gcc/msp430/4.6.3/mmpy-16/libgcc.a(_fpcmp_parts_sf.o)
 .debug_frame   0x00000000000013f4       0x1e /usr/lib/gcc/msp430/4.6.3/../../../../msp430/lib/mmpy-16/libc.a(strcmp.o)
 .debug_frame   0x0000000000001412       0x24 /usr/lib/gcc/msp430/4.6.3/../../../../msp430/lib/mmpy-16/libc.a(strncpy.o)
 .debug_frame   0x0000000000001436       0x2a /usr/lib/gcc/msp430/4.6.3/../../../../msp430/lib/mmpy-16/libc.a(printf.o)
 .debug_frame   0x0000000000001460       0xb0 /usr/lib/gcc/msp430/4.6.3/../../../../msp430/lib/mmpy-16/libc.a(vuprintf.o)
 .debug_frame   0x0000000000001510       0x24 /usr/lib/gcc/msp430/4.6.3/../../../../msp430/lib/mmpy-16/libc.a(puts.o)

.debug_str      0x0000000000000000     0x2747
 *(.debug_str)
 .debug_str     0x0000000000000000      0x38c staffetta-test.co
                                        0x433 (size before relaxing)
 .debug_str     0x000000000000038c       0xcc obj_sky/contiki-sky-main.o
                                        0x379 (size before relaxing)
 .debug_str     0x0000000000000458      0x178 contiki-sky.a(process.o)
                                        0x2c6 (size before relaxing)
 .debug_str     0x00000000000005d0       0x3a contiki-sky.a(autostart.o)
                                        0x17e (size before relaxing)
 .debug_str     0x000000000000060a       0x35 contiki-sky.a(random.o)
                                        0x122 (size before relaxing)
 .debug_str     0x000000000000063f      0x133 contiki-sky.a(etimer.o)
                                        0x2d3 (size before relaxing)
 .debug_str     0x0000000000000772       0x9b contiki-sky.a(energest.o)
                                        0x31c (size before relaxing)
 .debug_str     0x000000000000080d       0xb8 contiki-sky.a(rtimer.o)
                                        0x2e7 (size before relaxing)
 .debug_str     0x00000000000008c5       0x9e contiki-sky.a(metric.o)
                                        0x341 (size before relaxing)
 .debug_str     0x0000000000000963       0xcf contiki-sky.a(gpio.o)
                                        0x1d4 (size before relaxing)
 .debug_str     0x0000000000000a32      0x7ae contiki-sky.a(energytrace.o)
                                        0xbb4 (size before relaxing)
 .debug_str     0x00000000000011e0      0x6df contiki-sky.a(staffetta.o)
                                        0xabd (size before relaxing)
 .debug_str     0x00000000000018bf      0x133 contiki-sky.a(msp430.o)
                                        0x28c (size before relaxing)
 .debug_str     0x00000000000019f2       0x87 contiki-sky.a(leds.o)
                                        0x31c (size before relaxing)
 .debug_str     0x0000000000001a79       0xa6 contiki-sky.a(watchdog.o)
                                        0x19b (size before relaxing)
 .debug_str     0x0000000000001b1f       0xa5 contiki-sky.a(xmem.o)
                                        0x390 (size before relaxing)
 .debug_str     0x0000000000001bc4       0x85 contiki-sky.a(cc2420.o)
                                        0x594 (size before relaxing)
 .debug_str     0x0000000000001c49       0x3c contiki-sky.a(node-id.o)
                                        0x131 (size before relaxing)
 .debug_str     0x0000000000001c85      0x12f contiki-sky.a(uart1.o)
                                        0x288 (size before relaxing)
 .debug_str     0x0000000000001db4       0xdd contiki-sky.a(clock.o)
                                        0x3a2 (size before relaxing)
 .debug_str     0x0000000000001e91       0x5a contiki-sky.a(leds-arch.o)
                                        0x158 (size before relaxing)
 .debug_str     0x0000000000001eeb       0x2d contiki-sky.a(uart1-putchar.o)
                                        0x11a (size before relaxing)
 .debug_str     0x0000000000001f18       0x62 contiki-sky.a(rtimer-arch.o)
                                        0x17b (size before relaxing)
 .debug_str     0x0000000000001f7a       0x27 contiki-sky.a(rand.o)
                                        0x25f (size before relaxing)
 .debug_str     0x0000000000001fa1       0x27 contiki-sky.a(timer.o)
                                        0x16d (size before relaxing)
 .debug_str     0x0000000000001fc8       0xc0 contiki-sky.a(ctimer.o)
                                        0x38e (size before relaxing)
 .debug_str     0x0000000000002088       0x64 contiki-sky.a(ringbuf.o)
                                        0x180 (size before relaxing)
 .debug_str     0x00000000000020ec       0x5d contiki-sky.a(spi.o)
                                        0x18f (size before relaxing)
 .debug_str     0x0000000000002149       0xa8 contiki-sky.a(list.o)
                                        0x131 (size before relaxing)
 .debug_str     0x00000000000021f1       0xcf /usr/lib/gcc/msp430/4.6.3/mmpy-16/libgcc.a(_fixunssfsi.o)
                                        0x17d (size before relaxing)
 .debug_str     0x00000000000022c0      0x13f /usr/lib/gcc/msp430/4.6.3/mmpy-16/libgcc.a(_addsub_sf.o)
                                        0x255 (size before relaxing)
 .debug_str     0x00000000000023ff       0x27 /usr/lib/gcc/msp430/4.6.3/mmpy-16/libgcc.a(_mul_sf.o)
                                        0x20e (size before relaxing)
 .debug_str     0x0000000000002426        0x8 /usr/lib/gcc/msp430/4.6.3/mmpy-16/libgcc.a(_ge_sf.o)
                                        0x1dc (size before relaxing)
 .debug_str     0x000000000000242e        0xa /usr/lib/gcc/msp430/4.6.3/mmpy-16/libgcc.a(_sf_to_si.o)
                                        0x1e5 (size before relaxing)
 .debug_str     0x0000000000000000      0x187 /usr/lib/gcc/msp430/4.6.3/mmpy-16/libgcc.a(_thenan_sf.o)
 .debug_str     0x0000000000002438       0x2a /usr/lib/gcc/msp430/4.6.3/mmpy-16/libgcc.a(_usi_to_sf.o)
                                        0x1c7 (size before relaxing)
 .debug_str     0x0000000000002462       0x17 /usr/lib/gcc/msp430/4.6.3/mmpy-16/libgcc.a(_clzsi2.o)
                                        0x189 (size before relaxing)
 .debug_str     0x0000000000002479       0x10 /usr/lib/gcc/msp430/4.6.3/mmpy-16/libgcc.a(_pack_sf.o)
                                        0x1e4 (size before relaxing)
 .debug_str     0x0000000000002489        0xb /usr/lib/gcc/msp430/4.6.3/mmpy-16/libgcc.a(_unpack_sf.o)
                                        0x1c6 (size before relaxing)
 .debug_str     0x0000000000002494       0x10 /usr/lib/gcc/msp430/4.6.3/mmpy-16/libgcc.a(_fpcmp_parts_sf.o)
                                        0x1aa (size before relaxing)
 .debug_str     0x0000000000000000      0x16c /usr/lib/gcc/msp430/4.6.3/mmpy-16/libgcc.a(_clz.o)
 .debug_str     0x00000000000024a4       0x40 /usr/lib/gcc/msp430/4.6.3/../../../../msp430/lib/mmpy-16/libc.a(strcmp.o)
                                         0xf4 (size before relaxing)
 .debug_str     0x00000000000024e4       0x1b /usr/lib/gcc/msp430/4.6.3/../../../../msp430/lib/mmpy-16/libc.a(strncpy.o)
                                         0xfd (size before relaxing)
 .debug_str     0x00000000000024ff       0x40 /usr/lib/gcc/msp430/4.6.3/../../../../msp430/lib/mmpy-16/libc.a(printf.o)
                                        0x12a (size before relaxing)
 .debug_str     0x000000000000253f      0x1f3 /usr/lib/gcc/msp430/4.6.3/../../../../msp430/lib/mmpy-16/libc.a(vuprintf.o)
                                        0x375 (size before relaxing)
 .debug_str     0x0000000000002732       0x15 /usr/lib/gcc/msp430/4.6.3/../../../../msp430/lib/mmpy-16/libc.a(puts.o)
                                         0xf0 (size before relaxing)

.debug_loc      0x0000000000000000     0x3ee9
 *(.debug_loc)
 .debug_loc     0x0000000000000000      0x1bf staffetta-test.co
 .debug_loc     0x00000000000001bf       0x9a obj_sky/contiki-sky-main.o
 .debug_loc     0x0000000000000259      0x20d contiki-sky.a(process.o)
 .debug_loc     0x0000000000000466       0x56 contiki-sky.a(autostart.o)
 .debug_loc     0x00000000000004bc        0xb contiki-sky.a(random.o)
 .debug_loc     0x00000000000004c7      0x270 contiki-sky.a(etimer.o)
 .debug_loc     0x0000000000000737       0x8a contiki-sky.a(energest.o)
 .debug_loc     0x00000000000007c1       0x5b contiki-sky.a(rtimer.o)
 .debug_loc     0x000000000000081c       0x28 contiki-sky.a(metric.o)
 .debug_loc     0x0000000000000844       0xb3 contiki-sky.a(gpio.o)
 .debug_loc     0x00000000000008f7     0x134e contiki-sky.a(energytrace.o)
 .debug_loc     0x0000000000001c45      0x47d contiki-sky.a(staffetta.o)
 .debug_loc     0x00000000000020c2      0x118 contiki-sky.a(msp430.o)
 .debug_loc     0x00000000000021da       0xdc contiki-sky.a(leds.o)
 .debug_loc     0x00000000000022b6      0x2f2 contiki-sky.a(xmem.o)
 .debug_loc     0x00000000000025a8      0x119 contiki-sky.a(cc2420.o)
 .debug_loc     0x00000000000026c1       0x33 contiki-sky.a(node-id.o)
 .debug_loc     0x00000000000026f4       0x99 contiki-sky.a(uart1.o)
 .debug_loc     0x000000000000278d       0x92 contiki-sky.a(clock.o)
 .debug_loc     0x000000000000281f        0xb contiki-sky.a(leds-arch.o)
 .debug_loc     0x000000000000282a       0x2d contiki-sky.a(uart1-putchar.o)
 .debug_loc     0x0000000000002857       0x2c contiki-sky.a(rtimer-arch.o)
 .debug_loc     0x0000000000002883       0x74 contiki-sky.a(rand.o)
 .debug_loc     0x00000000000028f7       0xb9 contiki-sky.a(timer.o)
 .debug_loc     0x00000000000029b0      0x205 contiki-sky.a(ctimer.o)
 .debug_loc     0x0000000000002bb5       0xa3 contiki-sky.a(ringbuf.o)
 .debug_loc     0x0000000000002c58      0x1ac contiki-sky.a(list.o)
 .debug_loc     0x0000000000002e04       0x44 /usr/lib/gcc/msp430/4.6.3/mmpy-16/libgcc.a(_fixunssfsi.o)
 .debug_loc     0x0000000000002e48      0x2ca /usr/lib/gcc/msp430/4.6.3/mmpy-16/libgcc.a(_addsub_sf.o)
 .debug_loc     0x0000000000003112      0x248 /usr/lib/gcc/msp430/4.6.3/mmpy-16/libgcc.a(_mul_sf.o)
 .debug_loc     0x000000000000335a       0x3c /usr/lib/gcc/msp430/4.6.3/mmpy-16/libgcc.a(_ge_sf.o)
 .debug_loc     0x0000000000003396       0x3c /usr/lib/gcc/msp430/4.6.3/mmpy-16/libgcc.a(_sf_to_si.o)
 .debug_loc     0x00000000000033d2       0x6c /usr/lib/gcc/msp430/4.6.3/mmpy-16/libgcc.a(_usi_to_sf.o)
 .debug_loc     0x000000000000343e       0x80 /usr/lib/gcc/msp430/4.6.3/mmpy-16/libgcc.a(_clzsi2.o)
 .debug_loc     0x00000000000034be      0x181 /usr/lib/gcc/msp430/4.6.3/mmpy-16/libgcc.a(_pack_sf.o)
 .debug_loc     0x000000000000363f       0x83 /usr/lib/gcc/msp430/4.6.3/mmpy-16/libgcc.a(_unpack_sf.o)
 .debug_loc     0x00000000000036c2       0x5b /usr/lib/gcc/msp430/4.6.3/mmpy-16/libgcc.a(_fpcmp_parts_sf.o)
 .debug_loc     0x000000000000371d       0x24 /usr/lib/gcc/msp430/4.6.3/../../../../msp430/lib/mmpy-16/libc.a(strcmp.o)
 .debug_loc     0x0000000000003741       0x45 /usr/lib/gcc/msp430/4.6.3/../../../../msp430/lib/mmpy-16/libc.a(strncpy.o)
 .debug_loc     0x0000000000003786       0x38 /usr/lib/gcc/msp430/4.6.3/../../../../msp430/lib/mmpy-16/libc.a(printf.o)
 .debug_loc     0x00000000000037be      0x705 /usr/lib/gcc/msp430/4.6.3/../../../../msp430/lib/mmpy-16/libc.a(vuprintf.o)
 .debug_loc     0x0000000000003ec3       0x26 /usr/lib/gcc/msp430/4.6.3/../../../../msp430/lib/mmpy-16/libc.a(puts.o)

.debug_macinfo
 *(.debug_macinfo)

.debug_pubtypes
 *(.debug_pubtypes)

.debug_ranges   0x0000000000000000       0xb0
 *(.debug_ranges)
 .debug_ranges  0x0000000000000000       0x18 staffetta-test.co
 .debug_ranges  0x0000000000000018        0x8 obj_sky/contiki-sky-main.o
 .debug_ranges  0x0000000000000020       0x24 contiki-sky.a(energytrace.o)
 .debug_ranges  0x0000000000000044        0xc contiki-sky.a(staffetta.o)
 .debug_ranges  0x0000000000000050       0x14 /usr/lib/gcc/msp430/4.6.3/mmpy-16/libgcc.a(_addsub_sf.o)
 .debug_ranges  0x0000000000000064       0x28 /usr/lib/gcc/msp430/4.6.3/mmpy-16/libgcc.a(_mul_sf.o)
 .debug_ranges  0x000000000000008c        0xc /usr/lib/gcc/msp430/4.6.3/mmpy-16/libgcc.a(_clzsi2.o)
 .debug_ranges  0x0000000000000098       0x18 /usr/lib/gcc/msp430/4.6.3/../../../../msp430/lib/mmpy-16/libc.a(vuprintf.o)
                0x0000000000003900                PROVIDE (__stack, (ORIGIN (ram) + 0x2800))
                0x000000000000a460                PROVIDE (__data_start_rom, _etext)
                0x000000000000a4ae                PROVIDE (__data_end_rom, (_etext + SIZEOF (.data)))
OUTPUT(staffetta-test.sky elf32-msp430)

.glossy         0x0000000000004000        0x0
