Archive member included because of file (symbol)

contiki-sky.a(process.o)      obj_sky/contiki-sky-main.o (process_init)
contiki-sky.a(autostart.o)    obj_sky/contiki-sky-main.o (autostart_start)
contiki-sky.a(random.o)       staffetta-test.co (random_init)
contiki-sky.a(etimer.o)       obj_sky/contiki-sky-main.o (etimer_process)
contiki-sky.a(energest.o)     obj_sky/contiki-sky-main.o (energest_init)
contiki-sky.a(rtimer.o)       obj_sky/contiki-sky-main.o (rtimer_init)
contiki-sky.a(metric.o)       staffetta-test.co (node_energy_state)
contiki-sky.a(gpio.o)         obj_sky/contiki-sky-main.o (gpio_init)
contiki-sky.a(energytrace.o)  staffetta-test.co (remaining_energy)
contiki-sky.a(staffetta.o)    staffetta-test.co (getWakeups)
contiki-sky.a(msp430.o)       contiki-sky.a(energytrace.o) (w_memcpy)
contiki-sky.a(leds.o)         staffetta-test.co (leds_init)
contiki-sky.a(watchdog.o)     obj_sky/contiki-sky-main.o (watchdog_init)
contiki-sky.a(xmem.o)         obj_sky/contiki-sky-main.o (xmem_init)
contiki-sky.a(cc2420.o)       obj_sky/contiki-sky-main.o (cc2420_init)
contiki-sky.a(node-id.o)      staffetta-test.co (node_id)
contiki-sky.a(uart1.o)        obj_sky/contiki-sky-main.o (uart1_active)
contiki-sky.a(clock.o)        contiki-sky.a(etimer.o) (clock_time)
contiki-sky.a(leds-arch.o)    contiki-sky.a(leds.o) (leds_arch_init)
contiki-sky.a(uart1-putchar.o)
                              obj_sky/contiki-sky-main.o (putchar)
contiki-sky.a(rtimer-arch.o)  contiki-sky.a(rtimer.o) (rtimer_arch_init)
contiki-sky.a(rand.o)         contiki-sky.a(random.o) (rand)
contiki-sky.a(timer.o)        contiki-sky.a(etimer.o) (timer_set)
contiki-sky.a(ctimer.o)       contiki-sky.a(staffetta.o) (ctimer_stop)
contiki-sky.a(ringbuf.o)      contiki-sky.a(uart1.o) (ringbuf_init)
contiki-sky.a(spi.o)          contiki-sky.a(xmem.o) (spi_init)
contiki-sky.a(list.o)         contiki-sky.a(ctimer.o) (list_init)
/usr/bin/../lib/gcc/msp430/4.6.3/mmpy-16/libgcc.a(_mulsi3.o)
                              contiki-sky.a(energytrace.o) (__mulsi3)
/usr/bin/../lib/gcc/msp430/4.6.3/mmpy-16/libgcc.a(_udivmod16.o)
                              contiki-sky.a(energytrace.o) (__udivhi3)
/usr/bin/../lib/gcc/msp430/4.6.3/mmpy-16/libgcc.a(_divmod16.o)
                              contiki-sky.a(staffetta.o) (__modhi3)
/usr/bin/../lib/gcc/msp430/4.6.3/mmpy-16/libgcc.a(_udivmod32.o)
                              staffetta-test.co (__udivsi3)
/usr/bin/../lib/gcc/msp430/4.6.3/mmpy-16/libgcc.a(_divmod32.o)
                              contiki-sky.a(energytrace.o) (__divsi3)
/usr/bin/../lib/gcc/msp430/4.6.3/../../../../msp430/lib/mmpy-16/libc.a(strcmp.o)
                              contiki-sky.a(energytrace.o) (strcmp)
/usr/bin/../lib/gcc/msp430/4.6.3/../../../../msp430/lib/mmpy-16/libc.a(strncpy.o)
                              contiki-sky.a(energytrace.o) (strncpy)
/usr/bin/../lib/gcc/msp430/4.6.3/../../../../msp430/lib/mmpy-16/libc.a(atoi.o)
                              contiki-sky.a(energytrace.o) (atoi)
/usr/bin/../lib/gcc/msp430/4.6.3/../../../../msp430/lib/mmpy-16/libc.a(printf.o)
                              staffetta-test.co (printf)
/usr/bin/../lib/gcc/msp430/4.6.3/../../../../msp430/lib/mmpy-16/libc.a(vuprintf.o)
                              /usr/bin/../lib/gcc/msp430/4.6.3/../../../../msp430/lib/mmpy-16/libc.a(printf.o) (vuprintf)
/usr/bin/../lib/gcc/msp430/4.6.3/../../../../msp430/lib/mmpy-16/libc.a(puts.o)
                              staffetta-test.co (puts)
/usr/bin/../lib/gcc/msp430/4.6.3/mmpy-16/libgcc.a(_udivmod64.o)
                              /usr/bin/../lib/gcc/msp430/4.6.3/../../../../msp430/lib/mmpy-16/libc.a(vuprintf.o) (__udivdi3)
/usr/bin/../lib/gcc/msp430/4.6.3/mmpy-16/libcrt0.a(_reset_vector__.o)
                              /usr/bin/../lib/gcc/msp430/4.6.3/mmpy-16/crt0ivtbl16.o (_reset_vector__)
/usr/bin/../lib/gcc/msp430/4.6.3/mmpy-16/libcrt0.a(__watchdog_support.o)
                              /usr/bin/../lib/gcc/msp430/4.6.3/mmpy-16/libcrt0.a(_reset_vector__.o) (__watchdog_support)
/usr/bin/../lib/gcc/msp430/4.6.3/mmpy-16/libcrt0.a(__init_stack.o)
                              /usr/bin/../lib/gcc/msp430/4.6.3/mmpy-16/libcrt0.a(_reset_vector__.o) (__init_stack)
/usr/bin/../lib/gcc/msp430/4.6.3/mmpy-16/libcrt0.a(__low_level_init.o)
                              /usr/bin/../lib/gcc/msp430/4.6.3/mmpy-16/libcrt0.a(_reset_vector__.o) (__low_level_init)
/usr/bin/../lib/gcc/msp430/4.6.3/mmpy-16/libcrt0.a(_copy_data.o)
                              /usr/bin/../lib/gcc/msp430/4.6.3/mmpy-16/libcrt0.a(_reset_vector__.o) (__do_copy_data)
/usr/bin/../lib/gcc/msp430/4.6.3/mmpy-16/libcrt0.a(_clear_bss.o)
                              /usr/bin/../lib/gcc/msp430/4.6.3/mmpy-16/libcrt0.a(_reset_vector__.o) (__do_clear_bss)
/usr/bin/../lib/gcc/msp430/4.6.3/mmpy-16/libcrt0.a(__stop_progExec__.o)
                              /usr/bin/../lib/gcc/msp430/4.6.3/mmpy-16/libcrt0.a(_reset_vector__.o) (__stop_progExec__)
/usr/bin/../lib/gcc/msp430/4.6.3/mmpy-16/libcrt0.a(_endless_loop__.o)
                              /usr/bin/../lib/gcc/msp430/4.6.3/mmpy-16/libcrt0.a(_reset_vector__.o) (_endless_loop__)
/usr/bin/../lib/gcc/msp430/4.6.3/mmpy-16/libcrt0.a(_unexpected_.o)
                              /usr/bin/../lib/gcc/msp430/4.6.3/mmpy-16/crt0ivtbl16.o (_unexpected_)

Allocating common symbols
Common symbol       size              file

energest_total_time
                    0x30              contiki-sky.a(energest.o)
energest_total_count
                    0x2               contiki-sky.a(energest.o)
energest_current_mode
                    0xc               contiki-sky.a(energest.o)
process_maxevents   0x1               contiki-sky.a(process.o)
node_state          0x2               contiki-sky.a(energytrace.o)
node_duty_cycle     0x2               contiki-sky.a(metric.o)
node_activation_ev  0x1               contiki-sky.a(energytrace.o)
index               0x2               contiki-sky.a(staffetta.o)
energest_current_time
                    0x18              contiki-sky.a(energest.o)
edc_id              0x50              contiki-sky.a(staffetta.o)
fd_read_solar       0x2               contiki-sky.a(energytrace.o)

Memory Configuration

Name             Origin             Length             Attributes
sfr              0x0000000000000000 0x0000000000000010
peripheral_8bit  0x0000000000000010 0x00000000000000f0
peripheral_16bit 0x0000000000000100 0x0000000000000100
ram_mirror       0x0000000000000200 0x0000000000000800 xw
infomem          0x0000000000001000 0x0000000000000100
infob            0x0000000000001000 0x0000000000000080
infoa            0x0000000000001080 0x0000000000000080
ram              0x0000000000001100 0x0000000000002800 xw
rom              0x0000000000004000 0x000000000000bfe0 xr
vectors          0x000000000000ffe0 0x0000000000000020
bsl              0x0000000000000000 0x0000000000000000
infoc            0x0000000000000000 0x0000000000000000
infod            0x0000000000000000 0x0000000000000000
ram2             0x0000000000000000 0x0000000000000000 xw
usbram           0x0000000000000000 0x0000000000000000 xw
far_rom          0x0000000000000000 0x0000000000000000
*default*        0x0000000000000000 0xffffffffffffffff

Linker script and memory map

LOAD /usr/bin/../lib/gcc/msp430/4.6.3/mmpy-16/crt0ivtbl16.o
Address of section .glossy set to 0x4000
Address of section .text set to 0x4400
LOAD staffetta-test.co
LOAD obj_sky/contiki-sky-main.o
LOAD contiki-sky.a
LOAD /usr/bin/../lib/gcc/msp430/4.6.3/../../../../msp430/lib/mmpy-16/libm.a
LOAD /usr/bin/../lib/gcc/msp430/4.6.3/mmpy-16/libgcc.a
LOAD /usr/bin/../lib/gcc/msp430/4.6.3/../../../../msp430/lib/mmpy-16/libc.a
LOAD /usr/bin/../lib/gcc/msp430/4.6.3/mmpy-16/libgcc.a
LOAD /usr/bin/../lib/gcc/msp430/4.6.3/mmpy-16/libcrt0.a
                0x0000000000000080                PROVIDE (__info_segment_size, 0x80)
                0x0000000000001000                PROVIDE (__infob, 0x1000)
                0x0000000000001080                PROVIDE (__infoa, 0x1080)
                0x0000000000000000                __IE1 = 0x0
                0x0000000000000002                __IFG1 = 0x2
                0x0000000000000004                __ME1 = 0x4
                0x0000000000000001                __IE2 = 0x1
                0x0000000000000003                __IFG2 = 0x3
                0x0000000000000005                __ME2 = 0x5
                0x0000000000000120                __WDTCTL = 0x120
                0x0000000000000130                __MPY = 0x130
                0x0000000000000132                __MPYS = 0x132
                0x0000000000000134                __MAC = 0x134
                0x0000000000000136                __MACS = 0x136
                0x0000000000000138                __OP2 = 0x138
                0x000000000000013a                __RESLO = 0x13a
                0x000000000000013c                __RESHI = 0x13c
                0x000000000000013e                __SUMEXT = 0x13e
                0x0000000000000020                __P1IN = 0x20
                0x0000000000000021                __P1OUT = 0x21
                0x0000000000000022                __P1DIR = 0x22
                0x0000000000000023                __P1IFG = 0x23
                0x0000000000000024                __P1IES = 0x24
                0x0000000000000025                __P1IE = 0x25
                0x0000000000000026                __P1SEL = 0x26
                0x0000000000000028                __P2IN = 0x28
                0x0000000000000029                __P2OUT = 0x29
                0x000000000000002a                __P2DIR = 0x2a
                0x000000000000002b                __P2IFG = 0x2b
                0x000000000000002c                __P2IES = 0x2c
                0x000000000000002d                __P2IE = 0x2d
                0x000000000000002e                __P2SEL = 0x2e
                0x0000000000000018                __P3IN = 0x18
                0x0000000000000019                __P3OUT = 0x19
                0x000000000000001a                __P3DIR = 0x1a
                0x000000000000001b                __P3SEL = 0x1b
                0x000000000000001c                __P4IN = 0x1c
                0x000000000000001d                __P4OUT = 0x1d
                0x000000000000001e                __P4DIR = 0x1e
                0x000000000000001f                __P4SEL = 0x1f
                0x0000000000000030                __P5IN = 0x30
                0x0000000000000031                __P5OUT = 0x31
                0x0000000000000032                __P5DIR = 0x32
                0x0000000000000033                __P5SEL = 0x33
                0x0000000000000034                __P6IN = 0x34
                0x0000000000000035                __P6OUT = 0x35
                0x0000000000000036                __P6DIR = 0x36
                0x0000000000000037                __P6SEL = 0x37
                0x0000000000000070                __U0CTL = 0x70
                0x0000000000000071                __U0TCTL = 0x71
                0x0000000000000072                __U0RCTL = 0x72
                0x0000000000000073                __U0MCTL = 0x73
                0x0000000000000074                __U0BR0 = 0x74
                0x0000000000000075                __U0BR1 = 0x75
                0x0000000000000076                __U0RXBUF = 0x76
                0x0000000000000077                __U0TXBUF = 0x77
                0x0000000000000078                __U1CTL = 0x78
                0x0000000000000079                __U1TCTL = 0x79
                0x000000000000007a                __U1RCTL = 0x7a
                0x000000000000007b                __U1MCTL = 0x7b
                0x000000000000007c                __U1BR0 = 0x7c
                0x000000000000007d                __U1BR1 = 0x7d
                0x000000000000007e                __U1RXBUF = 0x7e
                0x000000000000007f                __U1TXBUF = 0x7f
                0x0000000000000050                __I2CIE = 0x50
                0x0000000000000051                __I2CIFG = 0x51
                0x0000000000000052                __I2CNDAT = 0x52
                0x0000000000000071                __I2CTCTL = 0x71
                0x0000000000000072                __I2CDCTL = 0x72
                0x0000000000000073                __I2CPSC = 0x73
                0x0000000000000074                __I2CSCLH = 0x74
                0x0000000000000075                __I2CSCLL = 0x75
                0x0000000000000076                __I2CDRB = 0x76
                0x0000000000000076                __I2CDRW = 0x76
                0x0000000000000118                __I2COA = 0x118
                0x000000000000011a                __I2CSA = 0x11a
                0x000000000000011c                __I2CIV = 0x11c
                0x000000000000012e                __TAIV = 0x12e
                0x0000000000000160                __TACTL = 0x160
                0x0000000000000162                __TACCTL0 = 0x162
                0x0000000000000164                __TACCTL1 = 0x164
                0x0000000000000166                __TACCTL2 = 0x166
                0x0000000000000170                __TAR = 0x170
                0x0000000000000172                __TACCR0 = 0x172
                0x0000000000000174                __TACCR1 = 0x174
                0x0000000000000176                __TACCR2 = 0x176
                0x000000000000011e                __TBIV = 0x11e
                0x0000000000000180                __TBCTL = 0x180
                0x0000000000000182                __TBCCTL0 = 0x182
                0x0000000000000184                __TBCCTL1 = 0x184
                0x0000000000000186                __TBCCTL2 = 0x186
                0x0000000000000188                __TBCCTL3 = 0x188
                0x000000000000018a                __TBCCTL4 = 0x18a
                0x000000000000018c                __TBCCTL5 = 0x18c
                0x000000000000018e                __TBCCTL6 = 0x18e
                0x0000000000000190                __TBR = 0x190
                0x0000000000000192                __TBCCR0 = 0x192
                0x0000000000000194                __TBCCR1 = 0x194
                0x0000000000000196                __TBCCR2 = 0x196
                0x0000000000000198                __TBCCR3 = 0x198
                0x000000000000019a                __TBCCR4 = 0x19a
                0x000000000000019c                __TBCCR5 = 0x19c
                0x000000000000019e                __TBCCR6 = 0x19e
                0x0000000000000056                __DCOCTL = 0x56
                0x0000000000000057                __BCSCTL1 = 0x57
                0x0000000000000058                __BCSCTL2 = 0x58
                0x0000000000000055                __SVSCTL = 0x55
                0x0000000000000128                __FCTL1 = 0x128
                0x000000000000012a                __FCTL2 = 0x12a
                0x000000000000012c                __FCTL3 = 0x12c
                0x0000000000000059                __CACTL1 = 0x59
                0x000000000000005a                __CACTL2 = 0x5a
                0x000000000000005b                __CAPD = 0x5b
                0x00000000000001a0                __ADC12CTL0 = 0x1a0
                0x00000000000001a2                __ADC12CTL1 = 0x1a2
                0x00000000000001a4                __ADC12IFG = 0x1a4
                0x00000000000001a6                __ADC12IE = 0x1a6
                0x00000000000001a8                __ADC12IV = 0x1a8
                0x0000000000000140                __ADC12MEM0 = 0x140
                0x0000000000000142                __ADC12MEM1 = 0x142
                0x0000000000000144                __ADC12MEM2 = 0x144
                0x0000000000000146                __ADC12MEM3 = 0x146
                0x0000000000000148                __ADC12MEM4 = 0x148
                0x000000000000014a                __ADC12MEM5 = 0x14a
                0x000000000000014c                __ADC12MEM6 = 0x14c
                0x000000000000014e                __ADC12MEM7 = 0x14e
                0x0000000000000150                __ADC12MEM8 = 0x150
                0x0000000000000152                __ADC12MEM9 = 0x152
                0x0000000000000154                __ADC12MEM10 = 0x154
                0x0000000000000156                __ADC12MEM11 = 0x156
                0x0000000000000158                __ADC12MEM12 = 0x158
                0x000000000000015a                __ADC12MEM13 = 0x15a
                0x000000000000015c                __ADC12MEM14 = 0x15c
                0x000000000000015e                __ADC12MEM15 = 0x15e
                0x0000000000000080                __ADC12MCTL0 = 0x80
                0x0000000000000081                __ADC12MCTL1 = 0x81
                0x0000000000000082                __ADC12MCTL2 = 0x82
                0x0000000000000083                __ADC12MCTL3 = 0x83
                0x0000000000000084                __ADC12MCTL4 = 0x84
                0x0000000000000085                __ADC12MCTL5 = 0x85
                0x0000000000000086                __ADC12MCTL6 = 0x86
                0x0000000000000087                __ADC12MCTL7 = 0x87
                0x0000000000000088                __ADC12MCTL8 = 0x88
                0x0000000000000089                __ADC12MCTL9 = 0x89
                0x000000000000008a                __ADC12MCTL10 = 0x8a
                0x000000000000008b                __ADC12MCTL11 = 0x8b
                0x000000000000008c                __ADC12MCTL12 = 0x8c
                0x000000000000008d                __ADC12MCTL13 = 0x8d
                0x000000000000008e                __ADC12MCTL14 = 0x8e
                0x000000000000008f                __ADC12MCTL15 = 0x8f
                0x00000000000001c0                __DAC12_0CTL = 0x1c0
                0x00000000000001c2                __DAC12_1CTL = 0x1c2
                0x00000000000001c8                __DAC12_0DAT = 0x1c8
                0x00000000000001ca                __DAC12_1DAT = 0x1ca
                0x0000000000000122                __DMACTL0 = 0x122
                0x0000000000000124                __DMACTL1 = 0x124
                0x00000000000001e0                __DMA0CTL = 0x1e0
                0x00000000000001e8                __DMA1CTL = 0x1e8
                0x00000000000001f0                __DMA2CTL = 0x1f0
                0x00000000000001e2                __DMA0SA = 0x1e2
                0x00000000000001e4                __DMA0DA = 0x1e4
                0x00000000000001e6                __DMA0SZ = 0x1e6
                0x00000000000001ea                __DMA1SA = 0x1ea
                0x00000000000001ec                __DMA1DA = 0x1ec
                0x00000000000001ee                __DMA1SZ = 0x1ee
                0x00000000000001f2                __DMA2SA = 0x1f2
                0x00000000000001f4                __DMA2DA = 0x1f4
                0x00000000000001f6                __DMA2SZ = 0x1f6

.hash
 *(.hash)

.dynsym
 *(.dynsym)

.dynstr
 *(.dynstr)

.gnu.version
 *(.gnu.version)

.gnu.version_d
 *(.gnu.version_d)

.gnu.version_r
 *(.gnu.version_r)

.rel.init
 *(.rel.init)

.rela.init
 *(.rela.init)

.rel.fini
 *(.rel.fini)

.rela.fini
 *(.rela.fini)

.rel.text
 *(.rel.text .rel.text.* .rel.gnu.linkonce.t.*)

.rela.text
 *(.rela.text .rela.text.* .rela.gnu.linkonce.t.*)

.rel.rodata
 *(.rel.rodata .rel.rodata.* .rel.gnu.linkonce.r.*)

.rela.rodata
 *(.rela.rodata .rela.rodata.* .rela.gnu.linkonce.r.*)

.rel.data
 *(.rel.data .rel.data.* .rel.gnu.linkonce.d.*)

.rela.data
 *(.rela.data .rela.data.* .rela.gnu.linkonce.d.*)

.rel.bss
 *(.rel.bss .rel.bss.* .rel.gnu.linkonce.b.*)

.rela.bss
 *(.rela.bss .rela.bss.* .rela.gnu.linkonce.b.*)

.rel.ctors
 *(.rel.ctors)

.rela.ctors
 *(.rela.ctors)

.rel.dtors
 *(.rel.dtors)

.rela.dtors
 *(.rela.dtors)

.rel.got
 *(.rel.got)

.rela.got
 *(.rela.got)

.rel.plt
 *(.rel.plt)

.rela.plt
 *(.rela.plt)

.text           0x0000000000004400     0x55c4
                0x0000000000004400                . = ALIGN (0x2)
 *(.init .init.*)
 *(.init0)
 .init0         0x0000000000004400        0x0 /usr/bin/../lib/gcc/msp430/4.6.3/mmpy-16/libcrt0.a(_reset_vector__.o)
                0x0000000000004400                _reset_vector__
 *(.init1)
 .init1         0x0000000000004400        0xc /usr/bin/../lib/gcc/msp430/4.6.3/mmpy-16/libcrt0.a(__watchdog_support.o)
                0x0000000000004400                __watchdog_support
 *(.init2)
 .init2         0x000000000000440c        0x4 /usr/bin/../lib/gcc/msp430/4.6.3/mmpy-16/libcrt0.a(__init_stack.o)
                0x000000000000440c                __init_stack
 *(.init3)
 .init3         0x0000000000004410        0x0 /usr/bin/../lib/gcc/msp430/4.6.3/mmpy-16/libcrt0.a(__low_level_init.o)
                0x0000000000004410                __low_level_init
 *(.init4)
 .init4         0x0000000000004410       0x18 /usr/bin/../lib/gcc/msp430/4.6.3/mmpy-16/libcrt0.a(_copy_data.o)
                0x0000000000004410                __do_copy_data
 .init4         0x0000000000004428       0x16 /usr/bin/../lib/gcc/msp430/4.6.3/mmpy-16/libcrt0.a(_clear_bss.o)
                0x0000000000004428                __do_clear_bss
 *(.init5)
 *(.init6)
 *(.init7)
 *(.init8)
 *(.init9)
 .init9         0x000000000000443e      0x17a obj_sky/contiki-sky-main.o
                0x000000000000443e                main
 *(.fini9)
 .fini9         0x00000000000045b8        0x0 /usr/bin/../lib/gcc/msp430/4.6.3/mmpy-16/libcrt0.a(__stop_progExec__.o)
                0x00000000000045b8                __stop_progExec__
 *(.fini8)
 *(.fini7)
 *(.fini6)
 *(.fini5)
 *(.fini4)
 *(.fini3)
 *(.fini2)
 *(.fini1)
 *(.fini0)
 .fini0         0x00000000000045b8        0x6 /usr/bin/../lib/gcc/msp430/4.6.3/mmpy-16/libcrt0.a(_endless_loop__.o)
                0x00000000000045b8                _endless_loop__
 *(.fini .fini.*)
                0x00000000000045be                . = ALIGN (0x2)
                0x00000000000045be                __ctors_start = .
 *(.ctors)
                0x00000000000045be                __ctors_end = .
                0x00000000000045be                __dtors_start = .
 *(.dtors)
                0x00000000000045be                __dtors_end = .
                0x00000000000045be                . = ALIGN (0x2)
 *(.text .text.* .gnu.linkonce.t.*)
 .text          0x00000000000045be        0x4 /usr/bin/../lib/gcc/msp430/4.6.3/mmpy-16/crt0ivtbl16.o
                0x00000000000045be                __isr_14
                0x00000000000045be                __isr_4
                0x00000000000045be                __isr_11
                0x00000000000045be                __isr_7
                0x00000000000045be                __isr_0
                0x00000000000045be                __isr_8
                0x00000000000045be                __isr_12
                0x00000000000045be                __isr_13
                0x00000000000045be                __isr_9
                0x00000000000045be                __isr_1
 .text.crt0     0x00000000000045c2        0x0 /usr/bin/../lib/gcc/msp430/4.6.3/mmpy-16/crt0ivtbl16.o
 .text          0x00000000000045c2      0x212 staffetta-test.co
 .text          0x00000000000047d4        0x0 obj_sky/contiki-sky-main.o
 .text          0x00000000000047d4      0x29e contiki-sky.a(process.o)
                0x00000000000048d0                process_alloc_event
                0x00000000000048de                process_exit
                0x00000000000048e8                process_init
                0x0000000000004904                process_run
                0x00000000000049a6                process_nevents
                0x00000000000049b4                process_post
                0x0000000000004a08                process_post_synch
                0x0000000000004a1a                process_start
                0x0000000000004a4c                process_poll
                0x0000000000004a64                process_is_running
 .text          0x0000000000004a72       0x2a contiki-sky.a(autostart.o)
                0x0000000000004a72                autostart_start
                0x0000000000004a88                autostart_exit
 .text          0x0000000000004a9c        0xc contiki-sky.a(random.o)
                0x0000000000004a9c                random_init
                0x0000000000004aa2                random_rand
 .text          0x0000000000004aa8      0x25a contiki-sky.a(etimer.o)
                0x0000000000004b20                etimer_request_poll
                0x0000000000004c2a                etimer_set
                0x0000000000004c3c                etimer_reset
                0x0000000000004c4e                etimer_restart
                0x0000000000004c60                etimer_adjust
                0x0000000000004c7a                etimer_expired
                0x0000000000004c88                etimer_expiration_time
                0x0000000000004c9c                etimer_start_time
                0x0000000000004ca4                etimer_pending
                0x0000000000004cb0                etimer_next_expiration_time
                0x0000000000004cc6                etimer_stop
 .text          0x0000000000004d02       0xba contiki-sky.a(energest.o)
                0x0000000000004d02                energest_init
                0x0000000000004d2a                energest_type_time
                0x0000000000004d6c                energest_leveldevice_leveltime
                0x0000000000004d72                energest_type_set
                0x0000000000004d80                energest_flush
 .text          0x0000000000004dbc       0x50 contiki-sky.a(rtimer.o)
                0x0000000000004dbc                rtimer_init
                0x0000000000004dc2                rtimer_set
                0x0000000000004de6                rtimer_run_next
 .text          0x0000000000004e0c       0xae contiki-sky.a(metric.o)
                0x0000000000004e0c                compute_node_duty_cycle
                0x0000000000004e3c                get_duty_cycle
                0x0000000000004e42                compute_node_state
                0x0000000000004e78                get_node_state
                0x0000000000004e7e                compute_harvesting_rate
                0x0000000000004eb4                get_harvesting_rate
 .text          0x0000000000004eba      0x10e contiki-sky.a(gpio.o)
                0x0000000000004eba                gpio_arch_init
                0x0000000000004ec8                gpio_arch_get
                0x0000000000004ef6                gpio_arch_set
                0x0000000000004f38                gpio_init
                0x0000000000004f46                gpio_get
                0x0000000000004f4c                gpio_on
                0x0000000000004f56                gpio_off
                0x0000000000004f60                gpio_invert
                0x0000000000004f6a                gpio_toggle
                0x0000000000004f70                gpio_blink
                0x0000000000004f8c                gpio_green
                0x0000000000004fa0                gpio_yellow
                0x0000000000004fb4                gpio_red
 .text          0x0000000000004fc8     0x18a8 contiki-sky.a(energytrace.o)
                0x0000000000005832                cfs_open
                0x00000000000058d8                cfs_close
                0x0000000000005904                cfs_seek
                0x000000000000598a                cfs_remove
                0x00000000000059a4                cfs_read
                0x0000000000005eb0                cfs_write
                0x000000000000600a                cfs_opendir
                0x0000000000006016                cfs_readdir
                0x00000000000060a8                cfs_closedir
                0x00000000000060aa                cfs_coffee_reserve
                0x00000000000060d6                cfs_coffee_configure_log
                0x000000000000613a                cfs_coffee_set_io_semantics
                0x0000000000006164                cfs_coffee_format
                0x00000000000061a0                cfs_coffee_get_protected_mem
                0x00000000000061ac                context_trigger
                0x0000000000006208                clean_message
                0x000000000000621c                read_lines
                0x00000000000062b4                init_solar_file
                0x00000000000062f2                get_solar_energy
                0x0000000000006342                tx_current_consumption
                0x0000000000006678                energytrace_print
                0x000000000000684e                energytrace_start
                0x0000000000006866                energytrace_stop
 .text          0x0000000000006870     0x11d0 contiki-sky.a(staffetta.o)
                0x0000000000006a82                getWakeups
                0x0000000000006a8c                staffetta_send_packet
                0x00000000000075fe                sink_busy_wait
                0x0000000000007600                sink_listen
                0x0000000000007878                staffetta_print_stats
                0x000000000000788e                staffetta_get_energy_consumption
                0x0000000000007940                staffetta_add_data
                0x0000000000007966                staffetta_init
 .text          0x0000000000007a40      0x192 contiki-sky.a(msp430.o)
                0x0000000000007a40                w_memcpy
                0x0000000000007a52                w_memset
                0x0000000000007a64                msp430_init_dco
                0x0000000000007ae8                msp430_cpu_init
                0x0000000000007b0e                sbrk
                0x0000000000007b68                splhigh_
                0x0000000000007b70                splx_
                0x0000000000007b74                msp430_sync_dco
 .text          0x0000000000007bd2      0x15c contiki-sky.a(leds.o)
                0x0000000000007c82                leds_init
                0x0000000000007c90                leds_get
                0x0000000000007c96                leds_on
                0x0000000000007caa                leds_off
                0x0000000000007cbe                leds_invert
                0x0000000000007cc8                leds_toggle
                0x0000000000007cce                leds_blink
                0x0000000000007cf2                leds_green
                0x0000000000007d06                leds_yellow
                0x0000000000007d1a                leds_red
 .text          0x0000000000007d2e       0x20 contiki-sky.a(watchdog.o)
                0x0000000000007d2e                __isr_10
                0x0000000000007d2e                watchdog_interrupt
                0x0000000000007d30                watchdog_init
                0x0000000000007d46                watchdog_start
                0x0000000000007d48                watchdog_periodic
                0x0000000000007d4a                watchdog_stop
                0x0000000000007d4c                watchdog_reboot
 .text          0x0000000000007d4e      0x358 contiki-sky.a(xmem.o)
                0x0000000000007dbe                xmem_init
                0x0000000000007dda                xmem_pread
                0x0000000000007eb2                xmem_pwrite
                0x0000000000007ff0                xmem_erase
 .text          0x00000000000080a6      0x468 contiki-sky.a(cc2420.o)
                0x00000000000080c2                cc2420_init
                0x00000000000083aa                cc2420_set_channel
                0x000000000000840e                cc2420_set_txpower
                0x00000000000084b4                cc2420_get_txpower
 .text          0x000000000000850e       0x6e contiki-sky.a(node-id.o)
                0x000000000000850e                node_id_restore
                0x0000000000008546                node_id_burn
 .text          0x000000000000857c      0x1b2 contiki-sky.a(uart1.o)
                0x000000000000857c                uart1_active
                0x0000000000008594                uart1_set_input
                0x000000000000859a                uart1_writeb
                0x00000000000085cc                uart1_init
                0x00000000000086aa                uart1_rx_interrupt
                0x00000000000086aa                __isr_3
                0x00000000000086fe                __isr_2
                0x00000000000086fe                uart1_tx_interrupt
 .text          0x000000000000872e      0x1b2 contiki-sky.a(clock.o)
                0x000000000000872e                etimer_interrupt
                0x00000000000087a0                __isr_5
                0x00000000000087a0                timera1
                0x0000000000008810                clock_time
                0x000000000000882a                clock_set
                0x0000000000008840                clock_fine_max
                0x0000000000008846                clock_fine
                0x0000000000008850                clock_init
                0x0000000000008878                clock_delay
                0x000000000000887e                clock_wait
                0x00000000000088be                clock_set_seconds
                0x00000000000088c0                clock_seconds
                0x00000000000088da                clock_counter
 .text          0x00000000000088e0       0x7c contiki-sky.a(leds-arch.o)
                0x00000000000088e0                leds_arch_init
                0x00000000000088ee                leds_arch_get
                0x0000000000008922                leds_arch_set
 .text          0x000000000000895c       0x10 contiki-sky.a(uart1-putchar.o)
                0x000000000000895c                putchar
 .text          0x000000000000896c       0x3c contiki-sky.a(rtimer-arch.o)
                0x000000000000896c                __isr_6
                0x000000000000896c                timera0
                0x0000000000008988                rtimer_arch_init
                0x0000000000008996                rtimer_arch_schedule
 .text          0x00000000000089a8       0x88 contiki-sky.a(rand.o)
                0x00000000000089a8                rand
                0x0000000000008a26                srand
 .text          0x0000000000008a30       0x90 contiki-sky.a(timer.o)
                0x0000000000008a30                timer_set
                0x0000000000008a4c                timer_reset
                0x0000000000008a5a                timer_restart
                0x0000000000008a6e                timer_expired
                0x0000000000008a98                timer_remaining
 .text          0x0000000000008ac0      0x1e4 contiki-sky.a(ctimer.o)
                0x0000000000008b64                ctimer_init
                0x0000000000008b7c                ctimer_set
                0x0000000000008bd6                ctimer_reset
                0x0000000000008c10                ctimer_restart
                0x0000000000008c4a                ctimer_stop
                0x0000000000008c72                ctimer_expired
 .text          0x0000000000008ca4       0x98 contiki-sky.a(ringbuf.o)
                0x0000000000008ca4                ringbuf_init
                0x0000000000008cb8                ringbuf_put
                0x0000000000008cf0                ringbuf_get
                0x0000000000008d22                ringbuf_size
                0x0000000000008d2a                ringbuf_elements
 .text          0x0000000000008d3c       0x32 contiki-sky.a(spi.o)
                0x0000000000008d3c                spi_init
 .text          0x0000000000008d6e       0xfe contiki-sky.a(list.o)
                0x0000000000008d6e                list_init
                0x0000000000008d74                list_head
                0x0000000000008d78                list_copy
                0x0000000000008d7e                list_tail
                0x0000000000008d90                list_chop
                0x0000000000008db4                list_pop
                0x0000000000008dc2                list_remove
                0x0000000000008df6                list_push
                0x0000000000008e10                list_add
                0x0000000000008e3a                list_length
                0x0000000000008e4a                list_insert
                0x0000000000008e60                list_item_next
 .text          0x0000000000008e6c        0x0 /usr/bin/../lib/gcc/msp430/4.6.3/mmpy-16/libgcc.a(_mulsi3.o)
 .text.libgcc   0x0000000000008e6c       0x2c /usr/bin/../lib/gcc/msp430/4.6.3/mmpy-16/libgcc.a(_mulsi3.o)
                0x0000000000008e6c                __mulsi3
 .text          0x0000000000008e98        0x0 /usr/bin/../lib/gcc/msp430/4.6.3/mmpy-16/libgcc.a(_udivmod16.o)
 .text.libgcc   0x0000000000008e98       0x22 /usr/bin/../lib/gcc/msp430/4.6.3/mmpy-16/libgcc.a(_udivmod16.o)
                0x0000000000008e98                __udivhi3
                0x0000000000008e98                __ext_udivmod16
                0x0000000000008eb2                __umodhi3
 .text          0x0000000000008eba        0x0 /usr/bin/../lib/gcc/msp430/4.6.3/mmpy-16/libgcc.a(_divmod16.o)
 .text.libgcc   0x0000000000008eba       0x3a /usr/bin/../lib/gcc/msp430/4.6.3/mmpy-16/libgcc.a(_divmod16.o)
                0x0000000000008eba                __ext_divmod16
                0x0000000000008eba                __divhi3
                0x0000000000008eec                __modhi3
 .text          0x0000000000008ef4        0x0 /usr/bin/../lib/gcc/msp430/4.6.3/mmpy-16/libgcc.a(_udivmod32.o)
 .text.libgcc   0x0000000000008ef4       0x40 /usr/bin/../lib/gcc/msp430/4.6.3/mmpy-16/libgcc.a(_udivmod32.o)
                0x0000000000008ef4                __udivsi3
                0x0000000000008ef4                __ext_udivmod32
                0x0000000000008f2a                __umodsi3
 .text          0x0000000000008f34        0x0 /usr/bin/../lib/gcc/msp430/4.6.3/mmpy-16/libgcc.a(_divmod32.o)
 .text.libgcc   0x0000000000008f34       0x4c /usr/bin/../lib/gcc/msp430/4.6.3/mmpy-16/libgcc.a(_divmod32.o)
                0x0000000000008f34                __ext_divmod32
                0x0000000000008f34                __divsi3
                0x0000000000008f76                __modsi3
 .text          0x0000000000008f80       0x1e /usr/bin/../lib/gcc/msp430/4.6.3/../../../../msp430/lib/mmpy-16/libc.a(strcmp.o)
                0x0000000000008f80                strcmp
 .text          0x0000000000008f9e       0x2a /usr/bin/../lib/gcc/msp430/4.6.3/../../../../msp430/lib/mmpy-16/libc.a(strncpy.o)
                0x0000000000008f9e                strncpy
 .text          0x0000000000008fc8       0x8a /usr/bin/../lib/gcc/msp430/4.6.3/../../../../msp430/lib/mmpy-16/libc.a(atoi.o)
                0x0000000000008fc8                atoi
 .text          0x0000000000009052       0x1e /usr/bin/../lib/gcc/msp430/4.6.3/../../../../msp430/lib/mmpy-16/libc.a(printf.o)
                0x0000000000009052                printf
                0x0000000000009062                vprintf
 .text          0x0000000000009070      0x836 /usr/bin/../lib/gcc/msp430/4.6.3/../../../../msp430/lib/mmpy-16/libc.a(vuprintf.o)
                0x0000000000009208                vuprintf
 .text          0x00000000000098a6       0x2c /usr/bin/../lib/gcc/msp430/4.6.3/../../../../msp430/lib/mmpy-16/libc.a(puts.o)
                0x00000000000098a6                puts
 .text          0x00000000000098d2        0x0 /usr/bin/../lib/gcc/msp430/4.6.3/mmpy-16/libgcc.a(_udivmod64.o)
 .text.libgcc   0x00000000000098d2       0xf0 /usr/bin/../lib/gcc/msp430/4.6.3/mmpy-16/libgcc.a(_udivmod64.o)
                0x00000000000098d2                __xabi_udivmod64
                0x0000000000009930                __udivdi3
                0x0000000000009956                __umoddi3
                0x0000000000009984                __udivmoddi4
 .text          0x00000000000099c2        0x0 /usr/bin/../lib/gcc/msp430/4.6.3/mmpy-16/libcrt0.a(_reset_vector__.o)
 .text          0x00000000000099c2        0x0 /usr/bin/../lib/gcc/msp430/4.6.3/mmpy-16/libcrt0.a(__watchdog_support.o)
 .text          0x00000000000099c2        0x0 /usr/bin/../lib/gcc/msp430/4.6.3/mmpy-16/libcrt0.a(__init_stack.o)
 .text          0x00000000000099c2        0x0 /usr/bin/../lib/gcc/msp430/4.6.3/mmpy-16/libcrt0.a(__low_level_init.o)
 .text          0x00000000000099c2        0x0 /usr/bin/../lib/gcc/msp430/4.6.3/mmpy-16/libcrt0.a(_copy_data.o)
 .text          0x00000000000099c2        0x0 /usr/bin/../lib/gcc/msp430/4.6.3/mmpy-16/libcrt0.a(_clear_bss.o)
 .text          0x00000000000099c2        0x0 /usr/bin/../lib/gcc/msp430/4.6.3/mmpy-16/libcrt0.a(__stop_progExec__.o)
 .text          0x00000000000099c2        0x0 /usr/bin/../lib/gcc/msp430/4.6.3/mmpy-16/libcrt0.a(_endless_loop__.o)
 .text          0x00000000000099c2        0x0 /usr/bin/../lib/gcc/msp430/4.6.3/mmpy-16/libcrt0.a(_unexpected_.o)
 .text.crt0     0x00000000000099c2        0x2 /usr/bin/../lib/gcc/msp430/4.6.3/mmpy-16/libcrt0.a(_unexpected_.o)
                0x00000000000099c2                _unexpected_
                0x00000000000099c4                . = ALIGN (0x2)

.rodata         0x00000000000099c4      0x188
                0x00000000000099c4                . = ALIGN (0x2)
 *(.rodata .rodata.* .gnu.linkonce.r.*)
 .rodata        0x00000000000099c4       0x50 staffetta-test.co
                0x0000000000009a00                autostart_processes
 .rodata        0x0000000000009a14       0x50 obj_sky/contiki-sky-main.o
 .rodata        0x0000000000009a64        0xc contiki-sky.a(etimer.o)
 .rodata        0x0000000000009a70       0x76 contiki-sky.a(energytrace.o)
 .rodata        0x0000000000009ae6       0x50 contiki-sky.a(staffetta.o)
 .rodata        0x0000000000009b36        0xf contiki-sky.a(ctimer.o)
 .rodata        0x0000000000009b45        0x7 /usr/bin/../lib/gcc/msp430/4.6.3/../../../../msp430/lib/mmpy-16/libc.a(vuprintf.o)
                0x0000000000009b4c                . = ALIGN (0x2)
                0x0000000000009b4c                _etext = .

.data           0x0000000000001100       0x4e load address 0x0000000000009b4c
                0x0000000000001100                . = ALIGN (0x2)
                0x0000000000001100                PROVIDE (__data_start, .)
 *(.data .data.* .gnu.linkonce.d.*)
 .data          0x0000000000001100        0x0 /usr/bin/../lib/gcc/msp430/4.6.3/mmpy-16/crt0ivtbl16.o
 .data          0x0000000000001100       0x14 staffetta-test.co
                0x0000000000001100                staffetta_print_stats_process
                0x000000000000110a                staffetta_test
 .data          0x0000000000001114        0x4 obj_sky/contiki-sky-main.o
                0x0000000000001114                TOS_LOCAL_ADDRESS
                0x0000000000001116                TOS_NODE_ID
 .data          0x0000000000001118        0x0 contiki-sky.a(process.o)
 .data          0x0000000000001118        0x0 contiki-sky.a(autostart.o)
 .data          0x0000000000001118        0x0 contiki-sky.a(random.o)
 .data          0x0000000000001118        0xa contiki-sky.a(etimer.o)
                0x0000000000001118                etimer_process
 .data          0x0000000000001122        0x0 contiki-sky.a(energest.o)
 .data          0x0000000000001122        0x0 contiki-sky.a(rtimer.o)
 .data          0x0000000000001122        0x0 contiki-sky.a(metric.o)
 .data          0x0000000000001122        0x0 contiki-sky.a(gpio.o)
 .data          0x0000000000001122       0x18 contiki-sky.a(energytrace.o)
                0x0000000000001122                energytrace_process_print
                0x000000000000112c                energytrace_process
                0x0000000000001136                remaining_energy
 .data          0x000000000000113a        0x8 contiki-sky.a(staffetta.o)
 .data          0x0000000000001142        0x2 contiki-sky.a(msp430.o)
 .data          0x0000000000001144        0x0 contiki-sky.a(leds.o)
 .data          0x0000000000001144        0x0 contiki-sky.a(watchdog.o)
 .data          0x0000000000001144        0x0 contiki-sky.a(xmem.o)
 .data          0x0000000000001144        0x0 contiki-sky.a(cc2420.o)
 .data          0x0000000000001144        0x0 contiki-sky.a(node-id.o)
 .data          0x0000000000001144        0x0 contiki-sky.a(uart1.o)
 .data          0x0000000000001144        0x0 contiki-sky.a(clock.o)
 .data          0x0000000000001144        0x0 contiki-sky.a(leds-arch.o)
 .data          0x0000000000001144        0x0 contiki-sky.a(uart1-putchar.o)
 .data          0x0000000000001144        0x0 contiki-sky.a(rtimer-arch.o)
 .data          0x0000000000001144        0x0 contiki-sky.a(rand.o)
 .data          0x0000000000001144        0x0 contiki-sky.a(timer.o)
 .data          0x0000000000001144        0xa contiki-sky.a(ctimer.o)
                0x0000000000001144                ctimer_process
 .data          0x000000000000114e        0x0 contiki-sky.a(ringbuf.o)
 .data          0x000000000000114e        0x0 contiki-sky.a(spi.o)
 .data          0x000000000000114e        0x0 contiki-sky.a(list.o)
 .data          0x000000000000114e        0x0 /usr/bin/../lib/gcc/msp430/4.6.3/mmpy-16/libgcc.a(_mulsi3.o)
 .data          0x000000000000114e        0x0 /usr/bin/../lib/gcc/msp430/4.6.3/mmpy-16/libgcc.a(_udivmod16.o)
 .data          0x000000000000114e        0x0 /usr/bin/../lib/gcc/msp430/4.6.3/mmpy-16/libgcc.a(_divmod16.o)
 .data          0x000000000000114e        0x0 /usr/bin/../lib/gcc/msp430/4.6.3/mmpy-16/libgcc.a(_udivmod32.o)
 .data          0x000000000000114e        0x0 /usr/bin/../lib/gcc/msp430/4.6.3/mmpy-16/libgcc.a(_divmod32.o)
 .data          0x000000000000114e        0x0 /usr/bin/../lib/gcc/msp430/4.6.3/../../../../msp430/lib/mmpy-16/libc.a(strcmp.o)
 .data          0x000000000000114e        0x0 /usr/bin/../lib/gcc/msp430/4.6.3/../../../../msp430/lib/mmpy-16/libc.a(strncpy.o)
 .data          0x000000000000114e        0x0 /usr/bin/../lib/gcc/msp430/4.6.3/../../../../msp430/lib/mmpy-16/libc.a(atoi.o)
 .data          0x000000000000114e        0x0 /usr/bin/../lib/gcc/msp430/4.6.3/../../../../msp430/lib/mmpy-16/libc.a(printf.o)
 .data          0x000000000000114e        0x0 /usr/bin/../lib/gcc/msp430/4.6.3/../../../../msp430/lib/mmpy-16/libc.a(vuprintf.o)
 .data          0x000000000000114e        0x0 /usr/bin/../lib/gcc/msp430/4.6.3/../../../../msp430/lib/mmpy-16/libc.a(puts.o)
 .data          0x000000000000114e        0x0 /usr/bin/../lib/gcc/msp430/4.6.3/mmpy-16/libgcc.a(_udivmod64.o)
 .data          0x000000000000114e        0x0 /usr/bin/../lib/gcc/msp430/4.6.3/mmpy-16/libcrt0.a(_reset_vector__.o)
 .data          0x000000000000114e        0x0 /usr/bin/../lib/gcc/msp430/4.6.3/mmpy-16/libcrt0.a(__watchdog_support.o)
 .data          0x000000000000114e        0x0 /usr/bin/../lib/gcc/msp430/4.6.3/mmpy-16/libcrt0.a(__init_stack.o)
 .data          0x000000000000114e        0x0 /usr/bin/../lib/gcc/msp430/4.6.3/mmpy-16/libcrt0.a(__low_level_init.o)
 .data          0x000000000000114e        0x0 /usr/bin/../lib/gcc/msp430/4.6.3/mmpy-16/libcrt0.a(_copy_data.o)
 .data          0x000000000000114e        0x0 /usr/bin/../lib/gcc/msp430/4.6.3/mmpy-16/libcrt0.a(_clear_bss.o)
 .data          0x000000000000114e        0x0 /usr/bin/../lib/gcc/msp430/4.6.3/mmpy-16/libcrt0.a(__stop_progExec__.o)
 .data          0x000000000000114e        0x0 /usr/bin/../lib/gcc/msp430/4.6.3/mmpy-16/libcrt0.a(_endless_loop__.o)
 .data          0x000000000000114e        0x0 /usr/bin/../lib/gcc/msp430/4.6.3/mmpy-16/libcrt0.a(_unexpected_.o)
                0x000000000000114e                . = ALIGN (0x2)
                0x000000000000114e                _edata = .
                0x0000000000009b4c                PROVIDE (__data_load_start, LOADADDR (.data))
                0x000000000000004e                PROVIDE (__data_size, SIZEOF (.data))

.bss            0x000000000000114e      0x9aa load address 0x0000000000009b9a
                0x000000000000114e                PROVIDE (__bss_start, .)
 *(.bss .bss.*)
 .bss           0x000000000000114e        0x0 /usr/bin/../lib/gcc/msp430/4.6.3/mmpy-16/crt0ivtbl16.o
 .bss           0x000000000000114e       0x1e staffetta-test.co
 .bss           0x000000000000116c        0x4 obj_sky/contiki-sky-main.o
 .bss           0x0000000000001170       0x42 contiki-sky.a(process.o)
                0x0000000000001170                process_current
                0x0000000000001172                process_list
 .bss           0x00000000000011b2        0x0 contiki-sky.a(autostart.o)
 .bss           0x00000000000011b2        0x0 contiki-sky.a(random.o)
 .bss           0x00000000000011b2        0x6 contiki-sky.a(etimer.o)
 .bss           0x00000000000011b8        0x0 contiki-sky.a(energest.o)
 .bss           0x00000000000011b8        0x2 contiki-sky.a(rtimer.o)
 .bss           0x00000000000011ba        0x4 contiki-sky.a(metric.o)
                0x00000000000011ba                harvesting_rate
                0x00000000000011bc                node_energy_state
 .bss           0x00000000000011be        0x2 contiki-sky.a(gpio.o)
 .bss           0x00000000000011c0       0xd8 contiki-sky.a(energytrace.o)
                0x00000000000011c0                acum_harvest
                0x00000000000011c4                acum_consumption
                0x00000000000011c8                harvesting_array_index
                0x00000000000011ca                harvesting_rate_array
                0x00000000000011de                energy_change
                0x00000000000011e0                node_dc_state
                0x00000000000011e2                node_state_old
 .bss           0x0000000000001298      0x74e contiki-sky.a(staffetta.o)
 .bss           0x00000000000019e6        0x0 contiki-sky.a(msp430.o)
 .bss           0x00000000000019e6        0x2 contiki-sky.a(leds.o)
 .bss           0x00000000000019e8        0x2 contiki-sky.a(watchdog.o)
 .bss           0x00000000000019ea        0x0 contiki-sky.a(xmem.o)
 .bss           0x00000000000019ea        0x0 contiki-sky.a(cc2420.o)
 .bss           0x00000000000019ea        0x2 contiki-sky.a(node-id.o)
                0x00000000000019ea                node_id
 .bss           0x00000000000019ec       0x4a contiki-sky.a(uart1.o)
 .bss           0x0000000000001a36        0xa contiki-sky.a(clock.o)
 .bss           0x0000000000001a40        0x0 contiki-sky.a(leds-arch.o)
 .bss           0x0000000000001a40        0x0 contiki-sky.a(uart1-putchar.o)
 .bss           0x0000000000001a40        0x0 contiki-sky.a(rtimer-arch.o)
 .bss           0x0000000000001a40        0x0 contiki-sky.a(rand.o)
 .bss           0x0000000000001a40        0x0 contiki-sky.a(timer.o)
 .bss           0x0000000000001a40        0x4 contiki-sky.a(ctimer.o)
 .bss           0x0000000000001a44        0x0 contiki-sky.a(ringbuf.o)
 .bss           0x0000000000001a44        0x2 contiki-sky.a(spi.o)
                0x0000000000001a44                spi_busy
 .bss           0x0000000000001a46        0x0 contiki-sky.a(list.o)
 .bss           0x0000000000001a46        0x0 /usr/bin/../lib/gcc/msp430/4.6.3/mmpy-16/libgcc.a(_mulsi3.o)
 .bss           0x0000000000001a46        0x0 /usr/bin/../lib/gcc/msp430/4.6.3/mmpy-16/libgcc.a(_udivmod16.o)
 .bss           0x0000000000001a46        0x0 /usr/bin/../lib/gcc/msp430/4.6.3/mmpy-16/libgcc.a(_divmod16.o)
 .bss           0x0000000000001a46        0x0 /usr/bin/../lib/gcc/msp430/4.6.3/mmpy-16/libgcc.a(_udivmod32.o)
 .bss           0x0000000000001a46        0x0 /usr/bin/../lib/gcc/msp430/4.6.3/mmpy-16/libgcc.a(_divmod32.o)
 .bss           0x0000000000001a46        0x0 /usr/bin/../lib/gcc/msp430/4.6.3/../../../../msp430/lib/mmpy-16/libc.a(strcmp.o)
 .bss           0x0000000000001a46        0x0 /usr/bin/../lib/gcc/msp430/4.6.3/../../../../msp430/lib/mmpy-16/libc.a(strncpy.o)
 .bss           0x0000000000001a46        0x0 /usr/bin/../lib/gcc/msp430/4.6.3/../../../../msp430/lib/mmpy-16/libc.a(atoi.o)
 .bss           0x0000000000001a46        0x0 /usr/bin/../lib/gcc/msp430/4.6.3/../../../../msp430/lib/mmpy-16/libc.a(printf.o)
 .bss           0x0000000000001a46        0x0 /usr/bin/../lib/gcc/msp430/4.6.3/../../../../msp430/lib/mmpy-16/libc.a(vuprintf.o)
 .bss           0x0000000000001a46        0x0 /usr/bin/../lib/gcc/msp430/4.6.3/../../../../msp430/lib/mmpy-16/libc.a(puts.o)
 .bss           0x0000000000001a46        0x0 /usr/bin/../lib/gcc/msp430/4.6.3/mmpy-16/libgcc.a(_udivmod64.o)
 .bss           0x0000000000001a46        0x0 /usr/bin/../lib/gcc/msp430/4.6.3/mmpy-16/libcrt0.a(_reset_vector__.o)
 .bss           0x0000000000001a46        0x0 /usr/bin/../lib/gcc/msp430/4.6.3/mmpy-16/libcrt0.a(__watchdog_support.o)
 .bss           0x0000000000001a46        0x0 /usr/bin/../lib/gcc/msp430/4.6.3/mmpy-16/libcrt0.a(__init_stack.o)
 .bss           0x0000000000001a46        0x0 /usr/bin/../lib/gcc/msp430/4.6.3/mmpy-16/libcrt0.a(__low_level_init.o)
 .bss           0x0000000000001a46        0x0 /usr/bin/../lib/gcc/msp430/4.6.3/mmpy-16/libcrt0.a(_copy_data.o)
 .bss           0x0000000000001a46        0x0 /usr/bin/../lib/gcc/msp430/4.6.3/mmpy-16/libcrt0.a(_clear_bss.o)
 .bss           0x0000000000001a46        0x0 /usr/bin/../lib/gcc/msp430/4.6.3/mmpy-16/libcrt0.a(__stop_progExec__.o)
 .bss           0x0000000000001a46        0x0 /usr/bin/../lib/gcc/msp430/4.6.3/mmpy-16/libcrt0.a(_endless_loop__.o)
 .bss           0x0000000000001a46        0x0 /usr/bin/../lib/gcc/msp430/4.6.3/mmpy-16/libcrt0.a(_unexpected_.o)
 *(COMMON)
 COMMON         0x0000000000001a46        0x1 contiki-sky.a(process.o)
                0x0000000000001a46                process_maxevents
 *fill*         0x0000000000001a47        0x1 00
 COMMON         0x0000000000001a48       0x56 contiki-sky.a(energest.o)
                0x0000000000001a48                energest_total_time
                0x0000000000001a78                energest_total_count
                0x0000000000001a7a                energest_current_mode
                0x0000000000001a86                energest_current_time
 COMMON         0x0000000000001a9e        0x2 contiki-sky.a(metric.o)
                0x0000000000001a9e                node_duty_cycle
 COMMON         0x0000000000001aa0        0x6 contiki-sky.a(energytrace.o)
                0x0000000000001aa0                node_state
                0x0000000000001aa2                node_activation_ev
                0x0000000000001aa4                fd_read_solar
 COMMON         0x0000000000001aa6       0x52 contiki-sky.a(staffetta.o)
                0x0000000000001aa6                index
                0x0000000000001aa8                edc_id
                0x0000000000001af8                . = ALIGN (0x2)
                0x0000000000001af8                PROVIDE (__bss_end, .)
                0x00000000000009aa                PROVIDE (__bss_size, SIZEOF (.bss))

.noinit         0x0000000000001af8        0x6 load address 0x0000000000009b9a
                0x0000000000001af8                PROVIDE (__noinit_start, .)
 *(.noinit .noinit.*)
 .noinit        0x0000000000001af8        0x4 contiki-sky.a(rand.o)
                0x0000000000001af8                rand_state
 .noinit.crt0   0x0000000000001afc        0x2 /usr/bin/../lib/gcc/msp430/4.6.3/mmpy-16/libcrt0.a(__watchdog_support.o)
                0x0000000000001afc                __wdt_clear_value
                0x0000000000001afe                . = ALIGN (0x2)
                0x0000000000001afe                PROVIDE (__noinit_end, .)
                0x0000000000001afe                . = ALIGN (0x2)
                0x0000000000001afe                _end = .

.infomem        0x0000000000001000        0x0
 *(.infomem)
                0x0000000000001000                . = ALIGN (0x2)
 *(.infomem.*)

.infomemnobits  0x0000000000001000        0x0
 *(.infomemnobits)
                0x0000000000001000                . = ALIGN (0x2)
 *(.infomemnobits.*)

.infoa
 *(.infoa .infoa.*)

.infob
 *(.infob .infob.*)

.infoc
 *(.infoc .infoc.*)

.infod
 *(.infod .infod.*)

.vectors        0x000000000000ffe0       0x20
                0x000000000000ffe0                PROVIDE (__vectors_start, .)
 *(.vectors*)
 .vectors       0x000000000000ffe0       0x20 /usr/bin/../lib/gcc/msp430/4.6.3/mmpy-16/crt0ivtbl16.o
                0x000000000000ffe0                __ivtbl_16
                0x0000000000010000                _vectors_end = .

.fartext        0x0000000000000000        0x0
                0x0000000000000000                . = ALIGN (0x2)
 *(.fartext)
                0x0000000000000000                . = ALIGN (0x2)
 *(.fartext.*)
                0x0000000000000000                _efartext = .

.profiler
 *(.profiler)

.stab
 *(.stab)

.stabstr
 *(.stabstr)

.stab.excl
 *(.stab.excl)

.stab.exclstr
 *(.stab.exclstr)

.stab.index
 *(.stab.index)

.stab.indexstr
 *(.stab.indexstr)

.comment
 *(.comment)

.debug
 *(.debug)

.line
 *(.line)

.debug_srcinfo
 *(.debug_srcinfo)

.debug_sfnames
 *(.debug_sfnames)

.debug_aranges  0x0000000000000000      0x3ac
 *(.debug_aranges)
 .debug_aranges
                0x0000000000000000       0x14 staffetta-test.co
 .debug_aranges
                0x0000000000000014       0x14 obj_sky/contiki-sky-main.o
 .debug_aranges
                0x0000000000000028       0x14 contiki-sky.a(process.o)
 .debug_aranges
                0x000000000000003c       0x14 contiki-sky.a(autostart.o)
 .debug_aranges
                0x0000000000000050       0x14 contiki-sky.a(random.o)
 .debug_aranges
                0x0000000000000064       0x14 contiki-sky.a(etimer.o)
 .debug_aranges
                0x0000000000000078       0x14 contiki-sky.a(energest.o)
 .debug_aranges
                0x000000000000008c       0x14 contiki-sky.a(rtimer.o)
 .debug_aranges
                0x00000000000000a0       0x14 contiki-sky.a(metric.o)
 .debug_aranges
                0x00000000000000b4       0x14 contiki-sky.a(gpio.o)
 .debug_aranges
                0x00000000000000c8       0x14 contiki-sky.a(energytrace.o)
 .debug_aranges
                0x00000000000000dc       0x14 contiki-sky.a(staffetta.o)
 .debug_aranges
                0x00000000000000f0       0x14 contiki-sky.a(msp430.o)
 .debug_aranges
                0x0000000000000104       0x14 contiki-sky.a(leds.o)
 .debug_aranges
                0x0000000000000118       0x14 contiki-sky.a(watchdog.o)
 .debug_aranges
                0x000000000000012c       0x14 contiki-sky.a(xmem.o)
 .debug_aranges
                0x0000000000000140       0x14 contiki-sky.a(cc2420.o)
 .debug_aranges
                0x0000000000000154       0x14 contiki-sky.a(node-id.o)
 .debug_aranges
                0x0000000000000168       0x14 contiki-sky.a(uart1.o)
 .debug_aranges
                0x000000000000017c       0x14 contiki-sky.a(clock.o)
 .debug_aranges
                0x0000000000000190       0x14 contiki-sky.a(leds-arch.o)
 .debug_aranges
                0x00000000000001a4       0x14 contiki-sky.a(uart1-putchar.o)
 .debug_aranges
                0x00000000000001b8       0x14 contiki-sky.a(rtimer-arch.o)
 .debug_aranges
                0x00000000000001cc       0x14 contiki-sky.a(rand.o)
 .debug_aranges
                0x00000000000001e0       0x14 contiki-sky.a(timer.o)
 .debug_aranges
                0x00000000000001f4       0x14 contiki-sky.a(ctimer.o)
 .debug_aranges
                0x0000000000000208       0x14 contiki-sky.a(ringbuf.o)
 .debug_aranges
                0x000000000000021c       0x14 contiki-sky.a(spi.o)
 .debug_aranges
                0x0000000000000230       0x14 contiki-sky.a(list.o)
 .debug_aranges
                0x0000000000000244       0x14 /usr/bin/../lib/gcc/msp430/4.6.3/mmpy-16/libgcc.a(_mulsi3.o)
 .debug_aranges
                0x0000000000000258       0x14 /usr/bin/../lib/gcc/msp430/4.6.3/mmpy-16/libgcc.a(_udivmod16.o)
 .debug_aranges
                0x000000000000026c       0x14 /usr/bin/../lib/gcc/msp430/4.6.3/mmpy-16/libgcc.a(_divmod16.o)
 .debug_aranges
                0x0000000000000280       0x14 /usr/bin/../lib/gcc/msp430/4.6.3/mmpy-16/libgcc.a(_udivmod32.o)
 .debug_aranges
                0x0000000000000294       0x14 /usr/bin/../lib/gcc/msp430/4.6.3/mmpy-16/libgcc.a(_divmod32.o)
 .debug_aranges
                0x00000000000002a8       0x14 /usr/bin/../lib/gcc/msp430/4.6.3/../../../../msp430/lib/mmpy-16/libc.a(strcmp.o)
 .debug_aranges
                0x00000000000002bc       0x14 /usr/bin/../lib/gcc/msp430/4.6.3/../../../../msp430/lib/mmpy-16/libc.a(strncpy.o)
 .debug_aranges
                0x00000000000002d0       0x14 /usr/bin/../lib/gcc/msp430/4.6.3/../../../../msp430/lib/mmpy-16/libc.a(atoi.o)
 .debug_aranges
                0x00000000000002e4       0x14 /usr/bin/../lib/gcc/msp430/4.6.3/../../../../msp430/lib/mmpy-16/libc.a(printf.o)
 .debug_aranges
                0x00000000000002f8       0x14 /usr/bin/../lib/gcc/msp430/4.6.3/../../../../msp430/lib/mmpy-16/libc.a(vuprintf.o)
 .debug_aranges
                0x000000000000030c       0x14 /usr/bin/../lib/gcc/msp430/4.6.3/../../../../msp430/lib/mmpy-16/libc.a(puts.o)
 .debug_aranges
                0x0000000000000320       0x14 /usr/bin/../lib/gcc/msp430/4.6.3/mmpy-16/libgcc.a(_udivmod64.o)
 .debug_aranges
                0x0000000000000334       0x14 /usr/bin/../lib/gcc/msp430/4.6.3/mmpy-16/libcrt0.a(__watchdog_support.o)
 .debug_aranges
                0x0000000000000348       0x14 /usr/bin/../lib/gcc/msp430/4.6.3/mmpy-16/libcrt0.a(__init_stack.o)
 .debug_aranges
                0x000000000000035c       0x14 /usr/bin/../lib/gcc/msp430/4.6.3/mmpy-16/libcrt0.a(_copy_data.o)
 .debug_aranges
                0x0000000000000370       0x14 /usr/bin/../lib/gcc/msp430/4.6.3/mmpy-16/libcrt0.a(_clear_bss.o)
 .debug_aranges
                0x0000000000000384       0x14 /usr/bin/../lib/gcc/msp430/4.6.3/mmpy-16/libcrt0.a(_endless_loop__.o)
 .debug_aranges
                0x0000000000000398       0x14 /usr/bin/../lib/gcc/msp430/4.6.3/mmpy-16/libcrt0.a(_unexpected_.o)

.debug_pubnames
 *(.debug_pubnames)

.debug_info     0x0000000000000000     0x80d0
 *(.debug_info)
 .debug_info    0x0000000000000000      0x457 staffetta-test.co
 .debug_info    0x0000000000000457      0x354 obj_sky/contiki-sky-main.o
 .debug_info    0x00000000000007ab      0x53f contiki-sky.a(process.o)
 .debug_info    0x0000000000000cea      0x1ad contiki-sky.a(autostart.o)
 .debug_info    0x0000000000000e97       0xa0 contiki-sky.a(random.o)
 .debug_info    0x0000000000000f37      0x4aa contiki-sky.a(etimer.o)
 .debug_info    0x00000000000013e1      0x265 contiki-sky.a(energest.o)
 .debug_info    0x0000000000001646      0x203 contiki-sky.a(rtimer.o)
 .debug_info    0x0000000000001849      0x1f9 contiki-sky.a(metric.o)
 .debug_info    0x0000000000001a42      0x279 contiki-sky.a(gpio.o)
 .debug_info    0x0000000000001cbb     0x1e5f contiki-sky.a(energytrace.o)
 .debug_info    0x0000000000003b1a      0xe07 contiki-sky.a(staffetta.o)
 .debug_info    0x0000000000004921      0x36a contiki-sky.a(msp430.o)
 .debug_info    0x0000000000004c8b      0x2fd contiki-sky.a(leds.o)
 .debug_info    0x0000000000004f88      0x129 contiki-sky.a(watchdog.o)
 .debug_info    0x00000000000050b1      0x4a8 contiki-sky.a(xmem.o)
 .debug_info    0x0000000000005559      0x3f8 contiki-sky.a(cc2420.o)
 .debug_info    0x0000000000005951       0xde contiki-sky.a(node-id.o)
 .debug_info    0x0000000000005a2f      0x2d6 contiki-sky.a(uart1.o)
 .debug_info    0x0000000000005d05      0x391 contiki-sky.a(clock.o)
 .debug_info    0x0000000000006096       0xd9 contiki-sky.a(leds-arch.o)
 .debug_info    0x000000000000616f       0x8b contiki-sky.a(uart1-putchar.o)
 .debug_info    0x00000000000061fa       0xef contiki-sky.a(rtimer-arch.o)
 .debug_info    0x00000000000062e9      0x14c contiki-sky.a(rand.o)
 .debug_info    0x0000000000006435      0x170 contiki-sky.a(timer.o)
 .debug_info    0x00000000000065a5      0x488 contiki-sky.a(ctimer.o)
 .debug_info    0x0000000000006a2d      0x1b0 contiki-sky.a(ringbuf.o)
 .debug_info    0x0000000000006bdd      0x132 contiki-sky.a(spi.o)
 .debug_info    0x0000000000006d0f      0x2f0 contiki-sky.a(list.o)
 .debug_info    0x0000000000006fff       0xb4 /usr/bin/../lib/gcc/msp430/4.6.3/mmpy-16/libgcc.a(_mulsi3.o)
 .debug_info    0x00000000000070b3       0xb4 /usr/bin/../lib/gcc/msp430/4.6.3/mmpy-16/libgcc.a(_udivmod16.o)
 .debug_info    0x0000000000007167       0xb4 /usr/bin/../lib/gcc/msp430/4.6.3/mmpy-16/libgcc.a(_divmod16.o)
 .debug_info    0x000000000000721b       0xb4 /usr/bin/../lib/gcc/msp430/4.6.3/mmpy-16/libgcc.a(_udivmod32.o)
 .debug_info    0x00000000000072cf       0xb4 /usr/bin/../lib/gcc/msp430/4.6.3/mmpy-16/libgcc.a(_divmod32.o)
 .debug_info    0x0000000000007383       0xa4 /usr/bin/../lib/gcc/msp430/4.6.3/../../../../msp430/lib/mmpy-16/libc.a(strcmp.o)
 .debug_info    0x0000000000007427       0xe1 /usr/bin/../lib/gcc/msp430/4.6.3/../../../../msp430/lib/mmpy-16/libc.a(strncpy.o)
 .debug_info    0x0000000000007508       0xb4 /usr/bin/../lib/gcc/msp430/4.6.3/../../../../msp430/lib/mmpy-16/libc.a(atoi.o)
 .debug_info    0x00000000000075bc      0x105 /usr/bin/../lib/gcc/msp430/4.6.3/../../../../msp430/lib/mmpy-16/libc.a(printf.o)
 .debug_info    0x00000000000076c1      0x565 /usr/bin/../lib/gcc/msp430/4.6.3/../../../../msp430/lib/mmpy-16/libc.a(vuprintf.o)
 .debug_info    0x0000000000007c26       0x96 /usr/bin/../lib/gcc/msp430/4.6.3/../../../../msp430/lib/mmpy-16/libc.a(puts.o)
 .debug_info    0x0000000000007cbc       0xb4 /usr/bin/../lib/gcc/msp430/4.6.3/mmpy-16/libgcc.a(_udivmod64.o)
 .debug_info    0x0000000000007d70       0x90 /usr/bin/../lib/gcc/msp430/4.6.3/mmpy-16/libcrt0.a(__watchdog_support.o)
 .debug_info    0x0000000000007e00       0x90 /usr/bin/../lib/gcc/msp430/4.6.3/mmpy-16/libcrt0.a(__init_stack.o)
 .debug_info    0x0000000000007e90       0x90 /usr/bin/../lib/gcc/msp430/4.6.3/mmpy-16/libcrt0.a(_copy_data.o)
 .debug_info    0x0000000000007f20       0x90 /usr/bin/../lib/gcc/msp430/4.6.3/mmpy-16/libcrt0.a(_clear_bss.o)
 .debug_info    0x0000000000007fb0       0x90 /usr/bin/../lib/gcc/msp430/4.6.3/mmpy-16/libcrt0.a(_endless_loop__.o)
 .debug_info    0x0000000000008040       0x90 /usr/bin/../lib/gcc/msp430/4.6.3/mmpy-16/libcrt0.a(_unexpected_.o)
 *(.gnu.linkonce.wi.*)

.debug_abbrev   0x0000000000000000     0x2fbe
 *(.debug_abbrev)
 .debug_abbrev  0x0000000000000000      0x1cb staffetta-test.co
 .debug_abbrev  0x00000000000001cb      0x1bc obj_sky/contiki-sky-main.o
 .debug_abbrev  0x0000000000000387      0x323 contiki-sky.a(process.o)
 .debug_abbrev  0x00000000000006aa       0xf5 contiki-sky.a(autostart.o)
 .debug_abbrev  0x000000000000079f       0x67 contiki-sky.a(random.o)
 .debug_abbrev  0x0000000000000806      0x27a contiki-sky.a(etimer.o)
 .debug_abbrev  0x0000000000000a80      0x14e contiki-sky.a(energest.o)
 .debug_abbrev  0x0000000000000bce      0x139 contiki-sky.a(rtimer.o)
 .debug_abbrev  0x0000000000000d07       0xe2 contiki-sky.a(metric.o)
 .debug_abbrev  0x0000000000000de9      0x115 contiki-sky.a(gpio.o)
 .debug_abbrev  0x0000000000000efe      0x4a9 contiki-sky.a(energytrace.o)
 .debug_abbrev  0x00000000000013a7      0x447 contiki-sky.a(staffetta.o)
 .debug_abbrev  0x00000000000017ee      0x157 contiki-sky.a(msp430.o)
 .debug_abbrev  0x0000000000001945      0x163 contiki-sky.a(leds.o)
 .debug_abbrev  0x0000000000001aa8       0x91 contiki-sky.a(watchdog.o)
 .debug_abbrev  0x0000000000001b39      0x21f contiki-sky.a(xmem.o)
 .debug_abbrev  0x0000000000001d58      0x161 contiki-sky.a(cc2420.o)
 .debug_abbrev  0x0000000000001eb9       0x82 contiki-sky.a(node-id.o)
 .debug_abbrev  0x0000000000001f3b      0x162 contiki-sky.a(uart1.o)
 .debug_abbrev  0x000000000000209d      0x1b5 contiki-sky.a(clock.o)
 .debug_abbrev  0x0000000000002252       0x97 contiki-sky.a(leds-arch.o)
 .debug_abbrev  0x00000000000022e9       0x50 contiki-sky.a(uart1-putchar.o)
 .debug_abbrev  0x0000000000002339       0xa2 contiki-sky.a(rtimer-arch.o)
 .debug_abbrev  0x00000000000023db       0xae contiki-sky.a(rand.o)
 .debug_abbrev  0x0000000000002489       0xf8 contiki-sky.a(timer.o)
 .debug_abbrev  0x0000000000002581      0x1cb contiki-sky.a(ctimer.o)
 .debug_abbrev  0x000000000000274c      0x109 contiki-sky.a(ringbuf.o)
 .debug_abbrev  0x0000000000002855       0x97 contiki-sky.a(spi.o)
 .debug_abbrev  0x00000000000028ec      0x151 contiki-sky.a(list.o)
 .debug_abbrev  0x0000000000002a3d       0x14 /usr/bin/../lib/gcc/msp430/4.6.3/mmpy-16/libgcc.a(_mulsi3.o)
 .debug_abbrev  0x0000000000002a51       0x14 /usr/bin/../lib/gcc/msp430/4.6.3/mmpy-16/libgcc.a(_udivmod16.o)
 .debug_abbrev  0x0000000000002a65       0x14 /usr/bin/../lib/gcc/msp430/4.6.3/mmpy-16/libgcc.a(_divmod16.o)
 .debug_abbrev  0x0000000000002a79       0x14 /usr/bin/../lib/gcc/msp430/4.6.3/mmpy-16/libgcc.a(_udivmod32.o)
 .debug_abbrev  0x0000000000002a8d       0x14 /usr/bin/../lib/gcc/msp430/4.6.3/mmpy-16/libgcc.a(_divmod32.o)
 .debug_abbrev  0x0000000000002aa1       0x60 /usr/bin/../lib/gcc/msp430/4.6.3/../../../../msp430/lib/mmpy-16/libc.a(strcmp.o)
 .debug_abbrev  0x0000000000002b01       0x94 /usr/bin/../lib/gcc/msp430/4.6.3/../../../../msp430/lib/mmpy-16/libc.a(strncpy.o)
 .debug_abbrev  0x0000000000002b95       0x7e /usr/bin/../lib/gcc/msp430/4.6.3/../../../../msp430/lib/mmpy-16/libc.a(atoi.o)
 .debug_abbrev  0x0000000000002c13       0xd0 /usr/bin/../lib/gcc/msp430/4.6.3/../../../../msp430/lib/mmpy-16/libc.a(printf.o)
 .debug_abbrev  0x0000000000002ce3      0x1ef /usr/bin/../lib/gcc/msp430/4.6.3/../../../../msp430/lib/mmpy-16/libc.a(vuprintf.o)
 .debug_abbrev  0x0000000000002ed2       0x60 /usr/bin/../lib/gcc/msp430/4.6.3/../../../../msp430/lib/mmpy-16/libc.a(puts.o)
 .debug_abbrev  0x0000000000002f32       0x14 /usr/bin/../lib/gcc/msp430/4.6.3/mmpy-16/libgcc.a(_udivmod64.o)
 .debug_abbrev  0x0000000000002f46       0x14 /usr/bin/../lib/gcc/msp430/4.6.3/mmpy-16/libcrt0.a(__watchdog_support.o)
 .debug_abbrev  0x0000000000002f5a       0x14 /usr/bin/../lib/gcc/msp430/4.6.3/mmpy-16/libcrt0.a(__init_stack.o)
 .debug_abbrev  0x0000000000002f6e       0x14 /usr/bin/../lib/gcc/msp430/4.6.3/mmpy-16/libcrt0.a(_copy_data.o)
 .debug_abbrev  0x0000000000002f82       0x14 /usr/bin/../lib/gcc/msp430/4.6.3/mmpy-16/libcrt0.a(_clear_bss.o)
 .debug_abbrev  0x0000000000002f96       0x14 /usr/bin/../lib/gcc/msp430/4.6.3/mmpy-16/libcrt0.a(_endless_loop__.o)
 .debug_abbrev  0x0000000000002faa       0x14 /usr/bin/../lib/gcc/msp430/4.6.3/mmpy-16/libcrt0.a(_unexpected_.o)

.debug_line     0x0000000000000000     0x36f9
 *(.debug_line)
 .debug_line    0x0000000000000000      0x1c1 staffetta-test.co
 .debug_line    0x00000000000001c1      0x181 obj_sky/contiki-sky-main.o
 .debug_line    0x0000000000000342      0x13d contiki-sky.a(process.o)
 .debug_line    0x000000000000047f       0x96 contiki-sky.a(autostart.o)
 .debug_line    0x0000000000000515       0x4a contiki-sky.a(random.o)
 .debug_line    0x000000000000055f      0x170 contiki-sky.a(etimer.o)
 .debug_line    0x00000000000006cf       0xe8 contiki-sky.a(energest.o)
 .debug_line    0x00000000000007b7       0x81 contiki-sky.a(rtimer.o)
 .debug_line    0x0000000000000838      0x106 contiki-sky.a(metric.o)
 .debug_line    0x000000000000093e      0x126 contiki-sky.a(gpio.o)
 .debug_line    0x0000000000000a64      0x751 contiki-sky.a(energytrace.o)
 .debug_line    0x00000000000011b5      0x890 contiki-sky.a(staffetta.o)
 .debug_line    0x0000000000001a45      0x155 contiki-sky.a(msp430.o)
 .debug_line    0x0000000000001b9a      0x133 contiki-sky.a(leds.o)
 .debug_line    0x0000000000001ccd       0xae contiki-sky.a(watchdog.o)
 .debug_line    0x0000000000001d7b      0x1d0 contiki-sky.a(xmem.o)
 .debug_line    0x0000000000001f4b      0x32e contiki-sky.a(cc2420.o)
 .debug_line    0x0000000000002279       0x61 contiki-sky.a(node-id.o)
 .debug_line    0x00000000000022da      0x10c contiki-sky.a(uart1.o)
 .debug_line    0x00000000000023e6      0x16a contiki-sky.a(clock.o)
 .debug_line    0x0000000000002550       0xe2 contiki-sky.a(leds-arch.o)
 .debug_line    0x0000000000002632       0x9c contiki-sky.a(uart1-putchar.o)
 .debug_line    0x00000000000026ce       0xc5 contiki-sky.a(rtimer-arch.o)
 .debug_line    0x0000000000002793       0xc6 contiki-sky.a(rand.o)
 .debug_line    0x0000000000002859       0xa2 contiki-sky.a(timer.o)
 .debug_line    0x00000000000028fb      0x15d contiki-sky.a(ctimer.o)
 .debug_line    0x0000000000002a58       0xba contiki-sky.a(ringbuf.o)
 .debug_line    0x0000000000002b12       0x9d contiki-sky.a(spi.o)
 .debug_line    0x0000000000002baf       0xd8 contiki-sky.a(list.o)
 .debug_line    0x0000000000002c87       0x74 /usr/bin/../lib/gcc/msp430/4.6.3/mmpy-16/libgcc.a(_mulsi3.o)
 .debug_line    0x0000000000002cfb       0x6d /usr/bin/../lib/gcc/msp430/4.6.3/mmpy-16/libgcc.a(_udivmod16.o)
 .debug_line    0x0000000000002d68       0x78 /usr/bin/../lib/gcc/msp430/4.6.3/mmpy-16/libgcc.a(_divmod16.o)
 .debug_line    0x0000000000002de0       0x7c /usr/bin/../lib/gcc/msp430/4.6.3/mmpy-16/libgcc.a(_udivmod32.o)
 .debug_line    0x0000000000002e5c       0x81 /usr/bin/../lib/gcc/msp430/4.6.3/mmpy-16/libgcc.a(_divmod32.o)
 .debug_line    0x0000000000002edd       0x49 /usr/bin/../lib/gcc/msp430/4.6.3/../../../../msp430/lib/mmpy-16/libc.a(strcmp.o)
 .debug_line    0x0000000000002f26       0xb7 /usr/bin/../lib/gcc/msp430/4.6.3/../../../../msp430/lib/mmpy-16/libc.a(strncpy.o)
 .debug_line    0x0000000000002fdd       0x6e /usr/bin/../lib/gcc/msp430/4.6.3/../../../../msp430/lib/mmpy-16/libc.a(atoi.o)
 .debug_line    0x000000000000304b       0xb1 /usr/bin/../lib/gcc/msp430/4.6.3/../../../../msp430/lib/mmpy-16/libc.a(printf.o)
 .debug_line    0x00000000000030fc      0x311 /usr/bin/../lib/gcc/msp430/4.6.3/../../../../msp430/lib/mmpy-16/libc.a(vuprintf.o)
 .debug_line    0x000000000000340d       0x4d /usr/bin/../lib/gcc/msp430/4.6.3/../../../../msp430/lib/mmpy-16/libc.a(puts.o)
 .debug_line    0x000000000000345a       0xc2 /usr/bin/../lib/gcc/msp430/4.6.3/mmpy-16/libgcc.a(_udivmod64.o)
 .debug_line    0x000000000000351c       0x4f /usr/bin/../lib/gcc/msp430/4.6.3/mmpy-16/libcrt0.a(__watchdog_support.o)
 .debug_line    0x000000000000356b       0x4d /usr/bin/../lib/gcc/msp430/4.6.3/mmpy-16/libcrt0.a(__init_stack.o)
 .debug_line    0x00000000000035b8       0x53 /usr/bin/../lib/gcc/msp430/4.6.3/mmpy-16/libcrt0.a(_copy_data.o)
 .debug_line    0x000000000000360b       0x53 /usr/bin/../lib/gcc/msp430/4.6.3/mmpy-16/libcrt0.a(_clear_bss.o)
 .debug_line    0x000000000000365e       0x4e /usr/bin/../lib/gcc/msp430/4.6.3/mmpy-16/libcrt0.a(_endless_loop__.o)
 .debug_line    0x00000000000036ac       0x4d /usr/bin/../lib/gcc/msp430/4.6.3/mmpy-16/libcrt0.a(_unexpected_.o)

.debug_frame    0x0000000000000000     0x1390
 *(.debug_frame)
 .debug_frame   0x0000000000000000       0x7a staffetta-test.co
 .debug_frame   0x000000000000007a       0x50 obj_sky/contiki-sky-main.o
 .debug_frame   0x00000000000000ca       0xe8 contiki-sky.a(process.o)
 .debug_frame   0x00000000000001b2       0x36 contiki-sky.a(autostart.o)
 .debug_frame   0x00000000000001e8       0x2a contiki-sky.a(random.o)
 .debug_frame   0x0000000000000212       0xf8 contiki-sky.a(etimer.o)
 .debug_frame   0x000000000000030a       0x62 contiki-sky.a(energest.o)
 .debug_frame   0x000000000000036c       0x36 contiki-sky.a(rtimer.o)
 .debug_frame   0x00000000000003a2       0x5a contiki-sky.a(metric.o)
 .debug_frame   0x00000000000003fc       0xc0 contiki-sky.a(gpio.o)
 .debug_frame   0x00000000000004bc      0x46c contiki-sky.a(energytrace.o)
 .debug_frame   0x0000000000000928      0x196 contiki-sky.a(staffetta.o)
 .debug_frame   0x0000000000000abe       0x86 contiki-sky.a(msp430.o)
 .debug_frame   0x0000000000000b44       0xa2 contiki-sky.a(leds.o)
 .debug_frame   0x0000000000000be6       0x5a contiki-sky.a(watchdog.o)
 .debug_frame   0x0000000000000c40       0xc4 contiki-sky.a(xmem.o)
 .debug_frame   0x0000000000000d04       0x6e contiki-sky.a(cc2420.o)
 .debug_frame   0x0000000000000d72       0x32 contiki-sky.a(node-id.o)
 .debug_frame   0x0000000000000da4       0x88 contiki-sky.a(uart1.o)
 .debug_frame   0x0000000000000e2c       0xd0 contiki-sky.a(clock.o)
 .debug_frame   0x0000000000000efc       0x36 contiki-sky.a(leds-arch.o)
 .debug_frame   0x0000000000000f32       0x24 contiki-sky.a(uart1-putchar.o)
 .debug_frame   0x0000000000000f56       0x4a contiki-sky.a(rtimer-arch.o)
 .debug_frame   0x0000000000000fa0       0x40 contiki-sky.a(rand.o)
 .debug_frame   0x0000000000000fe0       0x6a contiki-sky.a(timer.o)
 .debug_frame   0x000000000000104a       0xaa contiki-sky.a(ctimer.o)
 .debug_frame   0x00000000000010f4       0x5e contiki-sky.a(ringbuf.o)
 .debug_frame   0x0000000000001152       0x1e contiki-sky.a(spi.o)
 .debug_frame   0x0000000000001170       0xbc contiki-sky.a(list.o)
 .debug_frame   0x000000000000122c       0x1e /usr/bin/../lib/gcc/msp430/4.6.3/../../../../msp430/lib/mmpy-16/libc.a(strcmp.o)
 .debug_frame   0x000000000000124a       0x24 /usr/bin/../lib/gcc/msp430/4.6.3/../../../../msp430/lib/mmpy-16/libc.a(strncpy.o)
 .debug_frame   0x000000000000126e       0x24 /usr/bin/../lib/gcc/msp430/4.6.3/../../../../msp430/lib/mmpy-16/libc.a(atoi.o)
 .debug_frame   0x0000000000001292       0x2a /usr/bin/../lib/gcc/msp430/4.6.3/../../../../msp430/lib/mmpy-16/libc.a(printf.o)
 .debug_frame   0x00000000000012bc       0xb0 /usr/bin/../lib/gcc/msp430/4.6.3/../../../../msp430/lib/mmpy-16/libc.a(vuprintf.o)
 .debug_frame   0x000000000000136c       0x24 /usr/bin/../lib/gcc/msp430/4.6.3/../../../../msp430/lib/mmpy-16/libc.a(puts.o)

.debug_str      0x0000000000000000     0x25a0
 *(.debug_str)
 .debug_str     0x0000000000000000      0x3a3 staffetta-test.co
                                        0x452 (size before relaxing)
 .debug_str     0x00000000000003a3       0xcc obj_sky/contiki-sky-main.o
                                        0x382 (size before relaxing)
 .debug_str     0x000000000000046f      0x178 contiki-sky.a(process.o)
                                        0x2cf (size before relaxing)
 .debug_str     0x00000000000005e7       0x3a contiki-sky.a(autostart.o)
                                        0x187 (size before relaxing)
 .debug_str     0x0000000000000621       0x35 contiki-sky.a(random.o)
                                        0x12b (size before relaxing)
 .debug_str     0x0000000000000656      0x133 contiki-sky.a(etimer.o)
                                        0x2dc (size before relaxing)
 .debug_str     0x0000000000000789       0x9b contiki-sky.a(energest.o)
                                        0x325 (size before relaxing)
 .debug_str     0x0000000000000824       0xb8 contiki-sky.a(rtimer.o)
                                        0x2f0 (size before relaxing)
 .debug_str     0x00000000000008dc       0x9e contiki-sky.a(metric.o)
                                        0x34a (size before relaxing)
 .debug_str     0x000000000000097a       0xcf contiki-sky.a(gpio.o)
                                        0x1dd (size before relaxing)
 .debug_str     0x0000000000000a49      0x81a contiki-sky.a(energytrace.o)
                                        0xc44 (size before relaxing)
 .debug_str     0x0000000000001263      0x723 contiki-sky.a(staffetta.o)
                                        0xb10 (size before relaxing)
 .debug_str     0x0000000000001986      0x133 contiki-sky.a(msp430.o)
                                        0x295 (size before relaxing)
 .debug_str     0x0000000000001ab9       0x87 contiki-sky.a(leds.o)
                                        0x325 (size before relaxing)
 .debug_str     0x0000000000001b40       0xa6 contiki-sky.a(watchdog.o)
                                        0x1a4 (size before relaxing)
 .debug_str     0x0000000000001be6       0xa5 contiki-sky.a(xmem.o)
                                        0x399 (size before relaxing)
 .debug_str     0x0000000000001c8b       0x85 contiki-sky.a(cc2420.o)
                                        0x59d (size before relaxing)
 .debug_str     0x0000000000001d10       0x3c contiki-sky.a(node-id.o)
                                        0x13a (size before relaxing)
 .debug_str     0x0000000000001d4c      0x12f contiki-sky.a(uart1.o)
                                        0x291 (size before relaxing)
 .debug_str     0x0000000000001e7b       0xdd contiki-sky.a(clock.o)
                                        0x3ab (size before relaxing)
 .debug_str     0x0000000000001f58       0x5a contiki-sky.a(leds-arch.o)
                                        0x161 (size before relaxing)
 .debug_str     0x0000000000001fb2       0x2d contiki-sky.a(uart1-putchar.o)
                                        0x123 (size before relaxing)
 .debug_str     0x0000000000001fdf       0x62 contiki-sky.a(rtimer-arch.o)
                                        0x184 (size before relaxing)
 .debug_str     0x0000000000002041       0x27 contiki-sky.a(rand.o)
                                        0x268 (size before relaxing)
 .debug_str     0x0000000000002068       0x27 contiki-sky.a(timer.o)
                                        0x176 (size before relaxing)
 .debug_str     0x000000000000208f       0xc0 contiki-sky.a(ctimer.o)
                                        0x397 (size before relaxing)
 .debug_str     0x000000000000214f       0x64 contiki-sky.a(ringbuf.o)
                                        0x189 (size before relaxing)
 .debug_str     0x00000000000021b3       0x5d contiki-sky.a(spi.o)
                                        0x198 (size before relaxing)
 .debug_str     0x0000000000002210       0xa8 contiki-sky.a(list.o)
                                        0x13a (size before relaxing)
 .debug_str     0x00000000000022b8       0x6b /usr/bin/../lib/gcc/msp430/4.6.3/../../../../msp430/lib/mmpy-16/libc.a(strcmp.o)
                                        0x11f (size before relaxing)
 .debug_str     0x0000000000002323       0x1b /usr/bin/../lib/gcc/msp430/4.6.3/../../../../msp430/lib/mmpy-16/libc.a(strncpy.o)
                                        0x128 (size before relaxing)
 .debug_str     0x000000000000233e       0x1a /usr/bin/../lib/gcc/msp430/4.6.3/../../../../msp430/lib/mmpy-16/libc.a(atoi.o)
                                        0x120 (size before relaxing)
 .debug_str     0x0000000000002358       0x40 /usr/bin/../lib/gcc/msp430/4.6.3/../../../../msp430/lib/mmpy-16/libc.a(printf.o)
                                        0x155 (size before relaxing)
 .debug_str     0x0000000000002398      0x1f3 /usr/bin/../lib/gcc/msp430/4.6.3/../../../../msp430/lib/mmpy-16/libc.a(vuprintf.o)
                                        0x3a0 (size before relaxing)
 .debug_str     0x000000000000258b       0x15 /usr/bin/../lib/gcc/msp430/4.6.3/../../../../msp430/lib/mmpy-16/libc.a(puts.o)
                                        0x11b (size before relaxing)

.debug_loc      0x0000000000000000     0x376c
 *(.debug_loc)
 .debug_loc     0x0000000000000000      0x1bf staffetta-test.co
 .debug_loc     0x00000000000001bf       0x9a obj_sky/contiki-sky-main.o
 .debug_loc     0x0000000000000259      0x20d contiki-sky.a(process.o)
 .debug_loc     0x0000000000000466       0x56 contiki-sky.a(autostart.o)
 .debug_loc     0x00000000000004bc        0xb contiki-sky.a(random.o)
 .debug_loc     0x00000000000004c7      0x270 contiki-sky.a(etimer.o)
 .debug_loc     0x0000000000000737       0x8a contiki-sky.a(energest.o)
 .debug_loc     0x00000000000007c1       0x5b contiki-sky.a(rtimer.o)
 .debug_loc     0x000000000000081c       0x28 contiki-sky.a(metric.o)
 .debug_loc     0x0000000000000844       0xb3 contiki-sky.a(gpio.o)
 .debug_loc     0x00000000000008f7     0x143a contiki-sky.a(energytrace.o)
 .debug_loc     0x0000000000001d31      0x493 contiki-sky.a(staffetta.o)
 .debug_loc     0x00000000000021c4      0x118 contiki-sky.a(msp430.o)
 .debug_loc     0x00000000000022dc       0xdc contiki-sky.a(leds.o)
 .debug_loc     0x00000000000023b8      0x2f2 contiki-sky.a(xmem.o)
 .debug_loc     0x00000000000026aa      0x119 contiki-sky.a(cc2420.o)
 .debug_loc     0x00000000000027c3       0x33 contiki-sky.a(node-id.o)
 .debug_loc     0x00000000000027f6       0x99 contiki-sky.a(uart1.o)
 .debug_loc     0x000000000000288f       0x92 contiki-sky.a(clock.o)
 .debug_loc     0x0000000000002921        0xb contiki-sky.a(leds-arch.o)
 .debug_loc     0x000000000000292c       0x2d contiki-sky.a(uart1-putchar.o)
 .debug_loc     0x0000000000002959       0x2c contiki-sky.a(rtimer-arch.o)
 .debug_loc     0x0000000000002985       0x74 contiki-sky.a(rand.o)
 .debug_loc     0x00000000000029f9       0xb9 contiki-sky.a(timer.o)
 .debug_loc     0x0000000000002ab2      0x205 contiki-sky.a(ctimer.o)
 .debug_loc     0x0000000000002cb7       0xa3 contiki-sky.a(ringbuf.o)
 .debug_loc     0x0000000000002d5a      0x1ac contiki-sky.a(list.o)
 .debug_loc     0x0000000000002f06       0x24 /usr/bin/../lib/gcc/msp430/4.6.3/../../../../msp430/lib/mmpy-16/libc.a(strcmp.o)
 .debug_loc     0x0000000000002f2a       0x45 /usr/bin/../lib/gcc/msp430/4.6.3/../../../../msp430/lib/mmpy-16/libc.a(strncpy.o)
 .debug_loc     0x0000000000002f6f       0x9a /usr/bin/../lib/gcc/msp430/4.6.3/../../../../msp430/lib/mmpy-16/libc.a(atoi.o)
 .debug_loc     0x0000000000003009       0x38 /usr/bin/../lib/gcc/msp430/4.6.3/../../../../msp430/lib/mmpy-16/libc.a(printf.o)
 .debug_loc     0x0000000000003041      0x705 /usr/bin/../lib/gcc/msp430/4.6.3/../../../../msp430/lib/mmpy-16/libc.a(vuprintf.o)
 .debug_loc     0x0000000000003746       0x26 /usr/bin/../lib/gcc/msp430/4.6.3/../../../../msp430/lib/mmpy-16/libc.a(puts.o)

.debug_macinfo
 *(.debug_macinfo)

.debug_pubtypes
 *(.debug_pubtypes)

.debug_ranges   0x0000000000000000       0x68
 *(.debug_ranges)
 .debug_ranges  0x0000000000000000       0x18 staffetta-test.co
 .debug_ranges  0x0000000000000018        0x8 obj_sky/contiki-sky-main.o
 .debug_ranges  0x0000000000000020       0x24 contiki-sky.a(energytrace.o)
 .debug_ranges  0x0000000000000044        0xc contiki-sky.a(staffetta.o)
 .debug_ranges  0x0000000000000050       0x18 /usr/bin/../lib/gcc/msp430/4.6.3/../../../../msp430/lib/mmpy-16/libc.a(vuprintf.o)
                0x0000000000003900                PROVIDE (__stack, (ORIGIN (ram) + 0x2800))
                0x0000000000009b4c                PROVIDE (__data_start_rom, _etext)
                0x0000000000009b9a                PROVIDE (__data_end_rom, (_etext + SIZEOF (.data)))
OUTPUT(staffetta-test.sky elf32-msp430)

.glossy         0x0000000000004000        0x0
