Archive member included because of file (symbol)

contiki-sky.a(process.o)      obj_sky/contiki-sky-main.o (process_init)
contiki-sky.a(autostart.o)    obj_sky/contiki-sky-main.o (autostart_start)
contiki-sky.a(random.o)       staffetta-test.co (random_init)
contiki-sky.a(etimer.o)       obj_sky/contiki-sky-main.o (etimer_process)
contiki-sky.a(energest.o)     obj_sky/contiki-sky-main.o (energest_init)
contiki-sky.a(rtimer.o)       obj_sky/contiki-sky-main.o (rtimer_init)
contiki-sky.a(metric.o)       staffetta-test.co (node_energy_state)
contiki-sky.a(gpio.o)         obj_sky/contiki-sky-main.o (gpio_init)
contiki-sky.a(energytrace.o)  staffetta-test.co (remaining_energy)
contiki-sky.a(staffetta.o)    staffetta-test.co (getWakeups)
contiki-sky.a(msp430.o)       obj_sky/contiki-sky-main.o (msp430_cpu_init)
contiki-sky.a(leds.o)         staffetta-test.co (leds_init)
contiki-sky.a(watchdog.o)     obj_sky/contiki-sky-main.o (watchdog_init)
contiki-sky.a(xmem.o)         obj_sky/contiki-sky-main.o (xmem_init)
contiki-sky.a(cc2420.o)       obj_sky/contiki-sky-main.o (cc2420_init)
contiki-sky.a(node-id.o)      staffetta-test.co (node_id)
contiki-sky.a(uart1.o)        obj_sky/contiki-sky-main.o (uart1_active)
contiki-sky.a(clock.o)        contiki-sky.a(etimer.o) (clock_time)
contiki-sky.a(leds-arch.o)    contiki-sky.a(leds.o) (leds_arch_init)
contiki-sky.a(uart1-putchar.o)
                              obj_sky/contiki-sky-main.o (putchar)
contiki-sky.a(rtimer-arch.o)  contiki-sky.a(rtimer.o) (rtimer_arch_init)
contiki-sky.a(rand.o)         contiki-sky.a(random.o) (rand)
contiki-sky.a(timer.o)        contiki-sky.a(etimer.o) (timer_set)
contiki-sky.a(ctimer.o)       contiki-sky.a(staffetta.o) (ctimer_stop)
contiki-sky.a(ringbuf.o)      contiki-sky.a(uart1.o) (ringbuf_init)
contiki-sky.a(spi.o)          contiki-sky.a(xmem.o) (spi_init)
contiki-sky.a(list.o)         contiki-sky.a(ctimer.o) (list_init)
/usr/bin/../lib/gcc/msp430/4.6.3/mmpy-16/libgcc.a(_mulsi3.o)
                              contiki-sky.a(energytrace.o) (__mulsi3)
/usr/bin/../lib/gcc/msp430/4.6.3/mmpy-16/libgcc.a(_udivmod16.o)
                              contiki-sky.a(staffetta.o) (__udivhi3)
/usr/bin/../lib/gcc/msp430/4.6.3/mmpy-16/libgcc.a(_divmod16.o)
                              contiki-sky.a(staffetta.o) (__modhi3)
/usr/bin/../lib/gcc/msp430/4.6.3/mmpy-16/libgcc.a(_udivmod32.o)
                              staffetta-test.co (__udivsi3)
/usr/bin/../lib/gcc/msp430/4.6.3/mmpy-16/libgcc.a(_divmod32.o)
                              contiki-sky.a(energytrace.o) (__divsi3)
/usr/bin/../lib/gcc/msp430/4.6.3/mmpy-16/libgcc.a(_fixunssfsi.o)
                              contiki-sky.a(energytrace.o) (__fixunssfsi)
/usr/bin/../lib/gcc/msp430/4.6.3/mmpy-16/libgcc.a(_addsub_sf.o)
                              /usr/bin/../lib/gcc/msp430/4.6.3/mmpy-16/libgcc.a(_fixunssfsi.o) (__subsf3)
/usr/bin/../lib/gcc/msp430/4.6.3/mmpy-16/libgcc.a(_mul_sf.o)
                              contiki-sky.a(energytrace.o) (__mulsf3)
/usr/bin/../lib/gcc/msp430/4.6.3/mmpy-16/libgcc.a(_ge_sf.o)
                              /usr/bin/../lib/gcc/msp430/4.6.3/mmpy-16/libgcc.a(_fixunssfsi.o) (__gesf2)
/usr/bin/../lib/gcc/msp430/4.6.3/mmpy-16/libgcc.a(_sf_to_si.o)
                              /usr/bin/../lib/gcc/msp430/4.6.3/mmpy-16/libgcc.a(_fixunssfsi.o) (__fixsfsi)
/usr/bin/../lib/gcc/msp430/4.6.3/mmpy-16/libgcc.a(_thenan_sf.o)
                              /usr/bin/../lib/gcc/msp430/4.6.3/mmpy-16/libgcc.a(_addsub_sf.o) (__thenan_sf)
/usr/bin/../lib/gcc/msp430/4.6.3/mmpy-16/libgcc.a(_usi_to_sf.o)
                              contiki-sky.a(energytrace.o) (__floatunsisf)
/usr/bin/../lib/gcc/msp430/4.6.3/mmpy-16/libgcc.a(_clzsi2.o)
                              /usr/bin/../lib/gcc/msp430/4.6.3/mmpy-16/libgcc.a(_usi_to_sf.o) (__clzsi2)
/usr/bin/../lib/gcc/msp430/4.6.3/mmpy-16/libgcc.a(_pack_sf.o)
                              /usr/bin/../lib/gcc/msp430/4.6.3/mmpy-16/libgcc.a(_addsub_sf.o) (__pack_f)
/usr/bin/../lib/gcc/msp430/4.6.3/mmpy-16/libgcc.a(_unpack_sf.o)
                              /usr/bin/../lib/gcc/msp430/4.6.3/mmpy-16/libgcc.a(_addsub_sf.o) (__unpack_f)
/usr/bin/../lib/gcc/msp430/4.6.3/mmpy-16/libgcc.a(_fpcmp_parts_sf.o)
                              /usr/bin/../lib/gcc/msp430/4.6.3/mmpy-16/libgcc.a(_ge_sf.o) (__fpcmp_parts_f)
/usr/bin/../lib/gcc/msp430/4.6.3/mmpy-16/libgcc.a(_clz.o)
                              /usr/bin/../lib/gcc/msp430/4.6.3/mmpy-16/libgcc.a(_clzsi2.o) (__clz_tab)
/usr/bin/../lib/gcc/msp430/4.6.3/../../../../msp430/lib/mmpy-16/libc.a(printf.o)
                              staffetta-test.co (printf)
/usr/bin/../lib/gcc/msp430/4.6.3/../../../../msp430/lib/mmpy-16/libc.a(vuprintf.o)
                              /usr/bin/../lib/gcc/msp430/4.6.3/../../../../msp430/lib/mmpy-16/libc.a(printf.o) (vuprintf)
/usr/bin/../lib/gcc/msp430/4.6.3/../../../../msp430/lib/mmpy-16/libc.a(puts.o)
                              obj_sky/contiki-sky-main.o (puts)
/usr/bin/../lib/gcc/msp430/4.6.3/mmpy-16/libgcc.a(_udivmod64.o)
                              /usr/bin/../lib/gcc/msp430/4.6.3/../../../../msp430/lib/mmpy-16/libc.a(vuprintf.o) (__udivdi3)
/usr/bin/../lib/gcc/msp430/4.6.3/mmpy-16/libcrt0.a(_reset_vector__.o)
                              /usr/bin/../lib/gcc/msp430/4.6.3/mmpy-16/crt0ivtbl16.o (_reset_vector__)
/usr/bin/../lib/gcc/msp430/4.6.3/mmpy-16/libcrt0.a(__watchdog_support.o)
                              /usr/bin/../lib/gcc/msp430/4.6.3/mmpy-16/libcrt0.a(_reset_vector__.o) (__watchdog_support)
/usr/bin/../lib/gcc/msp430/4.6.3/mmpy-16/libcrt0.a(__init_stack.o)
                              /usr/bin/../lib/gcc/msp430/4.6.3/mmpy-16/libcrt0.a(_reset_vector__.o) (__init_stack)
/usr/bin/../lib/gcc/msp430/4.6.3/mmpy-16/libcrt0.a(__low_level_init.o)
                              /usr/bin/../lib/gcc/msp430/4.6.3/mmpy-16/libcrt0.a(_reset_vector__.o) (__low_level_init)
/usr/bin/../lib/gcc/msp430/4.6.3/mmpy-16/libcrt0.a(_copy_data.o)
                              /usr/bin/../lib/gcc/msp430/4.6.3/mmpy-16/libcrt0.a(_reset_vector__.o) (__do_copy_data)
/usr/bin/../lib/gcc/msp430/4.6.3/mmpy-16/libcrt0.a(_clear_bss.o)
                              /usr/bin/../lib/gcc/msp430/4.6.3/mmpy-16/libcrt0.a(_reset_vector__.o) (__do_clear_bss)
/usr/bin/../lib/gcc/msp430/4.6.3/mmpy-16/libcrt0.a(__stop_progExec__.o)
                              /usr/bin/../lib/gcc/msp430/4.6.3/mmpy-16/libcrt0.a(_reset_vector__.o) (__stop_progExec__)
/usr/bin/../lib/gcc/msp430/4.6.3/mmpy-16/libcrt0.a(_endless_loop__.o)
                              /usr/bin/../lib/gcc/msp430/4.6.3/mmpy-16/libcrt0.a(_reset_vector__.o) (_endless_loop__)
/usr/bin/../lib/gcc/msp430/4.6.3/mmpy-16/libcrt0.a(_unexpected_.o)
                              /usr/bin/../lib/gcc/msp430/4.6.3/mmpy-16/crt0ivtbl16.o (_unexpected_)

Allocating common symbols
Common symbol       size              file

energest_total_time
                    0x30              contiki-sky.a(energest.o)
energest_total_count
                    0x2               contiki-sky.a(energest.o)
energest_current_mode
                    0xc               contiki-sky.a(energest.o)
process_maxevents   0x1               contiki-sky.a(process.o)
node_state          0x2               contiki-sky.a(energytrace.o)
node_duty_cycle     0x2               contiki-sky.a(metric.o)
node_activation_ev  0x1               contiki-sky.a(energytrace.o)
index               0x2               contiki-sky.a(staffetta.o)
energest_current_time
                    0x18              contiki-sky.a(energest.o)
edc_id              0x50              contiki-sky.a(staffetta.o)

Memory Configuration

Name             Origin             Length             Attributes
sfr              0x0000000000000000 0x0000000000000010
peripheral_8bit  0x0000000000000010 0x00000000000000f0
peripheral_16bit 0x0000000000000100 0x0000000000000100
ram_mirror       0x0000000000000200 0x0000000000000800 xw
infomem          0x0000000000001000 0x0000000000000100
infob            0x0000000000001000 0x0000000000000080
infoa            0x0000000000001080 0x0000000000000080
ram              0x0000000000001100 0x0000000000002800 xw
rom              0x0000000000004000 0x000000000000bfe0 xr
vectors          0x000000000000ffe0 0x0000000000000020
bsl              0x0000000000000000 0x0000000000000000
infoc            0x0000000000000000 0x0000000000000000
infod            0x0000000000000000 0x0000000000000000
ram2             0x0000000000000000 0x0000000000000000 xw
usbram           0x0000000000000000 0x0000000000000000 xw
far_rom          0x0000000000000000 0x0000000000000000
*default*        0x0000000000000000 0xffffffffffffffff

Linker script and memory map

LOAD /usr/bin/../lib/gcc/msp430/4.6.3/mmpy-16/crt0ivtbl16.o
Address of section .glossy set to 0x4000
Address of section .text set to 0x4400
LOAD staffetta-test.co
LOAD obj_sky/contiki-sky-main.o
LOAD contiki-sky.a
LOAD /usr/bin/../lib/gcc/msp430/4.6.3/mmpy-16/libgcc.a
LOAD /usr/bin/../lib/gcc/msp430/4.6.3/../../../../msp430/lib/mmpy-16/libc.a
LOAD /usr/bin/../lib/gcc/msp430/4.6.3/mmpy-16/libgcc.a
LOAD /usr/bin/../lib/gcc/msp430/4.6.3/mmpy-16/libcrt0.a
                0x0000000000000080                PROVIDE (__info_segment_size, 0x80)
                0x0000000000001000                PROVIDE (__infob, 0x1000)
                0x0000000000001080                PROVIDE (__infoa, 0x1080)
                0x0000000000000000                __IE1 = 0x0
                0x0000000000000002                __IFG1 = 0x2
                0x0000000000000004                __ME1 = 0x4
                0x0000000000000001                __IE2 = 0x1
                0x0000000000000003                __IFG2 = 0x3
                0x0000000000000005                __ME2 = 0x5
                0x0000000000000120                __WDTCTL = 0x120
                0x0000000000000130                __MPY = 0x130
                0x0000000000000132                __MPYS = 0x132
                0x0000000000000134                __MAC = 0x134
                0x0000000000000136                __MACS = 0x136
                0x0000000000000138                __OP2 = 0x138
                0x000000000000013a                __RESLO = 0x13a
                0x000000000000013c                __RESHI = 0x13c
                0x000000000000013e                __SUMEXT = 0x13e
                0x0000000000000020                __P1IN = 0x20
                0x0000000000000021                __P1OUT = 0x21
                0x0000000000000022                __P1DIR = 0x22
                0x0000000000000023                __P1IFG = 0x23
                0x0000000000000024                __P1IES = 0x24
                0x0000000000000025                __P1IE = 0x25
                0x0000000000000026                __P1SEL = 0x26
                0x0000000000000028                __P2IN = 0x28
                0x0000000000000029                __P2OUT = 0x29
                0x000000000000002a                __P2DIR = 0x2a
                0x000000000000002b                __P2IFG = 0x2b
                0x000000000000002c                __P2IES = 0x2c
                0x000000000000002d                __P2IE = 0x2d
                0x000000000000002e                __P2SEL = 0x2e
                0x0000000000000018                __P3IN = 0x18
                0x0000000000000019                __P3OUT = 0x19
                0x000000000000001a                __P3DIR = 0x1a
                0x000000000000001b                __P3SEL = 0x1b
                0x000000000000001c                __P4IN = 0x1c
                0x000000000000001d                __P4OUT = 0x1d
                0x000000000000001e                __P4DIR = 0x1e
                0x000000000000001f                __P4SEL = 0x1f
                0x0000000000000030                __P5IN = 0x30
                0x0000000000000031                __P5OUT = 0x31
                0x0000000000000032                __P5DIR = 0x32
                0x0000000000000033                __P5SEL = 0x33
                0x0000000000000034                __P6IN = 0x34
                0x0000000000000035                __P6OUT = 0x35
                0x0000000000000036                __P6DIR = 0x36
                0x0000000000000037                __P6SEL = 0x37
                0x0000000000000070                __U0CTL = 0x70
                0x0000000000000071                __U0TCTL = 0x71
                0x0000000000000072                __U0RCTL = 0x72
                0x0000000000000073                __U0MCTL = 0x73
                0x0000000000000074                __U0BR0 = 0x74
                0x0000000000000075                __U0BR1 = 0x75
                0x0000000000000076                __U0RXBUF = 0x76
                0x0000000000000077                __U0TXBUF = 0x77
                0x0000000000000078                __U1CTL = 0x78
                0x0000000000000079                __U1TCTL = 0x79
                0x000000000000007a                __U1RCTL = 0x7a
                0x000000000000007b                __U1MCTL = 0x7b
                0x000000000000007c                __U1BR0 = 0x7c
                0x000000000000007d                __U1BR1 = 0x7d
                0x000000000000007e                __U1RXBUF = 0x7e
                0x000000000000007f                __U1TXBUF = 0x7f
                0x0000000000000050                __I2CIE = 0x50
                0x0000000000000051                __I2CIFG = 0x51
                0x0000000000000052                __I2CNDAT = 0x52
                0x0000000000000071                __I2CTCTL = 0x71
                0x0000000000000072                __I2CDCTL = 0x72
                0x0000000000000073                __I2CPSC = 0x73
                0x0000000000000074                __I2CSCLH = 0x74
                0x0000000000000075                __I2CSCLL = 0x75
                0x0000000000000076                __I2CDRB = 0x76
                0x0000000000000076                __I2CDRW = 0x76
                0x0000000000000118                __I2COA = 0x118
                0x000000000000011a                __I2CSA = 0x11a
                0x000000000000011c                __I2CIV = 0x11c
                0x000000000000012e                __TAIV = 0x12e
                0x0000000000000160                __TACTL = 0x160
                0x0000000000000162                __TACCTL0 = 0x162
                0x0000000000000164                __TACCTL1 = 0x164
                0x0000000000000166                __TACCTL2 = 0x166
                0x0000000000000170                __TAR = 0x170
                0x0000000000000172                __TACCR0 = 0x172
                0x0000000000000174                __TACCR1 = 0x174
                0x0000000000000176                __TACCR2 = 0x176
                0x000000000000011e                __TBIV = 0x11e
                0x0000000000000180                __TBCTL = 0x180
                0x0000000000000182                __TBCCTL0 = 0x182
                0x0000000000000184                __TBCCTL1 = 0x184
                0x0000000000000186                __TBCCTL2 = 0x186
                0x0000000000000188                __TBCCTL3 = 0x188
                0x000000000000018a                __TBCCTL4 = 0x18a
                0x000000000000018c                __TBCCTL5 = 0x18c
                0x000000000000018e                __TBCCTL6 = 0x18e
                0x0000000000000190                __TBR = 0x190
                0x0000000000000192                __TBCCR0 = 0x192
                0x0000000000000194                __TBCCR1 = 0x194
                0x0000000000000196                __TBCCR2 = 0x196
                0x0000000000000198                __TBCCR3 = 0x198
                0x000000000000019a                __TBCCR4 = 0x19a
                0x000000000000019c                __TBCCR5 = 0x19c
                0x000000000000019e                __TBCCR6 = 0x19e
                0x0000000000000056                __DCOCTL = 0x56
                0x0000000000000057                __BCSCTL1 = 0x57
                0x0000000000000058                __BCSCTL2 = 0x58
                0x0000000000000055                __SVSCTL = 0x55
                0x0000000000000128                __FCTL1 = 0x128
                0x000000000000012a                __FCTL2 = 0x12a
                0x000000000000012c                __FCTL3 = 0x12c
                0x0000000000000059                __CACTL1 = 0x59
                0x000000000000005a                __CACTL2 = 0x5a
                0x000000000000005b                __CAPD = 0x5b
                0x00000000000001a0                __ADC12CTL0 = 0x1a0
                0x00000000000001a2                __ADC12CTL1 = 0x1a2
                0x00000000000001a4                __ADC12IFG = 0x1a4
                0x00000000000001a6                __ADC12IE = 0x1a6
                0x00000000000001a8                __ADC12IV = 0x1a8
                0x0000000000000140                __ADC12MEM0 = 0x140
                0x0000000000000142                __ADC12MEM1 = 0x142
                0x0000000000000144                __ADC12MEM2 = 0x144
                0x0000000000000146                __ADC12MEM3 = 0x146
                0x0000000000000148                __ADC12MEM4 = 0x148
                0x000000000000014a                __ADC12MEM5 = 0x14a
                0x000000000000014c                __ADC12MEM6 = 0x14c
                0x000000000000014e                __ADC12MEM7 = 0x14e
                0x0000000000000150                __ADC12MEM8 = 0x150
                0x0000000000000152                __ADC12MEM9 = 0x152
                0x0000000000000154                __ADC12MEM10 = 0x154
                0x0000000000000156                __ADC12MEM11 = 0x156
                0x0000000000000158                __ADC12MEM12 = 0x158
                0x000000000000015a                __ADC12MEM13 = 0x15a
                0x000000000000015c                __ADC12MEM14 = 0x15c
                0x000000000000015e                __ADC12MEM15 = 0x15e
                0x0000000000000080                __ADC12MCTL0 = 0x80
                0x0000000000000081                __ADC12MCTL1 = 0x81
                0x0000000000000082                __ADC12MCTL2 = 0x82
                0x0000000000000083                __ADC12MCTL3 = 0x83
                0x0000000000000084                __ADC12MCTL4 = 0x84
                0x0000000000000085                __ADC12MCTL5 = 0x85
                0x0000000000000086                __ADC12MCTL6 = 0x86
                0x0000000000000087                __ADC12MCTL7 = 0x87
                0x0000000000000088                __ADC12MCTL8 = 0x88
                0x0000000000000089                __ADC12MCTL9 = 0x89
                0x000000000000008a                __ADC12MCTL10 = 0x8a
                0x000000000000008b                __ADC12MCTL11 = 0x8b
                0x000000000000008c                __ADC12MCTL12 = 0x8c
                0x000000000000008d                __ADC12MCTL13 = 0x8d
                0x000000000000008e                __ADC12MCTL14 = 0x8e
                0x000000000000008f                __ADC12MCTL15 = 0x8f
                0x00000000000001c0                __DAC12_0CTL = 0x1c0
                0x00000000000001c2                __DAC12_1CTL = 0x1c2
                0x00000000000001c8                __DAC12_0DAT = 0x1c8
                0x00000000000001ca                __DAC12_1DAT = 0x1ca
                0x0000000000000122                __DMACTL0 = 0x122
                0x0000000000000124                __DMACTL1 = 0x124
                0x00000000000001e0                __DMA0CTL = 0x1e0
                0x00000000000001e8                __DMA1CTL = 0x1e8
                0x00000000000001f0                __DMA2CTL = 0x1f0
                0x00000000000001e2                __DMA0SA = 0x1e2
                0x00000000000001e4                __DMA0DA = 0x1e4
                0x00000000000001e6                __DMA0SZ = 0x1e6
                0x00000000000001ea                __DMA1SA = 0x1ea
                0x00000000000001ec                __DMA1DA = 0x1ec
                0x00000000000001ee                __DMA1SZ = 0x1ee
                0x00000000000001f2                __DMA2SA = 0x1f2
                0x00000000000001f4                __DMA2DA = 0x1f4
                0x00000000000001f6                __DMA2SZ = 0x1f6

.hash
 *(.hash)

.dynsym
 *(.dynsym)

.dynstr
 *(.dynstr)

.gnu.version
 *(.gnu.version)

.gnu.version_d
 *(.gnu.version_d)

.gnu.version_r
 *(.gnu.version_r)

.rel.init
 *(.rel.init)

.rela.init
 *(.rela.init)

.rel.fini
 *(.rel.fini)

.rela.fini
 *(.rela.fini)

.rel.text
 *(.rel.text .rel.text.* .rel.gnu.linkonce.t.*)

.rela.text
 *(.rela.text .rela.text.* .rela.gnu.linkonce.t.*)

.rel.rodata
 *(.rel.rodata .rel.rodata.* .rel.gnu.linkonce.r.*)

.rela.rodata
 *(.rela.rodata .rela.rodata.* .rela.gnu.linkonce.r.*)

.rel.data
 *(.rel.data .rel.data.* .rel.gnu.linkonce.d.*)

.rela.data
 *(.rela.data .rela.data.* .rela.gnu.linkonce.d.*)

.rel.bss
 *(.rel.bss .rel.bss.* .rel.gnu.linkonce.b.*)

.rela.bss
 *(.rela.bss .rela.bss.* .rela.gnu.linkonce.b.*)

.rel.ctors
 *(.rel.ctors)

.rela.ctors
 *(.rela.ctors)

.rel.dtors
 *(.rel.dtors)

.rela.dtors
 *(.rela.dtors)

.rel.got
 *(.rel.got)

.rela.got
 *(.rela.got)

.rel.plt
 *(.rel.plt)

.rela.plt
 *(.rela.plt)

.text           0x0000000000004400     0x4a92
                0x0000000000004400                . = ALIGN (0x2)
 *(.init .init.*)
 *(.init0)
 .init0         0x0000000000004400        0x0 /usr/bin/../lib/gcc/msp430/4.6.3/mmpy-16/libcrt0.a(_reset_vector__.o)
                0x0000000000004400                _reset_vector__
 *(.init1)
 .init1         0x0000000000004400        0xc /usr/bin/../lib/gcc/msp430/4.6.3/mmpy-16/libcrt0.a(__watchdog_support.o)
                0x0000000000004400                __watchdog_support
 *(.init2)
 .init2         0x000000000000440c        0x4 /usr/bin/../lib/gcc/msp430/4.6.3/mmpy-16/libcrt0.a(__init_stack.o)
                0x000000000000440c                __init_stack
 *(.init3)
 .init3         0x0000000000004410        0x0 /usr/bin/../lib/gcc/msp430/4.6.3/mmpy-16/libcrt0.a(__low_level_init.o)
                0x0000000000004410                __low_level_init
 *(.init4)
 .init4         0x0000000000004410       0x18 /usr/bin/../lib/gcc/msp430/4.6.3/mmpy-16/libcrt0.a(_copy_data.o)
                0x0000000000004410                __do_copy_data
 .init4         0x0000000000004428       0x16 /usr/bin/../lib/gcc/msp430/4.6.3/mmpy-16/libcrt0.a(_clear_bss.o)
                0x0000000000004428                __do_clear_bss
 *(.init5)
 *(.init6)
 *(.init7)
 *(.init8)
 *(.init9)
 .init9         0x000000000000443e      0x17a obj_sky/contiki-sky-main.o
                0x000000000000443e                main
 *(.fini9)
 .fini9         0x00000000000045b8        0x0 /usr/bin/../lib/gcc/msp430/4.6.3/mmpy-16/libcrt0.a(__stop_progExec__.o)
                0x00000000000045b8                __stop_progExec__
 *(.fini8)
 *(.fini7)
 *(.fini6)
 *(.fini5)
 *(.fini4)
 *(.fini3)
 *(.fini2)
 *(.fini1)
 *(.fini0)
 .fini0         0x00000000000045b8        0x6 /usr/bin/../lib/gcc/msp430/4.6.3/mmpy-16/libcrt0.a(_endless_loop__.o)
                0x00000000000045b8                _endless_loop__
 *(.fini .fini.*)
                0x00000000000045be                . = ALIGN (0x2)
                0x00000000000045be                __ctors_start = .
 *(.ctors)
                0x00000000000045be                __ctors_end = .
                0x00000000000045be                __dtors_start = .
 *(.dtors)
                0x00000000000045be                __dtors_end = .
                0x00000000000045be                . = ALIGN (0x2)
 *(.text .text.* .gnu.linkonce.t.*)
 .text          0x00000000000045be        0x4 /usr/bin/../lib/gcc/msp430/4.6.3/mmpy-16/crt0ivtbl16.o
                0x00000000000045be                __isr_14
                0x00000000000045be                __isr_4
                0x00000000000045be                __isr_11
                0x00000000000045be                __isr_7
                0x00000000000045be                __isr_0
                0x00000000000045be                __isr_8
                0x00000000000045be                __isr_12
                0x00000000000045be                __isr_13
                0x00000000000045be                __isr_9
                0x00000000000045be                __isr_1
 .text.crt0     0x00000000000045c2        0x0 /usr/bin/../lib/gcc/msp430/4.6.3/mmpy-16/crt0ivtbl16.o
 .text          0x00000000000045c2      0x1ca staffetta-test.co
 .text          0x000000000000478c        0x0 obj_sky/contiki-sky-main.o
 .text          0x000000000000478c      0x29e contiki-sky.a(process.o)
                0x0000000000004888                process_alloc_event
                0x0000000000004896                process_exit
                0x00000000000048a0                process_init
                0x00000000000048bc                process_run
                0x000000000000495e                process_nevents
                0x000000000000496c                process_post
                0x00000000000049c0                process_post_synch
                0x00000000000049d2                process_start
                0x0000000000004a04                process_poll
                0x0000000000004a1c                process_is_running
 .text          0x0000000000004a2a       0x2a contiki-sky.a(autostart.o)
                0x0000000000004a2a                autostart_start
                0x0000000000004a40                autostart_exit
 .text          0x0000000000004a54        0xc contiki-sky.a(random.o)
                0x0000000000004a54                random_init
                0x0000000000004a5a                random_rand
 .text          0x0000000000004a60      0x25a contiki-sky.a(etimer.o)
                0x0000000000004ad8                etimer_request_poll
                0x0000000000004be2                etimer_set
                0x0000000000004bf4                etimer_reset
                0x0000000000004c06                etimer_restart
                0x0000000000004c18                etimer_adjust
                0x0000000000004c32                etimer_expired
                0x0000000000004c40                etimer_expiration_time
                0x0000000000004c54                etimer_start_time
                0x0000000000004c5c                etimer_pending
                0x0000000000004c68                etimer_next_expiration_time
                0x0000000000004c7e                etimer_stop
 .text          0x0000000000004cba       0xba contiki-sky.a(energest.o)
                0x0000000000004cba                energest_init
                0x0000000000004ce2                energest_type_time
                0x0000000000004d24                energest_leveldevice_leveltime
                0x0000000000004d2a                energest_type_set
                0x0000000000004d38                energest_flush
 .text          0x0000000000004d74       0x50 contiki-sky.a(rtimer.o)
                0x0000000000004d74                rtimer_init
                0x0000000000004d7a                rtimer_set
                0x0000000000004d9e                rtimer_run_next
 .text          0x0000000000004dc4       0xae contiki-sky.a(metric.o)
                0x0000000000004dc4                compute_node_duty_cycle
                0x0000000000004df4                get_duty_cycle
                0x0000000000004dfa                compute_node_state
                0x0000000000004e30                get_node_state
                0x0000000000004e36                compute_harvesting_rate
                0x0000000000004e6c                get_harvesting_rate
 .text          0x0000000000004e72      0x10e contiki-sky.a(gpio.o)
                0x0000000000004e72                gpio_arch_init
                0x0000000000004e80                gpio_arch_get
                0x0000000000004eae                gpio_arch_set
                0x0000000000004ef0                gpio_init
                0x0000000000004efe                gpio_get
                0x0000000000004f04                gpio_on
                0x0000000000004f0e                gpio_off
                0x0000000000004f18                gpio_invert
                0x0000000000004f22                gpio_toggle
                0x0000000000004f28                gpio_blink
                0x0000000000004f44                gpio_green
                0x0000000000004f58                gpio_yellow
                0x0000000000004f6c                gpio_red
 .text          0x0000000000004f80      0x494 contiki-sky.a(energytrace.o)
                0x000000000000519c                tx_current_consumption
                0x000000000000521c                energytrace_print
                0x00000000000053f2                energytrace_start
                0x000000000000540a                energytrace_stop
 .text          0x0000000000005414     0x105e contiki-sky.a(staffetta.o)
                0x0000000000005626                getWakeups
                0x0000000000005630                staffetta_send_packet
                0x000000000000603c                sink_busy_wait
                0x000000000000603e                sink_listen
                0x00000000000062a8                staffetta_print_stats
                0x000000000000637c                staffetta_add_data
                0x00000000000063a2                staffetta_init
 .text          0x0000000000006472      0x192 contiki-sky.a(msp430.o)
                0x0000000000006472                w_memcpy
                0x0000000000006484                w_memset
                0x0000000000006496                msp430_init_dco
                0x000000000000651a                msp430_cpu_init
                0x0000000000006540                sbrk
                0x000000000000659a                splhigh_
                0x00000000000065a2                splx_
                0x00000000000065a6                msp430_sync_dco
 .text          0x0000000000006604      0x15c contiki-sky.a(leds.o)
                0x00000000000066b4                leds_init
                0x00000000000066c2                leds_get
                0x00000000000066c8                leds_on
                0x00000000000066dc                leds_off
                0x00000000000066f0                leds_invert
                0x00000000000066fa                leds_toggle
                0x0000000000006700                leds_blink
                0x0000000000006724                leds_green
                0x0000000000006738                leds_yellow
                0x000000000000674c                leds_red
 .text          0x0000000000006760       0x20 contiki-sky.a(watchdog.o)
                0x0000000000006760                __isr_10
                0x0000000000006760                watchdog_interrupt
                0x0000000000006762                watchdog_init
                0x0000000000006778                watchdog_start
                0x000000000000677a                watchdog_periodic
                0x000000000000677c                watchdog_stop
                0x000000000000677e                watchdog_reboot
 .text          0x0000000000006780      0x358 contiki-sky.a(xmem.o)
                0x00000000000067f0                xmem_init
                0x000000000000680c                xmem_pread
                0x00000000000068e4                xmem_pwrite
                0x0000000000006a22                xmem_erase
 .text          0x0000000000006ad8      0x468 contiki-sky.a(cc2420.o)
                0x0000000000006af4                cc2420_init
                0x0000000000006ddc                cc2420_set_channel
                0x0000000000006e40                cc2420_set_txpower
                0x0000000000006ee6                cc2420_get_txpower
 .text          0x0000000000006f40       0x6e contiki-sky.a(node-id.o)
                0x0000000000006f40                node_id_restore
                0x0000000000006f78                node_id_burn
 .text          0x0000000000006fae      0x1b2 contiki-sky.a(uart1.o)
                0x0000000000006fae                uart1_active
                0x0000000000006fc6                uart1_set_input
                0x0000000000006fcc                uart1_writeb
                0x0000000000006ffe                uart1_init
                0x00000000000070dc                uart1_rx_interrupt
                0x00000000000070dc                __isr_3
                0x0000000000007130                __isr_2
                0x0000000000007130                uart1_tx_interrupt
 .text          0x0000000000007160      0x1b2 contiki-sky.a(clock.o)
                0x0000000000007160                etimer_interrupt
                0x00000000000071d2                __isr_5
                0x00000000000071d2                timera1
                0x0000000000007242                clock_time
                0x000000000000725c                clock_set
                0x0000000000007272                clock_fine_max
                0x0000000000007278                clock_fine
                0x0000000000007282                clock_init
                0x00000000000072aa                clock_delay
                0x00000000000072b0                clock_wait
                0x00000000000072f0                clock_set_seconds
                0x00000000000072f2                clock_seconds
                0x000000000000730c                clock_counter
 .text          0x0000000000007312       0x7c contiki-sky.a(leds-arch.o)
                0x0000000000007312                leds_arch_init
                0x0000000000007320                leds_arch_get
                0x0000000000007354                leds_arch_set
 .text          0x000000000000738e       0x10 contiki-sky.a(uart1-putchar.o)
                0x000000000000738e                putchar
 .text          0x000000000000739e       0x3c contiki-sky.a(rtimer-arch.o)
                0x000000000000739e                __isr_6
                0x000000000000739e                timera0
                0x00000000000073ba                rtimer_arch_init
                0x00000000000073c8                rtimer_arch_schedule
 .text          0x00000000000073da       0x88 contiki-sky.a(rand.o)
                0x00000000000073da                rand
                0x0000000000007458                srand
 .text          0x0000000000007462       0x90 contiki-sky.a(timer.o)
                0x0000000000007462                timer_set
                0x000000000000747e                timer_reset
                0x000000000000748c                timer_restart
                0x00000000000074a0                timer_expired
                0x00000000000074ca                timer_remaining
 .text          0x00000000000074f2      0x1e4 contiki-sky.a(ctimer.o)
                0x0000000000007596                ctimer_init
                0x00000000000075ae                ctimer_set
                0x0000000000007608                ctimer_reset
                0x0000000000007642                ctimer_restart
                0x000000000000767c                ctimer_stop
                0x00000000000076a4                ctimer_expired
 .text          0x00000000000076d6       0x98 contiki-sky.a(ringbuf.o)
                0x00000000000076d6                ringbuf_init
                0x00000000000076ea                ringbuf_put
                0x0000000000007722                ringbuf_get
                0x0000000000007754                ringbuf_size
                0x000000000000775c                ringbuf_elements
 .text          0x000000000000776e       0x32 contiki-sky.a(spi.o)
                0x000000000000776e                spi_init
 .text          0x00000000000077a0       0xfe contiki-sky.a(list.o)
                0x00000000000077a0                list_init
                0x00000000000077a6                list_head
                0x00000000000077aa                list_copy
                0x00000000000077b0                list_tail
                0x00000000000077c2                list_chop
                0x00000000000077e6                list_pop
                0x00000000000077f4                list_remove
                0x0000000000007828                list_push
                0x0000000000007842                list_add
                0x000000000000786c                list_length
                0x000000000000787c                list_insert
                0x0000000000007892                list_item_next
 .text          0x000000000000789e        0x0 /usr/bin/../lib/gcc/msp430/4.6.3/mmpy-16/libgcc.a(_mulsi3.o)
 .text.libgcc   0x000000000000789e       0x2c /usr/bin/../lib/gcc/msp430/4.6.3/mmpy-16/libgcc.a(_mulsi3.o)
                0x000000000000789e                __mulsi3
 .text          0x00000000000078ca        0x0 /usr/bin/../lib/gcc/msp430/4.6.3/mmpy-16/libgcc.a(_udivmod16.o)
 .text.libgcc   0x00000000000078ca       0x22 /usr/bin/../lib/gcc/msp430/4.6.3/mmpy-16/libgcc.a(_udivmod16.o)
                0x00000000000078ca                __udivhi3
                0x00000000000078ca                __ext_udivmod16
                0x00000000000078e4                __umodhi3
 .text          0x00000000000078ec        0x0 /usr/bin/../lib/gcc/msp430/4.6.3/mmpy-16/libgcc.a(_divmod16.o)
 .text.libgcc   0x00000000000078ec       0x3a /usr/bin/../lib/gcc/msp430/4.6.3/mmpy-16/libgcc.a(_divmod16.o)
                0x00000000000078ec                __ext_divmod16
                0x00000000000078ec                __divhi3
                0x000000000000791e                __modhi3
 .text          0x0000000000007926        0x0 /usr/bin/../lib/gcc/msp430/4.6.3/mmpy-16/libgcc.a(_udivmod32.o)
 .text.libgcc   0x0000000000007926       0x40 /usr/bin/../lib/gcc/msp430/4.6.3/mmpy-16/libgcc.a(_udivmod32.o)
                0x0000000000007926                __udivsi3
                0x0000000000007926                __ext_udivmod32
                0x000000000000795c                __umodsi3
 .text          0x0000000000007966        0x0 /usr/bin/../lib/gcc/msp430/4.6.3/mmpy-16/libgcc.a(_divmod32.o)
 .text.libgcc   0x0000000000007966       0x4c /usr/bin/../lib/gcc/msp430/4.6.3/mmpy-16/libgcc.a(_divmod32.o)
                0x0000000000007966                __ext_divmod32
                0x0000000000007966                __divsi3
                0x00000000000079a8                __modsi3
 .text          0x00000000000079b2       0x42 /usr/bin/../lib/gcc/msp430/4.6.3/mmpy-16/libgcc.a(_fixunssfsi.o)
                0x00000000000079b2                __fixunssfsi
 .text          0x00000000000079f4      0x32e /usr/bin/../lib/gcc/msp430/4.6.3/mmpy-16/libgcc.a(_addsub_sf.o)
                0x0000000000007c86                __addsf3
                0x0000000000007cd2                __subsf3
 .text          0x0000000000007d22      0x224 /usr/bin/../lib/gcc/msp430/4.6.3/mmpy-16/libgcc.a(_mul_sf.o)
                0x0000000000007d22                __mulsf3
 .text          0x0000000000007f46       0x50 /usr/bin/../lib/gcc/msp430/4.6.3/mmpy-16/libgcc.a(_ge_sf.o)
                0x0000000000007f46                __gesf2
 .text          0x0000000000007f96       0x90 /usr/bin/../lib/gcc/msp430/4.6.3/mmpy-16/libgcc.a(_sf_to_si.o)
                0x0000000000007f96                __fixsfsi
 .text          0x0000000000008026        0x0 /usr/bin/../lib/gcc/msp430/4.6.3/mmpy-16/libgcc.a(_thenan_sf.o)
 .text          0x0000000000008026       0xe2 /usr/bin/../lib/gcc/msp430/4.6.3/mmpy-16/libgcc.a(_usi_to_sf.o)
                0x0000000000008026                __floatunsisf
 .text          0x0000000000008108       0x72 /usr/bin/../lib/gcc/msp430/4.6.3/mmpy-16/libgcc.a(_clzsi2.o)
                0x0000000000008108                __clzsi2
 .text          0x000000000000817a      0x1de /usr/bin/../lib/gcc/msp430/4.6.3/mmpy-16/libgcc.a(_pack_sf.o)
                0x000000000000817a                __pack_f
 .text          0x0000000000008358      0x124 /usr/bin/../lib/gcc/msp430/4.6.3/mmpy-16/libgcc.a(_unpack_sf.o)
                0x0000000000008358                __unpack_f
 .text          0x000000000000847c       0xa4 /usr/bin/../lib/gcc/msp430/4.6.3/mmpy-16/libgcc.a(_fpcmp_parts_sf.o)
                0x000000000000847c                __fpcmp_parts_f
 .text          0x0000000000008520        0x0 /usr/bin/../lib/gcc/msp430/4.6.3/mmpy-16/libgcc.a(_clz.o)
 .text          0x0000000000008520       0x1e /usr/bin/../lib/gcc/msp430/4.6.3/../../../../msp430/lib/mmpy-16/libc.a(printf.o)
                0x0000000000008520                printf
                0x0000000000008530                vprintf
 .text          0x000000000000853e      0x836 /usr/bin/../lib/gcc/msp430/4.6.3/../../../../msp430/lib/mmpy-16/libc.a(vuprintf.o)
                0x00000000000086d6                vuprintf
 .text          0x0000000000008d74       0x2c /usr/bin/../lib/gcc/msp430/4.6.3/../../../../msp430/lib/mmpy-16/libc.a(puts.o)
                0x0000000000008d74                puts
 .text          0x0000000000008da0        0x0 /usr/bin/../lib/gcc/msp430/4.6.3/mmpy-16/libgcc.a(_udivmod64.o)
 .text.libgcc   0x0000000000008da0       0xf0 /usr/bin/../lib/gcc/msp430/4.6.3/mmpy-16/libgcc.a(_udivmod64.o)
                0x0000000000008da0                __xabi_udivmod64
                0x0000000000008dfe                __udivdi3
                0x0000000000008e24                __umoddi3
                0x0000000000008e52                __udivmoddi4
 .text          0x0000000000008e90        0x0 /usr/bin/../lib/gcc/msp430/4.6.3/mmpy-16/libcrt0.a(_reset_vector__.o)
 .text          0x0000000000008e90        0x0 /usr/bin/../lib/gcc/msp430/4.6.3/mmpy-16/libcrt0.a(__watchdog_support.o)
 .text          0x0000000000008e90        0x0 /usr/bin/../lib/gcc/msp430/4.6.3/mmpy-16/libcrt0.a(__init_stack.o)
 .text          0x0000000000008e90        0x0 /usr/bin/../lib/gcc/msp430/4.6.3/mmpy-16/libcrt0.a(__low_level_init.o)
 .text          0x0000000000008e90        0x0 /usr/bin/../lib/gcc/msp430/4.6.3/mmpy-16/libcrt0.a(_copy_data.o)
 .text          0x0000000000008e90        0x0 /usr/bin/../lib/gcc/msp430/4.6.3/mmpy-16/libcrt0.a(_clear_bss.o)
 .text          0x0000000000008e90        0x0 /usr/bin/../lib/gcc/msp430/4.6.3/mmpy-16/libcrt0.a(__stop_progExec__.o)
 .text          0x0000000000008e90        0x0 /usr/bin/../lib/gcc/msp430/4.6.3/mmpy-16/libcrt0.a(_endless_loop__.o)
 .text          0x0000000000008e90        0x0 /usr/bin/../lib/gcc/msp430/4.6.3/mmpy-16/libcrt0.a(_unexpected_.o)
 .text.crt0     0x0000000000008e90        0x2 /usr/bin/../lib/gcc/msp430/4.6.3/mmpy-16/libcrt0.a(_unexpected_.o)
                0x0000000000008e90                _unexpected_
                0x0000000000008e92                . = ALIGN (0x2)

.rodata         0x0000000000008e92      0x254
                0x0000000000008e92                . = ALIGN (0x2)
 *(.rodata .rodata.* .gnu.linkonce.r.*)
 .rodata        0x0000000000008e92       0x46 staffetta-test.co
                0x0000000000008ec4                autostart_processes
 .rodata        0x0000000000008ed8       0x50 obj_sky/contiki-sky-main.o
 .rodata        0x0000000000008f28        0xc contiki-sky.a(etimer.o)
 .rodata        0x0000000000008f34       0x34 contiki-sky.a(energytrace.o)
 .rodata        0x0000000000008f68       0x5e contiki-sky.a(staffetta.o)
 .rodata        0x0000000000008fc6        0xf contiki-sky.a(ctimer.o)
 *fill*         0x0000000000008fd5        0x1 00
 .rodata        0x0000000000008fd6        0x8 /usr/bin/../lib/gcc/msp430/4.6.3/mmpy-16/libgcc.a(_thenan_sf.o)
                0x0000000000008fd6                __thenan_sf
 .rodata        0x0000000000008fde      0x100 /usr/bin/../lib/gcc/msp430/4.6.3/mmpy-16/libgcc.a(_clz.o)
                0x0000000000008fde                __clz_tab
 .rodata        0x00000000000090de        0x7 /usr/bin/../lib/gcc/msp430/4.6.3/../../../../msp430/lib/mmpy-16/libc.a(vuprintf.o)
                0x00000000000090e6                . = ALIGN (0x2)
 *fill*         0x00000000000090e5        0x1 00
                0x00000000000090e6                _etext = .

.data           0x0000000000001100       0x4e load address 0x00000000000090e6
                0x0000000000001100                . = ALIGN (0x2)
                0x0000000000001100                PROVIDE (__data_start, .)
 *(.data .data.* .gnu.linkonce.d.*)
 .data          0x0000000000001100        0x0 /usr/bin/../lib/gcc/msp430/4.6.3/mmpy-16/crt0ivtbl16.o
 .data          0x0000000000001100       0x14 staffetta-test.co
                0x0000000000001100                staffetta_print_stats_process
                0x000000000000110a                staffetta_test
 .data          0x0000000000001114        0x4 obj_sky/contiki-sky-main.o
                0x0000000000001114                TOS_LOCAL_ADDRESS
                0x0000000000001116                TOS_NODE_ID
 .data          0x0000000000001118        0x0 contiki-sky.a(process.o)
 .data          0x0000000000001118        0x0 contiki-sky.a(autostart.o)
 .data          0x0000000000001118        0x0 contiki-sky.a(random.o)
 .data          0x0000000000001118        0xa contiki-sky.a(etimer.o)
                0x0000000000001118                etimer_process
 .data          0x0000000000001122        0x0 contiki-sky.a(energest.o)
 .data          0x0000000000001122        0x0 contiki-sky.a(rtimer.o)
 .data          0x0000000000001122        0x0 contiki-sky.a(metric.o)
 .data          0x0000000000001122        0x0 contiki-sky.a(gpio.o)
 .data          0x0000000000001122       0x18 contiki-sky.a(energytrace.o)
                0x0000000000001122                energytrace_process_print
                0x000000000000112c                energytrace_process
                0x0000000000001136                remaining_energy
 .data          0x000000000000113a        0x8 contiki-sky.a(staffetta.o)
 .data          0x0000000000001142        0x2 contiki-sky.a(msp430.o)
 .data          0x0000000000001144        0x0 contiki-sky.a(leds.o)
 .data          0x0000000000001144        0x0 contiki-sky.a(watchdog.o)
 .data          0x0000000000001144        0x0 contiki-sky.a(xmem.o)
 .data          0x0000000000001144        0x0 contiki-sky.a(cc2420.o)
 .data          0x0000000000001144        0x0 contiki-sky.a(node-id.o)
 .data          0x0000000000001144        0x0 contiki-sky.a(uart1.o)
 .data          0x0000000000001144        0x0 contiki-sky.a(clock.o)
 .data          0x0000000000001144        0x0 contiki-sky.a(leds-arch.o)
 .data          0x0000000000001144        0x0 contiki-sky.a(uart1-putchar.o)
 .data          0x0000000000001144        0x0 contiki-sky.a(rtimer-arch.o)
 .data          0x0000000000001144        0x0 contiki-sky.a(rand.o)
 .data          0x0000000000001144        0x0 contiki-sky.a(timer.o)
 .data          0x0000000000001144        0xa contiki-sky.a(ctimer.o)
                0x0000000000001144                ctimer_process
 .data          0x000000000000114e        0x0 contiki-sky.a(ringbuf.o)
 .data          0x000000000000114e        0x0 contiki-sky.a(spi.o)
 .data          0x000000000000114e        0x0 contiki-sky.a(list.o)
 .data          0x000000000000114e        0x0 /usr/bin/../lib/gcc/msp430/4.6.3/mmpy-16/libgcc.a(_mulsi3.o)
 .data          0x000000000000114e        0x0 /usr/bin/../lib/gcc/msp430/4.6.3/mmpy-16/libgcc.a(_udivmod16.o)
 .data          0x000000000000114e        0x0 /usr/bin/../lib/gcc/msp430/4.6.3/mmpy-16/libgcc.a(_divmod16.o)
 .data          0x000000000000114e        0x0 /usr/bin/../lib/gcc/msp430/4.6.3/mmpy-16/libgcc.a(_udivmod32.o)
 .data          0x000000000000114e        0x0 /usr/bin/../lib/gcc/msp430/4.6.3/mmpy-16/libgcc.a(_divmod32.o)
 .data          0x000000000000114e        0x0 /usr/bin/../lib/gcc/msp430/4.6.3/mmpy-16/libgcc.a(_fixunssfsi.o)
 .data          0x000000000000114e        0x0 /usr/bin/../lib/gcc/msp430/4.6.3/mmpy-16/libgcc.a(_addsub_sf.o)
 .data          0x000000000000114e        0x0 /usr/bin/../lib/gcc/msp430/4.6.3/mmpy-16/libgcc.a(_mul_sf.o)
 .data          0x000000000000114e        0x0 /usr/bin/../lib/gcc/msp430/4.6.3/mmpy-16/libgcc.a(_ge_sf.o)
 .data          0x000000000000114e        0x0 /usr/bin/../lib/gcc/msp430/4.6.3/mmpy-16/libgcc.a(_sf_to_si.o)
 .data          0x000000000000114e        0x0 /usr/bin/../lib/gcc/msp430/4.6.3/mmpy-16/libgcc.a(_thenan_sf.o)
 .data          0x000000000000114e        0x0 /usr/bin/../lib/gcc/msp430/4.6.3/mmpy-16/libgcc.a(_usi_to_sf.o)
 .data          0x000000000000114e        0x0 /usr/bin/../lib/gcc/msp430/4.6.3/mmpy-16/libgcc.a(_clzsi2.o)
 .data          0x000000000000114e        0x0 /usr/bin/../lib/gcc/msp430/4.6.3/mmpy-16/libgcc.a(_pack_sf.o)
 .data          0x000000000000114e        0x0 /usr/bin/../lib/gcc/msp430/4.6.3/mmpy-16/libgcc.a(_unpack_sf.o)
 .data          0x000000000000114e        0x0 /usr/bin/../lib/gcc/msp430/4.6.3/mmpy-16/libgcc.a(_fpcmp_parts_sf.o)
 .data          0x000000000000114e        0x0 /usr/bin/../lib/gcc/msp430/4.6.3/mmpy-16/libgcc.a(_clz.o)
 .data          0x000000000000114e        0x0 /usr/bin/../lib/gcc/msp430/4.6.3/../../../../msp430/lib/mmpy-16/libc.a(printf.o)
 .data          0x000000000000114e        0x0 /usr/bin/../lib/gcc/msp430/4.6.3/../../../../msp430/lib/mmpy-16/libc.a(vuprintf.o)
 .data          0x000000000000114e        0x0 /usr/bin/../lib/gcc/msp430/4.6.3/../../../../msp430/lib/mmpy-16/libc.a(puts.o)
 .data          0x000000000000114e        0x0 /usr/bin/../lib/gcc/msp430/4.6.3/mmpy-16/libgcc.a(_udivmod64.o)
 .data          0x000000000000114e        0x0 /usr/bin/../lib/gcc/msp430/4.6.3/mmpy-16/libcrt0.a(_reset_vector__.o)
 .data          0x000000000000114e        0x0 /usr/bin/../lib/gcc/msp430/4.6.3/mmpy-16/libcrt0.a(__watchdog_support.o)
 .data          0x000000000000114e        0x0 /usr/bin/../lib/gcc/msp430/4.6.3/mmpy-16/libcrt0.a(__init_stack.o)
 .data          0x000000000000114e        0x0 /usr/bin/../lib/gcc/msp430/4.6.3/mmpy-16/libcrt0.a(__low_level_init.o)
 .data          0x000000000000114e        0x0 /usr/bin/../lib/gcc/msp430/4.6.3/mmpy-16/libcrt0.a(_copy_data.o)
 .data          0x000000000000114e        0x0 /usr/bin/../lib/gcc/msp430/4.6.3/mmpy-16/libcrt0.a(_clear_bss.o)
 .data          0x000000000000114e        0x0 /usr/bin/../lib/gcc/msp430/4.6.3/mmpy-16/libcrt0.a(__stop_progExec__.o)
 .data          0x000000000000114e        0x0 /usr/bin/../lib/gcc/msp430/4.6.3/mmpy-16/libcrt0.a(_endless_loop__.o)
 .data          0x000000000000114e        0x0 /usr/bin/../lib/gcc/msp430/4.6.3/mmpy-16/libcrt0.a(_unexpected_.o)
                0x000000000000114e                . = ALIGN (0x2)
                0x000000000000114e                _edata = .
                0x00000000000090e6                PROVIDE (__data_load_start, LOADADDR (.data))
                0x000000000000004e                PROVIDE (__data_size, SIZEOF (.data))

.bss            0x000000000000114e      0x87c load address 0x0000000000009134
                0x000000000000114e                PROVIDE (__bss_start, .)
 *(.bss .bss.*)
 .bss           0x000000000000114e        0x0 /usr/bin/../lib/gcc/msp430/4.6.3/mmpy-16/crt0ivtbl16.o
 .bss           0x000000000000114e       0x1c staffetta-test.co
 .bss           0x000000000000116a        0x4 obj_sky/contiki-sky-main.o
 .bss           0x000000000000116e       0x42 contiki-sky.a(process.o)
                0x000000000000116e                process_current
                0x0000000000001170                process_list
 .bss           0x00000000000011b0        0x0 contiki-sky.a(autostart.o)
 .bss           0x00000000000011b0        0x0 contiki-sky.a(random.o)
 .bss           0x00000000000011b0        0x6 contiki-sky.a(etimer.o)
 .bss           0x00000000000011b6        0x0 contiki-sky.a(energest.o)
 .bss           0x00000000000011b6        0x2 contiki-sky.a(rtimer.o)
 .bss           0x00000000000011b8        0x4 contiki-sky.a(metric.o)
                0x00000000000011b8                harvesting_rate
                0x00000000000011ba                node_energy_state
 .bss           0x00000000000011bc        0x2 contiki-sky.a(gpio.o)
 .bss           0x00000000000011be       0x52 contiki-sky.a(energytrace.o)
                0x00000000000011be                harvesting_array_index
                0x00000000000011c0                harvesting_rate_array
                0x00000000000011d4                node_dc_state
                0x00000000000011d6                node_state_old
 .bss           0x0000000000001210      0x6aa contiki-sky.a(staffetta.o)
 .bss           0x00000000000018ba        0x0 contiki-sky.a(msp430.o)
 .bss           0x00000000000018ba        0x2 contiki-sky.a(leds.o)
 .bss           0x00000000000018bc        0x2 contiki-sky.a(watchdog.o)
 .bss           0x00000000000018be        0x0 contiki-sky.a(xmem.o)
 .bss           0x00000000000018be        0x0 contiki-sky.a(cc2420.o)
 .bss           0x00000000000018be        0x2 contiki-sky.a(node-id.o)
                0x00000000000018be                node_id
 .bss           0x00000000000018c0       0x4a contiki-sky.a(uart1.o)
 .bss           0x000000000000190a        0xa contiki-sky.a(clock.o)
 .bss           0x0000000000001914        0x0 contiki-sky.a(leds-arch.o)
 .bss           0x0000000000001914        0x0 contiki-sky.a(uart1-putchar.o)
 .bss           0x0000000000001914        0x0 contiki-sky.a(rtimer-arch.o)
 .bss           0x0000000000001914        0x0 contiki-sky.a(rand.o)
 .bss           0x0000000000001914        0x0 contiki-sky.a(timer.o)
 .bss           0x0000000000001914        0x4 contiki-sky.a(ctimer.o)
 .bss           0x0000000000001918        0x0 contiki-sky.a(ringbuf.o)
 .bss           0x0000000000001918        0x2 contiki-sky.a(spi.o)
                0x0000000000001918                spi_busy
 .bss           0x000000000000191a        0x0 contiki-sky.a(list.o)
 .bss           0x000000000000191a        0x0 /usr/bin/../lib/gcc/msp430/4.6.3/mmpy-16/libgcc.a(_mulsi3.o)
 .bss           0x000000000000191a        0x0 /usr/bin/../lib/gcc/msp430/4.6.3/mmpy-16/libgcc.a(_udivmod16.o)
 .bss           0x000000000000191a        0x0 /usr/bin/../lib/gcc/msp430/4.6.3/mmpy-16/libgcc.a(_divmod16.o)
 .bss           0x000000000000191a        0x0 /usr/bin/../lib/gcc/msp430/4.6.3/mmpy-16/libgcc.a(_udivmod32.o)
 .bss           0x000000000000191a        0x0 /usr/bin/../lib/gcc/msp430/4.6.3/mmpy-16/libgcc.a(_divmod32.o)
 .bss           0x000000000000191a        0x0 /usr/bin/../lib/gcc/msp430/4.6.3/mmpy-16/libgcc.a(_fixunssfsi.o)
 .bss           0x000000000000191a        0x0 /usr/bin/../lib/gcc/msp430/4.6.3/mmpy-16/libgcc.a(_addsub_sf.o)
 .bss           0x000000000000191a        0x0 /usr/bin/../lib/gcc/msp430/4.6.3/mmpy-16/libgcc.a(_mul_sf.o)
 .bss           0x000000000000191a        0x0 /usr/bin/../lib/gcc/msp430/4.6.3/mmpy-16/libgcc.a(_ge_sf.o)
 .bss           0x000000000000191a        0x0 /usr/bin/../lib/gcc/msp430/4.6.3/mmpy-16/libgcc.a(_sf_to_si.o)
 .bss           0x000000000000191a        0x0 /usr/bin/../lib/gcc/msp430/4.6.3/mmpy-16/libgcc.a(_thenan_sf.o)
 .bss           0x000000000000191a        0x0 /usr/bin/../lib/gcc/msp430/4.6.3/mmpy-16/libgcc.a(_usi_to_sf.o)
 .bss           0x000000000000191a        0x0 /usr/bin/../lib/gcc/msp430/4.6.3/mmpy-16/libgcc.a(_clzsi2.o)
 .bss           0x000000000000191a        0x0 /usr/bin/../lib/gcc/msp430/4.6.3/mmpy-16/libgcc.a(_pack_sf.o)
 .bss           0x000000000000191a        0x0 /usr/bin/../lib/gcc/msp430/4.6.3/mmpy-16/libgcc.a(_unpack_sf.o)
 .bss           0x000000000000191a        0x0 /usr/bin/../lib/gcc/msp430/4.6.3/mmpy-16/libgcc.a(_fpcmp_parts_sf.o)
 .bss           0x000000000000191a        0x0 /usr/bin/../lib/gcc/msp430/4.6.3/mmpy-16/libgcc.a(_clz.o)
 .bss           0x000000000000191a        0x0 /usr/bin/../lib/gcc/msp430/4.6.3/../../../../msp430/lib/mmpy-16/libc.a(printf.o)
 .bss           0x000000000000191a        0x0 /usr/bin/../lib/gcc/msp430/4.6.3/../../../../msp430/lib/mmpy-16/libc.a(vuprintf.o)
 .bss           0x000000000000191a        0x0 /usr/bin/../lib/gcc/msp430/4.6.3/../../../../msp430/lib/mmpy-16/libc.a(puts.o)
 .bss           0x000000000000191a        0x0 /usr/bin/../lib/gcc/msp430/4.6.3/mmpy-16/libgcc.a(_udivmod64.o)
 .bss           0x000000000000191a        0x0 /usr/bin/../lib/gcc/msp430/4.6.3/mmpy-16/libcrt0.a(_reset_vector__.o)
 .bss           0x000000000000191a        0x0 /usr/bin/../lib/gcc/msp430/4.6.3/mmpy-16/libcrt0.a(__watchdog_support.o)
 .bss           0x000000000000191a        0x0 /usr/bin/../lib/gcc/msp430/4.6.3/mmpy-16/libcrt0.a(__init_stack.o)
 .bss           0x000000000000191a        0x0 /usr/bin/../lib/gcc/msp430/4.6.3/mmpy-16/libcrt0.a(__low_level_init.o)
 .bss           0x000000000000191a        0x0 /usr/bin/../lib/gcc/msp430/4.6.3/mmpy-16/libcrt0.a(_copy_data.o)
 .bss           0x000000000000191a        0x0 /usr/bin/../lib/gcc/msp430/4.6.3/mmpy-16/libcrt0.a(_clear_bss.o)
 .bss           0x000000000000191a        0x0 /usr/bin/../lib/gcc/msp430/4.6.3/mmpy-16/libcrt0.a(__stop_progExec__.o)
 .bss           0x000000000000191a        0x0 /usr/bin/../lib/gcc/msp430/4.6.3/mmpy-16/libcrt0.a(_endless_loop__.o)
 .bss           0x000000000000191a        0x0 /usr/bin/../lib/gcc/msp430/4.6.3/mmpy-16/libcrt0.a(_unexpected_.o)
 *(COMMON)
 COMMON         0x000000000000191a        0x1 contiki-sky.a(process.o)
                0x000000000000191a                process_maxevents
 *fill*         0x000000000000191b        0x1 00
 COMMON         0x000000000000191c       0x56 contiki-sky.a(energest.o)
                0x000000000000191c                energest_total_time
                0x000000000000194c                energest_total_count
                0x000000000000194e                energest_current_mode
                0x000000000000195a                energest_current_time
 COMMON         0x0000000000001972        0x2 contiki-sky.a(metric.o)
                0x0000000000001972                node_duty_cycle
 COMMON         0x0000000000001974        0x3 contiki-sky.a(energytrace.o)
                0x0000000000001974                node_state
                0x0000000000001976                node_activation_ev
 *fill*         0x0000000000001977        0x1 00
 COMMON         0x0000000000001978       0x52 contiki-sky.a(staffetta.o)
                0x0000000000001978                index
                0x000000000000197a                edc_id
                0x00000000000019ca                . = ALIGN (0x2)
                0x00000000000019ca                PROVIDE (__bss_end, .)
                0x000000000000087c                PROVIDE (__bss_size, SIZEOF (.bss))

.noinit         0x00000000000019ca        0x6 load address 0x0000000000009134
                0x00000000000019ca                PROVIDE (__noinit_start, .)
 *(.noinit .noinit.*)
 .noinit        0x00000000000019ca        0x4 contiki-sky.a(rand.o)
                0x00000000000019ca                rand_state
 .noinit.crt0   0x00000000000019ce        0x2 /usr/bin/../lib/gcc/msp430/4.6.3/mmpy-16/libcrt0.a(__watchdog_support.o)
                0x00000000000019ce                __wdt_clear_value
                0x00000000000019d0                . = ALIGN (0x2)
                0x00000000000019d0                PROVIDE (__noinit_end, .)
                0x00000000000019d0                . = ALIGN (0x2)
                0x00000000000019d0                _end = .

.infomem        0x0000000000001000        0x0
 *(.infomem)
                0x0000000000001000                . = ALIGN (0x2)
 *(.infomem.*)

.infomemnobits  0x0000000000001000        0x0
 *(.infomemnobits)
                0x0000000000001000                . = ALIGN (0x2)
 *(.infomemnobits.*)

.infoa
 *(.infoa .infoa.*)

.infob
 *(.infob .infob.*)

.infoc
 *(.infoc .infoc.*)

.infod
 *(.infod .infod.*)

.vectors        0x000000000000ffe0       0x20
                0x000000000000ffe0                PROVIDE (__vectors_start, .)
 *(.vectors*)
 .vectors       0x000000000000ffe0       0x20 /usr/bin/../lib/gcc/msp430/4.6.3/mmpy-16/crt0ivtbl16.o
                0x000000000000ffe0                __ivtbl_16
                0x0000000000010000                _vectors_end = .

.fartext        0x0000000000000000        0x0
                0x0000000000000000                . = ALIGN (0x2)
 *(.fartext)
                0x0000000000000000                . = ALIGN (0x2)
 *(.fartext.*)
                0x0000000000000000                _efartext = .

.profiler
 *(.profiler)

.stab
 *(.stab)

.stabstr
 *(.stabstr)

.stab.excl
 *(.stab.excl)

.stab.exclstr
 *(.stab.exclstr)

.stab.index
 *(.stab.index)

.stab.indexstr
 *(.stab.indexstr)

.comment
 *(.comment)

.debug
 *(.debug)

.line
 *(.line)

.debug_srcinfo
 *(.debug_srcinfo)

.debug_sfnames
 *(.debug_sfnames)

.debug_aranges  0x0000000000000000      0x438
 *(.debug_aranges)
 .debug_aranges
                0x0000000000000000       0x14 staffetta-test.co
 .debug_aranges
                0x0000000000000014       0x14 obj_sky/contiki-sky-main.o
 .debug_aranges
                0x0000000000000028       0x14 contiki-sky.a(process.o)
 .debug_aranges
                0x000000000000003c       0x14 contiki-sky.a(autostart.o)
 .debug_aranges
                0x0000000000000050       0x14 contiki-sky.a(random.o)
 .debug_aranges
                0x0000000000000064       0x14 contiki-sky.a(etimer.o)
 .debug_aranges
                0x0000000000000078       0x14 contiki-sky.a(energest.o)
 .debug_aranges
                0x000000000000008c       0x14 contiki-sky.a(rtimer.o)
 .debug_aranges
                0x00000000000000a0       0x14 contiki-sky.a(metric.o)
 .debug_aranges
                0x00000000000000b4       0x14 contiki-sky.a(gpio.o)
 .debug_aranges
                0x00000000000000c8       0x14 contiki-sky.a(energytrace.o)
 .debug_aranges
                0x00000000000000dc       0x14 contiki-sky.a(staffetta.o)
 .debug_aranges
                0x00000000000000f0       0x14 contiki-sky.a(msp430.o)
 .debug_aranges
                0x0000000000000104       0x14 contiki-sky.a(leds.o)
 .debug_aranges
                0x0000000000000118       0x14 contiki-sky.a(watchdog.o)
 .debug_aranges
                0x000000000000012c       0x14 contiki-sky.a(xmem.o)
 .debug_aranges
                0x0000000000000140       0x14 contiki-sky.a(cc2420.o)
 .debug_aranges
                0x0000000000000154       0x14 contiki-sky.a(node-id.o)
 .debug_aranges
                0x0000000000000168       0x14 contiki-sky.a(uart1.o)
 .debug_aranges
                0x000000000000017c       0x14 contiki-sky.a(clock.o)
 .debug_aranges
                0x0000000000000190       0x14 contiki-sky.a(leds-arch.o)
 .debug_aranges
                0x00000000000001a4       0x14 contiki-sky.a(uart1-putchar.o)
 .debug_aranges
                0x00000000000001b8       0x14 contiki-sky.a(rtimer-arch.o)
 .debug_aranges
                0x00000000000001cc       0x14 contiki-sky.a(rand.o)
 .debug_aranges
                0x00000000000001e0       0x14 contiki-sky.a(timer.o)
 .debug_aranges
                0x00000000000001f4       0x14 contiki-sky.a(ctimer.o)
 .debug_aranges
                0x0000000000000208       0x14 contiki-sky.a(ringbuf.o)
 .debug_aranges
                0x000000000000021c       0x14 contiki-sky.a(spi.o)
 .debug_aranges
                0x0000000000000230       0x14 contiki-sky.a(list.o)
 .debug_aranges
                0x0000000000000244       0x14 /usr/bin/../lib/gcc/msp430/4.6.3/mmpy-16/libgcc.a(_mulsi3.o)
 .debug_aranges
                0x0000000000000258       0x14 /usr/bin/../lib/gcc/msp430/4.6.3/mmpy-16/libgcc.a(_udivmod16.o)
 .debug_aranges
                0x000000000000026c       0x14 /usr/bin/../lib/gcc/msp430/4.6.3/mmpy-16/libgcc.a(_divmod16.o)
 .debug_aranges
                0x0000000000000280       0x14 /usr/bin/../lib/gcc/msp430/4.6.3/mmpy-16/libgcc.a(_udivmod32.o)
 .debug_aranges
                0x0000000000000294       0x14 /usr/bin/../lib/gcc/msp430/4.6.3/mmpy-16/libgcc.a(_divmod32.o)
 .debug_aranges
                0x00000000000002a8       0x14 /usr/bin/../lib/gcc/msp430/4.6.3/mmpy-16/libgcc.a(_fixunssfsi.o)
 .debug_aranges
                0x00000000000002bc       0x14 /usr/bin/../lib/gcc/msp430/4.6.3/mmpy-16/libgcc.a(_addsub_sf.o)
 .debug_aranges
                0x00000000000002d0       0x14 /usr/bin/../lib/gcc/msp430/4.6.3/mmpy-16/libgcc.a(_mul_sf.o)
 .debug_aranges
                0x00000000000002e4       0x14 /usr/bin/../lib/gcc/msp430/4.6.3/mmpy-16/libgcc.a(_ge_sf.o)
 .debug_aranges
                0x00000000000002f8       0x14 /usr/bin/../lib/gcc/msp430/4.6.3/mmpy-16/libgcc.a(_sf_to_si.o)
 .debug_aranges
                0x000000000000030c       0x14 /usr/bin/../lib/gcc/msp430/4.6.3/mmpy-16/libgcc.a(_usi_to_sf.o)
 .debug_aranges
                0x0000000000000320       0x14 /usr/bin/../lib/gcc/msp430/4.6.3/mmpy-16/libgcc.a(_clzsi2.o)
 .debug_aranges
                0x0000000000000334       0x14 /usr/bin/../lib/gcc/msp430/4.6.3/mmpy-16/libgcc.a(_pack_sf.o)
 .debug_aranges
                0x0000000000000348       0x14 /usr/bin/../lib/gcc/msp430/4.6.3/mmpy-16/libgcc.a(_unpack_sf.o)
 .debug_aranges
                0x000000000000035c       0x14 /usr/bin/../lib/gcc/msp430/4.6.3/mmpy-16/libgcc.a(_fpcmp_parts_sf.o)
 .debug_aranges
                0x0000000000000370       0x14 /usr/bin/../lib/gcc/msp430/4.6.3/../../../../msp430/lib/mmpy-16/libc.a(printf.o)
 .debug_aranges
                0x0000000000000384       0x14 /usr/bin/../lib/gcc/msp430/4.6.3/../../../../msp430/lib/mmpy-16/libc.a(vuprintf.o)
 .debug_aranges
                0x0000000000000398       0x14 /usr/bin/../lib/gcc/msp430/4.6.3/../../../../msp430/lib/mmpy-16/libc.a(puts.o)
 .debug_aranges
                0x00000000000003ac       0x14 /usr/bin/../lib/gcc/msp430/4.6.3/mmpy-16/libgcc.a(_udivmod64.o)
 .debug_aranges
                0x00000000000003c0       0x14 /usr/bin/../lib/gcc/msp430/4.6.3/mmpy-16/libcrt0.a(__watchdog_support.o)
 .debug_aranges
                0x00000000000003d4       0x14 /usr/bin/../lib/gcc/msp430/4.6.3/mmpy-16/libcrt0.a(__init_stack.o)
 .debug_aranges
                0x00000000000003e8       0x14 /usr/bin/../lib/gcc/msp430/4.6.3/mmpy-16/libcrt0.a(_copy_data.o)
 .debug_aranges
                0x00000000000003fc       0x14 /usr/bin/../lib/gcc/msp430/4.6.3/mmpy-16/libcrt0.a(_clear_bss.o)
 .debug_aranges
                0x0000000000000410       0x14 /usr/bin/../lib/gcc/msp430/4.6.3/mmpy-16/libcrt0.a(_endless_loop__.o)
 .debug_aranges
                0x0000000000000424       0x14 /usr/bin/../lib/gcc/msp430/4.6.3/mmpy-16/libcrt0.a(_unexpected_.o)

.debug_pubnames
 *(.debug_pubnames)

.debug_info     0x0000000000000000     0x7ef8
 *(.debug_info)
 .debug_info    0x0000000000000000      0x421 staffetta-test.co
 .debug_info    0x0000000000000421      0x354 obj_sky/contiki-sky-main.o
 .debug_info    0x0000000000000775      0x53f contiki-sky.a(process.o)
 .debug_info    0x0000000000000cb4      0x1ad contiki-sky.a(autostart.o)
 .debug_info    0x0000000000000e61       0xa0 contiki-sky.a(random.o)
 .debug_info    0x0000000000000f01      0x4aa contiki-sky.a(etimer.o)
 .debug_info    0x00000000000013ab      0x265 contiki-sky.a(energest.o)
 .debug_info    0x0000000000001610      0x203 contiki-sky.a(rtimer.o)
 .debug_info    0x0000000000001813      0x1f9 contiki-sky.a(metric.o)
 .debug_info    0x0000000000001a0c      0x279 contiki-sky.a(gpio.o)
 .debug_info    0x0000000000001c85      0x67d contiki-sky.a(energytrace.o)
 .debug_info    0x0000000000002302      0xd31 contiki-sky.a(staffetta.o)
 .debug_info    0x0000000000003033      0x36a contiki-sky.a(msp430.o)
 .debug_info    0x000000000000339d      0x2fd contiki-sky.a(leds.o)
 .debug_info    0x000000000000369a      0x129 contiki-sky.a(watchdog.o)
 .debug_info    0x00000000000037c3      0x4a8 contiki-sky.a(xmem.o)
 .debug_info    0x0000000000003c6b      0x3f8 contiki-sky.a(cc2420.o)
 .debug_info    0x0000000000004063       0xde contiki-sky.a(node-id.o)
 .debug_info    0x0000000000004141      0x2d6 contiki-sky.a(uart1.o)
 .debug_info    0x0000000000004417      0x391 contiki-sky.a(clock.o)
 .debug_info    0x00000000000047a8       0xd9 contiki-sky.a(leds-arch.o)
 .debug_info    0x0000000000004881       0x8b contiki-sky.a(uart1-putchar.o)
 .debug_info    0x000000000000490c       0xef contiki-sky.a(rtimer-arch.o)
 .debug_info    0x00000000000049fb      0x14c contiki-sky.a(rand.o)
 .debug_info    0x0000000000004b47      0x170 contiki-sky.a(timer.o)
 .debug_info    0x0000000000004cb7      0x488 contiki-sky.a(ctimer.o)
 .debug_info    0x000000000000513f      0x1b0 contiki-sky.a(ringbuf.o)
 .debug_info    0x00000000000052ef      0x132 contiki-sky.a(spi.o)
 .debug_info    0x0000000000005421      0x2f0 contiki-sky.a(list.o)
 .debug_info    0x0000000000005711       0xb4 /usr/bin/../lib/gcc/msp430/4.6.3/mmpy-16/libgcc.a(_mulsi3.o)
 .debug_info    0x00000000000057c5       0xb4 /usr/bin/../lib/gcc/msp430/4.6.3/mmpy-16/libgcc.a(_udivmod16.o)
 .debug_info    0x0000000000005879       0xb4 /usr/bin/../lib/gcc/msp430/4.6.3/mmpy-16/libgcc.a(_divmod16.o)
 .debug_info    0x000000000000592d       0xb4 /usr/bin/../lib/gcc/msp430/4.6.3/mmpy-16/libgcc.a(_udivmod32.o)
 .debug_info    0x00000000000059e1       0xb4 /usr/bin/../lib/gcc/msp430/4.6.3/mmpy-16/libgcc.a(_divmod32.o)
 .debug_info    0x0000000000005a95       0xb5 /usr/bin/../lib/gcc/msp430/4.6.3/mmpy-16/libgcc.a(_fixunssfsi.o)
 .debug_info    0x0000000000005b4a      0x425 /usr/bin/../lib/gcc/msp430/4.6.3/mmpy-16/libgcc.a(_addsub_sf.o)
 .debug_info    0x0000000000005f6f      0x3c9 /usr/bin/../lib/gcc/msp430/4.6.3/mmpy-16/libgcc.a(_mul_sf.o)
 .debug_info    0x0000000000006338      0x26e /usr/bin/../lib/gcc/msp430/4.6.3/mmpy-16/libgcc.a(_ge_sf.o)
 .debug_info    0x00000000000065a6      0x289 /usr/bin/../lib/gcc/msp430/4.6.3/mmpy-16/libgcc.a(_sf_to_si.o)
 .debug_info    0x000000000000682f      0x144 /usr/bin/../lib/gcc/msp430/4.6.3/mmpy-16/libgcc.a(_thenan_sf.o)
 .debug_info    0x0000000000006973      0x204 /usr/bin/../lib/gcc/msp430/4.6.3/mmpy-16/libgcc.a(_usi_to_sf.o)
 .debug_info    0x0000000000006b77      0x109 /usr/bin/../lib/gcc/msp430/4.6.3/mmpy-16/libgcc.a(_clzsi2.o)
 .debug_info    0x0000000000006c80      0x2b1 /usr/bin/../lib/gcc/msp430/4.6.3/mmpy-16/libgcc.a(_pack_sf.o)
 .debug_info    0x0000000000006f31      0x23e /usr/bin/../lib/gcc/msp430/4.6.3/mmpy-16/libgcc.a(_unpack_sf.o)
 .debug_info    0x000000000000716f      0x1d5 /usr/bin/../lib/gcc/msp430/4.6.3/mmpy-16/libgcc.a(_fpcmp_parts_sf.o)
 .debug_info    0x0000000000007344       0xa0 /usr/bin/../lib/gcc/msp430/4.6.3/mmpy-16/libgcc.a(_clz.o)
 .debug_info    0x00000000000073e4      0x105 /usr/bin/../lib/gcc/msp430/4.6.3/../../../../msp430/lib/mmpy-16/libc.a(printf.o)
 .debug_info    0x00000000000074e9      0x565 /usr/bin/../lib/gcc/msp430/4.6.3/../../../../msp430/lib/mmpy-16/libc.a(vuprintf.o)
 .debug_info    0x0000000000007a4e       0x96 /usr/bin/../lib/gcc/msp430/4.6.3/../../../../msp430/lib/mmpy-16/libc.a(puts.o)
 .debug_info    0x0000000000007ae4       0xb4 /usr/bin/../lib/gcc/msp430/4.6.3/mmpy-16/libgcc.a(_udivmod64.o)
 .debug_info    0x0000000000007b98       0x90 /usr/bin/../lib/gcc/msp430/4.6.3/mmpy-16/libcrt0.a(__watchdog_support.o)
 .debug_info    0x0000000000007c28       0x90 /usr/bin/../lib/gcc/msp430/4.6.3/mmpy-16/libcrt0.a(__init_stack.o)
 .debug_info    0x0000000000007cb8       0x90 /usr/bin/../lib/gcc/msp430/4.6.3/mmpy-16/libcrt0.a(_copy_data.o)
 .debug_info    0x0000000000007d48       0x90 /usr/bin/../lib/gcc/msp430/4.6.3/mmpy-16/libcrt0.a(_clear_bss.o)
 .debug_info    0x0000000000007dd8       0x90 /usr/bin/../lib/gcc/msp430/4.6.3/mmpy-16/libcrt0.a(_endless_loop__.o)
 .debug_info    0x0000000000007e68       0x90 /usr/bin/../lib/gcc/msp430/4.6.3/mmpy-16/libcrt0.a(_unexpected_.o)
 *(.gnu.linkonce.wi.*)

.debug_abbrev   0x0000000000000000     0x39a3
 *(.debug_abbrev)
 .debug_abbrev  0x0000000000000000      0x1cb staffetta-test.co
 .debug_abbrev  0x00000000000001cb      0x1bc obj_sky/contiki-sky-main.o
 .debug_abbrev  0x0000000000000387      0x323 contiki-sky.a(process.o)
 .debug_abbrev  0x00000000000006aa       0xf5 contiki-sky.a(autostart.o)
 .debug_abbrev  0x000000000000079f       0x67 contiki-sky.a(random.o)
 .debug_abbrev  0x0000000000000806      0x27a contiki-sky.a(etimer.o)
 .debug_abbrev  0x0000000000000a80      0x14e contiki-sky.a(energest.o)
 .debug_abbrev  0x0000000000000bce      0x139 contiki-sky.a(rtimer.o)
 .debug_abbrev  0x0000000000000d07       0xe2 contiki-sky.a(metric.o)
 .debug_abbrev  0x0000000000000de9      0x115 contiki-sky.a(gpio.o)
 .debug_abbrev  0x0000000000000efe      0x28e contiki-sky.a(energytrace.o)
 .debug_abbrev  0x000000000000118c      0x3f6 contiki-sky.a(staffetta.o)
 .debug_abbrev  0x0000000000001582      0x157 contiki-sky.a(msp430.o)
 .debug_abbrev  0x00000000000016d9      0x163 contiki-sky.a(leds.o)
 .debug_abbrev  0x000000000000183c       0x91 contiki-sky.a(watchdog.o)
 .debug_abbrev  0x00000000000018cd      0x21f contiki-sky.a(xmem.o)
 .debug_abbrev  0x0000000000001aec      0x161 contiki-sky.a(cc2420.o)
 .debug_abbrev  0x0000000000001c4d       0x82 contiki-sky.a(node-id.o)
 .debug_abbrev  0x0000000000001ccf      0x162 contiki-sky.a(uart1.o)
 .debug_abbrev  0x0000000000001e31      0x1b5 contiki-sky.a(clock.o)
 .debug_abbrev  0x0000000000001fe6       0x97 contiki-sky.a(leds-arch.o)
 .debug_abbrev  0x000000000000207d       0x50 contiki-sky.a(uart1-putchar.o)
 .debug_abbrev  0x00000000000020cd       0xa2 contiki-sky.a(rtimer-arch.o)
 .debug_abbrev  0x000000000000216f       0xae contiki-sky.a(rand.o)
 .debug_abbrev  0x000000000000221d       0xf8 contiki-sky.a(timer.o)
 .debug_abbrev  0x0000000000002315      0x1cb contiki-sky.a(ctimer.o)
 .debug_abbrev  0x00000000000024e0      0x109 contiki-sky.a(ringbuf.o)
 .debug_abbrev  0x00000000000025e9       0x97 contiki-sky.a(spi.o)
 .debug_abbrev  0x0000000000002680      0x151 contiki-sky.a(list.o)
 .debug_abbrev  0x00000000000027d1       0x14 /usr/bin/../lib/gcc/msp430/4.6.3/mmpy-16/libgcc.a(_mulsi3.o)
 .debug_abbrev  0x00000000000027e5       0x14 /usr/bin/../lib/gcc/msp430/4.6.3/mmpy-16/libgcc.a(_udivmod16.o)
 .debug_abbrev  0x00000000000027f9       0x14 /usr/bin/../lib/gcc/msp430/4.6.3/mmpy-16/libgcc.a(_divmod16.o)
 .debug_abbrev  0x000000000000280d       0x14 /usr/bin/../lib/gcc/msp430/4.6.3/mmpy-16/libgcc.a(_udivmod32.o)
 .debug_abbrev  0x0000000000002821       0x14 /usr/bin/../lib/gcc/msp430/4.6.3/mmpy-16/libgcc.a(_divmod32.o)
 .debug_abbrev  0x0000000000002835       0x5d /usr/bin/../lib/gcc/msp430/4.6.3/mmpy-16/libgcc.a(_fixunssfsi.o)
 .debug_abbrev  0x0000000000002892      0x1ab /usr/bin/../lib/gcc/msp430/4.6.3/mmpy-16/libgcc.a(_addsub_sf.o)
 .debug_abbrev  0x0000000000002a3d      0x1d9 /usr/bin/../lib/gcc/msp430/4.6.3/mmpy-16/libgcc.a(_mul_sf.o)
 .debug_abbrev  0x0000000000002c16      0x151 /usr/bin/../lib/gcc/msp430/4.6.3/mmpy-16/libgcc.a(_ge_sf.o)
 .debug_abbrev  0x0000000000002d67      0x160 /usr/bin/../lib/gcc/msp430/4.6.3/mmpy-16/libgcc.a(_sf_to_si.o)
 .debug_abbrev  0x0000000000002ec7       0xba /usr/bin/../lib/gcc/msp430/4.6.3/mmpy-16/libgcc.a(_thenan_sf.o)
 .debug_abbrev  0x0000000000002f81      0x173 /usr/bin/../lib/gcc/msp430/4.6.3/mmpy-16/libgcc.a(_usi_to_sf.o)
 .debug_abbrev  0x00000000000030f4       0xac /usr/bin/../lib/gcc/msp430/4.6.3/mmpy-16/libgcc.a(_clzsi2.o)
 .debug_abbrev  0x00000000000031a0      0x192 /usr/bin/../lib/gcc/msp430/4.6.3/mmpy-16/libgcc.a(_pack_sf.o)
 .debug_abbrev  0x0000000000003332      0x15a /usr/bin/../lib/gcc/msp430/4.6.3/mmpy-16/libgcc.a(_unpack_sf.o)
 .debug_abbrev  0x000000000000348c      0x10b /usr/bin/../lib/gcc/msp430/4.6.3/mmpy-16/libgcc.a(_fpcmp_parts_sf.o)
 .debug_abbrev  0x0000000000003597       0x61 /usr/bin/../lib/gcc/msp430/4.6.3/mmpy-16/libgcc.a(_clz.o)
 .debug_abbrev  0x00000000000035f8       0xd0 /usr/bin/../lib/gcc/msp430/4.6.3/../../../../msp430/lib/mmpy-16/libc.a(printf.o)
 .debug_abbrev  0x00000000000036c8      0x1ef /usr/bin/../lib/gcc/msp430/4.6.3/../../../../msp430/lib/mmpy-16/libc.a(vuprintf.o)
 .debug_abbrev  0x00000000000038b7       0x60 /usr/bin/../lib/gcc/msp430/4.6.3/../../../../msp430/lib/mmpy-16/libc.a(puts.o)
 .debug_abbrev  0x0000000000003917       0x14 /usr/bin/../lib/gcc/msp430/4.6.3/mmpy-16/libgcc.a(_udivmod64.o)
 .debug_abbrev  0x000000000000392b       0x14 /usr/bin/../lib/gcc/msp430/4.6.3/mmpy-16/libcrt0.a(__watchdog_support.o)
 .debug_abbrev  0x000000000000393f       0x14 /usr/bin/../lib/gcc/msp430/4.6.3/mmpy-16/libcrt0.a(__init_stack.o)
 .debug_abbrev  0x0000000000003953       0x14 /usr/bin/../lib/gcc/msp430/4.6.3/mmpy-16/libcrt0.a(_copy_data.o)
 .debug_abbrev  0x0000000000003967       0x14 /usr/bin/../lib/gcc/msp430/4.6.3/mmpy-16/libcrt0.a(_clear_bss.o)
 .debug_abbrev  0x000000000000397b       0x14 /usr/bin/../lib/gcc/msp430/4.6.3/mmpy-16/libcrt0.a(_endless_loop__.o)
 .debug_abbrev  0x000000000000398f       0x14 /usr/bin/../lib/gcc/msp430/4.6.3/mmpy-16/libcrt0.a(_unexpected_.o)

.debug_line     0x0000000000000000     0x37b3
 *(.debug_line)
 .debug_line    0x0000000000000000      0x1b2 staffetta-test.co
 .debug_line    0x00000000000001b2      0x181 obj_sky/contiki-sky-main.o
 .debug_line    0x0000000000000333      0x13d contiki-sky.a(process.o)
 .debug_line    0x0000000000000470       0x96 contiki-sky.a(autostart.o)
 .debug_line    0x0000000000000506       0x4a contiki-sky.a(random.o)
 .debug_line    0x0000000000000550      0x170 contiki-sky.a(etimer.o)
 .debug_line    0x00000000000006c0       0xe8 contiki-sky.a(energest.o)
 .debug_line    0x00000000000007a8       0x81 contiki-sky.a(rtimer.o)
 .debug_line    0x0000000000000829      0x106 contiki-sky.a(metric.o)
 .debug_line    0x000000000000092f      0x126 contiki-sky.a(gpio.o)
 .debug_line    0x0000000000000a55      0x214 contiki-sky.a(energytrace.o)
 .debug_line    0x0000000000000c69      0x85f contiki-sky.a(staffetta.o)
 .debug_line    0x00000000000014c8      0x155 contiki-sky.a(msp430.o)
 .debug_line    0x000000000000161d      0x133 contiki-sky.a(leds.o)
 .debug_line    0x0000000000001750       0xae contiki-sky.a(watchdog.o)
 .debug_line    0x00000000000017fe      0x1d0 contiki-sky.a(xmem.o)
 .debug_line    0x00000000000019ce      0x32e contiki-sky.a(cc2420.o)
 .debug_line    0x0000000000001cfc       0x61 contiki-sky.a(node-id.o)
 .debug_line    0x0000000000001d5d      0x10c contiki-sky.a(uart1.o)
 .debug_line    0x0000000000001e69      0x16a contiki-sky.a(clock.o)
 .debug_line    0x0000000000001fd3       0xe2 contiki-sky.a(leds-arch.o)
 .debug_line    0x00000000000020b5       0x9c contiki-sky.a(uart1-putchar.o)
 .debug_line    0x0000000000002151       0xc5 contiki-sky.a(rtimer-arch.o)
 .debug_line    0x0000000000002216       0xc6 contiki-sky.a(rand.o)
 .debug_line    0x00000000000022dc       0xa2 contiki-sky.a(timer.o)
 .debug_line    0x000000000000237e      0x15d contiki-sky.a(ctimer.o)
 .debug_line    0x00000000000024db       0xba contiki-sky.a(ringbuf.o)
 .debug_line    0x0000000000002595       0x9d contiki-sky.a(spi.o)
 .debug_line    0x0000000000002632       0xd8 contiki-sky.a(list.o)
 .debug_line    0x000000000000270a       0x74 /usr/bin/../lib/gcc/msp430/4.6.3/mmpy-16/libgcc.a(_mulsi3.o)
 .debug_line    0x000000000000277e       0x6d /usr/bin/../lib/gcc/msp430/4.6.3/mmpy-16/libgcc.a(_udivmod16.o)
 .debug_line    0x00000000000027eb       0x78 /usr/bin/../lib/gcc/msp430/4.6.3/mmpy-16/libgcc.a(_divmod16.o)
 .debug_line    0x0000000000002863       0x7c /usr/bin/../lib/gcc/msp430/4.6.3/mmpy-16/libgcc.a(_udivmod32.o)
 .debug_line    0x00000000000028df       0x81 /usr/bin/../lib/gcc/msp430/4.6.3/mmpy-16/libgcc.a(_divmod32.o)
 .debug_line    0x0000000000002960       0x65 /usr/bin/../lib/gcc/msp430/4.6.3/mmpy-16/libgcc.a(_fixunssfsi.o)
 .debug_line    0x00000000000029c5      0x110 /usr/bin/../lib/gcc/msp430/4.6.3/mmpy-16/libgcc.a(_addsub_sf.o)
 .debug_line    0x0000000000002ad5      0x108 /usr/bin/../lib/gcc/msp430/4.6.3/mmpy-16/libgcc.a(_mul_sf.o)
 .debug_line    0x0000000000002bdd       0x82 /usr/bin/../lib/gcc/msp430/4.6.3/mmpy-16/libgcc.a(_ge_sf.o)
 .debug_line    0x0000000000002c5f       0x90 /usr/bin/../lib/gcc/msp430/4.6.3/mmpy-16/libgcc.a(_sf_to_si.o)
 .debug_line    0x0000000000002cef       0x65 /usr/bin/../lib/gcc/msp430/4.6.3/mmpy-16/libgcc.a(_thenan_sf.o)
 .debug_line    0x0000000000002d54       0x97 /usr/bin/../lib/gcc/msp430/4.6.3/mmpy-16/libgcc.a(_usi_to_sf.o)
 .debug_line    0x0000000000002deb       0x8f /usr/bin/../lib/gcc/msp430/4.6.3/mmpy-16/libgcc.a(_clzsi2.o)
 .debug_line    0x0000000000002e7a       0xd3 /usr/bin/../lib/gcc/msp430/4.6.3/mmpy-16/libgcc.a(_pack_sf.o)
 .debug_line    0x0000000000002f4d       0xae /usr/bin/../lib/gcc/msp430/4.6.3/mmpy-16/libgcc.a(_unpack_sf.o)
 .debug_line    0x0000000000002ffb       0xb9 /usr/bin/../lib/gcc/msp430/4.6.3/mmpy-16/libgcc.a(_fpcmp_parts_sf.o)
 .debug_line    0x00000000000030b4       0x51 /usr/bin/../lib/gcc/msp430/4.6.3/mmpy-16/libgcc.a(_clz.o)
 .debug_line    0x0000000000003105       0xb1 /usr/bin/../lib/gcc/msp430/4.6.3/../../../../msp430/lib/mmpy-16/libc.a(printf.o)
 .debug_line    0x00000000000031b6      0x311 /usr/bin/../lib/gcc/msp430/4.6.3/../../../../msp430/lib/mmpy-16/libc.a(vuprintf.o)
 .debug_line    0x00000000000034c7       0x4d /usr/bin/../lib/gcc/msp430/4.6.3/../../../../msp430/lib/mmpy-16/libc.a(puts.o)
 .debug_line    0x0000000000003514       0xc2 /usr/bin/../lib/gcc/msp430/4.6.3/mmpy-16/libgcc.a(_udivmod64.o)
 .debug_line    0x00000000000035d6       0x4f /usr/bin/../lib/gcc/msp430/4.6.3/mmpy-16/libcrt0.a(__watchdog_support.o)
 .debug_line    0x0000000000003625       0x4d /usr/bin/../lib/gcc/msp430/4.6.3/mmpy-16/libcrt0.a(__init_stack.o)
 .debug_line    0x0000000000003672       0x53 /usr/bin/../lib/gcc/msp430/4.6.3/mmpy-16/libcrt0.a(_copy_data.o)
 .debug_line    0x00000000000036c5       0x53 /usr/bin/../lib/gcc/msp430/4.6.3/mmpy-16/libcrt0.a(_clear_bss.o)
 .debug_line    0x0000000000003718       0x4e /usr/bin/../lib/gcc/msp430/4.6.3/mmpy-16/libcrt0.a(_endless_loop__.o)
 .debug_line    0x0000000000003766       0x4d /usr/bin/../lib/gcc/msp430/4.6.3/mmpy-16/libcrt0.a(_unexpected_.o)

.debug_frame    0x0000000000000000     0x117c
 *(.debug_frame)
 .debug_frame   0x0000000000000000       0x76 staffetta-test.co
 .debug_frame   0x0000000000000076       0x50 obj_sky/contiki-sky-main.o
 .debug_frame   0x00000000000000c6       0xe8 contiki-sky.a(process.o)
 .debug_frame   0x00000000000001ae       0x36 contiki-sky.a(autostart.o)
 .debug_frame   0x00000000000001e4       0x2a contiki-sky.a(random.o)
 .debug_frame   0x000000000000020e       0xf8 contiki-sky.a(etimer.o)
 .debug_frame   0x0000000000000306       0x62 contiki-sky.a(energest.o)
 .debug_frame   0x0000000000000368       0x36 contiki-sky.a(rtimer.o)
 .debug_frame   0x000000000000039e       0x5a contiki-sky.a(metric.o)
 .debug_frame   0x00000000000003f8       0xc0 contiki-sky.a(gpio.o)
 .debug_frame   0x00000000000004b8       0x9c contiki-sky.a(energytrace.o)
 .debug_frame   0x0000000000000554      0x1b4 contiki-sky.a(staffetta.o)
 .debug_frame   0x0000000000000708       0x86 contiki-sky.a(msp430.o)
 .debug_frame   0x000000000000078e       0xa2 contiki-sky.a(leds.o)
 .debug_frame   0x0000000000000830       0x5a contiki-sky.a(watchdog.o)
 .debug_frame   0x000000000000088a       0xc4 contiki-sky.a(xmem.o)
 .debug_frame   0x000000000000094e       0x6e contiki-sky.a(cc2420.o)
 .debug_frame   0x00000000000009bc       0x32 contiki-sky.a(node-id.o)
 .debug_frame   0x00000000000009ee       0x88 contiki-sky.a(uart1.o)
 .debug_frame   0x0000000000000a76       0xd0 contiki-sky.a(clock.o)
 .debug_frame   0x0000000000000b46       0x36 contiki-sky.a(leds-arch.o)
 .debug_frame   0x0000000000000b7c       0x24 contiki-sky.a(uart1-putchar.o)
 .debug_frame   0x0000000000000ba0       0x4a contiki-sky.a(rtimer-arch.o)
 .debug_frame   0x0000000000000bea       0x40 contiki-sky.a(rand.o)
 .debug_frame   0x0000000000000c2a       0x6a contiki-sky.a(timer.o)
 .debug_frame   0x0000000000000c94       0xaa contiki-sky.a(ctimer.o)
 .debug_frame   0x0000000000000d3e       0x5e contiki-sky.a(ringbuf.o)
 .debug_frame   0x0000000000000d9c       0x1e contiki-sky.a(spi.o)
 .debug_frame   0x0000000000000dba       0xbc contiki-sky.a(list.o)
 .debug_frame   0x0000000000000e76       0x28 /usr/bin/../lib/gcc/msp430/4.6.3/mmpy-16/libgcc.a(_fixunssfsi.o)
 .debug_frame   0x0000000000000e9e       0x6a /usr/bin/../lib/gcc/msp430/4.6.3/mmpy-16/libgcc.a(_addsub_sf.o)
 .debug_frame   0x0000000000000f08       0x4a /usr/bin/../lib/gcc/msp430/4.6.3/mmpy-16/libgcc.a(_mul_sf.o)
 .debug_frame   0x0000000000000f52       0x22 /usr/bin/../lib/gcc/msp430/4.6.3/mmpy-16/libgcc.a(_ge_sf.o)
 .debug_frame   0x0000000000000f74       0x22 /usr/bin/../lib/gcc/msp430/4.6.3/mmpy-16/libgcc.a(_sf_to_si.o)
 .debug_frame   0x0000000000000f96       0x36 /usr/bin/../lib/gcc/msp430/4.6.3/mmpy-16/libgcc.a(_usi_to_sf.o)
 .debug_frame   0x0000000000000fcc       0x2e /usr/bin/../lib/gcc/msp430/4.6.3/mmpy-16/libgcc.a(_clzsi2.o)
 .debug_frame   0x0000000000000ffa       0x38 /usr/bin/../lib/gcc/msp430/4.6.3/mmpy-16/libgcc.a(_pack_sf.o)
 .debug_frame   0x0000000000001032       0x28 /usr/bin/../lib/gcc/msp430/4.6.3/mmpy-16/libgcc.a(_unpack_sf.o)
 .debug_frame   0x000000000000105a       0x24 /usr/bin/../lib/gcc/msp430/4.6.3/mmpy-16/libgcc.a(_fpcmp_parts_sf.o)
 .debug_frame   0x000000000000107e       0x2a /usr/bin/../lib/gcc/msp430/4.6.3/../../../../msp430/lib/mmpy-16/libc.a(printf.o)
 .debug_frame   0x00000000000010a8       0xb0 /usr/bin/../lib/gcc/msp430/4.6.3/../../../../msp430/lib/mmpy-16/libc.a(vuprintf.o)
 .debug_frame   0x0000000000001158       0x24 /usr/bin/../lib/gcc/msp430/4.6.3/../../../../msp430/lib/mmpy-16/libc.a(puts.o)

.debug_str      0x0000000000000000     0x2213
 *(.debug_str)
 .debug_str     0x0000000000000000      0x37c staffetta-test.co
                                        0x41e (size before relaxing)
 .debug_str     0x000000000000037c       0xcc obj_sky/contiki-sky-main.o
                                        0x382 (size before relaxing)
 .debug_str     0x0000000000000448      0x178 contiki-sky.a(process.o)
                                        0x2cf (size before relaxing)
 .debug_str     0x00000000000005c0       0x3a contiki-sky.a(autostart.o)
                                        0x187 (size before relaxing)
 .debug_str     0x00000000000005fa       0x35 contiki-sky.a(random.o)
                                        0x12b (size before relaxing)
 .debug_str     0x000000000000062f      0x133 contiki-sky.a(etimer.o)
                                        0x2dc (size before relaxing)
 .debug_str     0x0000000000000762       0x9b contiki-sky.a(energest.o)
                                        0x325 (size before relaxing)
 .debug_str     0x00000000000007fd       0xb8 contiki-sky.a(rtimer.o)
                                        0x2f0 (size before relaxing)
 .debug_str     0x00000000000008b5       0x9e contiki-sky.a(metric.o)
                                        0x34a (size before relaxing)
 .debug_str     0x0000000000000953       0xcf contiki-sky.a(gpio.o)
                                        0x1dd (size before relaxing)
 .debug_str     0x0000000000000a22      0x2a5 contiki-sky.a(energytrace.o)
                                        0x5f6 (size before relaxing)
 .debug_str     0x0000000000000cc7      0x6c4 contiki-sky.a(staffetta.o)
                                        0xa9e (size before relaxing)
 .debug_str     0x000000000000138b      0x138 contiki-sky.a(msp430.o)
                                        0x295 (size before relaxing)
 .debug_str     0x00000000000014c3       0x87 contiki-sky.a(leds.o)
                                        0x325 (size before relaxing)
 .debug_str     0x000000000000154a       0xa6 contiki-sky.a(watchdog.o)
                                        0x1a4 (size before relaxing)
 .debug_str     0x00000000000015f0       0xbb contiki-sky.a(xmem.o)
                                        0x399 (size before relaxing)
 .debug_str     0x00000000000016ab       0x85 contiki-sky.a(cc2420.o)
                                        0x59d (size before relaxing)
 .debug_str     0x0000000000001730       0x3c contiki-sky.a(node-id.o)
                                        0x13a (size before relaxing)
 .debug_str     0x000000000000176c      0x12f contiki-sky.a(uart1.o)
                                        0x291 (size before relaxing)
 .debug_str     0x000000000000189b       0xdd contiki-sky.a(clock.o)
                                        0x3ab (size before relaxing)
 .debug_str     0x0000000000001978       0x5a contiki-sky.a(leds-arch.o)
                                        0x161 (size before relaxing)
 .debug_str     0x00000000000019d2       0x2d contiki-sky.a(uart1-putchar.o)
                                        0x123 (size before relaxing)
 .debug_str     0x00000000000019ff       0x62 contiki-sky.a(rtimer-arch.o)
                                        0x184 (size before relaxing)
 .debug_str     0x0000000000001a61       0x27 contiki-sky.a(rand.o)
                                        0x268 (size before relaxing)
 .debug_str     0x0000000000001a88       0x27 contiki-sky.a(timer.o)
                                        0x176 (size before relaxing)
 .debug_str     0x0000000000001aaf       0xc0 contiki-sky.a(ctimer.o)
                                        0x397 (size before relaxing)
 .debug_str     0x0000000000001b6f       0x64 contiki-sky.a(ringbuf.o)
                                        0x189 (size before relaxing)
 .debug_str     0x0000000000001bd3       0x5d contiki-sky.a(spi.o)
                                        0x198 (size before relaxing)
 .debug_str     0x0000000000001c30       0xa8 contiki-sky.a(list.o)
                                        0x13a (size before relaxing)
 .debug_str     0x0000000000001cd8       0xad /usr/bin/../lib/gcc/msp430/4.6.3/mmpy-16/libgcc.a(_fixunssfsi.o)
                                        0x15b (size before relaxing)
 .debug_str     0x0000000000001d85      0x149 /usr/bin/../lib/gcc/msp430/4.6.3/mmpy-16/libgcc.a(_addsub_sf.o)
                                        0x262 (size before relaxing)
 .debug_str     0x0000000000001ece       0x27 /usr/bin/../lib/gcc/msp430/4.6.3/mmpy-16/libgcc.a(_mul_sf.o)
                                        0x21b (size before relaxing)
 .debug_str     0x0000000000001ef5        0x8 /usr/bin/../lib/gcc/msp430/4.6.3/mmpy-16/libgcc.a(_ge_sf.o)
                                        0x1e9 (size before relaxing)
 .debug_str     0x0000000000001efd        0xa /usr/bin/../lib/gcc/msp430/4.6.3/mmpy-16/libgcc.a(_sf_to_si.o)
                                        0x1f2 (size before relaxing)
 .debug_str     0x0000000000000000      0x194 /usr/bin/../lib/gcc/msp430/4.6.3/mmpy-16/libgcc.a(_thenan_sf.o)
 .debug_str     0x0000000000001f07       0x2a /usr/bin/../lib/gcc/msp430/4.6.3/mmpy-16/libgcc.a(_usi_to_sf.o)
                                        0x1d4 (size before relaxing)
 .debug_str     0x0000000000001f31       0x17 /usr/bin/../lib/gcc/msp430/4.6.3/mmpy-16/libgcc.a(_clzsi2.o)
                                        0x167 (size before relaxing)
 .debug_str     0x0000000000001f48       0x10 /usr/bin/../lib/gcc/msp430/4.6.3/mmpy-16/libgcc.a(_pack_sf.o)
                                        0x1f1 (size before relaxing)
 .debug_str     0x0000000000001f58        0xb /usr/bin/../lib/gcc/msp430/4.6.3/mmpy-16/libgcc.a(_unpack_sf.o)
                                        0x1d3 (size before relaxing)
 .debug_str     0x0000000000001f63       0x10 /usr/bin/../lib/gcc/msp430/4.6.3/mmpy-16/libgcc.a(_fpcmp_parts_sf.o)
                                        0x1b7 (size before relaxing)
 .debug_str     0x0000000000000000      0x14a /usr/bin/../lib/gcc/msp430/4.6.3/mmpy-16/libgcc.a(_clz.o)
 .debug_str     0x0000000000001f73       0x92 /usr/bin/../lib/gcc/msp430/4.6.3/../../../../msp430/lib/mmpy-16/libc.a(printf.o)
                                        0x155 (size before relaxing)
 .debug_str     0x0000000000002005      0x1f9 /usr/bin/../lib/gcc/msp430/4.6.3/../../../../msp430/lib/mmpy-16/libc.a(vuprintf.o)
                                        0x3a0 (size before relaxing)
 .debug_str     0x00000000000021fe       0x15 /usr/bin/../lib/gcc/msp430/4.6.3/../../../../msp430/lib/mmpy-16/libc.a(puts.o)
                                        0x11b (size before relaxing)

.debug_loc      0x0000000000000000     0x2d89
 *(.debug_loc)
 .debug_loc     0x0000000000000000      0x1af staffetta-test.co
 .debug_loc     0x00000000000001af       0x9a obj_sky/contiki-sky-main.o
 .debug_loc     0x0000000000000249      0x20d contiki-sky.a(process.o)
 .debug_loc     0x0000000000000456       0x56 contiki-sky.a(autostart.o)
 .debug_loc     0x00000000000004ac        0xb contiki-sky.a(random.o)
 .debug_loc     0x00000000000004b7      0x270 contiki-sky.a(etimer.o)
 .debug_loc     0x0000000000000727       0x8a contiki-sky.a(energest.o)
 .debug_loc     0x00000000000007b1       0x5b contiki-sky.a(rtimer.o)
 .debug_loc     0x000000000000080c       0x28 contiki-sky.a(metric.o)
 .debug_loc     0x0000000000000834       0xb3 contiki-sky.a(gpio.o)
 .debug_loc     0x00000000000008e7      0x259 contiki-sky.a(energytrace.o)
 .debug_loc     0x0000000000000b40      0x48b contiki-sky.a(staffetta.o)
 .debug_loc     0x0000000000000fcb      0x118 contiki-sky.a(msp430.o)
 .debug_loc     0x00000000000010e3       0xdc contiki-sky.a(leds.o)
 .debug_loc     0x00000000000011bf      0x2f2 contiki-sky.a(xmem.o)
 .debug_loc     0x00000000000014b1      0x119 contiki-sky.a(cc2420.o)
 .debug_loc     0x00000000000015ca       0x33 contiki-sky.a(node-id.o)
 .debug_loc     0x00000000000015fd       0x99 contiki-sky.a(uart1.o)
 .debug_loc     0x0000000000001696       0x92 contiki-sky.a(clock.o)
 .debug_loc     0x0000000000001728        0xb contiki-sky.a(leds-arch.o)
 .debug_loc     0x0000000000001733       0x2d contiki-sky.a(uart1-putchar.o)
 .debug_loc     0x0000000000001760       0x2c contiki-sky.a(rtimer-arch.o)
 .debug_loc     0x000000000000178c       0x74 contiki-sky.a(rand.o)
 .debug_loc     0x0000000000001800       0xb9 contiki-sky.a(timer.o)
 .debug_loc     0x00000000000018b9      0x205 contiki-sky.a(ctimer.o)
 .debug_loc     0x0000000000001abe       0xa3 contiki-sky.a(ringbuf.o)
 .debug_loc     0x0000000000001b61      0x1ac contiki-sky.a(list.o)
 .debug_loc     0x0000000000001d0d       0x44 /usr/bin/../lib/gcc/msp430/4.6.3/mmpy-16/libgcc.a(_fixunssfsi.o)
 .debug_loc     0x0000000000001d51      0x2ca /usr/bin/../lib/gcc/msp430/4.6.3/mmpy-16/libgcc.a(_addsub_sf.o)
 .debug_loc     0x000000000000201b      0x248 /usr/bin/../lib/gcc/msp430/4.6.3/mmpy-16/libgcc.a(_mul_sf.o)
 .debug_loc     0x0000000000002263       0x3c /usr/bin/../lib/gcc/msp430/4.6.3/mmpy-16/libgcc.a(_ge_sf.o)
 .debug_loc     0x000000000000229f       0x3c /usr/bin/../lib/gcc/msp430/4.6.3/mmpy-16/libgcc.a(_sf_to_si.o)
 .debug_loc     0x00000000000022db       0x6c /usr/bin/../lib/gcc/msp430/4.6.3/mmpy-16/libgcc.a(_usi_to_sf.o)
 .debug_loc     0x0000000000002347       0x80 /usr/bin/../lib/gcc/msp430/4.6.3/mmpy-16/libgcc.a(_clzsi2.o)
 .debug_loc     0x00000000000023c7      0x181 /usr/bin/../lib/gcc/msp430/4.6.3/mmpy-16/libgcc.a(_pack_sf.o)
 .debug_loc     0x0000000000002548       0x83 /usr/bin/../lib/gcc/msp430/4.6.3/mmpy-16/libgcc.a(_unpack_sf.o)
 .debug_loc     0x00000000000025cb       0x5b /usr/bin/../lib/gcc/msp430/4.6.3/mmpy-16/libgcc.a(_fpcmp_parts_sf.o)
 .debug_loc     0x0000000000002626       0x38 /usr/bin/../lib/gcc/msp430/4.6.3/../../../../msp430/lib/mmpy-16/libc.a(printf.o)
 .debug_loc     0x000000000000265e      0x705 /usr/bin/../lib/gcc/msp430/4.6.3/../../../../msp430/lib/mmpy-16/libc.a(vuprintf.o)
 .debug_loc     0x0000000000002d63       0x26 /usr/bin/../lib/gcc/msp430/4.6.3/../../../../msp430/lib/mmpy-16/libc.a(puts.o)

.debug_macinfo
 *(.debug_macinfo)

.debug_pubtypes
 *(.debug_pubtypes)

.debug_ranges   0x0000000000000000       0x98
 *(.debug_ranges)
 .debug_ranges  0x0000000000000000       0x18 staffetta-test.co
 .debug_ranges  0x0000000000000018        0x8 obj_sky/contiki-sky-main.o
 .debug_ranges  0x0000000000000020        0xc contiki-sky.a(energytrace.o)
 .debug_ranges  0x000000000000002c        0xc contiki-sky.a(staffetta.o)
 .debug_ranges  0x0000000000000038       0x14 /usr/bin/../lib/gcc/msp430/4.6.3/mmpy-16/libgcc.a(_addsub_sf.o)
 .debug_ranges  0x000000000000004c       0x28 /usr/bin/../lib/gcc/msp430/4.6.3/mmpy-16/libgcc.a(_mul_sf.o)
 .debug_ranges  0x0000000000000074        0xc /usr/bin/../lib/gcc/msp430/4.6.3/mmpy-16/libgcc.a(_clzsi2.o)
 .debug_ranges  0x0000000000000080       0x18 /usr/bin/../lib/gcc/msp430/4.6.3/../../../../msp430/lib/mmpy-16/libc.a(vuprintf.o)
                0x0000000000003900                PROVIDE (__stack, (ORIGIN (ram) + 0x2800))
                0x00000000000090e6                PROVIDE (__data_start_rom, _etext)
                0x0000000000009134                PROVIDE (__data_end_rom, (_etext + SIZEOF (.data)))
OUTPUT(staffetta-test.sky elf32-msp430)

.glossy         0x0000000000004000        0x0
