Archive member included because of file (symbol)

contiki-sky.a(process.o)      obj_sky/contiki-sky-main.o (process_init)
contiki-sky.a(autostart.o)    obj_sky/contiki-sky-main.o (autostart_start)
contiki-sky.a(random.o)       staffetta-test.co (random_init)
contiki-sky.a(etimer.o)       obj_sky/contiki-sky-main.o (etimer_process)
contiki-sky.a(energest.o)     obj_sky/contiki-sky-main.o (energest_init)
contiki-sky.a(rtimer.o)       obj_sky/contiki-sky-main.o (rtimer_init)
contiki-sky.a(metric.o)       staffetta-test.co (node_energy_state)
contiki-sky.a(gpio.o)         obj_sky/contiki-sky-main.o (gpio_init)
contiki-sky.a(energytrace.o)  staffetta-test.co (remaining_energy)
contiki-sky.a(staffetta.o)    staffetta-test.co (getWakeups)
contiki-sky.a(msp430.o)       obj_sky/contiki-sky-main.o (msp430_cpu_init)
contiki-sky.a(leds.o)         staffetta-test.co (leds_init)
contiki-sky.a(watchdog.o)     obj_sky/contiki-sky-main.o (watchdog_init)
contiki-sky.a(xmem.o)         obj_sky/contiki-sky-main.o (xmem_init)
contiki-sky.a(cc2420.o)       obj_sky/contiki-sky-main.o (cc2420_init)
contiki-sky.a(node-id.o)      staffetta-test.co (node_id)
contiki-sky.a(uart1.o)        obj_sky/contiki-sky-main.o (uart1_active)
contiki-sky.a(clock.o)        contiki-sky.a(etimer.o) (clock_time)
contiki-sky.a(leds-arch.o)    contiki-sky.a(leds.o) (leds_arch_init)
contiki-sky.a(uart1-putchar.o)
                              obj_sky/contiki-sky-main.o (putchar)
contiki-sky.a(rtimer-arch.o)  contiki-sky.a(rtimer.o) (rtimer_arch_init)
contiki-sky.a(rand.o)         contiki-sky.a(random.o) (rand)
contiki-sky.a(timer.o)        contiki-sky.a(etimer.o) (timer_set)
contiki-sky.a(ctimer.o)       contiki-sky.a(staffetta.o) (ctimer_stop)
contiki-sky.a(ringbuf.o)      contiki-sky.a(uart1.o) (ringbuf_init)
contiki-sky.a(spi.o)          contiki-sky.a(xmem.o) (spi_init)
contiki-sky.a(list.o)         contiki-sky.a(ctimer.o) (list_init)
/usr/bin/../lib/gcc/msp430/4.6.3/mmpy-16/libgcc.a(_mulsi3.o)
                              contiki-sky.a(energytrace.o) (__mulsi3)
/usr/bin/../lib/gcc/msp430/4.6.3/mmpy-16/libgcc.a(_udivmod16.o)
                              contiki-sky.a(staffetta.o) (__udivhi3)
/usr/bin/../lib/gcc/msp430/4.6.3/mmpy-16/libgcc.a(_divmod16.o)
                              contiki-sky.a(staffetta.o) (__modhi3)
/usr/bin/../lib/gcc/msp430/4.6.3/mmpy-16/libgcc.a(_udivmod32.o)
                              staffetta-test.co (__udivsi3)
/usr/bin/../lib/gcc/msp430/4.6.3/mmpy-16/libgcc.a(_divmod32.o)
                              contiki-sky.a(energytrace.o) (__divsi3)
/usr/bin/../lib/gcc/msp430/4.6.3/mmpy-16/libgcc.a(_fixunssfsi.o)
                              contiki-sky.a(energytrace.o) (__fixunssfsi)
/usr/bin/../lib/gcc/msp430/4.6.3/mmpy-16/libgcc.a(_addsub_sf.o)
                              /usr/bin/../lib/gcc/msp430/4.6.3/mmpy-16/libgcc.a(_fixunssfsi.o) (__subsf3)
/usr/bin/../lib/gcc/msp430/4.6.3/mmpy-16/libgcc.a(_mul_sf.o)
                              contiki-sky.a(energytrace.o) (__mulsf3)
/usr/bin/../lib/gcc/msp430/4.6.3/mmpy-16/libgcc.a(_ge_sf.o)
                              /usr/bin/../lib/gcc/msp430/4.6.3/mmpy-16/libgcc.a(_fixunssfsi.o) (__gesf2)
/usr/bin/../lib/gcc/msp430/4.6.3/mmpy-16/libgcc.a(_sf_to_si.o)
                              /usr/bin/../lib/gcc/msp430/4.6.3/mmpy-16/libgcc.a(_fixunssfsi.o) (__fixsfsi)
/usr/bin/../lib/gcc/msp430/4.6.3/mmpy-16/libgcc.a(_thenan_sf.o)
                              /usr/bin/../lib/gcc/msp430/4.6.3/mmpy-16/libgcc.a(_addsub_sf.o) (__thenan_sf)
/usr/bin/../lib/gcc/msp430/4.6.3/mmpy-16/libgcc.a(_usi_to_sf.o)
                              contiki-sky.a(energytrace.o) (__floatunsisf)
/usr/bin/../lib/gcc/msp430/4.6.3/mmpy-16/libgcc.a(_clzsi2.o)
                              /usr/bin/../lib/gcc/msp430/4.6.3/mmpy-16/libgcc.a(_usi_to_sf.o) (__clzsi2)
/usr/bin/../lib/gcc/msp430/4.6.3/mmpy-16/libgcc.a(_pack_sf.o)
                              /usr/bin/../lib/gcc/msp430/4.6.3/mmpy-16/libgcc.a(_addsub_sf.o) (__pack_f)
/usr/bin/../lib/gcc/msp430/4.6.3/mmpy-16/libgcc.a(_unpack_sf.o)
                              /usr/bin/../lib/gcc/msp430/4.6.3/mmpy-16/libgcc.a(_addsub_sf.o) (__unpack_f)
/usr/bin/../lib/gcc/msp430/4.6.3/mmpy-16/libgcc.a(_fpcmp_parts_sf.o)
                              /usr/bin/../lib/gcc/msp430/4.6.3/mmpy-16/libgcc.a(_ge_sf.o) (__fpcmp_parts_f)
/usr/bin/../lib/gcc/msp430/4.6.3/mmpy-16/libgcc.a(_clz.o)
                              /usr/bin/../lib/gcc/msp430/4.6.3/mmpy-16/libgcc.a(_clzsi2.o) (__clz_tab)
/usr/bin/../lib/gcc/msp430/4.6.3/../../../../msp430/lib/mmpy-16/libc.a(printf.o)
                              staffetta-test.co (printf)
/usr/bin/../lib/gcc/msp430/4.6.3/../../../../msp430/lib/mmpy-16/libc.a(vuprintf.o)
                              /usr/bin/../lib/gcc/msp430/4.6.3/../../../../msp430/lib/mmpy-16/libc.a(printf.o) (vuprintf)
/usr/bin/../lib/gcc/msp430/4.6.3/../../../../msp430/lib/mmpy-16/libc.a(puts.o)
                              obj_sky/contiki-sky-main.o (puts)
/usr/bin/../lib/gcc/msp430/4.6.3/mmpy-16/libgcc.a(_udivmod64.o)
                              /usr/bin/../lib/gcc/msp430/4.6.3/../../../../msp430/lib/mmpy-16/libc.a(vuprintf.o) (__udivdi3)
/usr/bin/../lib/gcc/msp430/4.6.3/mmpy-16/libcrt0.a(_reset_vector__.o)
                              /usr/bin/../lib/gcc/msp430/4.6.3/mmpy-16/crt0ivtbl16.o (_reset_vector__)
/usr/bin/../lib/gcc/msp430/4.6.3/mmpy-16/libcrt0.a(__watchdog_support.o)
                              /usr/bin/../lib/gcc/msp430/4.6.3/mmpy-16/libcrt0.a(_reset_vector__.o) (__watchdog_support)
/usr/bin/../lib/gcc/msp430/4.6.3/mmpy-16/libcrt0.a(__init_stack.o)
                              /usr/bin/../lib/gcc/msp430/4.6.3/mmpy-16/libcrt0.a(_reset_vector__.o) (__init_stack)
/usr/bin/../lib/gcc/msp430/4.6.3/mmpy-16/libcrt0.a(__low_level_init.o)
                              /usr/bin/../lib/gcc/msp430/4.6.3/mmpy-16/libcrt0.a(_reset_vector__.o) (__low_level_init)
/usr/bin/../lib/gcc/msp430/4.6.3/mmpy-16/libcrt0.a(_copy_data.o)
                              /usr/bin/../lib/gcc/msp430/4.6.3/mmpy-16/libcrt0.a(_reset_vector__.o) (__do_copy_data)
/usr/bin/../lib/gcc/msp430/4.6.3/mmpy-16/libcrt0.a(_clear_bss.o)
                              /usr/bin/../lib/gcc/msp430/4.6.3/mmpy-16/libcrt0.a(_reset_vector__.o) (__do_clear_bss)
/usr/bin/../lib/gcc/msp430/4.6.3/mmpy-16/libcrt0.a(__stop_progExec__.o)
                              /usr/bin/../lib/gcc/msp430/4.6.3/mmpy-16/libcrt0.a(_reset_vector__.o) (__stop_progExec__)
/usr/bin/../lib/gcc/msp430/4.6.3/mmpy-16/libcrt0.a(_endless_loop__.o)
                              /usr/bin/../lib/gcc/msp430/4.6.3/mmpy-16/libcrt0.a(_reset_vector__.o) (_endless_loop__)
/usr/bin/../lib/gcc/msp430/4.6.3/mmpy-16/libcrt0.a(_unexpected_.o)
                              /usr/bin/../lib/gcc/msp430/4.6.3/mmpy-16/crt0ivtbl16.o (_unexpected_)

Allocating common symbols
Common symbol       size              file

energest_total_time
                    0x30              contiki-sky.a(energest.o)
energest_total_count
                    0x2               contiki-sky.a(energest.o)
energest_current_mode
                    0xc               contiki-sky.a(energest.o)
process_maxevents   0x1               contiki-sky.a(process.o)
node_state          0x2               contiki-sky.a(energytrace.o)
node_duty_cycle     0x2               contiki-sky.a(metric.o)
node_activation_ev  0x1               contiki-sky.a(energytrace.o)
index               0x2               contiki-sky.a(staffetta.o)
energest_current_time
                    0x18              contiki-sky.a(energest.o)
edc_id              0x50              contiki-sky.a(staffetta.o)

Memory Configuration

Name             Origin             Length             Attributes
sfr              0x0000000000000000 0x0000000000000010
peripheral_8bit  0x0000000000000010 0x00000000000000f0
peripheral_16bit 0x0000000000000100 0x0000000000000100
ram_mirror       0x0000000000000200 0x0000000000000800 xw
infomem          0x0000000000001000 0x0000000000000100
infob            0x0000000000001000 0x0000000000000080
infoa            0x0000000000001080 0x0000000000000080
ram              0x0000000000001100 0x0000000000002800 xw
rom              0x0000000000004000 0x000000000000bfe0 xr
vectors          0x000000000000ffe0 0x0000000000000020
bsl              0x0000000000000000 0x0000000000000000
infoc            0x0000000000000000 0x0000000000000000
infod            0x0000000000000000 0x0000000000000000
ram2             0x0000000000000000 0x0000000000000000 xw
usbram           0x0000000000000000 0x0000000000000000 xw
far_rom          0x0000000000000000 0x0000000000000000
*default*        0x0000000000000000 0xffffffffffffffff

Linker script and memory map

LOAD /usr/bin/../lib/gcc/msp430/4.6.3/mmpy-16/crt0ivtbl16.o
Address of section .glossy set to 0x4000
Address of section .text set to 0x4400
LOAD staffetta-test.co
LOAD obj_sky/contiki-sky-main.o
LOAD contiki-sky.a
LOAD /usr/bin/../lib/gcc/msp430/4.6.3/mmpy-16/libgcc.a
LOAD /usr/bin/../lib/gcc/msp430/4.6.3/../../../../msp430/lib/mmpy-16/libc.a
LOAD /usr/bin/../lib/gcc/msp430/4.6.3/mmpy-16/libgcc.a
LOAD /usr/bin/../lib/gcc/msp430/4.6.3/mmpy-16/libcrt0.a
                0x0000000000000080                PROVIDE (__info_segment_size, 0x80)
                0x0000000000001000                PROVIDE (__infob, 0x1000)
                0x0000000000001080                PROVIDE (__infoa, 0x1080)
                0x0000000000000000                __IE1 = 0x0
                0x0000000000000002                __IFG1 = 0x2
                0x0000000000000004                __ME1 = 0x4
                0x0000000000000001                __IE2 = 0x1
                0x0000000000000003                __IFG2 = 0x3
                0x0000000000000005                __ME2 = 0x5
                0x0000000000000120                __WDTCTL = 0x120
                0x0000000000000130                __MPY = 0x130
                0x0000000000000132                __MPYS = 0x132
                0x0000000000000134                __MAC = 0x134
                0x0000000000000136                __MACS = 0x136
                0x0000000000000138                __OP2 = 0x138
                0x000000000000013a                __RESLO = 0x13a
                0x000000000000013c                __RESHI = 0x13c
                0x000000000000013e                __SUMEXT = 0x13e
                0x0000000000000020                __P1IN = 0x20
                0x0000000000000021                __P1OUT = 0x21
                0x0000000000000022                __P1DIR = 0x22
                0x0000000000000023                __P1IFG = 0x23
                0x0000000000000024                __P1IES = 0x24
                0x0000000000000025                __P1IE = 0x25
                0x0000000000000026                __P1SEL = 0x26
                0x0000000000000028                __P2IN = 0x28
                0x0000000000000029                __P2OUT = 0x29
                0x000000000000002a                __P2DIR = 0x2a
                0x000000000000002b                __P2IFG = 0x2b
                0x000000000000002c                __P2IES = 0x2c
                0x000000000000002d                __P2IE = 0x2d
                0x000000000000002e                __P2SEL = 0x2e
                0x0000000000000018                __P3IN = 0x18
                0x0000000000000019                __P3OUT = 0x19
                0x000000000000001a                __P3DIR = 0x1a
                0x000000000000001b                __P3SEL = 0x1b
                0x000000000000001c                __P4IN = 0x1c
                0x000000000000001d                __P4OUT = 0x1d
                0x000000000000001e                __P4DIR = 0x1e
                0x000000000000001f                __P4SEL = 0x1f
                0x0000000000000030                __P5IN = 0x30
                0x0000000000000031                __P5OUT = 0x31
                0x0000000000000032                __P5DIR = 0x32
                0x0000000000000033                __P5SEL = 0x33
                0x0000000000000034                __P6IN = 0x34
                0x0000000000000035                __P6OUT = 0x35
                0x0000000000000036                __P6DIR = 0x36
                0x0000000000000037                __P6SEL = 0x37
                0x0000000000000070                __U0CTL = 0x70
                0x0000000000000071                __U0TCTL = 0x71
                0x0000000000000072                __U0RCTL = 0x72
                0x0000000000000073                __U0MCTL = 0x73
                0x0000000000000074                __U0BR0 = 0x74
                0x0000000000000075                __U0BR1 = 0x75
                0x0000000000000076                __U0RXBUF = 0x76
                0x0000000000000077                __U0TXBUF = 0x77
                0x0000000000000078                __U1CTL = 0x78
                0x0000000000000079                __U1TCTL = 0x79
                0x000000000000007a                __U1RCTL = 0x7a
                0x000000000000007b                __U1MCTL = 0x7b
                0x000000000000007c                __U1BR0 = 0x7c
                0x000000000000007d                __U1BR1 = 0x7d
                0x000000000000007e                __U1RXBUF = 0x7e
                0x000000000000007f                __U1TXBUF = 0x7f
                0x0000000000000050                __I2CIE = 0x50
                0x0000000000000051                __I2CIFG = 0x51
                0x0000000000000052                __I2CNDAT = 0x52
                0x0000000000000071                __I2CTCTL = 0x71
                0x0000000000000072                __I2CDCTL = 0x72
                0x0000000000000073                __I2CPSC = 0x73
                0x0000000000000074                __I2CSCLH = 0x74
                0x0000000000000075                __I2CSCLL = 0x75
                0x0000000000000076                __I2CDRB = 0x76
                0x0000000000000076                __I2CDRW = 0x76
                0x0000000000000118                __I2COA = 0x118
                0x000000000000011a                __I2CSA = 0x11a
                0x000000000000011c                __I2CIV = 0x11c
                0x000000000000012e                __TAIV = 0x12e
                0x0000000000000160                __TACTL = 0x160
                0x0000000000000162                __TACCTL0 = 0x162
                0x0000000000000164                __TACCTL1 = 0x164
                0x0000000000000166                __TACCTL2 = 0x166
                0x0000000000000170                __TAR = 0x170
                0x0000000000000172                __TACCR0 = 0x172
                0x0000000000000174                __TACCR1 = 0x174
                0x0000000000000176                __TACCR2 = 0x176
                0x000000000000011e                __TBIV = 0x11e
                0x0000000000000180                __TBCTL = 0x180
                0x0000000000000182                __TBCCTL0 = 0x182
                0x0000000000000184                __TBCCTL1 = 0x184
                0x0000000000000186                __TBCCTL2 = 0x186
                0x0000000000000188                __TBCCTL3 = 0x188
                0x000000000000018a                __TBCCTL4 = 0x18a
                0x000000000000018c                __TBCCTL5 = 0x18c
                0x000000000000018e                __TBCCTL6 = 0x18e
                0x0000000000000190                __TBR = 0x190
                0x0000000000000192                __TBCCR0 = 0x192
                0x0000000000000194                __TBCCR1 = 0x194
                0x0000000000000196                __TBCCR2 = 0x196
                0x0000000000000198                __TBCCR3 = 0x198
                0x000000000000019a                __TBCCR4 = 0x19a
                0x000000000000019c                __TBCCR5 = 0x19c
                0x000000000000019e                __TBCCR6 = 0x19e
                0x0000000000000056                __DCOCTL = 0x56
                0x0000000000000057                __BCSCTL1 = 0x57
                0x0000000000000058                __BCSCTL2 = 0x58
                0x0000000000000055                __SVSCTL = 0x55
                0x0000000000000128                __FCTL1 = 0x128
                0x000000000000012a                __FCTL2 = 0x12a
                0x000000000000012c                __FCTL3 = 0x12c
                0x0000000000000059                __CACTL1 = 0x59
                0x000000000000005a                __CACTL2 = 0x5a
                0x000000000000005b                __CAPD = 0x5b
                0x00000000000001a0                __ADC12CTL0 = 0x1a0
                0x00000000000001a2                __ADC12CTL1 = 0x1a2
                0x00000000000001a4                __ADC12IFG = 0x1a4
                0x00000000000001a6                __ADC12IE = 0x1a6
                0x00000000000001a8                __ADC12IV = 0x1a8
                0x0000000000000140                __ADC12MEM0 = 0x140
                0x0000000000000142                __ADC12MEM1 = 0x142
                0x0000000000000144                __ADC12MEM2 = 0x144
                0x0000000000000146                __ADC12MEM3 = 0x146
                0x0000000000000148                __ADC12MEM4 = 0x148
                0x000000000000014a                __ADC12MEM5 = 0x14a
                0x000000000000014c                __ADC12MEM6 = 0x14c
                0x000000000000014e                __ADC12MEM7 = 0x14e
                0x0000000000000150                __ADC12MEM8 = 0x150
                0x0000000000000152                __ADC12MEM9 = 0x152
                0x0000000000000154                __ADC12MEM10 = 0x154
                0x0000000000000156                __ADC12MEM11 = 0x156
                0x0000000000000158                __ADC12MEM12 = 0x158
                0x000000000000015a                __ADC12MEM13 = 0x15a
                0x000000000000015c                __ADC12MEM14 = 0x15c
                0x000000000000015e                __ADC12MEM15 = 0x15e
                0x0000000000000080                __ADC12MCTL0 = 0x80
                0x0000000000000081                __ADC12MCTL1 = 0x81
                0x0000000000000082                __ADC12MCTL2 = 0x82
                0x0000000000000083                __ADC12MCTL3 = 0x83
                0x0000000000000084                __ADC12MCTL4 = 0x84
                0x0000000000000085                __ADC12MCTL5 = 0x85
                0x0000000000000086                __ADC12MCTL6 = 0x86
                0x0000000000000087                __ADC12MCTL7 = 0x87
                0x0000000000000088                __ADC12MCTL8 = 0x88
                0x0000000000000089                __ADC12MCTL9 = 0x89
                0x000000000000008a                __ADC12MCTL10 = 0x8a
                0x000000000000008b                __ADC12MCTL11 = 0x8b
                0x000000000000008c                __ADC12MCTL12 = 0x8c
                0x000000000000008d                __ADC12MCTL13 = 0x8d
                0x000000000000008e                __ADC12MCTL14 = 0x8e
                0x000000000000008f                __ADC12MCTL15 = 0x8f
                0x00000000000001c0                __DAC12_0CTL = 0x1c0
                0x00000000000001c2                __DAC12_1CTL = 0x1c2
                0x00000000000001c8                __DAC12_0DAT = 0x1c8
                0x00000000000001ca                __DAC12_1DAT = 0x1ca
                0x0000000000000122                __DMACTL0 = 0x122
                0x0000000000000124                __DMACTL1 = 0x124
                0x00000000000001e0                __DMA0CTL = 0x1e0
                0x00000000000001e8                __DMA1CTL = 0x1e8
                0x00000000000001f0                __DMA2CTL = 0x1f0
                0x00000000000001e2                __DMA0SA = 0x1e2
                0x00000000000001e4                __DMA0DA = 0x1e4
                0x00000000000001e6                __DMA0SZ = 0x1e6
                0x00000000000001ea                __DMA1SA = 0x1ea
                0x00000000000001ec                __DMA1DA = 0x1ec
                0x00000000000001ee                __DMA1SZ = 0x1ee
                0x00000000000001f2                __DMA2SA = 0x1f2
                0x00000000000001f4                __DMA2DA = 0x1f4
                0x00000000000001f6                __DMA2SZ = 0x1f6

.hash
 *(.hash)

.dynsym
 *(.dynsym)

.dynstr
 *(.dynstr)

.gnu.version
 *(.gnu.version)

.gnu.version_d
 *(.gnu.version_d)

.gnu.version_r
 *(.gnu.version_r)

.rel.init
 *(.rel.init)

.rela.init
 *(.rela.init)

.rel.fini
 *(.rel.fini)

.rela.fini
 *(.rela.fini)

.rel.text
 *(.rel.text .rel.text.* .rel.gnu.linkonce.t.*)

.rela.text
 *(.rela.text .rela.text.* .rela.gnu.linkonce.t.*)

.rel.rodata
 *(.rel.rodata .rel.rodata.* .rel.gnu.linkonce.r.*)

.rela.rodata
 *(.rela.rodata .rela.rodata.* .rela.gnu.linkonce.r.*)

.rel.data
 *(.rel.data .rel.data.* .rel.gnu.linkonce.d.*)

.rela.data
 *(.rela.data .rela.data.* .rela.gnu.linkonce.d.*)

.rel.bss
 *(.rel.bss .rel.bss.* .rel.gnu.linkonce.b.*)

.rela.bss
 *(.rela.bss .rela.bss.* .rela.gnu.linkonce.b.*)

.rel.ctors
 *(.rel.ctors)

.rela.ctors
 *(.rela.ctors)

.rel.dtors
 *(.rel.dtors)

.rela.dtors
 *(.rela.dtors)

.rel.got
 *(.rel.got)

.rela.got
 *(.rela.got)

.rel.plt
 *(.rel.plt)

.rela.plt
 *(.rela.plt)

.text           0x0000000000004400     0x4c18
                0x0000000000004400                . = ALIGN (0x2)
 *(.init .init.*)
 *(.init0)
 .init0         0x0000000000004400        0x0 /usr/bin/../lib/gcc/msp430/4.6.3/mmpy-16/libcrt0.a(_reset_vector__.o)
                0x0000000000004400                _reset_vector__
 *(.init1)
 .init1         0x0000000000004400        0xc /usr/bin/../lib/gcc/msp430/4.6.3/mmpy-16/libcrt0.a(__watchdog_support.o)
                0x0000000000004400                __watchdog_support
 *(.init2)
 .init2         0x000000000000440c        0x4 /usr/bin/../lib/gcc/msp430/4.6.3/mmpy-16/libcrt0.a(__init_stack.o)
                0x000000000000440c                __init_stack
 *(.init3)
 .init3         0x0000000000004410        0x0 /usr/bin/../lib/gcc/msp430/4.6.3/mmpy-16/libcrt0.a(__low_level_init.o)
                0x0000000000004410                __low_level_init
 *(.init4)
 .init4         0x0000000000004410       0x18 /usr/bin/../lib/gcc/msp430/4.6.3/mmpy-16/libcrt0.a(_copy_data.o)
                0x0000000000004410                __do_copy_data
 .init4         0x0000000000004428       0x16 /usr/bin/../lib/gcc/msp430/4.6.3/mmpy-16/libcrt0.a(_clear_bss.o)
                0x0000000000004428                __do_clear_bss
 *(.init5)
 *(.init6)
 *(.init7)
 *(.init8)
 *(.init9)
 .init9         0x000000000000443e      0x17a obj_sky/contiki-sky-main.o
                0x000000000000443e                main
 *(.fini9)
 .fini9         0x00000000000045b8        0x0 /usr/bin/../lib/gcc/msp430/4.6.3/mmpy-16/libcrt0.a(__stop_progExec__.o)
                0x00000000000045b8                __stop_progExec__
 *(.fini8)
 *(.fini7)
 *(.fini6)
 *(.fini5)
 *(.fini4)
 *(.fini3)
 *(.fini2)
 *(.fini1)
 *(.fini0)
 .fini0         0x00000000000045b8        0x6 /usr/bin/../lib/gcc/msp430/4.6.3/mmpy-16/libcrt0.a(_endless_loop__.o)
                0x00000000000045b8                _endless_loop__
 *(.fini .fini.*)
                0x00000000000045be                . = ALIGN (0x2)
                0x00000000000045be                __ctors_start = .
 *(.ctors)
                0x00000000000045be                __ctors_end = .
                0x00000000000045be                __dtors_start = .
 *(.dtors)
                0x00000000000045be                __dtors_end = .
                0x00000000000045be                . = ALIGN (0x2)
 *(.text .text.* .gnu.linkonce.t.*)
 .text          0x00000000000045be        0x4 /usr/bin/../lib/gcc/msp430/4.6.3/mmpy-16/crt0ivtbl16.o
                0x00000000000045be                __isr_14
                0x00000000000045be                __isr_4
                0x00000000000045be                __isr_11
                0x00000000000045be                __isr_7
                0x00000000000045be                __isr_0
                0x00000000000045be                __isr_8
                0x00000000000045be                __isr_12
                0x00000000000045be                __isr_13
                0x00000000000045be                __isr_9
                0x00000000000045be                __isr_1
 .text.crt0     0x00000000000045c2        0x0 /usr/bin/../lib/gcc/msp430/4.6.3/mmpy-16/crt0ivtbl16.o
 .text          0x00000000000045c2      0x1ca staffetta-test.co
 .text          0x000000000000478c        0x0 obj_sky/contiki-sky-main.o
 .text          0x000000000000478c      0x29e contiki-sky.a(process.o)
                0x0000000000004888                process_alloc_event
                0x0000000000004896                process_exit
                0x00000000000048a0                process_init
                0x00000000000048bc                process_run
                0x000000000000495e                process_nevents
                0x000000000000496c                process_post
                0x00000000000049c0                process_post_synch
                0x00000000000049d2                process_start
                0x0000000000004a04                process_poll
                0x0000000000004a1c                process_is_running
 .text          0x0000000000004a2a       0x2a contiki-sky.a(autostart.o)
                0x0000000000004a2a                autostart_start
                0x0000000000004a40                autostart_exit
 .text          0x0000000000004a54        0xc contiki-sky.a(random.o)
                0x0000000000004a54                random_init
                0x0000000000004a5a                random_rand
 .text          0x0000000000004a60      0x25a contiki-sky.a(etimer.o)
                0x0000000000004ad8                etimer_request_poll
                0x0000000000004be2                etimer_set
                0x0000000000004bf4                etimer_reset
                0x0000000000004c06                etimer_restart
                0x0000000000004c18                etimer_adjust
                0x0000000000004c32                etimer_expired
                0x0000000000004c40                etimer_expiration_time
                0x0000000000004c54                etimer_start_time
                0x0000000000004c5c                etimer_pending
                0x0000000000004c68                etimer_next_expiration_time
                0x0000000000004c7e                etimer_stop
 .text          0x0000000000004cba       0xba contiki-sky.a(energest.o)
                0x0000000000004cba                energest_init
                0x0000000000004ce2                energest_type_time
                0x0000000000004d24                energest_leveldevice_leveltime
                0x0000000000004d2a                energest_type_set
                0x0000000000004d38                energest_flush
 .text          0x0000000000004d74       0x50 contiki-sky.a(rtimer.o)
                0x0000000000004d74                rtimer_init
                0x0000000000004d7a                rtimer_set
                0x0000000000004d9e                rtimer_run_next
 .text          0x0000000000004dc4       0xae contiki-sky.a(metric.o)
                0x0000000000004dc4                compute_node_duty_cycle
                0x0000000000004df4                get_duty_cycle
                0x0000000000004dfa                compute_node_state
                0x0000000000004e30                get_node_state
                0x0000000000004e36                compute_harvesting_rate
                0x0000000000004e6c                get_harvesting_rate
 .text          0x0000000000004e72      0x10e contiki-sky.a(gpio.o)
                0x0000000000004e72                gpio_arch_init
                0x0000000000004e80                gpio_arch_get
                0x0000000000004eae                gpio_arch_set
                0x0000000000004ef0                gpio_init
                0x0000000000004efe                gpio_get
                0x0000000000004f04                gpio_on
                0x0000000000004f0e                gpio_off
                0x0000000000004f18                gpio_invert
                0x0000000000004f22                gpio_toggle
                0x0000000000004f28                gpio_blink
                0x0000000000004f44                gpio_green
                0x0000000000004f58                gpio_yellow
                0x0000000000004f6c                gpio_red
 .text          0x0000000000004f80      0x494 contiki-sky.a(energytrace.o)
                0x000000000000519c                tx_current_consumption
                0x000000000000521c                energytrace_print
                0x00000000000053f2                energytrace_start
                0x000000000000540a                energytrace_stop
 .text          0x0000000000005414     0x11e4 contiki-sky.a(staffetta.o)
                0x0000000000005626                getWakeups
                0x0000000000005630                staffetta_send_packet
                0x00000000000061b6                sink_busy_wait
                0x00000000000061b8                sink_listen
                0x000000000000642e                staffetta_print_stats
                0x0000000000006502                staffetta_add_data
                0x0000000000006528                staffetta_init
 .text          0x00000000000065f8      0x192 contiki-sky.a(msp430.o)
                0x00000000000065f8                w_memcpy
                0x000000000000660a                w_memset
                0x000000000000661c                msp430_init_dco
                0x00000000000066a0                msp430_cpu_init
                0x00000000000066c6                sbrk
                0x0000000000006720                splhigh_
                0x0000000000006728                splx_
                0x000000000000672c                msp430_sync_dco
 .text          0x000000000000678a      0x15c contiki-sky.a(leds.o)
                0x000000000000683a                leds_init
                0x0000000000006848                leds_get
                0x000000000000684e                leds_on
                0x0000000000006862                leds_off
                0x0000000000006876                leds_invert
                0x0000000000006880                leds_toggle
                0x0000000000006886                leds_blink
                0x00000000000068aa                leds_green
                0x00000000000068be                leds_yellow
                0x00000000000068d2                leds_red
 .text          0x00000000000068e6       0x20 contiki-sky.a(watchdog.o)
                0x00000000000068e6                __isr_10
                0x00000000000068e6                watchdog_interrupt
                0x00000000000068e8                watchdog_init
                0x00000000000068fe                watchdog_start
                0x0000000000006900                watchdog_periodic
                0x0000000000006902                watchdog_stop
                0x0000000000006904                watchdog_reboot
 .text          0x0000000000006906      0x358 contiki-sky.a(xmem.o)
                0x0000000000006976                xmem_init
                0x0000000000006992                xmem_pread
                0x0000000000006a6a                xmem_pwrite
                0x0000000000006ba8                xmem_erase
 .text          0x0000000000006c5e      0x468 contiki-sky.a(cc2420.o)
                0x0000000000006c7a                cc2420_init
                0x0000000000006f62                cc2420_set_channel
                0x0000000000006fc6                cc2420_set_txpower
                0x000000000000706c                cc2420_get_txpower
 .text          0x00000000000070c6       0x6e contiki-sky.a(node-id.o)
                0x00000000000070c6                node_id_restore
                0x00000000000070fe                node_id_burn
 .text          0x0000000000007134      0x1b2 contiki-sky.a(uart1.o)
                0x0000000000007134                uart1_active
                0x000000000000714c                uart1_set_input
                0x0000000000007152                uart1_writeb
                0x0000000000007184                uart1_init
                0x0000000000007262                uart1_rx_interrupt
                0x0000000000007262                __isr_3
                0x00000000000072b6                __isr_2
                0x00000000000072b6                uart1_tx_interrupt
 .text          0x00000000000072e6      0x1b2 contiki-sky.a(clock.o)
                0x00000000000072e6                etimer_interrupt
                0x0000000000007358                __isr_5
                0x0000000000007358                timera1
                0x00000000000073c8                clock_time
                0x00000000000073e2                clock_set
                0x00000000000073f8                clock_fine_max
                0x00000000000073fe                clock_fine
                0x0000000000007408                clock_init
                0x0000000000007430                clock_delay
                0x0000000000007436                clock_wait
                0x0000000000007476                clock_set_seconds
                0x0000000000007478                clock_seconds
                0x0000000000007492                clock_counter
 .text          0x0000000000007498       0x7c contiki-sky.a(leds-arch.o)
                0x0000000000007498                leds_arch_init
                0x00000000000074a6                leds_arch_get
                0x00000000000074da                leds_arch_set
 .text          0x0000000000007514       0x10 contiki-sky.a(uart1-putchar.o)
                0x0000000000007514                putchar
 .text          0x0000000000007524       0x3c contiki-sky.a(rtimer-arch.o)
                0x0000000000007524                __isr_6
                0x0000000000007524                timera0
                0x0000000000007540                rtimer_arch_init
                0x000000000000754e                rtimer_arch_schedule
 .text          0x0000000000007560       0x88 contiki-sky.a(rand.o)
                0x0000000000007560                rand
                0x00000000000075de                srand
 .text          0x00000000000075e8       0x90 contiki-sky.a(timer.o)
                0x00000000000075e8                timer_set
                0x0000000000007604                timer_reset
                0x0000000000007612                timer_restart
                0x0000000000007626                timer_expired
                0x0000000000007650                timer_remaining
 .text          0x0000000000007678      0x1e4 contiki-sky.a(ctimer.o)
                0x000000000000771c                ctimer_init
                0x0000000000007734                ctimer_set
                0x000000000000778e                ctimer_reset
                0x00000000000077c8                ctimer_restart
                0x0000000000007802                ctimer_stop
                0x000000000000782a                ctimer_expired
 .text          0x000000000000785c       0x98 contiki-sky.a(ringbuf.o)
                0x000000000000785c                ringbuf_init
                0x0000000000007870                ringbuf_put
                0x00000000000078a8                ringbuf_get
                0x00000000000078da                ringbuf_size
                0x00000000000078e2                ringbuf_elements
 .text          0x00000000000078f4       0x32 contiki-sky.a(spi.o)
                0x00000000000078f4                spi_init
 .text          0x0000000000007926       0xfe contiki-sky.a(list.o)
                0x0000000000007926                list_init
                0x000000000000792c                list_head
                0x0000000000007930                list_copy
                0x0000000000007936                list_tail
                0x0000000000007948                list_chop
                0x000000000000796c                list_pop
                0x000000000000797a                list_remove
                0x00000000000079ae                list_push
                0x00000000000079c8                list_add
                0x00000000000079f2                list_length
                0x0000000000007a02                list_insert
                0x0000000000007a18                list_item_next
 .text          0x0000000000007a24        0x0 /usr/bin/../lib/gcc/msp430/4.6.3/mmpy-16/libgcc.a(_mulsi3.o)
 .text.libgcc   0x0000000000007a24       0x2c /usr/bin/../lib/gcc/msp430/4.6.3/mmpy-16/libgcc.a(_mulsi3.o)
                0x0000000000007a24                __mulsi3
 .text          0x0000000000007a50        0x0 /usr/bin/../lib/gcc/msp430/4.6.3/mmpy-16/libgcc.a(_udivmod16.o)
 .text.libgcc   0x0000000000007a50       0x22 /usr/bin/../lib/gcc/msp430/4.6.3/mmpy-16/libgcc.a(_udivmod16.o)
                0x0000000000007a50                __udivhi3
                0x0000000000007a50                __ext_udivmod16
                0x0000000000007a6a                __umodhi3
 .text          0x0000000000007a72        0x0 /usr/bin/../lib/gcc/msp430/4.6.3/mmpy-16/libgcc.a(_divmod16.o)
 .text.libgcc   0x0000000000007a72       0x3a /usr/bin/../lib/gcc/msp430/4.6.3/mmpy-16/libgcc.a(_divmod16.o)
                0x0000000000007a72                __ext_divmod16
                0x0000000000007a72                __divhi3
                0x0000000000007aa4                __modhi3
 .text          0x0000000000007aac        0x0 /usr/bin/../lib/gcc/msp430/4.6.3/mmpy-16/libgcc.a(_udivmod32.o)
 .text.libgcc   0x0000000000007aac       0x40 /usr/bin/../lib/gcc/msp430/4.6.3/mmpy-16/libgcc.a(_udivmod32.o)
                0x0000000000007aac                __udivsi3
                0x0000000000007aac                __ext_udivmod32
                0x0000000000007ae2                __umodsi3
 .text          0x0000000000007aec        0x0 /usr/bin/../lib/gcc/msp430/4.6.3/mmpy-16/libgcc.a(_divmod32.o)
 .text.libgcc   0x0000000000007aec       0x4c /usr/bin/../lib/gcc/msp430/4.6.3/mmpy-16/libgcc.a(_divmod32.o)
                0x0000000000007aec                __ext_divmod32
                0x0000000000007aec                __divsi3
                0x0000000000007b2e                __modsi3
 .text          0x0000000000007b38       0x42 /usr/bin/../lib/gcc/msp430/4.6.3/mmpy-16/libgcc.a(_fixunssfsi.o)
                0x0000000000007b38                __fixunssfsi
 .text          0x0000000000007b7a      0x32e /usr/bin/../lib/gcc/msp430/4.6.3/mmpy-16/libgcc.a(_addsub_sf.o)
                0x0000000000007e0c                __addsf3
                0x0000000000007e58                __subsf3
 .text          0x0000000000007ea8      0x224 /usr/bin/../lib/gcc/msp430/4.6.3/mmpy-16/libgcc.a(_mul_sf.o)
                0x0000000000007ea8                __mulsf3
 .text          0x00000000000080cc       0x50 /usr/bin/../lib/gcc/msp430/4.6.3/mmpy-16/libgcc.a(_ge_sf.o)
                0x00000000000080cc                __gesf2
 .text          0x000000000000811c       0x90 /usr/bin/../lib/gcc/msp430/4.6.3/mmpy-16/libgcc.a(_sf_to_si.o)
                0x000000000000811c                __fixsfsi
 .text          0x00000000000081ac        0x0 /usr/bin/../lib/gcc/msp430/4.6.3/mmpy-16/libgcc.a(_thenan_sf.o)
 .text          0x00000000000081ac       0xe2 /usr/bin/../lib/gcc/msp430/4.6.3/mmpy-16/libgcc.a(_usi_to_sf.o)
                0x00000000000081ac                __floatunsisf
 .text          0x000000000000828e       0x72 /usr/bin/../lib/gcc/msp430/4.6.3/mmpy-16/libgcc.a(_clzsi2.o)
                0x000000000000828e                __clzsi2
 .text          0x0000000000008300      0x1de /usr/bin/../lib/gcc/msp430/4.6.3/mmpy-16/libgcc.a(_pack_sf.o)
                0x0000000000008300                __pack_f
 .text          0x00000000000084de      0x124 /usr/bin/../lib/gcc/msp430/4.6.3/mmpy-16/libgcc.a(_unpack_sf.o)
                0x00000000000084de                __unpack_f
 .text          0x0000000000008602       0xa4 /usr/bin/../lib/gcc/msp430/4.6.3/mmpy-16/libgcc.a(_fpcmp_parts_sf.o)
                0x0000000000008602                __fpcmp_parts_f
 .text          0x00000000000086a6        0x0 /usr/bin/../lib/gcc/msp430/4.6.3/mmpy-16/libgcc.a(_clz.o)
 .text          0x00000000000086a6       0x1e /usr/bin/../lib/gcc/msp430/4.6.3/../../../../msp430/lib/mmpy-16/libc.a(printf.o)
                0x00000000000086a6                printf
                0x00000000000086b6                vprintf
 .text          0x00000000000086c4      0x836 /usr/bin/../lib/gcc/msp430/4.6.3/../../../../msp430/lib/mmpy-16/libc.a(vuprintf.o)
                0x000000000000885c                vuprintf
 .text          0x0000000000008efa       0x2c /usr/bin/../lib/gcc/msp430/4.6.3/../../../../msp430/lib/mmpy-16/libc.a(puts.o)
                0x0000000000008efa                puts
 .text          0x0000000000008f26        0x0 /usr/bin/../lib/gcc/msp430/4.6.3/mmpy-16/libgcc.a(_udivmod64.o)
 .text.libgcc   0x0000000000008f26       0xf0 /usr/bin/../lib/gcc/msp430/4.6.3/mmpy-16/libgcc.a(_udivmod64.o)
                0x0000000000008f26                __xabi_udivmod64
                0x0000000000008f84                __udivdi3
                0x0000000000008faa                __umoddi3
                0x0000000000008fd8                __udivmoddi4
 .text          0x0000000000009016        0x0 /usr/bin/../lib/gcc/msp430/4.6.3/mmpy-16/libcrt0.a(_reset_vector__.o)
 .text          0x0000000000009016        0x0 /usr/bin/../lib/gcc/msp430/4.6.3/mmpy-16/libcrt0.a(__watchdog_support.o)
 .text          0x0000000000009016        0x0 /usr/bin/../lib/gcc/msp430/4.6.3/mmpy-16/libcrt0.a(__init_stack.o)
 .text          0x0000000000009016        0x0 /usr/bin/../lib/gcc/msp430/4.6.3/mmpy-16/libcrt0.a(__low_level_init.o)
 .text          0x0000000000009016        0x0 /usr/bin/../lib/gcc/msp430/4.6.3/mmpy-16/libcrt0.a(_copy_data.o)
 .text          0x0000000000009016        0x0 /usr/bin/../lib/gcc/msp430/4.6.3/mmpy-16/libcrt0.a(_clear_bss.o)
 .text          0x0000000000009016        0x0 /usr/bin/../lib/gcc/msp430/4.6.3/mmpy-16/libcrt0.a(__stop_progExec__.o)
 .text          0x0000000000009016        0x0 /usr/bin/../lib/gcc/msp430/4.6.3/mmpy-16/libcrt0.a(_endless_loop__.o)
 .text          0x0000000000009016        0x0 /usr/bin/../lib/gcc/msp430/4.6.3/mmpy-16/libcrt0.a(_unexpected_.o)
 .text.crt0     0x0000000000009016        0x2 /usr/bin/../lib/gcc/msp430/4.6.3/mmpy-16/libcrt0.a(_unexpected_.o)
                0x0000000000009016                _unexpected_
                0x0000000000009018                . = ALIGN (0x2)

.rodata         0x0000000000009018      0x242
                0x0000000000009018                . = ALIGN (0x2)
 *(.rodata .rodata.* .gnu.linkonce.r.*)
 .rodata        0x0000000000009018       0x46 staffetta-test.co
                0x000000000000904a                autostart_processes
 .rodata        0x000000000000905e       0x50 obj_sky/contiki-sky-main.o
 .rodata        0x00000000000090ae        0xc contiki-sky.a(etimer.o)
 .rodata        0x00000000000090ba       0x34 contiki-sky.a(energytrace.o)
 .rodata        0x00000000000090ee       0x4c contiki-sky.a(staffetta.o)
 .rodata        0x000000000000913a        0xf contiki-sky.a(ctimer.o)
 *fill*         0x0000000000009149        0x1 00
 .rodata        0x000000000000914a        0x8 /usr/bin/../lib/gcc/msp430/4.6.3/mmpy-16/libgcc.a(_thenan_sf.o)
                0x000000000000914a                __thenan_sf
 .rodata        0x0000000000009152      0x100 /usr/bin/../lib/gcc/msp430/4.6.3/mmpy-16/libgcc.a(_clz.o)
                0x0000000000009152                __clz_tab
 .rodata        0x0000000000009252        0x7 /usr/bin/../lib/gcc/msp430/4.6.3/../../../../msp430/lib/mmpy-16/libc.a(vuprintf.o)
                0x000000000000925a                . = ALIGN (0x2)
 *fill*         0x0000000000009259        0x1 00
                0x000000000000925a                _etext = .

.data           0x0000000000001100       0x4e load address 0x000000000000925a
                0x0000000000001100                . = ALIGN (0x2)
                0x0000000000001100                PROVIDE (__data_start, .)
 *(.data .data.* .gnu.linkonce.d.*)
 .data          0x0000000000001100        0x0 /usr/bin/../lib/gcc/msp430/4.6.3/mmpy-16/crt0ivtbl16.o
 .data          0x0000000000001100       0x14 staffetta-test.co
                0x0000000000001100                staffetta_print_stats_process
                0x000000000000110a                staffetta_test
 .data          0x0000000000001114        0x4 obj_sky/contiki-sky-main.o
                0x0000000000001114                TOS_LOCAL_ADDRESS
                0x0000000000001116                TOS_NODE_ID
 .data          0x0000000000001118        0x0 contiki-sky.a(process.o)
 .data          0x0000000000001118        0x0 contiki-sky.a(autostart.o)
 .data          0x0000000000001118        0x0 contiki-sky.a(random.o)
 .data          0x0000000000001118        0xa contiki-sky.a(etimer.o)
                0x0000000000001118                etimer_process
 .data          0x0000000000001122        0x0 contiki-sky.a(energest.o)
 .data          0x0000000000001122        0x0 contiki-sky.a(rtimer.o)
 .data          0x0000000000001122        0x0 contiki-sky.a(metric.o)
 .data          0x0000000000001122        0x0 contiki-sky.a(gpio.o)
 .data          0x0000000000001122       0x18 contiki-sky.a(energytrace.o)
                0x0000000000001122                energytrace_process_print
                0x000000000000112c                energytrace_process
                0x0000000000001136                remaining_energy
 .data          0x000000000000113a        0x8 contiki-sky.a(staffetta.o)
 .data          0x0000000000001142        0x2 contiki-sky.a(msp430.o)
 .data          0x0000000000001144        0x0 contiki-sky.a(leds.o)
 .data          0x0000000000001144        0x0 contiki-sky.a(watchdog.o)
 .data          0x0000000000001144        0x0 contiki-sky.a(xmem.o)
 .data          0x0000000000001144        0x0 contiki-sky.a(cc2420.o)
 .data          0x0000000000001144        0x0 contiki-sky.a(node-id.o)
 .data          0x0000000000001144        0x0 contiki-sky.a(uart1.o)
 .data          0x0000000000001144        0x0 contiki-sky.a(clock.o)
 .data          0x0000000000001144        0x0 contiki-sky.a(leds-arch.o)
 .data          0x0000000000001144        0x0 contiki-sky.a(uart1-putchar.o)
 .data          0x0000000000001144        0x0 contiki-sky.a(rtimer-arch.o)
 .data          0x0000000000001144        0x0 contiki-sky.a(rand.o)
 .data          0x0000000000001144        0x0 contiki-sky.a(timer.o)
 .data          0x0000000000001144        0xa contiki-sky.a(ctimer.o)
                0x0000000000001144                ctimer_process
 .data          0x000000000000114e        0x0 contiki-sky.a(ringbuf.o)
 .data          0x000000000000114e        0x0 contiki-sky.a(spi.o)
 .data          0x000000000000114e        0x0 contiki-sky.a(list.o)
 .data          0x000000000000114e        0x0 /usr/bin/../lib/gcc/msp430/4.6.3/mmpy-16/libgcc.a(_mulsi3.o)
 .data          0x000000000000114e        0x0 /usr/bin/../lib/gcc/msp430/4.6.3/mmpy-16/libgcc.a(_udivmod16.o)
 .data          0x000000000000114e        0x0 /usr/bin/../lib/gcc/msp430/4.6.3/mmpy-16/libgcc.a(_divmod16.o)
 .data          0x000000000000114e        0x0 /usr/bin/../lib/gcc/msp430/4.6.3/mmpy-16/libgcc.a(_udivmod32.o)
 .data          0x000000000000114e        0x0 /usr/bin/../lib/gcc/msp430/4.6.3/mmpy-16/libgcc.a(_divmod32.o)
 .data          0x000000000000114e        0x0 /usr/bin/../lib/gcc/msp430/4.6.3/mmpy-16/libgcc.a(_fixunssfsi.o)
 .data          0x000000000000114e        0x0 /usr/bin/../lib/gcc/msp430/4.6.3/mmpy-16/libgcc.a(_addsub_sf.o)
 .data          0x000000000000114e        0x0 /usr/bin/../lib/gcc/msp430/4.6.3/mmpy-16/libgcc.a(_mul_sf.o)
 .data          0x000000000000114e        0x0 /usr/bin/../lib/gcc/msp430/4.6.3/mmpy-16/libgcc.a(_ge_sf.o)
 .data          0x000000000000114e        0x0 /usr/bin/../lib/gcc/msp430/4.6.3/mmpy-16/libgcc.a(_sf_to_si.o)
 .data          0x000000000000114e        0x0 /usr/bin/../lib/gcc/msp430/4.6.3/mmpy-16/libgcc.a(_thenan_sf.o)
 .data          0x000000000000114e        0x0 /usr/bin/../lib/gcc/msp430/4.6.3/mmpy-16/libgcc.a(_usi_to_sf.o)
 .data          0x000000000000114e        0x0 /usr/bin/../lib/gcc/msp430/4.6.3/mmpy-16/libgcc.a(_clzsi2.o)
 .data          0x000000000000114e        0x0 /usr/bin/../lib/gcc/msp430/4.6.3/mmpy-16/libgcc.a(_pack_sf.o)
 .data          0x000000000000114e        0x0 /usr/bin/../lib/gcc/msp430/4.6.3/mmpy-16/libgcc.a(_unpack_sf.o)
 .data          0x000000000000114e        0x0 /usr/bin/../lib/gcc/msp430/4.6.3/mmpy-16/libgcc.a(_fpcmp_parts_sf.o)
 .data          0x000000000000114e        0x0 /usr/bin/../lib/gcc/msp430/4.6.3/mmpy-16/libgcc.a(_clz.o)
 .data          0x000000000000114e        0x0 /usr/bin/../lib/gcc/msp430/4.6.3/../../../../msp430/lib/mmpy-16/libc.a(printf.o)
 .data          0x000000000000114e        0x0 /usr/bin/../lib/gcc/msp430/4.6.3/../../../../msp430/lib/mmpy-16/libc.a(vuprintf.o)
 .data          0x000000000000114e        0x0 /usr/bin/../lib/gcc/msp430/4.6.3/../../../../msp430/lib/mmpy-16/libc.a(puts.o)
 .data          0x000000000000114e        0x0 /usr/bin/../lib/gcc/msp430/4.6.3/mmpy-16/libgcc.a(_udivmod64.o)
 .data          0x000000000000114e        0x0 /usr/bin/../lib/gcc/msp430/4.6.3/mmpy-16/libcrt0.a(_reset_vector__.o)
 .data          0x000000000000114e        0x0 /usr/bin/../lib/gcc/msp430/4.6.3/mmpy-16/libcrt0.a(__watchdog_support.o)
 .data          0x000000000000114e        0x0 /usr/bin/../lib/gcc/msp430/4.6.3/mmpy-16/libcrt0.a(__init_stack.o)
 .data          0x000000000000114e        0x0 /usr/bin/../lib/gcc/msp430/4.6.3/mmpy-16/libcrt0.a(__low_level_init.o)
 .data          0x000000000000114e        0x0 /usr/bin/../lib/gcc/msp430/4.6.3/mmpy-16/libcrt0.a(_copy_data.o)
 .data          0x000000000000114e        0x0 /usr/bin/../lib/gcc/msp430/4.6.3/mmpy-16/libcrt0.a(_clear_bss.o)
 .data          0x000000000000114e        0x0 /usr/bin/../lib/gcc/msp430/4.6.3/mmpy-16/libcrt0.a(__stop_progExec__.o)
 .data          0x000000000000114e        0x0 /usr/bin/../lib/gcc/msp430/4.6.3/mmpy-16/libcrt0.a(_endless_loop__.o)
 .data          0x000000000000114e        0x0 /usr/bin/../lib/gcc/msp430/4.6.3/mmpy-16/libcrt0.a(_unexpected_.o)
                0x000000000000114e                . = ALIGN (0x2)
                0x000000000000114e                _edata = .
                0x000000000000925a                PROVIDE (__data_load_start, LOADADDR (.data))
                0x000000000000004e                PROVIDE (__data_size, SIZEOF (.data))

.bss            0x000000000000114e      0x91c load address 0x00000000000092a8
                0x000000000000114e                PROVIDE (__bss_start, .)
 *(.bss .bss.*)
 .bss           0x000000000000114e        0x0 /usr/bin/../lib/gcc/msp430/4.6.3/mmpy-16/crt0ivtbl16.o
 .bss           0x000000000000114e       0x1c staffetta-test.co
 .bss           0x000000000000116a        0x4 obj_sky/contiki-sky-main.o
 .bss           0x000000000000116e       0x42 contiki-sky.a(process.o)
                0x000000000000116e                process_current
                0x0000000000001170                process_list
 .bss           0x00000000000011b0        0x0 contiki-sky.a(autostart.o)
 .bss           0x00000000000011b0        0x0 contiki-sky.a(random.o)
 .bss           0x00000000000011b0        0x6 contiki-sky.a(etimer.o)
 .bss           0x00000000000011b6        0x0 contiki-sky.a(energest.o)
 .bss           0x00000000000011b6        0x2 contiki-sky.a(rtimer.o)
 .bss           0x00000000000011b8        0x4 contiki-sky.a(metric.o)
                0x00000000000011b8                harvesting_rate
                0x00000000000011ba                node_energy_state
 .bss           0x00000000000011bc        0x2 contiki-sky.a(gpio.o)
 .bss           0x00000000000011be       0x52 contiki-sky.a(energytrace.o)
                0x00000000000011be                harvesting_array_index
                0x00000000000011c0                harvesting_rate_array
                0x00000000000011d4                node_dc_state
                0x00000000000011d6                node_state_old
 .bss           0x0000000000001210      0x74a contiki-sky.a(staffetta.o)
 .bss           0x000000000000195a        0x0 contiki-sky.a(msp430.o)
 .bss           0x000000000000195a        0x2 contiki-sky.a(leds.o)
 .bss           0x000000000000195c        0x2 contiki-sky.a(watchdog.o)
 .bss           0x000000000000195e        0x0 contiki-sky.a(xmem.o)
 .bss           0x000000000000195e        0x0 contiki-sky.a(cc2420.o)
 .bss           0x000000000000195e        0x2 contiki-sky.a(node-id.o)
                0x000000000000195e                node_id
 .bss           0x0000000000001960       0x4a contiki-sky.a(uart1.o)
 .bss           0x00000000000019aa        0xa contiki-sky.a(clock.o)
 .bss           0x00000000000019b4        0x0 contiki-sky.a(leds-arch.o)
 .bss           0x00000000000019b4        0x0 contiki-sky.a(uart1-putchar.o)
 .bss           0x00000000000019b4        0x0 contiki-sky.a(rtimer-arch.o)
 .bss           0x00000000000019b4        0x0 contiki-sky.a(rand.o)
 .bss           0x00000000000019b4        0x0 contiki-sky.a(timer.o)
 .bss           0x00000000000019b4        0x4 contiki-sky.a(ctimer.o)
 .bss           0x00000000000019b8        0x0 contiki-sky.a(ringbuf.o)
 .bss           0x00000000000019b8        0x2 contiki-sky.a(spi.o)
                0x00000000000019b8                spi_busy
 .bss           0x00000000000019ba        0x0 contiki-sky.a(list.o)
 .bss           0x00000000000019ba        0x0 /usr/bin/../lib/gcc/msp430/4.6.3/mmpy-16/libgcc.a(_mulsi3.o)
 .bss           0x00000000000019ba        0x0 /usr/bin/../lib/gcc/msp430/4.6.3/mmpy-16/libgcc.a(_udivmod16.o)
 .bss           0x00000000000019ba        0x0 /usr/bin/../lib/gcc/msp430/4.6.3/mmpy-16/libgcc.a(_divmod16.o)
 .bss           0x00000000000019ba        0x0 /usr/bin/../lib/gcc/msp430/4.6.3/mmpy-16/libgcc.a(_udivmod32.o)
 .bss           0x00000000000019ba        0x0 /usr/bin/../lib/gcc/msp430/4.6.3/mmpy-16/libgcc.a(_divmod32.o)
 .bss           0x00000000000019ba        0x0 /usr/bin/../lib/gcc/msp430/4.6.3/mmpy-16/libgcc.a(_fixunssfsi.o)
 .bss           0x00000000000019ba        0x0 /usr/bin/../lib/gcc/msp430/4.6.3/mmpy-16/libgcc.a(_addsub_sf.o)
 .bss           0x00000000000019ba        0x0 /usr/bin/../lib/gcc/msp430/4.6.3/mmpy-16/libgcc.a(_mul_sf.o)
 .bss           0x00000000000019ba        0x0 /usr/bin/../lib/gcc/msp430/4.6.3/mmpy-16/libgcc.a(_ge_sf.o)
 .bss           0x00000000000019ba        0x0 /usr/bin/../lib/gcc/msp430/4.6.3/mmpy-16/libgcc.a(_sf_to_si.o)
 .bss           0x00000000000019ba        0x0 /usr/bin/../lib/gcc/msp430/4.6.3/mmpy-16/libgcc.a(_thenan_sf.o)
 .bss           0x00000000000019ba        0x0 /usr/bin/../lib/gcc/msp430/4.6.3/mmpy-16/libgcc.a(_usi_to_sf.o)
 .bss           0x00000000000019ba        0x0 /usr/bin/../lib/gcc/msp430/4.6.3/mmpy-16/libgcc.a(_clzsi2.o)
 .bss           0x00000000000019ba        0x0 /usr/bin/../lib/gcc/msp430/4.6.3/mmpy-16/libgcc.a(_pack_sf.o)
 .bss           0x00000000000019ba        0x0 /usr/bin/../lib/gcc/msp430/4.6.3/mmpy-16/libgcc.a(_unpack_sf.o)
 .bss           0x00000000000019ba        0x0 /usr/bin/../lib/gcc/msp430/4.6.3/mmpy-16/libgcc.a(_fpcmp_parts_sf.o)
 .bss           0x00000000000019ba        0x0 /usr/bin/../lib/gcc/msp430/4.6.3/mmpy-16/libgcc.a(_clz.o)
 .bss           0x00000000000019ba        0x0 /usr/bin/../lib/gcc/msp430/4.6.3/../../../../msp430/lib/mmpy-16/libc.a(printf.o)
 .bss           0x00000000000019ba        0x0 /usr/bin/../lib/gcc/msp430/4.6.3/../../../../msp430/lib/mmpy-16/libc.a(vuprintf.o)
 .bss           0x00000000000019ba        0x0 /usr/bin/../lib/gcc/msp430/4.6.3/../../../../msp430/lib/mmpy-16/libc.a(puts.o)
 .bss           0x00000000000019ba        0x0 /usr/bin/../lib/gcc/msp430/4.6.3/mmpy-16/libgcc.a(_udivmod64.o)
 .bss           0x00000000000019ba        0x0 /usr/bin/../lib/gcc/msp430/4.6.3/mmpy-16/libcrt0.a(_reset_vector__.o)
 .bss           0x00000000000019ba        0x0 /usr/bin/../lib/gcc/msp430/4.6.3/mmpy-16/libcrt0.a(__watchdog_support.o)
 .bss           0x00000000000019ba        0x0 /usr/bin/../lib/gcc/msp430/4.6.3/mmpy-16/libcrt0.a(__init_stack.o)
 .bss           0x00000000000019ba        0x0 /usr/bin/../lib/gcc/msp430/4.6.3/mmpy-16/libcrt0.a(__low_level_init.o)
 .bss           0x00000000000019ba        0x0 /usr/bin/../lib/gcc/msp430/4.6.3/mmpy-16/libcrt0.a(_copy_data.o)
 .bss           0x00000000000019ba        0x0 /usr/bin/../lib/gcc/msp430/4.6.3/mmpy-16/libcrt0.a(_clear_bss.o)
 .bss           0x00000000000019ba        0x0 /usr/bin/../lib/gcc/msp430/4.6.3/mmpy-16/libcrt0.a(__stop_progExec__.o)
 .bss           0x00000000000019ba        0x0 /usr/bin/../lib/gcc/msp430/4.6.3/mmpy-16/libcrt0.a(_endless_loop__.o)
 .bss           0x00000000000019ba        0x0 /usr/bin/../lib/gcc/msp430/4.6.3/mmpy-16/libcrt0.a(_unexpected_.o)
 *(COMMON)
 COMMON         0x00000000000019ba        0x1 contiki-sky.a(process.o)
                0x00000000000019ba                process_maxevents
 *fill*         0x00000000000019bb        0x1 00
 COMMON         0x00000000000019bc       0x56 contiki-sky.a(energest.o)
                0x00000000000019bc                energest_total_time
                0x00000000000019ec                energest_total_count
                0x00000000000019ee                energest_current_mode
                0x00000000000019fa                energest_current_time
 COMMON         0x0000000000001a12        0x2 contiki-sky.a(metric.o)
                0x0000000000001a12                node_duty_cycle
 COMMON         0x0000000000001a14        0x3 contiki-sky.a(energytrace.o)
                0x0000000000001a14                node_state
                0x0000000000001a16                node_activation_ev
 *fill*         0x0000000000001a17        0x1 00
 COMMON         0x0000000000001a18       0x52 contiki-sky.a(staffetta.o)
                0x0000000000001a18                index
                0x0000000000001a1a                edc_id
                0x0000000000001a6a                . = ALIGN (0x2)
                0x0000000000001a6a                PROVIDE (__bss_end, .)
                0x000000000000091c                PROVIDE (__bss_size, SIZEOF (.bss))

.noinit         0x0000000000001a6a        0x6 load address 0x00000000000092a8
                0x0000000000001a6a                PROVIDE (__noinit_start, .)
 *(.noinit .noinit.*)
 .noinit        0x0000000000001a6a        0x4 contiki-sky.a(rand.o)
                0x0000000000001a6a                rand_state
 .noinit.crt0   0x0000000000001a6e        0x2 /usr/bin/../lib/gcc/msp430/4.6.3/mmpy-16/libcrt0.a(__watchdog_support.o)
                0x0000000000001a6e                __wdt_clear_value
                0x0000000000001a70                . = ALIGN (0x2)
                0x0000000000001a70                PROVIDE (__noinit_end, .)
                0x0000000000001a70                . = ALIGN (0x2)
                0x0000000000001a70                _end = .

.infomem        0x0000000000001000        0x0
 *(.infomem)
                0x0000000000001000                . = ALIGN (0x2)
 *(.infomem.*)

.infomemnobits  0x0000000000001000        0x0
 *(.infomemnobits)
                0x0000000000001000                . = ALIGN (0x2)
 *(.infomemnobits.*)

.infoa
 *(.infoa .infoa.*)

.infob
 *(.infob .infob.*)

.infoc
 *(.infoc .infoc.*)

.infod
 *(.infod .infod.*)

.vectors        0x000000000000ffe0       0x20
                0x000000000000ffe0                PROVIDE (__vectors_start, .)
 *(.vectors*)
 .vectors       0x000000000000ffe0       0x20 /usr/bin/../lib/gcc/msp430/4.6.3/mmpy-16/crt0ivtbl16.o
                0x000000000000ffe0                __ivtbl_16
                0x0000000000010000                _vectors_end = .

.fartext        0x0000000000000000        0x0
                0x0000000000000000                . = ALIGN (0x2)
 *(.fartext)
                0x0000000000000000                . = ALIGN (0x2)
 *(.fartext.*)
                0x0000000000000000                _efartext = .

.profiler
 *(.profiler)

.stab
 *(.stab)

.stabstr
 *(.stabstr)

.stab.excl
 *(.stab.excl)

.stab.exclstr
 *(.stab.exclstr)

.stab.index
 *(.stab.index)

.stab.indexstr
 *(.stab.indexstr)

.comment
 *(.comment)

.debug
 *(.debug)

.line
 *(.line)

.debug_srcinfo
 *(.debug_srcinfo)

.debug_sfnames
 *(.debug_sfnames)

.debug_aranges  0x0000000000000000      0x438
 *(.debug_aranges)
 .debug_aranges
                0x0000000000000000       0x14 staffetta-test.co
 .debug_aranges
                0x0000000000000014       0x14 obj_sky/contiki-sky-main.o
 .debug_aranges
                0x0000000000000028       0x14 contiki-sky.a(process.o)
 .debug_aranges
                0x000000000000003c       0x14 contiki-sky.a(autostart.o)
 .debug_aranges
                0x0000000000000050       0x14 contiki-sky.a(random.o)
 .debug_aranges
                0x0000000000000064       0x14 contiki-sky.a(etimer.o)
 .debug_aranges
                0x0000000000000078       0x14 contiki-sky.a(energest.o)
 .debug_aranges
                0x000000000000008c       0x14 contiki-sky.a(rtimer.o)
 .debug_aranges
                0x00000000000000a0       0x14 contiki-sky.a(metric.o)
 .debug_aranges
                0x00000000000000b4       0x14 contiki-sky.a(gpio.o)
 .debug_aranges
                0x00000000000000c8       0x14 contiki-sky.a(energytrace.o)
 .debug_aranges
                0x00000000000000dc       0x14 contiki-sky.a(staffetta.o)
 .debug_aranges
                0x00000000000000f0       0x14 contiki-sky.a(msp430.o)
 .debug_aranges
                0x0000000000000104       0x14 contiki-sky.a(leds.o)
 .debug_aranges
                0x0000000000000118       0x14 contiki-sky.a(watchdog.o)
 .debug_aranges
                0x000000000000012c       0x14 contiki-sky.a(xmem.o)
 .debug_aranges
                0x0000000000000140       0x14 contiki-sky.a(cc2420.o)
 .debug_aranges
                0x0000000000000154       0x14 contiki-sky.a(node-id.o)
 .debug_aranges
                0x0000000000000168       0x14 contiki-sky.a(uart1.o)
 .debug_aranges
                0x000000000000017c       0x14 contiki-sky.a(clock.o)
 .debug_aranges
                0x0000000000000190       0x14 contiki-sky.a(leds-arch.o)
 .debug_aranges
                0x00000000000001a4       0x14 contiki-sky.a(uart1-putchar.o)
 .debug_aranges
                0x00000000000001b8       0x14 contiki-sky.a(rtimer-arch.o)
 .debug_aranges
                0x00000000000001cc       0x14 contiki-sky.a(rand.o)
 .debug_aranges
                0x00000000000001e0       0x14 contiki-sky.a(timer.o)
 .debug_aranges
                0x00000000000001f4       0x14 contiki-sky.a(ctimer.o)
 .debug_aranges
                0x0000000000000208       0x14 contiki-sky.a(ringbuf.o)
 .debug_aranges
                0x000000000000021c       0x14 contiki-sky.a(spi.o)
 .debug_aranges
                0x0000000000000230       0x14 contiki-sky.a(list.o)
 .debug_aranges
                0x0000000000000244       0x14 /usr/bin/../lib/gcc/msp430/4.6.3/mmpy-16/libgcc.a(_mulsi3.o)
 .debug_aranges
                0x0000000000000258       0x14 /usr/bin/../lib/gcc/msp430/4.6.3/mmpy-16/libgcc.a(_udivmod16.o)
 .debug_aranges
                0x000000000000026c       0x14 /usr/bin/../lib/gcc/msp430/4.6.3/mmpy-16/libgcc.a(_divmod16.o)
 .debug_aranges
                0x0000000000000280       0x14 /usr/bin/../lib/gcc/msp430/4.6.3/mmpy-16/libgcc.a(_udivmod32.o)
 .debug_aranges
                0x0000000000000294       0x14 /usr/bin/../lib/gcc/msp430/4.6.3/mmpy-16/libgcc.a(_divmod32.o)
 .debug_aranges
                0x00000000000002a8       0x14 /usr/bin/../lib/gcc/msp430/4.6.3/mmpy-16/libgcc.a(_fixunssfsi.o)
 .debug_aranges
                0x00000000000002bc       0x14 /usr/bin/../lib/gcc/msp430/4.6.3/mmpy-16/libgcc.a(_addsub_sf.o)
 .debug_aranges
                0x00000000000002d0       0x14 /usr/bin/../lib/gcc/msp430/4.6.3/mmpy-16/libgcc.a(_mul_sf.o)
 .debug_aranges
                0x00000000000002e4       0x14 /usr/bin/../lib/gcc/msp430/4.6.3/mmpy-16/libgcc.a(_ge_sf.o)
 .debug_aranges
                0x00000000000002f8       0x14 /usr/bin/../lib/gcc/msp430/4.6.3/mmpy-16/libgcc.a(_sf_to_si.o)
 .debug_aranges
                0x000000000000030c       0x14 /usr/bin/../lib/gcc/msp430/4.6.3/mmpy-16/libgcc.a(_usi_to_sf.o)
 .debug_aranges
                0x0000000000000320       0x14 /usr/bin/../lib/gcc/msp430/4.6.3/mmpy-16/libgcc.a(_clzsi2.o)
 .debug_aranges
                0x0000000000000334       0x14 /usr/bin/../lib/gcc/msp430/4.6.3/mmpy-16/libgcc.a(_pack_sf.o)
 .debug_aranges
                0x0000000000000348       0x14 /usr/bin/../lib/gcc/msp430/4.6.3/mmpy-16/libgcc.a(_unpack_sf.o)
 .debug_aranges
                0x000000000000035c       0x14 /usr/bin/../lib/gcc/msp430/4.6.3/mmpy-16/libgcc.a(_fpcmp_parts_sf.o)
 .debug_aranges
                0x0000000000000370       0x14 /usr/bin/../lib/gcc/msp430/4.6.3/../../../../msp430/lib/mmpy-16/libc.a(printf.o)
 .debug_aranges
                0x0000000000000384       0x14 /usr/bin/../lib/gcc/msp430/4.6.3/../../../../msp430/lib/mmpy-16/libc.a(vuprintf.o)
 .debug_aranges
                0x0000000000000398       0x14 /usr/bin/../lib/gcc/msp430/4.6.3/../../../../msp430/lib/mmpy-16/libc.a(puts.o)
 .debug_aranges
                0x00000000000003ac       0x14 /usr/bin/../lib/gcc/msp430/4.6.3/mmpy-16/libgcc.a(_udivmod64.o)
 .debug_aranges
                0x00000000000003c0       0x14 /usr/bin/../lib/gcc/msp430/4.6.3/mmpy-16/libcrt0.a(__watchdog_support.o)
 .debug_aranges
                0x00000000000003d4       0x14 /usr/bin/../lib/gcc/msp430/4.6.3/mmpy-16/libcrt0.a(__init_stack.o)
 .debug_aranges
                0x00000000000003e8       0x14 /usr/bin/../lib/gcc/msp430/4.6.3/mmpy-16/libcrt0.a(_copy_data.o)
 .debug_aranges
                0x00000000000003fc       0x14 /usr/bin/../lib/gcc/msp430/4.6.3/mmpy-16/libcrt0.a(_clear_bss.o)
 .debug_aranges
                0x0000000000000410       0x14 /usr/bin/../lib/gcc/msp430/4.6.3/mmpy-16/libcrt0.a(_endless_loop__.o)
 .debug_aranges
                0x0000000000000424       0x14 /usr/bin/../lib/gcc/msp430/4.6.3/mmpy-16/libcrt0.a(_unexpected_.o)

.debug_pubnames
 *(.debug_pubnames)

.debug_info     0x0000000000000000     0x7f8e
 *(.debug_info)
 .debug_info    0x0000000000000000      0x421 staffetta-test.co
 .debug_info    0x0000000000000421      0x354 obj_sky/contiki-sky-main.o
 .debug_info    0x0000000000000775      0x53f contiki-sky.a(process.o)
 .debug_info    0x0000000000000cb4      0x1ad contiki-sky.a(autostart.o)
 .debug_info    0x0000000000000e61       0xa0 contiki-sky.a(random.o)
 .debug_info    0x0000000000000f01      0x4aa contiki-sky.a(etimer.o)
 .debug_info    0x00000000000013ab      0x265 contiki-sky.a(energest.o)
 .debug_info    0x0000000000001610      0x203 contiki-sky.a(rtimer.o)
 .debug_info    0x0000000000001813      0x1f9 contiki-sky.a(metric.o)
 .debug_info    0x0000000000001a0c      0x279 contiki-sky.a(gpio.o)
 .debug_info    0x0000000000001c85      0x67d contiki-sky.a(energytrace.o)
 .debug_info    0x0000000000002302      0xdc7 contiki-sky.a(staffetta.o)
 .debug_info    0x00000000000030c9      0x36a contiki-sky.a(msp430.o)
 .debug_info    0x0000000000003433      0x2fd contiki-sky.a(leds.o)
 .debug_info    0x0000000000003730      0x129 contiki-sky.a(watchdog.o)
 .debug_info    0x0000000000003859      0x4a8 contiki-sky.a(xmem.o)
 .debug_info    0x0000000000003d01      0x3f8 contiki-sky.a(cc2420.o)
 .debug_info    0x00000000000040f9       0xde contiki-sky.a(node-id.o)
 .debug_info    0x00000000000041d7      0x2d6 contiki-sky.a(uart1.o)
 .debug_info    0x00000000000044ad      0x391 contiki-sky.a(clock.o)
 .debug_info    0x000000000000483e       0xd9 contiki-sky.a(leds-arch.o)
 .debug_info    0x0000000000004917       0x8b contiki-sky.a(uart1-putchar.o)
 .debug_info    0x00000000000049a2       0xef contiki-sky.a(rtimer-arch.o)
 .debug_info    0x0000000000004a91      0x14c contiki-sky.a(rand.o)
 .debug_info    0x0000000000004bdd      0x170 contiki-sky.a(timer.o)
 .debug_info    0x0000000000004d4d      0x488 contiki-sky.a(ctimer.o)
 .debug_info    0x00000000000051d5      0x1b0 contiki-sky.a(ringbuf.o)
 .debug_info    0x0000000000005385      0x132 contiki-sky.a(spi.o)
 .debug_info    0x00000000000054b7      0x2f0 contiki-sky.a(list.o)
 .debug_info    0x00000000000057a7       0xb4 /usr/bin/../lib/gcc/msp430/4.6.3/mmpy-16/libgcc.a(_mulsi3.o)
 .debug_info    0x000000000000585b       0xb4 /usr/bin/../lib/gcc/msp430/4.6.3/mmpy-16/libgcc.a(_udivmod16.o)
 .debug_info    0x000000000000590f       0xb4 /usr/bin/../lib/gcc/msp430/4.6.3/mmpy-16/libgcc.a(_divmod16.o)
 .debug_info    0x00000000000059c3       0xb4 /usr/bin/../lib/gcc/msp430/4.6.3/mmpy-16/libgcc.a(_udivmod32.o)
 .debug_info    0x0000000000005a77       0xb4 /usr/bin/../lib/gcc/msp430/4.6.3/mmpy-16/libgcc.a(_divmod32.o)
 .debug_info    0x0000000000005b2b       0xb5 /usr/bin/../lib/gcc/msp430/4.6.3/mmpy-16/libgcc.a(_fixunssfsi.o)
 .debug_info    0x0000000000005be0      0x425 /usr/bin/../lib/gcc/msp430/4.6.3/mmpy-16/libgcc.a(_addsub_sf.o)
 .debug_info    0x0000000000006005      0x3c9 /usr/bin/../lib/gcc/msp430/4.6.3/mmpy-16/libgcc.a(_mul_sf.o)
 .debug_info    0x00000000000063ce      0x26e /usr/bin/../lib/gcc/msp430/4.6.3/mmpy-16/libgcc.a(_ge_sf.o)
 .debug_info    0x000000000000663c      0x289 /usr/bin/../lib/gcc/msp430/4.6.3/mmpy-16/libgcc.a(_sf_to_si.o)
 .debug_info    0x00000000000068c5      0x144 /usr/bin/../lib/gcc/msp430/4.6.3/mmpy-16/libgcc.a(_thenan_sf.o)
 .debug_info    0x0000000000006a09      0x204 /usr/bin/../lib/gcc/msp430/4.6.3/mmpy-16/libgcc.a(_usi_to_sf.o)
 .debug_info    0x0000000000006c0d      0x109 /usr/bin/../lib/gcc/msp430/4.6.3/mmpy-16/libgcc.a(_clzsi2.o)
 .debug_info    0x0000000000006d16      0x2b1 /usr/bin/../lib/gcc/msp430/4.6.3/mmpy-16/libgcc.a(_pack_sf.o)
 .debug_info    0x0000000000006fc7      0x23e /usr/bin/../lib/gcc/msp430/4.6.3/mmpy-16/libgcc.a(_unpack_sf.o)
 .debug_info    0x0000000000007205      0x1d5 /usr/bin/../lib/gcc/msp430/4.6.3/mmpy-16/libgcc.a(_fpcmp_parts_sf.o)
 .debug_info    0x00000000000073da       0xa0 /usr/bin/../lib/gcc/msp430/4.6.3/mmpy-16/libgcc.a(_clz.o)
 .debug_info    0x000000000000747a      0x105 /usr/bin/../lib/gcc/msp430/4.6.3/../../../../msp430/lib/mmpy-16/libc.a(printf.o)
 .debug_info    0x000000000000757f      0x565 /usr/bin/../lib/gcc/msp430/4.6.3/../../../../msp430/lib/mmpy-16/libc.a(vuprintf.o)
 .debug_info    0x0000000000007ae4       0x96 /usr/bin/../lib/gcc/msp430/4.6.3/../../../../msp430/lib/mmpy-16/libc.a(puts.o)
 .debug_info    0x0000000000007b7a       0xb4 /usr/bin/../lib/gcc/msp430/4.6.3/mmpy-16/libgcc.a(_udivmod64.o)
 .debug_info    0x0000000000007c2e       0x90 /usr/bin/../lib/gcc/msp430/4.6.3/mmpy-16/libcrt0.a(__watchdog_support.o)
 .debug_info    0x0000000000007cbe       0x90 /usr/bin/../lib/gcc/msp430/4.6.3/mmpy-16/libcrt0.a(__init_stack.o)
 .debug_info    0x0000000000007d4e       0x90 /usr/bin/../lib/gcc/msp430/4.6.3/mmpy-16/libcrt0.a(_copy_data.o)
 .debug_info    0x0000000000007dde       0x90 /usr/bin/../lib/gcc/msp430/4.6.3/mmpy-16/libcrt0.a(_clear_bss.o)
 .debug_info    0x0000000000007e6e       0x90 /usr/bin/../lib/gcc/msp430/4.6.3/mmpy-16/libcrt0.a(_endless_loop__.o)
 .debug_info    0x0000000000007efe       0x90 /usr/bin/../lib/gcc/msp430/4.6.3/mmpy-16/libcrt0.a(_unexpected_.o)
 *(.gnu.linkonce.wi.*)

.debug_abbrev   0x0000000000000000     0x39df
 *(.debug_abbrev)
 .debug_abbrev  0x0000000000000000      0x1cb staffetta-test.co
 .debug_abbrev  0x00000000000001cb      0x1bc obj_sky/contiki-sky-main.o
 .debug_abbrev  0x0000000000000387      0x323 contiki-sky.a(process.o)
 .debug_abbrev  0x00000000000006aa       0xf5 contiki-sky.a(autostart.o)
 .debug_abbrev  0x000000000000079f       0x67 contiki-sky.a(random.o)
 .debug_abbrev  0x0000000000000806      0x27a contiki-sky.a(etimer.o)
 .debug_abbrev  0x0000000000000a80      0x14e contiki-sky.a(energest.o)
 .debug_abbrev  0x0000000000000bce      0x139 contiki-sky.a(rtimer.o)
 .debug_abbrev  0x0000000000000d07       0xe2 contiki-sky.a(metric.o)
 .debug_abbrev  0x0000000000000de9      0x115 contiki-sky.a(gpio.o)
 .debug_abbrev  0x0000000000000efe      0x28e contiki-sky.a(energytrace.o)
 .debug_abbrev  0x000000000000118c      0x432 contiki-sky.a(staffetta.o)
 .debug_abbrev  0x00000000000015be      0x157 contiki-sky.a(msp430.o)
 .debug_abbrev  0x0000000000001715      0x163 contiki-sky.a(leds.o)
 .debug_abbrev  0x0000000000001878       0x91 contiki-sky.a(watchdog.o)
 .debug_abbrev  0x0000000000001909      0x21f contiki-sky.a(xmem.o)
 .debug_abbrev  0x0000000000001b28      0x161 contiki-sky.a(cc2420.o)
 .debug_abbrev  0x0000000000001c89       0x82 contiki-sky.a(node-id.o)
 .debug_abbrev  0x0000000000001d0b      0x162 contiki-sky.a(uart1.o)
 .debug_abbrev  0x0000000000001e6d      0x1b5 contiki-sky.a(clock.o)
 .debug_abbrev  0x0000000000002022       0x97 contiki-sky.a(leds-arch.o)
 .debug_abbrev  0x00000000000020b9       0x50 contiki-sky.a(uart1-putchar.o)
 .debug_abbrev  0x0000000000002109       0xa2 contiki-sky.a(rtimer-arch.o)
 .debug_abbrev  0x00000000000021ab       0xae contiki-sky.a(rand.o)
 .debug_abbrev  0x0000000000002259       0xf8 contiki-sky.a(timer.o)
 .debug_abbrev  0x0000000000002351      0x1cb contiki-sky.a(ctimer.o)
 .debug_abbrev  0x000000000000251c      0x109 contiki-sky.a(ringbuf.o)
 .debug_abbrev  0x0000000000002625       0x97 contiki-sky.a(spi.o)
 .debug_abbrev  0x00000000000026bc      0x151 contiki-sky.a(list.o)
 .debug_abbrev  0x000000000000280d       0x14 /usr/bin/../lib/gcc/msp430/4.6.3/mmpy-16/libgcc.a(_mulsi3.o)
 .debug_abbrev  0x0000000000002821       0x14 /usr/bin/../lib/gcc/msp430/4.6.3/mmpy-16/libgcc.a(_udivmod16.o)
 .debug_abbrev  0x0000000000002835       0x14 /usr/bin/../lib/gcc/msp430/4.6.3/mmpy-16/libgcc.a(_divmod16.o)
 .debug_abbrev  0x0000000000002849       0x14 /usr/bin/../lib/gcc/msp430/4.6.3/mmpy-16/libgcc.a(_udivmod32.o)
 .debug_abbrev  0x000000000000285d       0x14 /usr/bin/../lib/gcc/msp430/4.6.3/mmpy-16/libgcc.a(_divmod32.o)
 .debug_abbrev  0x0000000000002871       0x5d /usr/bin/../lib/gcc/msp430/4.6.3/mmpy-16/libgcc.a(_fixunssfsi.o)
 .debug_abbrev  0x00000000000028ce      0x1ab /usr/bin/../lib/gcc/msp430/4.6.3/mmpy-16/libgcc.a(_addsub_sf.o)
 .debug_abbrev  0x0000000000002a79      0x1d9 /usr/bin/../lib/gcc/msp430/4.6.3/mmpy-16/libgcc.a(_mul_sf.o)
 .debug_abbrev  0x0000000000002c52      0x151 /usr/bin/../lib/gcc/msp430/4.6.3/mmpy-16/libgcc.a(_ge_sf.o)
 .debug_abbrev  0x0000000000002da3      0x160 /usr/bin/../lib/gcc/msp430/4.6.3/mmpy-16/libgcc.a(_sf_to_si.o)
 .debug_abbrev  0x0000000000002f03       0xba /usr/bin/../lib/gcc/msp430/4.6.3/mmpy-16/libgcc.a(_thenan_sf.o)
 .debug_abbrev  0x0000000000002fbd      0x173 /usr/bin/../lib/gcc/msp430/4.6.3/mmpy-16/libgcc.a(_usi_to_sf.o)
 .debug_abbrev  0x0000000000003130       0xac /usr/bin/../lib/gcc/msp430/4.6.3/mmpy-16/libgcc.a(_clzsi2.o)
 .debug_abbrev  0x00000000000031dc      0x192 /usr/bin/../lib/gcc/msp430/4.6.3/mmpy-16/libgcc.a(_pack_sf.o)
 .debug_abbrev  0x000000000000336e      0x15a /usr/bin/../lib/gcc/msp430/4.6.3/mmpy-16/libgcc.a(_unpack_sf.o)
 .debug_abbrev  0x00000000000034c8      0x10b /usr/bin/../lib/gcc/msp430/4.6.3/mmpy-16/libgcc.a(_fpcmp_parts_sf.o)
 .debug_abbrev  0x00000000000035d3       0x61 /usr/bin/../lib/gcc/msp430/4.6.3/mmpy-16/libgcc.a(_clz.o)
 .debug_abbrev  0x0000000000003634       0xd0 /usr/bin/../lib/gcc/msp430/4.6.3/../../../../msp430/lib/mmpy-16/libc.a(printf.o)
 .debug_abbrev  0x0000000000003704      0x1ef /usr/bin/../lib/gcc/msp430/4.6.3/../../../../msp430/lib/mmpy-16/libc.a(vuprintf.o)
 .debug_abbrev  0x00000000000038f3       0x60 /usr/bin/../lib/gcc/msp430/4.6.3/../../../../msp430/lib/mmpy-16/libc.a(puts.o)
 .debug_abbrev  0x0000000000003953       0x14 /usr/bin/../lib/gcc/msp430/4.6.3/mmpy-16/libgcc.a(_udivmod64.o)
 .debug_abbrev  0x0000000000003967       0x14 /usr/bin/../lib/gcc/msp430/4.6.3/mmpy-16/libcrt0.a(__watchdog_support.o)
 .debug_abbrev  0x000000000000397b       0x14 /usr/bin/../lib/gcc/msp430/4.6.3/mmpy-16/libcrt0.a(__init_stack.o)
 .debug_abbrev  0x000000000000398f       0x14 /usr/bin/../lib/gcc/msp430/4.6.3/mmpy-16/libcrt0.a(_copy_data.o)
 .debug_abbrev  0x00000000000039a3       0x14 /usr/bin/../lib/gcc/msp430/4.6.3/mmpy-16/libcrt0.a(_clear_bss.o)
 .debug_abbrev  0x00000000000039b7       0x14 /usr/bin/../lib/gcc/msp430/4.6.3/mmpy-16/libcrt0.a(_endless_loop__.o)
 .debug_abbrev  0x00000000000039cb       0x14 /usr/bin/../lib/gcc/msp430/4.6.3/mmpy-16/libcrt0.a(_unexpected_.o)

.debug_line     0x0000000000000000     0x37e1
 *(.debug_line)
 .debug_line    0x0000000000000000      0x1b2 staffetta-test.co
 .debug_line    0x00000000000001b2      0x181 obj_sky/contiki-sky-main.o
 .debug_line    0x0000000000000333      0x13d contiki-sky.a(process.o)
 .debug_line    0x0000000000000470       0x96 contiki-sky.a(autostart.o)
 .debug_line    0x0000000000000506       0x4a contiki-sky.a(random.o)
 .debug_line    0x0000000000000550      0x170 contiki-sky.a(etimer.o)
 .debug_line    0x00000000000006c0       0xe8 contiki-sky.a(energest.o)
 .debug_line    0x00000000000007a8       0x81 contiki-sky.a(rtimer.o)
 .debug_line    0x0000000000000829      0x106 contiki-sky.a(metric.o)
 .debug_line    0x000000000000092f      0x126 contiki-sky.a(gpio.o)
 .debug_line    0x0000000000000a55      0x214 contiki-sky.a(energytrace.o)
 .debug_line    0x0000000000000c69      0x88d contiki-sky.a(staffetta.o)
 .debug_line    0x00000000000014f6      0x155 contiki-sky.a(msp430.o)
 .debug_line    0x000000000000164b      0x133 contiki-sky.a(leds.o)
 .debug_line    0x000000000000177e       0xae contiki-sky.a(watchdog.o)
 .debug_line    0x000000000000182c      0x1d0 contiki-sky.a(xmem.o)
 .debug_line    0x00000000000019fc      0x32e contiki-sky.a(cc2420.o)
 .debug_line    0x0000000000001d2a       0x61 contiki-sky.a(node-id.o)
 .debug_line    0x0000000000001d8b      0x10c contiki-sky.a(uart1.o)
 .debug_line    0x0000000000001e97      0x16a contiki-sky.a(clock.o)
 .debug_line    0x0000000000002001       0xe2 contiki-sky.a(leds-arch.o)
 .debug_line    0x00000000000020e3       0x9c contiki-sky.a(uart1-putchar.o)
 .debug_line    0x000000000000217f       0xc5 contiki-sky.a(rtimer-arch.o)
 .debug_line    0x0000000000002244       0xc6 contiki-sky.a(rand.o)
 .debug_line    0x000000000000230a       0xa2 contiki-sky.a(timer.o)
 .debug_line    0x00000000000023ac      0x15d contiki-sky.a(ctimer.o)
 .debug_line    0x0000000000002509       0xba contiki-sky.a(ringbuf.o)
 .debug_line    0x00000000000025c3       0x9d contiki-sky.a(spi.o)
 .debug_line    0x0000000000002660       0xd8 contiki-sky.a(list.o)
 .debug_line    0x0000000000002738       0x74 /usr/bin/../lib/gcc/msp430/4.6.3/mmpy-16/libgcc.a(_mulsi3.o)
 .debug_line    0x00000000000027ac       0x6d /usr/bin/../lib/gcc/msp430/4.6.3/mmpy-16/libgcc.a(_udivmod16.o)
 .debug_line    0x0000000000002819       0x78 /usr/bin/../lib/gcc/msp430/4.6.3/mmpy-16/libgcc.a(_divmod16.o)
 .debug_line    0x0000000000002891       0x7c /usr/bin/../lib/gcc/msp430/4.6.3/mmpy-16/libgcc.a(_udivmod32.o)
 .debug_line    0x000000000000290d       0x81 /usr/bin/../lib/gcc/msp430/4.6.3/mmpy-16/libgcc.a(_divmod32.o)
 .debug_line    0x000000000000298e       0x65 /usr/bin/../lib/gcc/msp430/4.6.3/mmpy-16/libgcc.a(_fixunssfsi.o)
 .debug_line    0x00000000000029f3      0x110 /usr/bin/../lib/gcc/msp430/4.6.3/mmpy-16/libgcc.a(_addsub_sf.o)
 .debug_line    0x0000000000002b03      0x108 /usr/bin/../lib/gcc/msp430/4.6.3/mmpy-16/libgcc.a(_mul_sf.o)
 .debug_line    0x0000000000002c0b       0x82 /usr/bin/../lib/gcc/msp430/4.6.3/mmpy-16/libgcc.a(_ge_sf.o)
 .debug_line    0x0000000000002c8d       0x90 /usr/bin/../lib/gcc/msp430/4.6.3/mmpy-16/libgcc.a(_sf_to_si.o)
 .debug_line    0x0000000000002d1d       0x65 /usr/bin/../lib/gcc/msp430/4.6.3/mmpy-16/libgcc.a(_thenan_sf.o)
 .debug_line    0x0000000000002d82       0x97 /usr/bin/../lib/gcc/msp430/4.6.3/mmpy-16/libgcc.a(_usi_to_sf.o)
 .debug_line    0x0000000000002e19       0x8f /usr/bin/../lib/gcc/msp430/4.6.3/mmpy-16/libgcc.a(_clzsi2.o)
 .debug_line    0x0000000000002ea8       0xd3 /usr/bin/../lib/gcc/msp430/4.6.3/mmpy-16/libgcc.a(_pack_sf.o)
 .debug_line    0x0000000000002f7b       0xae /usr/bin/../lib/gcc/msp430/4.6.3/mmpy-16/libgcc.a(_unpack_sf.o)
 .debug_line    0x0000000000003029       0xb9 /usr/bin/../lib/gcc/msp430/4.6.3/mmpy-16/libgcc.a(_fpcmp_parts_sf.o)
 .debug_line    0x00000000000030e2       0x51 /usr/bin/../lib/gcc/msp430/4.6.3/mmpy-16/libgcc.a(_clz.o)
 .debug_line    0x0000000000003133       0xb1 /usr/bin/../lib/gcc/msp430/4.6.3/../../../../msp430/lib/mmpy-16/libc.a(printf.o)
 .debug_line    0x00000000000031e4      0x311 /usr/bin/../lib/gcc/msp430/4.6.3/../../../../msp430/lib/mmpy-16/libc.a(vuprintf.o)
 .debug_line    0x00000000000034f5       0x4d /usr/bin/../lib/gcc/msp430/4.6.3/../../../../msp430/lib/mmpy-16/libc.a(puts.o)
 .debug_line    0x0000000000003542       0xc2 /usr/bin/../lib/gcc/msp430/4.6.3/mmpy-16/libgcc.a(_udivmod64.o)
 .debug_line    0x0000000000003604       0x4f /usr/bin/../lib/gcc/msp430/4.6.3/mmpy-16/libcrt0.a(__watchdog_support.o)
 .debug_line    0x0000000000003653       0x4d /usr/bin/../lib/gcc/msp430/4.6.3/mmpy-16/libcrt0.a(__init_stack.o)
 .debug_line    0x00000000000036a0       0x53 /usr/bin/../lib/gcc/msp430/4.6.3/mmpy-16/libcrt0.a(_copy_data.o)
 .debug_line    0x00000000000036f3       0x53 /usr/bin/../lib/gcc/msp430/4.6.3/mmpy-16/libcrt0.a(_clear_bss.o)
 .debug_line    0x0000000000003746       0x4e /usr/bin/../lib/gcc/msp430/4.6.3/mmpy-16/libcrt0.a(_endless_loop__.o)
 .debug_line    0x0000000000003794       0x4d /usr/bin/../lib/gcc/msp430/4.6.3/mmpy-16/libcrt0.a(_unexpected_.o)

.debug_frame    0x0000000000000000     0x115c
 *(.debug_frame)
 .debug_frame   0x0000000000000000       0x76 staffetta-test.co
 .debug_frame   0x0000000000000076       0x50 obj_sky/contiki-sky-main.o
 .debug_frame   0x00000000000000c6       0xe8 contiki-sky.a(process.o)
 .debug_frame   0x00000000000001ae       0x36 contiki-sky.a(autostart.o)
 .debug_frame   0x00000000000001e4       0x2a contiki-sky.a(random.o)
 .debug_frame   0x000000000000020e       0xf8 contiki-sky.a(etimer.o)
 .debug_frame   0x0000000000000306       0x62 contiki-sky.a(energest.o)
 .debug_frame   0x0000000000000368       0x36 contiki-sky.a(rtimer.o)
 .debug_frame   0x000000000000039e       0x5a contiki-sky.a(metric.o)
 .debug_frame   0x00000000000003f8       0xc0 contiki-sky.a(gpio.o)
 .debug_frame   0x00000000000004b8       0x9c contiki-sky.a(energytrace.o)
 .debug_frame   0x0000000000000554      0x194 contiki-sky.a(staffetta.o)
 .debug_frame   0x00000000000006e8       0x86 contiki-sky.a(msp430.o)
 .debug_frame   0x000000000000076e       0xa2 contiki-sky.a(leds.o)
 .debug_frame   0x0000000000000810       0x5a contiki-sky.a(watchdog.o)
 .debug_frame   0x000000000000086a       0xc4 contiki-sky.a(xmem.o)
 .debug_frame   0x000000000000092e       0x6e contiki-sky.a(cc2420.o)
 .debug_frame   0x000000000000099c       0x32 contiki-sky.a(node-id.o)
 .debug_frame   0x00000000000009ce       0x88 contiki-sky.a(uart1.o)
 .debug_frame   0x0000000000000a56       0xd0 contiki-sky.a(clock.o)
 .debug_frame   0x0000000000000b26       0x36 contiki-sky.a(leds-arch.o)
 .debug_frame   0x0000000000000b5c       0x24 contiki-sky.a(uart1-putchar.o)
 .debug_frame   0x0000000000000b80       0x4a contiki-sky.a(rtimer-arch.o)
 .debug_frame   0x0000000000000bca       0x40 contiki-sky.a(rand.o)
 .debug_frame   0x0000000000000c0a       0x6a contiki-sky.a(timer.o)
 .debug_frame   0x0000000000000c74       0xaa contiki-sky.a(ctimer.o)
 .debug_frame   0x0000000000000d1e       0x5e contiki-sky.a(ringbuf.o)
 .debug_frame   0x0000000000000d7c       0x1e contiki-sky.a(spi.o)
 .debug_frame   0x0000000000000d9a       0xbc contiki-sky.a(list.o)
 .debug_frame   0x0000000000000e56       0x28 /usr/bin/../lib/gcc/msp430/4.6.3/mmpy-16/libgcc.a(_fixunssfsi.o)
 .debug_frame   0x0000000000000e7e       0x6a /usr/bin/../lib/gcc/msp430/4.6.3/mmpy-16/libgcc.a(_addsub_sf.o)
 .debug_frame   0x0000000000000ee8       0x4a /usr/bin/../lib/gcc/msp430/4.6.3/mmpy-16/libgcc.a(_mul_sf.o)
 .debug_frame   0x0000000000000f32       0x22 /usr/bin/../lib/gcc/msp430/4.6.3/mmpy-16/libgcc.a(_ge_sf.o)
 .debug_frame   0x0000000000000f54       0x22 /usr/bin/../lib/gcc/msp430/4.6.3/mmpy-16/libgcc.a(_sf_to_si.o)
 .debug_frame   0x0000000000000f76       0x36 /usr/bin/../lib/gcc/msp430/4.6.3/mmpy-16/libgcc.a(_usi_to_sf.o)
 .debug_frame   0x0000000000000fac       0x2e /usr/bin/../lib/gcc/msp430/4.6.3/mmpy-16/libgcc.a(_clzsi2.o)
 .debug_frame   0x0000000000000fda       0x38 /usr/bin/../lib/gcc/msp430/4.6.3/mmpy-16/libgcc.a(_pack_sf.o)
 .debug_frame   0x0000000000001012       0x28 /usr/bin/../lib/gcc/msp430/4.6.3/mmpy-16/libgcc.a(_unpack_sf.o)
 .debug_frame   0x000000000000103a       0x24 /usr/bin/../lib/gcc/msp430/4.6.3/mmpy-16/libgcc.a(_fpcmp_parts_sf.o)
 .debug_frame   0x000000000000105e       0x2a /usr/bin/../lib/gcc/msp430/4.6.3/../../../../msp430/lib/mmpy-16/libc.a(printf.o)
 .debug_frame   0x0000000000001088       0xb0 /usr/bin/../lib/gcc/msp430/4.6.3/../../../../msp430/lib/mmpy-16/libc.a(vuprintf.o)
 .debug_frame   0x0000000000001138       0x24 /usr/bin/../lib/gcc/msp430/4.6.3/../../../../msp430/lib/mmpy-16/libc.a(puts.o)

.debug_str      0x0000000000000000     0x2250
 *(.debug_str)
 .debug_str     0x0000000000000000      0x37c staffetta-test.co
                                        0x41e (size before relaxing)
 .debug_str     0x000000000000037c       0xcc obj_sky/contiki-sky-main.o
                                        0x382 (size before relaxing)
 .debug_str     0x0000000000000448      0x178 contiki-sky.a(process.o)
                                        0x2cf (size before relaxing)
 .debug_str     0x00000000000005c0       0x3a contiki-sky.a(autostart.o)
                                        0x187 (size before relaxing)
 .debug_str     0x00000000000005fa       0x35 contiki-sky.a(random.o)
                                        0x12b (size before relaxing)
 .debug_str     0x000000000000062f      0x133 contiki-sky.a(etimer.o)
                                        0x2dc (size before relaxing)
 .debug_str     0x0000000000000762       0x9b contiki-sky.a(energest.o)
                                        0x325 (size before relaxing)
 .debug_str     0x00000000000007fd       0xb8 contiki-sky.a(rtimer.o)
                                        0x2f0 (size before relaxing)
 .debug_str     0x00000000000008b5       0x9e contiki-sky.a(metric.o)
                                        0x34a (size before relaxing)
 .debug_str     0x0000000000000953       0xcf contiki-sky.a(gpio.o)
                                        0x1dd (size before relaxing)
 .debug_str     0x0000000000000a22      0x2a5 contiki-sky.a(energytrace.o)
                                        0x5f6 (size before relaxing)
 .debug_str     0x0000000000000cc7      0x701 contiki-sky.a(staffetta.o)
                                        0xadb (size before relaxing)
 .debug_str     0x00000000000013c8      0x138 contiki-sky.a(msp430.o)
                                        0x295 (size before relaxing)
 .debug_str     0x0000000000001500       0x87 contiki-sky.a(leds.o)
                                        0x325 (size before relaxing)
 .debug_str     0x0000000000001587       0xa6 contiki-sky.a(watchdog.o)
                                        0x1a4 (size before relaxing)
 .debug_str     0x000000000000162d       0xbb contiki-sky.a(xmem.o)
                                        0x399 (size before relaxing)
 .debug_str     0x00000000000016e8       0x85 contiki-sky.a(cc2420.o)
                                        0x59d (size before relaxing)
 .debug_str     0x000000000000176d       0x3c contiki-sky.a(node-id.o)
                                        0x13a (size before relaxing)
 .debug_str     0x00000000000017a9      0x12f contiki-sky.a(uart1.o)
                                        0x291 (size before relaxing)
 .debug_str     0x00000000000018d8       0xdd contiki-sky.a(clock.o)
                                        0x3ab (size before relaxing)
 .debug_str     0x00000000000019b5       0x5a contiki-sky.a(leds-arch.o)
                                        0x161 (size before relaxing)
 .debug_str     0x0000000000001a0f       0x2d contiki-sky.a(uart1-putchar.o)
                                        0x123 (size before relaxing)
 .debug_str     0x0000000000001a3c       0x62 contiki-sky.a(rtimer-arch.o)
                                        0x184 (size before relaxing)
 .debug_str     0x0000000000001a9e       0x27 contiki-sky.a(rand.o)
                                        0x268 (size before relaxing)
 .debug_str     0x0000000000001ac5       0x27 contiki-sky.a(timer.o)
                                        0x176 (size before relaxing)
 .debug_str     0x0000000000001aec       0xc0 contiki-sky.a(ctimer.o)
                                        0x397 (size before relaxing)
 .debug_str     0x0000000000001bac       0x64 contiki-sky.a(ringbuf.o)
                                        0x189 (size before relaxing)
 .debug_str     0x0000000000001c10       0x5d contiki-sky.a(spi.o)
                                        0x198 (size before relaxing)
 .debug_str     0x0000000000001c6d       0xa8 contiki-sky.a(list.o)
                                        0x13a (size before relaxing)
 .debug_str     0x0000000000001d15       0xad /usr/bin/../lib/gcc/msp430/4.6.3/mmpy-16/libgcc.a(_fixunssfsi.o)
                                        0x15b (size before relaxing)
 .debug_str     0x0000000000001dc2      0x149 /usr/bin/../lib/gcc/msp430/4.6.3/mmpy-16/libgcc.a(_addsub_sf.o)
                                        0x262 (size before relaxing)
 .debug_str     0x0000000000001f0b       0x27 /usr/bin/../lib/gcc/msp430/4.6.3/mmpy-16/libgcc.a(_mul_sf.o)
                                        0x21b (size before relaxing)
 .debug_str     0x0000000000001f32        0x8 /usr/bin/../lib/gcc/msp430/4.6.3/mmpy-16/libgcc.a(_ge_sf.o)
                                        0x1e9 (size before relaxing)
 .debug_str     0x0000000000001f3a        0xa /usr/bin/../lib/gcc/msp430/4.6.3/mmpy-16/libgcc.a(_sf_to_si.o)
                                        0x1f2 (size before relaxing)
 .debug_str     0x0000000000000000      0x194 /usr/bin/../lib/gcc/msp430/4.6.3/mmpy-16/libgcc.a(_thenan_sf.o)
 .debug_str     0x0000000000001f44       0x2a /usr/bin/../lib/gcc/msp430/4.6.3/mmpy-16/libgcc.a(_usi_to_sf.o)
                                        0x1d4 (size before relaxing)
 .debug_str     0x0000000000001f6e       0x17 /usr/bin/../lib/gcc/msp430/4.6.3/mmpy-16/libgcc.a(_clzsi2.o)
                                        0x167 (size before relaxing)
 .debug_str     0x0000000000001f85       0x10 /usr/bin/../lib/gcc/msp430/4.6.3/mmpy-16/libgcc.a(_pack_sf.o)
                                        0x1f1 (size before relaxing)
 .debug_str     0x0000000000001f95        0xb /usr/bin/../lib/gcc/msp430/4.6.3/mmpy-16/libgcc.a(_unpack_sf.o)
                                        0x1d3 (size before relaxing)
 .debug_str     0x0000000000001fa0       0x10 /usr/bin/../lib/gcc/msp430/4.6.3/mmpy-16/libgcc.a(_fpcmp_parts_sf.o)
                                        0x1b7 (size before relaxing)
 .debug_str     0x0000000000000000      0x14a /usr/bin/../lib/gcc/msp430/4.6.3/mmpy-16/libgcc.a(_clz.o)
 .debug_str     0x0000000000001fb0       0x92 /usr/bin/../lib/gcc/msp430/4.6.3/../../../../msp430/lib/mmpy-16/libc.a(printf.o)
                                        0x155 (size before relaxing)
 .debug_str     0x0000000000002042      0x1f9 /usr/bin/../lib/gcc/msp430/4.6.3/../../../../msp430/lib/mmpy-16/libc.a(vuprintf.o)
                                        0x3a0 (size before relaxing)
 .debug_str     0x000000000000223b       0x15 /usr/bin/../lib/gcc/msp430/4.6.3/../../../../msp430/lib/mmpy-16/libc.a(puts.o)
                                        0x11b (size before relaxing)

.debug_loc      0x0000000000000000     0x2d5b
 *(.debug_loc)
 .debug_loc     0x0000000000000000      0x1af staffetta-test.co
 .debug_loc     0x00000000000001af       0x9a obj_sky/contiki-sky-main.o
 .debug_loc     0x0000000000000249      0x20d contiki-sky.a(process.o)
 .debug_loc     0x0000000000000456       0x56 contiki-sky.a(autostart.o)
 .debug_loc     0x00000000000004ac        0xb contiki-sky.a(random.o)
 .debug_loc     0x00000000000004b7      0x270 contiki-sky.a(etimer.o)
 .debug_loc     0x0000000000000727       0x8a contiki-sky.a(energest.o)
 .debug_loc     0x00000000000007b1       0x5b contiki-sky.a(rtimer.o)
 .debug_loc     0x000000000000080c       0x28 contiki-sky.a(metric.o)
 .debug_loc     0x0000000000000834       0xb3 contiki-sky.a(gpio.o)
 .debug_loc     0x00000000000008e7      0x259 contiki-sky.a(energytrace.o)
 .debug_loc     0x0000000000000b40      0x45d contiki-sky.a(staffetta.o)
 .debug_loc     0x0000000000000f9d      0x118 contiki-sky.a(msp430.o)
 .debug_loc     0x00000000000010b5       0xdc contiki-sky.a(leds.o)
 .debug_loc     0x0000000000001191      0x2f2 contiki-sky.a(xmem.o)
 .debug_loc     0x0000000000001483      0x119 contiki-sky.a(cc2420.o)
 .debug_loc     0x000000000000159c       0x33 contiki-sky.a(node-id.o)
 .debug_loc     0x00000000000015cf       0x99 contiki-sky.a(uart1.o)
 .debug_loc     0x0000000000001668       0x92 contiki-sky.a(clock.o)
 .debug_loc     0x00000000000016fa        0xb contiki-sky.a(leds-arch.o)
 .debug_loc     0x0000000000001705       0x2d contiki-sky.a(uart1-putchar.o)
 .debug_loc     0x0000000000001732       0x2c contiki-sky.a(rtimer-arch.o)
 .debug_loc     0x000000000000175e       0x74 contiki-sky.a(rand.o)
 .debug_loc     0x00000000000017d2       0xb9 contiki-sky.a(timer.o)
 .debug_loc     0x000000000000188b      0x205 contiki-sky.a(ctimer.o)
 .debug_loc     0x0000000000001a90       0xa3 contiki-sky.a(ringbuf.o)
 .debug_loc     0x0000000000001b33      0x1ac contiki-sky.a(list.o)
 .debug_loc     0x0000000000001cdf       0x44 /usr/bin/../lib/gcc/msp430/4.6.3/mmpy-16/libgcc.a(_fixunssfsi.o)
 .debug_loc     0x0000000000001d23      0x2ca /usr/bin/../lib/gcc/msp430/4.6.3/mmpy-16/libgcc.a(_addsub_sf.o)
 .debug_loc     0x0000000000001fed      0x248 /usr/bin/../lib/gcc/msp430/4.6.3/mmpy-16/libgcc.a(_mul_sf.o)
 .debug_loc     0x0000000000002235       0x3c /usr/bin/../lib/gcc/msp430/4.6.3/mmpy-16/libgcc.a(_ge_sf.o)
 .debug_loc     0x0000000000002271       0x3c /usr/bin/../lib/gcc/msp430/4.6.3/mmpy-16/libgcc.a(_sf_to_si.o)
 .debug_loc     0x00000000000022ad       0x6c /usr/bin/../lib/gcc/msp430/4.6.3/mmpy-16/libgcc.a(_usi_to_sf.o)
 .debug_loc     0x0000000000002319       0x80 /usr/bin/../lib/gcc/msp430/4.6.3/mmpy-16/libgcc.a(_clzsi2.o)
 .debug_loc     0x0000000000002399      0x181 /usr/bin/../lib/gcc/msp430/4.6.3/mmpy-16/libgcc.a(_pack_sf.o)
 .debug_loc     0x000000000000251a       0x83 /usr/bin/../lib/gcc/msp430/4.6.3/mmpy-16/libgcc.a(_unpack_sf.o)
 .debug_loc     0x000000000000259d       0x5b /usr/bin/../lib/gcc/msp430/4.6.3/mmpy-16/libgcc.a(_fpcmp_parts_sf.o)
 .debug_loc     0x00000000000025f8       0x38 /usr/bin/../lib/gcc/msp430/4.6.3/../../../../msp430/lib/mmpy-16/libc.a(printf.o)
 .debug_loc     0x0000000000002630      0x705 /usr/bin/../lib/gcc/msp430/4.6.3/../../../../msp430/lib/mmpy-16/libc.a(vuprintf.o)
 .debug_loc     0x0000000000002d35       0x26 /usr/bin/../lib/gcc/msp430/4.6.3/../../../../msp430/lib/mmpy-16/libc.a(puts.o)

.debug_macinfo
 *(.debug_macinfo)

.debug_pubtypes
 *(.debug_pubtypes)

.debug_ranges   0x0000000000000000       0x98
 *(.debug_ranges)
 .debug_ranges  0x0000000000000000       0x18 staffetta-test.co
 .debug_ranges  0x0000000000000018        0x8 obj_sky/contiki-sky-main.o
 .debug_ranges  0x0000000000000020        0xc contiki-sky.a(energytrace.o)
 .debug_ranges  0x000000000000002c        0xc contiki-sky.a(staffetta.o)
 .debug_ranges  0x0000000000000038       0x14 /usr/bin/../lib/gcc/msp430/4.6.3/mmpy-16/libgcc.a(_addsub_sf.o)
 .debug_ranges  0x000000000000004c       0x28 /usr/bin/../lib/gcc/msp430/4.6.3/mmpy-16/libgcc.a(_mul_sf.o)
 .debug_ranges  0x0000000000000074        0xc /usr/bin/../lib/gcc/msp430/4.6.3/mmpy-16/libgcc.a(_clzsi2.o)
 .debug_ranges  0x0000000000000080       0x18 /usr/bin/../lib/gcc/msp430/4.6.3/../../../../msp430/lib/mmpy-16/libc.a(vuprintf.o)
                0x0000000000003900                PROVIDE (__stack, (ORIGIN (ram) + 0x2800))
                0x000000000000925a                PROVIDE (__data_start_rom, _etext)
                0x00000000000092a8                PROVIDE (__data_end_rom, (_etext + SIZEOF (.data)))
OUTPUT(staffetta-test.sky elf32-msp430)

.glossy         0x0000000000004000        0x0
