Archive member included because of file (symbol)

contiki-sky.a(process.o)      obj_sky/contiki-sky-main.o (process_init)
contiki-sky.a(autostart.o)    obj_sky/contiki-sky-main.o (autostart_start)
contiki-sky.a(random.o)       staffetta-test.co (random_init)
contiki-sky.a(etimer.o)       obj_sky/contiki-sky-main.o (etimer_process)
contiki-sky.a(energest.o)     obj_sky/contiki-sky-main.o (energest_init)
contiki-sky.a(rtimer.o)       obj_sky/contiki-sky-main.o (rtimer_init)
contiki-sky.a(metric.o)       staffetta-test.co (node_energy_state)
contiki-sky.a(gpio.o)         obj_sky/contiki-sky-main.o (gpio_init)
contiki-sky.a(energytrace.o)  staffetta-test.co (remaining_energy)
contiki-sky.a(staffetta.o)    staffetta-test.co (getWakeups)
contiki-sky.a(msp430.o)       contiki-sky.a(energytrace.o) (w_memcpy)
contiki-sky.a(leds.o)         staffetta-test.co (leds_init)
contiki-sky.a(watchdog.o)     obj_sky/contiki-sky-main.o (watchdog_init)
contiki-sky.a(xmem.o)         obj_sky/contiki-sky-main.o (xmem_init)
contiki-sky.a(cc2420.o)       obj_sky/contiki-sky-main.o (cc2420_init)
contiki-sky.a(node-id.o)      staffetta-test.co (node_id)
contiki-sky.a(uart1.o)        obj_sky/contiki-sky-main.o (uart1_active)
contiki-sky.a(clock.o)        staffetta-test.co (clock_time)
contiki-sky.a(leds-arch.o)    contiki-sky.a(leds.o) (leds_arch_init)
contiki-sky.a(uart1-putchar.o)
                              obj_sky/contiki-sky-main.o (putchar)
contiki-sky.a(rtimer-arch.o)  contiki-sky.a(rtimer.o) (rtimer_arch_init)
contiki-sky.a(rand.o)         contiki-sky.a(random.o) (rand)
contiki-sky.a(timer.o)        contiki-sky.a(etimer.o) (timer_set)
contiki-sky.a(ctimer.o)       contiki-sky.a(staffetta.o) (ctimer_stop)
contiki-sky.a(ringbuf.o)      contiki-sky.a(uart1.o) (ringbuf_init)
contiki-sky.a(spi.o)          contiki-sky.a(xmem.o) (spi_init)
contiki-sky.a(list.o)         contiki-sky.a(ctimer.o) (list_init)
/usr/bin/../lib/gcc/msp430/4.6.3/mmpy-16/libgcc.a(_mulsi3.o)
                              contiki-sky.a(energytrace.o) (__mulsi3)
/usr/bin/../lib/gcc/msp430/4.6.3/mmpy-16/libgcc.a(_udivmod16.o)
                              contiki-sky.a(energytrace.o) (__udivhi3)
/usr/bin/../lib/gcc/msp430/4.6.3/mmpy-16/libgcc.a(_divmod16.o)
                              contiki-sky.a(staffetta.o) (__modhi3)
/usr/bin/../lib/gcc/msp430/4.6.3/mmpy-16/libgcc.a(_udivmod32.o)
                              staffetta-test.co (__udivsi3)
/usr/bin/../lib/gcc/msp430/4.6.3/mmpy-16/libgcc.a(_divmod32.o)
                              contiki-sky.a(energytrace.o) (__divsi3)
/usr/bin/../lib/gcc/msp430/4.6.3/../../../../msp430/lib/mmpy-16/libc.a(strcmp.o)
                              contiki-sky.a(energytrace.o) (strcmp)
/usr/bin/../lib/gcc/msp430/4.6.3/../../../../msp430/lib/mmpy-16/libc.a(strncpy.o)
                              contiki-sky.a(energytrace.o) (strncpy)
/usr/bin/../lib/gcc/msp430/4.6.3/../../../../msp430/lib/mmpy-16/libc.a(atoi.o)
                              contiki-sky.a(energytrace.o) (atoi)
/usr/bin/../lib/gcc/msp430/4.6.3/../../../../msp430/lib/mmpy-16/libc.a(printf.o)
                              staffetta-test.co (printf)
/usr/bin/../lib/gcc/msp430/4.6.3/../../../../msp430/lib/mmpy-16/libc.a(vuprintf.o)
                              /usr/bin/../lib/gcc/msp430/4.6.3/../../../../msp430/lib/mmpy-16/libc.a(printf.o) (vuprintf)
/usr/bin/../lib/gcc/msp430/4.6.3/../../../../msp430/lib/mmpy-16/libc.a(puts.o)
                              staffetta-test.co (puts)
/usr/bin/../lib/gcc/msp430/4.6.3/mmpy-16/libgcc.a(_udivmod64.o)
                              /usr/bin/../lib/gcc/msp430/4.6.3/../../../../msp430/lib/mmpy-16/libc.a(vuprintf.o) (__udivdi3)
/usr/bin/../lib/gcc/msp430/4.6.3/mmpy-16/libcrt0.a(_reset_vector__.o)
                              /usr/bin/../lib/gcc/msp430/4.6.3/mmpy-16/crt0ivtbl16.o (_reset_vector__)
/usr/bin/../lib/gcc/msp430/4.6.3/mmpy-16/libcrt0.a(__watchdog_support.o)
                              /usr/bin/../lib/gcc/msp430/4.6.3/mmpy-16/libcrt0.a(_reset_vector__.o) (__watchdog_support)
/usr/bin/../lib/gcc/msp430/4.6.3/mmpy-16/libcrt0.a(__init_stack.o)
                              /usr/bin/../lib/gcc/msp430/4.6.3/mmpy-16/libcrt0.a(_reset_vector__.o) (__init_stack)
/usr/bin/../lib/gcc/msp430/4.6.3/mmpy-16/libcrt0.a(__low_level_init.o)
                              /usr/bin/../lib/gcc/msp430/4.6.3/mmpy-16/libcrt0.a(_reset_vector__.o) (__low_level_init)
/usr/bin/../lib/gcc/msp430/4.6.3/mmpy-16/libcrt0.a(_copy_data.o)
                              /usr/bin/../lib/gcc/msp430/4.6.3/mmpy-16/libcrt0.a(_reset_vector__.o) (__do_copy_data)
/usr/bin/../lib/gcc/msp430/4.6.3/mmpy-16/libcrt0.a(_clear_bss.o)
                              /usr/bin/../lib/gcc/msp430/4.6.3/mmpy-16/libcrt0.a(_reset_vector__.o) (__do_clear_bss)
/usr/bin/../lib/gcc/msp430/4.6.3/mmpy-16/libcrt0.a(__stop_progExec__.o)
                              /usr/bin/../lib/gcc/msp430/4.6.3/mmpy-16/libcrt0.a(_reset_vector__.o) (__stop_progExec__)
/usr/bin/../lib/gcc/msp430/4.6.3/mmpy-16/libcrt0.a(_endless_loop__.o)
                              /usr/bin/../lib/gcc/msp430/4.6.3/mmpy-16/libcrt0.a(_reset_vector__.o) (_endless_loop__)
/usr/bin/../lib/gcc/msp430/4.6.3/mmpy-16/libcrt0.a(_unexpected_.o)
                              /usr/bin/../lib/gcc/msp430/4.6.3/mmpy-16/crt0ivtbl16.o (_unexpected_)

Allocating common symbols
Common symbol       size              file

energest_total_time
                    0x30              contiki-sky.a(energest.o)
energest_total_count
                    0x2               contiki-sky.a(energest.o)
energest_current_mode
                    0xc               contiki-sky.a(energest.o)
process_maxevents   0x1               contiki-sky.a(process.o)
node_state          0x2               contiki-sky.a(energytrace.o)
node_duty_cycle     0x2               contiki-sky.a(metric.o)
node_activation_ev  0x1               contiki-sky.a(energytrace.o)
index               0x2               contiki-sky.a(staffetta.o)
energest_current_time
                    0x18              contiki-sky.a(energest.o)
edc_id              0x50              contiki-sky.a(staffetta.o)
fd_read_solar       0x2               contiki-sky.a(energytrace.o)

Memory Configuration

Name             Origin             Length             Attributes
sfr              0x0000000000000000 0x0000000000000010
peripheral_8bit  0x0000000000000010 0x00000000000000f0
peripheral_16bit 0x0000000000000100 0x0000000000000100
ram_mirror       0x0000000000000200 0x0000000000000800 xw
infomem          0x0000000000001000 0x0000000000000100
infob            0x0000000000001000 0x0000000000000080
infoa            0x0000000000001080 0x0000000000000080
ram              0x0000000000001100 0x0000000000002800 xw
rom              0x0000000000004000 0x000000000000bfe0 xr
vectors          0x000000000000ffe0 0x0000000000000020
bsl              0x0000000000000000 0x0000000000000000
infoc            0x0000000000000000 0x0000000000000000
infod            0x0000000000000000 0x0000000000000000
ram2             0x0000000000000000 0x0000000000000000 xw
usbram           0x0000000000000000 0x0000000000000000 xw
far_rom          0x0000000000000000 0x0000000000000000
*default*        0x0000000000000000 0xffffffffffffffff

Linker script and memory map

LOAD /usr/bin/../lib/gcc/msp430/4.6.3/mmpy-16/crt0ivtbl16.o
Address of section .glossy set to 0x4000
Address of section .text set to 0x4400
LOAD staffetta-test.co
LOAD obj_sky/contiki-sky-main.o
LOAD contiki-sky.a
LOAD /usr/bin/../lib/gcc/msp430/4.6.3/../../../../msp430/lib/mmpy-16/libm.a
LOAD /usr/bin/../lib/gcc/msp430/4.6.3/mmpy-16/libgcc.a
LOAD /usr/bin/../lib/gcc/msp430/4.6.3/../../../../msp430/lib/mmpy-16/libc.a
LOAD /usr/bin/../lib/gcc/msp430/4.6.3/mmpy-16/libgcc.a
LOAD /usr/bin/../lib/gcc/msp430/4.6.3/mmpy-16/libcrt0.a
                0x0000000000000080                PROVIDE (__info_segment_size, 0x80)
                0x0000000000001000                PROVIDE (__infob, 0x1000)
                0x0000000000001080                PROVIDE (__infoa, 0x1080)
                0x0000000000000000                __IE1 = 0x0
                0x0000000000000002                __IFG1 = 0x2
                0x0000000000000004                __ME1 = 0x4
                0x0000000000000001                __IE2 = 0x1
                0x0000000000000003                __IFG2 = 0x3
                0x0000000000000005                __ME2 = 0x5
                0x0000000000000120                __WDTCTL = 0x120
                0x0000000000000130                __MPY = 0x130
                0x0000000000000132                __MPYS = 0x132
                0x0000000000000134                __MAC = 0x134
                0x0000000000000136                __MACS = 0x136
                0x0000000000000138                __OP2 = 0x138
                0x000000000000013a                __RESLO = 0x13a
                0x000000000000013c                __RESHI = 0x13c
                0x000000000000013e                __SUMEXT = 0x13e
                0x0000000000000020                __P1IN = 0x20
                0x0000000000000021                __P1OUT = 0x21
                0x0000000000000022                __P1DIR = 0x22
                0x0000000000000023                __P1IFG = 0x23
                0x0000000000000024                __P1IES = 0x24
                0x0000000000000025                __P1IE = 0x25
                0x0000000000000026                __P1SEL = 0x26
                0x0000000000000028                __P2IN = 0x28
                0x0000000000000029                __P2OUT = 0x29
                0x000000000000002a                __P2DIR = 0x2a
                0x000000000000002b                __P2IFG = 0x2b
                0x000000000000002c                __P2IES = 0x2c
                0x000000000000002d                __P2IE = 0x2d
                0x000000000000002e                __P2SEL = 0x2e
                0x0000000000000018                __P3IN = 0x18
                0x0000000000000019                __P3OUT = 0x19
                0x000000000000001a                __P3DIR = 0x1a
                0x000000000000001b                __P3SEL = 0x1b
                0x000000000000001c                __P4IN = 0x1c
                0x000000000000001d                __P4OUT = 0x1d
                0x000000000000001e                __P4DIR = 0x1e
                0x000000000000001f                __P4SEL = 0x1f
                0x0000000000000030                __P5IN = 0x30
                0x0000000000000031                __P5OUT = 0x31
                0x0000000000000032                __P5DIR = 0x32
                0x0000000000000033                __P5SEL = 0x33
                0x0000000000000034                __P6IN = 0x34
                0x0000000000000035                __P6OUT = 0x35
                0x0000000000000036                __P6DIR = 0x36
                0x0000000000000037                __P6SEL = 0x37
                0x0000000000000070                __U0CTL = 0x70
                0x0000000000000071                __U0TCTL = 0x71
                0x0000000000000072                __U0RCTL = 0x72
                0x0000000000000073                __U0MCTL = 0x73
                0x0000000000000074                __U0BR0 = 0x74
                0x0000000000000075                __U0BR1 = 0x75
                0x0000000000000076                __U0RXBUF = 0x76
                0x0000000000000077                __U0TXBUF = 0x77
                0x0000000000000078                __U1CTL = 0x78
                0x0000000000000079                __U1TCTL = 0x79
                0x000000000000007a                __U1RCTL = 0x7a
                0x000000000000007b                __U1MCTL = 0x7b
                0x000000000000007c                __U1BR0 = 0x7c
                0x000000000000007d                __U1BR1 = 0x7d
                0x000000000000007e                __U1RXBUF = 0x7e
                0x000000000000007f                __U1TXBUF = 0x7f
                0x0000000000000050                __I2CIE = 0x50
                0x0000000000000051                __I2CIFG = 0x51
                0x0000000000000052                __I2CNDAT = 0x52
                0x0000000000000071                __I2CTCTL = 0x71
                0x0000000000000072                __I2CDCTL = 0x72
                0x0000000000000073                __I2CPSC = 0x73
                0x0000000000000074                __I2CSCLH = 0x74
                0x0000000000000075                __I2CSCLL = 0x75
                0x0000000000000076                __I2CDRB = 0x76
                0x0000000000000076                __I2CDRW = 0x76
                0x0000000000000118                __I2COA = 0x118
                0x000000000000011a                __I2CSA = 0x11a
                0x000000000000011c                __I2CIV = 0x11c
                0x000000000000012e                __TAIV = 0x12e
                0x0000000000000160                __TACTL = 0x160
                0x0000000000000162                __TACCTL0 = 0x162
                0x0000000000000164                __TACCTL1 = 0x164
                0x0000000000000166                __TACCTL2 = 0x166
                0x0000000000000170                __TAR = 0x170
                0x0000000000000172                __TACCR0 = 0x172
                0x0000000000000174                __TACCR1 = 0x174
                0x0000000000000176                __TACCR2 = 0x176
                0x000000000000011e                __TBIV = 0x11e
                0x0000000000000180                __TBCTL = 0x180
                0x0000000000000182                __TBCCTL0 = 0x182
                0x0000000000000184                __TBCCTL1 = 0x184
                0x0000000000000186                __TBCCTL2 = 0x186
                0x0000000000000188                __TBCCTL3 = 0x188
                0x000000000000018a                __TBCCTL4 = 0x18a
                0x000000000000018c                __TBCCTL5 = 0x18c
                0x000000000000018e                __TBCCTL6 = 0x18e
                0x0000000000000190                __TBR = 0x190
                0x0000000000000192                __TBCCR0 = 0x192
                0x0000000000000194                __TBCCR1 = 0x194
                0x0000000000000196                __TBCCR2 = 0x196
                0x0000000000000198                __TBCCR3 = 0x198
                0x000000000000019a                __TBCCR4 = 0x19a
                0x000000000000019c                __TBCCR5 = 0x19c
                0x000000000000019e                __TBCCR6 = 0x19e
                0x0000000000000056                __DCOCTL = 0x56
                0x0000000000000057                __BCSCTL1 = 0x57
                0x0000000000000058                __BCSCTL2 = 0x58
                0x0000000000000055                __SVSCTL = 0x55
                0x0000000000000128                __FCTL1 = 0x128
                0x000000000000012a                __FCTL2 = 0x12a
                0x000000000000012c                __FCTL3 = 0x12c
                0x0000000000000059                __CACTL1 = 0x59
                0x000000000000005a                __CACTL2 = 0x5a
                0x000000000000005b                __CAPD = 0x5b
                0x00000000000001a0                __ADC12CTL0 = 0x1a0
                0x00000000000001a2                __ADC12CTL1 = 0x1a2
                0x00000000000001a4                __ADC12IFG = 0x1a4
                0x00000000000001a6                __ADC12IE = 0x1a6
                0x00000000000001a8                __ADC12IV = 0x1a8
                0x0000000000000140                __ADC12MEM0 = 0x140
                0x0000000000000142                __ADC12MEM1 = 0x142
                0x0000000000000144                __ADC12MEM2 = 0x144
                0x0000000000000146                __ADC12MEM3 = 0x146
                0x0000000000000148                __ADC12MEM4 = 0x148
                0x000000000000014a                __ADC12MEM5 = 0x14a
                0x000000000000014c                __ADC12MEM6 = 0x14c
                0x000000000000014e                __ADC12MEM7 = 0x14e
                0x0000000000000150                __ADC12MEM8 = 0x150
                0x0000000000000152                __ADC12MEM9 = 0x152
                0x0000000000000154                __ADC12MEM10 = 0x154
                0x0000000000000156                __ADC12MEM11 = 0x156
                0x0000000000000158                __ADC12MEM12 = 0x158
                0x000000000000015a                __ADC12MEM13 = 0x15a
                0x000000000000015c                __ADC12MEM14 = 0x15c
                0x000000000000015e                __ADC12MEM15 = 0x15e
                0x0000000000000080                __ADC12MCTL0 = 0x80
                0x0000000000000081                __ADC12MCTL1 = 0x81
                0x0000000000000082                __ADC12MCTL2 = 0x82
                0x0000000000000083                __ADC12MCTL3 = 0x83
                0x0000000000000084                __ADC12MCTL4 = 0x84
                0x0000000000000085                __ADC12MCTL5 = 0x85
                0x0000000000000086                __ADC12MCTL6 = 0x86
                0x0000000000000087                __ADC12MCTL7 = 0x87
                0x0000000000000088                __ADC12MCTL8 = 0x88
                0x0000000000000089                __ADC12MCTL9 = 0x89
                0x000000000000008a                __ADC12MCTL10 = 0x8a
                0x000000000000008b                __ADC12MCTL11 = 0x8b
                0x000000000000008c                __ADC12MCTL12 = 0x8c
                0x000000000000008d                __ADC12MCTL13 = 0x8d
                0x000000000000008e                __ADC12MCTL14 = 0x8e
                0x000000000000008f                __ADC12MCTL15 = 0x8f
                0x00000000000001c0                __DAC12_0CTL = 0x1c0
                0x00000000000001c2                __DAC12_1CTL = 0x1c2
                0x00000000000001c8                __DAC12_0DAT = 0x1c8
                0x00000000000001ca                __DAC12_1DAT = 0x1ca
                0x0000000000000122                __DMACTL0 = 0x122
                0x0000000000000124                __DMACTL1 = 0x124
                0x00000000000001e0                __DMA0CTL = 0x1e0
                0x00000000000001e8                __DMA1CTL = 0x1e8
                0x00000000000001f0                __DMA2CTL = 0x1f0
                0x00000000000001e2                __DMA0SA = 0x1e2
                0x00000000000001e4                __DMA0DA = 0x1e4
                0x00000000000001e6                __DMA0SZ = 0x1e6
                0x00000000000001ea                __DMA1SA = 0x1ea
                0x00000000000001ec                __DMA1DA = 0x1ec
                0x00000000000001ee                __DMA1SZ = 0x1ee
                0x00000000000001f2                __DMA2SA = 0x1f2
                0x00000000000001f4                __DMA2DA = 0x1f4
                0x00000000000001f6                __DMA2SZ = 0x1f6

.hash
 *(.hash)

.dynsym
 *(.dynsym)

.dynstr
 *(.dynstr)

.gnu.version
 *(.gnu.version)

.gnu.version_d
 *(.gnu.version_d)

.gnu.version_r
 *(.gnu.version_r)

.rel.init
 *(.rel.init)

.rela.init
 *(.rela.init)

.rel.fini
 *(.rel.fini)

.rela.fini
 *(.rela.fini)

.rel.text
 *(.rel.text .rel.text.* .rel.gnu.linkonce.t.*)

.rela.text
 *(.rela.text .rela.text.* .rela.gnu.linkonce.t.*)

.rel.rodata
 *(.rel.rodata .rel.rodata.* .rel.gnu.linkonce.r.*)

.rela.rodata
 *(.rela.rodata .rela.rodata.* .rela.gnu.linkonce.r.*)

.rel.data
 *(.rel.data .rel.data.* .rel.gnu.linkonce.d.*)

.rela.data
 *(.rela.data .rela.data.* .rela.gnu.linkonce.d.*)

.rel.bss
 *(.rel.bss .rel.bss.* .rel.gnu.linkonce.b.*)

.rela.bss
 *(.rela.bss .rela.bss.* .rela.gnu.linkonce.b.*)

.rel.ctors
 *(.rel.ctors)

.rela.ctors
 *(.rela.ctors)

.rel.dtors
 *(.rel.dtors)

.rela.dtors
 *(.rela.dtors)

.rel.got
 *(.rel.got)

.rela.got
 *(.rela.got)

.rel.plt
 *(.rel.plt)

.rela.plt
 *(.rela.plt)

.text           0x0000000000004400     0x5534
                0x0000000000004400                . = ALIGN (0x2)
 *(.init .init.*)
 *(.init0)
 .init0         0x0000000000004400        0x0 /usr/bin/../lib/gcc/msp430/4.6.3/mmpy-16/libcrt0.a(_reset_vector__.o)
                0x0000000000004400                _reset_vector__
 *(.init1)
 .init1         0x0000000000004400        0xc /usr/bin/../lib/gcc/msp430/4.6.3/mmpy-16/libcrt0.a(__watchdog_support.o)
                0x0000000000004400                __watchdog_support
 *(.init2)
 .init2         0x000000000000440c        0x4 /usr/bin/../lib/gcc/msp430/4.6.3/mmpy-16/libcrt0.a(__init_stack.o)
                0x000000000000440c                __init_stack
 *(.init3)
 .init3         0x0000000000004410        0x0 /usr/bin/../lib/gcc/msp430/4.6.3/mmpy-16/libcrt0.a(__low_level_init.o)
                0x0000000000004410                __low_level_init
 *(.init4)
 .init4         0x0000000000004410       0x18 /usr/bin/../lib/gcc/msp430/4.6.3/mmpy-16/libcrt0.a(_copy_data.o)
                0x0000000000004410                __do_copy_data
 .init4         0x0000000000004428       0x16 /usr/bin/../lib/gcc/msp430/4.6.3/mmpy-16/libcrt0.a(_clear_bss.o)
                0x0000000000004428                __do_clear_bss
 *(.init5)
 *(.init6)
 *(.init7)
 *(.init8)
 *(.init9)
 .init9         0x000000000000443e      0x17a obj_sky/contiki-sky-main.o
                0x000000000000443e                main
 *(.fini9)
 .fini9         0x00000000000045b8        0x0 /usr/bin/../lib/gcc/msp430/4.6.3/mmpy-16/libcrt0.a(__stop_progExec__.o)
                0x00000000000045b8                __stop_progExec__
 *(.fini8)
 *(.fini7)
 *(.fini6)
 *(.fini5)
 *(.fini4)
 *(.fini3)
 *(.fini2)
 *(.fini1)
 *(.fini0)
 .fini0         0x00000000000045b8        0x6 /usr/bin/../lib/gcc/msp430/4.6.3/mmpy-16/libcrt0.a(_endless_loop__.o)
                0x00000000000045b8                _endless_loop__
 *(.fini .fini.*)
                0x00000000000045be                . = ALIGN (0x2)
                0x00000000000045be                __ctors_start = .
 *(.ctors)
                0x00000000000045be                __ctors_end = .
                0x00000000000045be                __dtors_start = .
 *(.dtors)
                0x00000000000045be                __dtors_end = .
                0x00000000000045be                . = ALIGN (0x2)
 *(.text .text.* .gnu.linkonce.t.*)
 .text          0x00000000000045be        0x4 /usr/bin/../lib/gcc/msp430/4.6.3/mmpy-16/crt0ivtbl16.o
                0x00000000000045be                __isr_14
                0x00000000000045be                __isr_4
                0x00000000000045be                __isr_11
                0x00000000000045be                __isr_7
                0x00000000000045be                __isr_0
                0x00000000000045be                __isr_8
                0x00000000000045be                __isr_12
                0x00000000000045be                __isr_13
                0x00000000000045be                __isr_9
                0x00000000000045be                __isr_1
 .text.crt0     0x00000000000045c2        0x0 /usr/bin/../lib/gcc/msp430/4.6.3/mmpy-16/crt0ivtbl16.o
 .text          0x00000000000045c2      0x1f4 staffetta-test.co
 .text          0x00000000000047b6        0x0 obj_sky/contiki-sky-main.o
 .text          0x00000000000047b6      0x29e contiki-sky.a(process.o)
                0x00000000000048b2                process_alloc_event
                0x00000000000048c0                process_exit
                0x00000000000048ca                process_init
                0x00000000000048e6                process_run
                0x0000000000004988                process_nevents
                0x0000000000004996                process_post
                0x00000000000049ea                process_post_synch
                0x00000000000049fc                process_start
                0x0000000000004a2e                process_poll
                0x0000000000004a46                process_is_running
 .text          0x0000000000004a54       0x2a contiki-sky.a(autostart.o)
                0x0000000000004a54                autostart_start
                0x0000000000004a6a                autostart_exit
 .text          0x0000000000004a7e        0xc contiki-sky.a(random.o)
                0x0000000000004a7e                random_init
                0x0000000000004a84                random_rand
 .text          0x0000000000004a8a      0x25a contiki-sky.a(etimer.o)
                0x0000000000004b02                etimer_request_poll
                0x0000000000004c0c                etimer_set
                0x0000000000004c1e                etimer_reset
                0x0000000000004c30                etimer_restart
                0x0000000000004c42                etimer_adjust
                0x0000000000004c5c                etimer_expired
                0x0000000000004c6a                etimer_expiration_time
                0x0000000000004c7e                etimer_start_time
                0x0000000000004c86                etimer_pending
                0x0000000000004c92                etimer_next_expiration_time
                0x0000000000004ca8                etimer_stop
 .text          0x0000000000004ce4       0xba contiki-sky.a(energest.o)
                0x0000000000004ce4                energest_init
                0x0000000000004d0c                energest_type_time
                0x0000000000004d4e                energest_leveldevice_leveltime
                0x0000000000004d54                energest_type_set
                0x0000000000004d62                energest_flush
 .text          0x0000000000004d9e       0x50 contiki-sky.a(rtimer.o)
                0x0000000000004d9e                rtimer_init
                0x0000000000004da4                rtimer_set
                0x0000000000004dc8                rtimer_run_next
 .text          0x0000000000004dee       0xae contiki-sky.a(metric.o)
                0x0000000000004dee                compute_node_duty_cycle
                0x0000000000004e1e                get_duty_cycle
                0x0000000000004e24                compute_node_state
                0x0000000000004e5a                get_node_state
                0x0000000000004e60                compute_harvesting_rate
                0x0000000000004e96                get_harvesting_rate
 .text          0x0000000000004e9c      0x10e contiki-sky.a(gpio.o)
                0x0000000000004e9c                gpio_arch_init
                0x0000000000004eaa                gpio_arch_get
                0x0000000000004ed8                gpio_arch_set
                0x0000000000004f1a                gpio_init
                0x0000000000004f28                gpio_get
                0x0000000000004f2e                gpio_on
                0x0000000000004f38                gpio_off
                0x0000000000004f42                gpio_invert
                0x0000000000004f4c                gpio_toggle
                0x0000000000004f52                gpio_blink
                0x0000000000004f6e                gpio_green
                0x0000000000004f82                gpio_yellow
                0x0000000000004f96                gpio_red
 .text          0x0000000000004faa     0x1840 contiki-sky.a(energytrace.o)
                0x0000000000005814                cfs_open
                0x00000000000058ba                cfs_close
                0x00000000000058e6                cfs_seek
                0x000000000000596c                cfs_remove
                0x0000000000005986                cfs_read
                0x0000000000005e92                cfs_write
                0x0000000000005fec                cfs_opendir
                0x0000000000005ff8                cfs_readdir
                0x000000000000608a                cfs_closedir
                0x000000000000608c                cfs_coffee_reserve
                0x00000000000060b8                cfs_coffee_configure_log
                0x000000000000611c                cfs_coffee_set_io_semantics
                0x0000000000006146                cfs_coffee_format
                0x0000000000006182                cfs_coffee_get_protected_mem
                0x000000000000618e                clean_message
                0x00000000000061a2                read_lines
                0x000000000000623a                init_solar_file
                0x0000000000006278                get_solar_energy
                0x00000000000062c8                tx_current_consumption
                0x00000000000065f2                energytrace_print
                0x00000000000067c8                energytrace_start
                0x00000000000067e0                energytrace_stop
 .text          0x00000000000067ea     0x11c6 contiki-sky.a(staffetta.o)
                0x00000000000069fc                getWakeups
                0x0000000000006a06                staffetta_send_packet
                0x0000000000007578                sink_busy_wait
                0x000000000000757a                sink_listen
                0x00000000000077f2                staffetta_print_stats
                0x0000000000007808                staffetta_get_energy_consumption
                0x00000000000078b0                staffetta_add_data
                0x00000000000078d6                staffetta_init
 .text          0x00000000000079b0      0x192 contiki-sky.a(msp430.o)
                0x00000000000079b0                w_memcpy
                0x00000000000079c2                w_memset
                0x00000000000079d4                msp430_init_dco
                0x0000000000007a58                msp430_cpu_init
                0x0000000000007a7e                sbrk
                0x0000000000007ad8                splhigh_
                0x0000000000007ae0                splx_
                0x0000000000007ae4                msp430_sync_dco
 .text          0x0000000000007b42      0x15c contiki-sky.a(leds.o)
                0x0000000000007bf2                leds_init
                0x0000000000007c00                leds_get
                0x0000000000007c06                leds_on
                0x0000000000007c1a                leds_off
                0x0000000000007c2e                leds_invert
                0x0000000000007c38                leds_toggle
                0x0000000000007c3e                leds_blink
                0x0000000000007c62                leds_green
                0x0000000000007c76                leds_yellow
                0x0000000000007c8a                leds_red
 .text          0x0000000000007c9e       0x20 contiki-sky.a(watchdog.o)
                0x0000000000007c9e                __isr_10
                0x0000000000007c9e                watchdog_interrupt
                0x0000000000007ca0                watchdog_init
                0x0000000000007cb6                watchdog_start
                0x0000000000007cb8                watchdog_periodic
                0x0000000000007cba                watchdog_stop
                0x0000000000007cbc                watchdog_reboot
 .text          0x0000000000007cbe      0x358 contiki-sky.a(xmem.o)
                0x0000000000007d2e                xmem_init
                0x0000000000007d4a                xmem_pread
                0x0000000000007e22                xmem_pwrite
                0x0000000000007f60                xmem_erase
 .text          0x0000000000008016      0x468 contiki-sky.a(cc2420.o)
                0x0000000000008032                cc2420_init
                0x000000000000831a                cc2420_set_channel
                0x000000000000837e                cc2420_set_txpower
                0x0000000000008424                cc2420_get_txpower
 .text          0x000000000000847e       0x6e contiki-sky.a(node-id.o)
                0x000000000000847e                node_id_restore
                0x00000000000084b6                node_id_burn
 .text          0x00000000000084ec      0x1b2 contiki-sky.a(uart1.o)
                0x00000000000084ec                uart1_active
                0x0000000000008504                uart1_set_input
                0x000000000000850a                uart1_writeb
                0x000000000000853c                uart1_init
                0x000000000000861a                uart1_rx_interrupt
                0x000000000000861a                __isr_3
                0x000000000000866e                __isr_2
                0x000000000000866e                uart1_tx_interrupt
 .text          0x000000000000869e      0x1b2 contiki-sky.a(clock.o)
                0x000000000000869e                etimer_interrupt
                0x0000000000008710                __isr_5
                0x0000000000008710                timera1
                0x0000000000008780                clock_time
                0x000000000000879a                clock_set
                0x00000000000087b0                clock_fine_max
                0x00000000000087b6                clock_fine
                0x00000000000087c0                clock_init
                0x00000000000087e8                clock_delay
                0x00000000000087ee                clock_wait
                0x000000000000882e                clock_set_seconds
                0x0000000000008830                clock_seconds
                0x000000000000884a                clock_counter
 .text          0x0000000000008850       0x7c contiki-sky.a(leds-arch.o)
                0x0000000000008850                leds_arch_init
                0x000000000000885e                leds_arch_get
                0x0000000000008892                leds_arch_set
 .text          0x00000000000088cc       0x10 contiki-sky.a(uart1-putchar.o)
                0x00000000000088cc                putchar
 .text          0x00000000000088dc       0x3c contiki-sky.a(rtimer-arch.o)
                0x00000000000088dc                __isr_6
                0x00000000000088dc                timera0
                0x00000000000088f8                rtimer_arch_init
                0x0000000000008906                rtimer_arch_schedule
 .text          0x0000000000008918       0x88 contiki-sky.a(rand.o)
                0x0000000000008918                rand
                0x0000000000008996                srand
 .text          0x00000000000089a0       0x90 contiki-sky.a(timer.o)
                0x00000000000089a0                timer_set
                0x00000000000089bc                timer_reset
                0x00000000000089ca                timer_restart
                0x00000000000089de                timer_expired
                0x0000000000008a08                timer_remaining
 .text          0x0000000000008a30      0x1e4 contiki-sky.a(ctimer.o)
                0x0000000000008ad4                ctimer_init
                0x0000000000008aec                ctimer_set
                0x0000000000008b46                ctimer_reset
                0x0000000000008b80                ctimer_restart
                0x0000000000008bba                ctimer_stop
                0x0000000000008be2                ctimer_expired
 .text          0x0000000000008c14       0x98 contiki-sky.a(ringbuf.o)
                0x0000000000008c14                ringbuf_init
                0x0000000000008c28                ringbuf_put
                0x0000000000008c60                ringbuf_get
                0x0000000000008c92                ringbuf_size
                0x0000000000008c9a                ringbuf_elements
 .text          0x0000000000008cac       0x32 contiki-sky.a(spi.o)
                0x0000000000008cac                spi_init
 .text          0x0000000000008cde       0xfe contiki-sky.a(list.o)
                0x0000000000008cde                list_init
                0x0000000000008ce4                list_head
                0x0000000000008ce8                list_copy
                0x0000000000008cee                list_tail
                0x0000000000008d00                list_chop
                0x0000000000008d24                list_pop
                0x0000000000008d32                list_remove
                0x0000000000008d66                list_push
                0x0000000000008d80                list_add
                0x0000000000008daa                list_length
                0x0000000000008dba                list_insert
                0x0000000000008dd0                list_item_next
 .text          0x0000000000008ddc        0x0 /usr/bin/../lib/gcc/msp430/4.6.3/mmpy-16/libgcc.a(_mulsi3.o)
 .text.libgcc   0x0000000000008ddc       0x2c /usr/bin/../lib/gcc/msp430/4.6.3/mmpy-16/libgcc.a(_mulsi3.o)
                0x0000000000008ddc                __mulsi3
 .text          0x0000000000008e08        0x0 /usr/bin/../lib/gcc/msp430/4.6.3/mmpy-16/libgcc.a(_udivmod16.o)
 .text.libgcc   0x0000000000008e08       0x22 /usr/bin/../lib/gcc/msp430/4.6.3/mmpy-16/libgcc.a(_udivmod16.o)
                0x0000000000008e08                __udivhi3
                0x0000000000008e08                __ext_udivmod16
                0x0000000000008e22                __umodhi3
 .text          0x0000000000008e2a        0x0 /usr/bin/../lib/gcc/msp430/4.6.3/mmpy-16/libgcc.a(_divmod16.o)
 .text.libgcc   0x0000000000008e2a       0x3a /usr/bin/../lib/gcc/msp430/4.6.3/mmpy-16/libgcc.a(_divmod16.o)
                0x0000000000008e2a                __ext_divmod16
                0x0000000000008e2a                __divhi3
                0x0000000000008e5c                __modhi3
 .text          0x0000000000008e64        0x0 /usr/bin/../lib/gcc/msp430/4.6.3/mmpy-16/libgcc.a(_udivmod32.o)
 .text.libgcc   0x0000000000008e64       0x40 /usr/bin/../lib/gcc/msp430/4.6.3/mmpy-16/libgcc.a(_udivmod32.o)
                0x0000000000008e64                __udivsi3
                0x0000000000008e64                __ext_udivmod32
                0x0000000000008e9a                __umodsi3
 .text          0x0000000000008ea4        0x0 /usr/bin/../lib/gcc/msp430/4.6.3/mmpy-16/libgcc.a(_divmod32.o)
 .text.libgcc   0x0000000000008ea4       0x4c /usr/bin/../lib/gcc/msp430/4.6.3/mmpy-16/libgcc.a(_divmod32.o)
                0x0000000000008ea4                __ext_divmod32
                0x0000000000008ea4                __divsi3
                0x0000000000008ee6                __modsi3
 .text          0x0000000000008ef0       0x1e /usr/bin/../lib/gcc/msp430/4.6.3/../../../../msp430/lib/mmpy-16/libc.a(strcmp.o)
                0x0000000000008ef0                strcmp
 .text          0x0000000000008f0e       0x2a /usr/bin/../lib/gcc/msp430/4.6.3/../../../../msp430/lib/mmpy-16/libc.a(strncpy.o)
                0x0000000000008f0e                strncpy
 .text          0x0000000000008f38       0x8a /usr/bin/../lib/gcc/msp430/4.6.3/../../../../msp430/lib/mmpy-16/libc.a(atoi.o)
                0x0000000000008f38                atoi
 .text          0x0000000000008fc2       0x1e /usr/bin/../lib/gcc/msp430/4.6.3/../../../../msp430/lib/mmpy-16/libc.a(printf.o)
                0x0000000000008fc2                printf
                0x0000000000008fd2                vprintf
 .text          0x0000000000008fe0      0x836 /usr/bin/../lib/gcc/msp430/4.6.3/../../../../msp430/lib/mmpy-16/libc.a(vuprintf.o)
                0x0000000000009178                vuprintf
 .text          0x0000000000009816       0x2c /usr/bin/../lib/gcc/msp430/4.6.3/../../../../msp430/lib/mmpy-16/libc.a(puts.o)
                0x0000000000009816                puts
 .text          0x0000000000009842        0x0 /usr/bin/../lib/gcc/msp430/4.6.3/mmpy-16/libgcc.a(_udivmod64.o)
 .text.libgcc   0x0000000000009842       0xf0 /usr/bin/../lib/gcc/msp430/4.6.3/mmpy-16/libgcc.a(_udivmod64.o)
                0x0000000000009842                __xabi_udivmod64
                0x00000000000098a0                __udivdi3
                0x00000000000098c6                __umoddi3
                0x00000000000098f4                __udivmoddi4
 .text          0x0000000000009932        0x0 /usr/bin/../lib/gcc/msp430/4.6.3/mmpy-16/libcrt0.a(_reset_vector__.o)
 .text          0x0000000000009932        0x0 /usr/bin/../lib/gcc/msp430/4.6.3/mmpy-16/libcrt0.a(__watchdog_support.o)
 .text          0x0000000000009932        0x0 /usr/bin/../lib/gcc/msp430/4.6.3/mmpy-16/libcrt0.a(__init_stack.o)
 .text          0x0000000000009932        0x0 /usr/bin/../lib/gcc/msp430/4.6.3/mmpy-16/libcrt0.a(__low_level_init.o)
 .text          0x0000000000009932        0x0 /usr/bin/../lib/gcc/msp430/4.6.3/mmpy-16/libcrt0.a(_copy_data.o)
 .text          0x0000000000009932        0x0 /usr/bin/../lib/gcc/msp430/4.6.3/mmpy-16/libcrt0.a(_clear_bss.o)
 .text          0x0000000000009932        0x0 /usr/bin/../lib/gcc/msp430/4.6.3/mmpy-16/libcrt0.a(__stop_progExec__.o)
 .text          0x0000000000009932        0x0 /usr/bin/../lib/gcc/msp430/4.6.3/mmpy-16/libcrt0.a(_endless_loop__.o)
 .text          0x0000000000009932        0x0 /usr/bin/../lib/gcc/msp430/4.6.3/mmpy-16/libcrt0.a(_unexpected_.o)
 .text.crt0     0x0000000000009932        0x2 /usr/bin/../lib/gcc/msp430/4.6.3/mmpy-16/libcrt0.a(_unexpected_.o)
                0x0000000000009932                _unexpected_
                0x0000000000009934                . = ALIGN (0x2)

.rodata         0x0000000000009934      0x188
                0x0000000000009934                . = ALIGN (0x2)
 *(.rodata .rodata.* .gnu.linkonce.r.*)
 .rodata        0x0000000000009934       0x50 staffetta-test.co
                0x0000000000009970                autostart_processes
 .rodata        0x0000000000009984       0x50 obj_sky/contiki-sky-main.o
 .rodata        0x00000000000099d4        0xc contiki-sky.a(etimer.o)
 .rodata        0x00000000000099e0       0x76 contiki-sky.a(energytrace.o)
 .rodata        0x0000000000009a56       0x50 contiki-sky.a(staffetta.o)
 .rodata        0x0000000000009aa6        0xf contiki-sky.a(ctimer.o)
 .rodata        0x0000000000009ab5        0x7 /usr/bin/../lib/gcc/msp430/4.6.3/../../../../msp430/lib/mmpy-16/libc.a(vuprintf.o)
                0x0000000000009abc                . = ALIGN (0x2)
                0x0000000000009abc                _etext = .

.data           0x0000000000001100       0x4e load address 0x0000000000009abc
                0x0000000000001100                . = ALIGN (0x2)
                0x0000000000001100                PROVIDE (__data_start, .)
 *(.data .data.* .gnu.linkonce.d.*)
 .data          0x0000000000001100        0x0 /usr/bin/../lib/gcc/msp430/4.6.3/mmpy-16/crt0ivtbl16.o
 .data          0x0000000000001100       0x14 staffetta-test.co
                0x0000000000001100                staffetta_print_stats_process
                0x000000000000110a                staffetta_test
 .data          0x0000000000001114        0x4 obj_sky/contiki-sky-main.o
                0x0000000000001114                TOS_LOCAL_ADDRESS
                0x0000000000001116                TOS_NODE_ID
 .data          0x0000000000001118        0x0 contiki-sky.a(process.o)
 .data          0x0000000000001118        0x0 contiki-sky.a(autostart.o)
 .data          0x0000000000001118        0x0 contiki-sky.a(random.o)
 .data          0x0000000000001118        0xa contiki-sky.a(etimer.o)
                0x0000000000001118                etimer_process
 .data          0x0000000000001122        0x0 contiki-sky.a(energest.o)
 .data          0x0000000000001122        0x0 contiki-sky.a(rtimer.o)
 .data          0x0000000000001122        0x0 contiki-sky.a(metric.o)
 .data          0x0000000000001122        0x0 contiki-sky.a(gpio.o)
 .data          0x0000000000001122       0x18 contiki-sky.a(energytrace.o)
                0x0000000000001122                energytrace_process_print
                0x000000000000112c                energytrace_process
                0x0000000000001136                remaining_energy
 .data          0x000000000000113a        0x8 contiki-sky.a(staffetta.o)
 .data          0x0000000000001142        0x2 contiki-sky.a(msp430.o)
 .data          0x0000000000001144        0x0 contiki-sky.a(leds.o)
 .data          0x0000000000001144        0x0 contiki-sky.a(watchdog.o)
 .data          0x0000000000001144        0x0 contiki-sky.a(xmem.o)
 .data          0x0000000000001144        0x0 contiki-sky.a(cc2420.o)
 .data          0x0000000000001144        0x0 contiki-sky.a(node-id.o)
 .data          0x0000000000001144        0x0 contiki-sky.a(uart1.o)
 .data          0x0000000000001144        0x0 contiki-sky.a(clock.o)
 .data          0x0000000000001144        0x0 contiki-sky.a(leds-arch.o)
 .data          0x0000000000001144        0x0 contiki-sky.a(uart1-putchar.o)
 .data          0x0000000000001144        0x0 contiki-sky.a(rtimer-arch.o)
 .data          0x0000000000001144        0x0 contiki-sky.a(rand.o)
 .data          0x0000000000001144        0x0 contiki-sky.a(timer.o)
 .data          0x0000000000001144        0xa contiki-sky.a(ctimer.o)
                0x0000000000001144                ctimer_process
 .data          0x000000000000114e        0x0 contiki-sky.a(ringbuf.o)
 .data          0x000000000000114e        0x0 contiki-sky.a(spi.o)
 .data          0x000000000000114e        0x0 contiki-sky.a(list.o)
 .data          0x000000000000114e        0x0 /usr/bin/../lib/gcc/msp430/4.6.3/mmpy-16/libgcc.a(_mulsi3.o)
 .data          0x000000000000114e        0x0 /usr/bin/../lib/gcc/msp430/4.6.3/mmpy-16/libgcc.a(_udivmod16.o)
 .data          0x000000000000114e        0x0 /usr/bin/../lib/gcc/msp430/4.6.3/mmpy-16/libgcc.a(_divmod16.o)
 .data          0x000000000000114e        0x0 /usr/bin/../lib/gcc/msp430/4.6.3/mmpy-16/libgcc.a(_udivmod32.o)
 .data          0x000000000000114e        0x0 /usr/bin/../lib/gcc/msp430/4.6.3/mmpy-16/libgcc.a(_divmod32.o)
 .data          0x000000000000114e        0x0 /usr/bin/../lib/gcc/msp430/4.6.3/../../../../msp430/lib/mmpy-16/libc.a(strcmp.o)
 .data          0x000000000000114e        0x0 /usr/bin/../lib/gcc/msp430/4.6.3/../../../../msp430/lib/mmpy-16/libc.a(strncpy.o)
 .data          0x000000000000114e        0x0 /usr/bin/../lib/gcc/msp430/4.6.3/../../../../msp430/lib/mmpy-16/libc.a(atoi.o)
 .data          0x000000000000114e        0x0 /usr/bin/../lib/gcc/msp430/4.6.3/../../../../msp430/lib/mmpy-16/libc.a(printf.o)
 .data          0x000000000000114e        0x0 /usr/bin/../lib/gcc/msp430/4.6.3/../../../../msp430/lib/mmpy-16/libc.a(vuprintf.o)
 .data          0x000000000000114e        0x0 /usr/bin/../lib/gcc/msp430/4.6.3/../../../../msp430/lib/mmpy-16/libc.a(puts.o)
 .data          0x000000000000114e        0x0 /usr/bin/../lib/gcc/msp430/4.6.3/mmpy-16/libgcc.a(_udivmod64.o)
 .data          0x000000000000114e        0x0 /usr/bin/../lib/gcc/msp430/4.6.3/mmpy-16/libcrt0.a(_reset_vector__.o)
 .data          0x000000000000114e        0x0 /usr/bin/../lib/gcc/msp430/4.6.3/mmpy-16/libcrt0.a(__watchdog_support.o)
 .data          0x000000000000114e        0x0 /usr/bin/../lib/gcc/msp430/4.6.3/mmpy-16/libcrt0.a(__init_stack.o)
 .data          0x000000000000114e        0x0 /usr/bin/../lib/gcc/msp430/4.6.3/mmpy-16/libcrt0.a(__low_level_init.o)
 .data          0x000000000000114e        0x0 /usr/bin/../lib/gcc/msp430/4.6.3/mmpy-16/libcrt0.a(_copy_data.o)
 .data          0x000000000000114e        0x0 /usr/bin/../lib/gcc/msp430/4.6.3/mmpy-16/libcrt0.a(_clear_bss.o)
 .data          0x000000000000114e        0x0 /usr/bin/../lib/gcc/msp430/4.6.3/mmpy-16/libcrt0.a(__stop_progExec__.o)
 .data          0x000000000000114e        0x0 /usr/bin/../lib/gcc/msp430/4.6.3/mmpy-16/libcrt0.a(_endless_loop__.o)
 .data          0x000000000000114e        0x0 /usr/bin/../lib/gcc/msp430/4.6.3/mmpy-16/libcrt0.a(_unexpected_.o)
                0x000000000000114e                . = ALIGN (0x2)
                0x000000000000114e                _edata = .
                0x0000000000009abc                PROVIDE (__data_load_start, LOADADDR (.data))
                0x000000000000004e                PROVIDE (__data_size, SIZEOF (.data))

.bss            0x000000000000114e      0x99e load address 0x0000000000009b0a
                0x000000000000114e                PROVIDE (__bss_start, .)
 *(.bss .bss.*)
 .bss           0x000000000000114e        0x0 /usr/bin/../lib/gcc/msp430/4.6.3/mmpy-16/crt0ivtbl16.o
 .bss           0x000000000000114e       0x1c staffetta-test.co
 .bss           0x000000000000116a        0x4 obj_sky/contiki-sky-main.o
 .bss           0x000000000000116e       0x42 contiki-sky.a(process.o)
                0x000000000000116e                process_current
                0x0000000000001170                process_list
 .bss           0x00000000000011b0        0x0 contiki-sky.a(autostart.o)
 .bss           0x00000000000011b0        0x0 contiki-sky.a(random.o)
 .bss           0x00000000000011b0        0x6 contiki-sky.a(etimer.o)
 .bss           0x00000000000011b6        0x0 contiki-sky.a(energest.o)
 .bss           0x00000000000011b6        0x2 contiki-sky.a(rtimer.o)
 .bss           0x00000000000011b8        0x4 contiki-sky.a(metric.o)
                0x00000000000011b8                harvesting_rate
                0x00000000000011ba                node_energy_state
 .bss           0x00000000000011bc        0x2 contiki-sky.a(gpio.o)
 .bss           0x00000000000011be       0xce contiki-sky.a(energytrace.o)
                0x00000000000011be                acum_harvest
                0x00000000000011c2                acum_consumption
                0x00000000000011c6                harvesting_array_index
                0x00000000000011c8                harvesting_rate_array
                0x00000000000011dc                node_dc_state
                0x00000000000011de                node_state_old
 .bss           0x000000000000128c      0x74e contiki-sky.a(staffetta.o)
 .bss           0x00000000000019da        0x0 contiki-sky.a(msp430.o)
 .bss           0x00000000000019da        0x2 contiki-sky.a(leds.o)
 .bss           0x00000000000019dc        0x2 contiki-sky.a(watchdog.o)
 .bss           0x00000000000019de        0x0 contiki-sky.a(xmem.o)
 .bss           0x00000000000019de        0x0 contiki-sky.a(cc2420.o)
 .bss           0x00000000000019de        0x2 contiki-sky.a(node-id.o)
                0x00000000000019de                node_id
 .bss           0x00000000000019e0       0x4a contiki-sky.a(uart1.o)
 .bss           0x0000000000001a2a        0xa contiki-sky.a(clock.o)
 .bss           0x0000000000001a34        0x0 contiki-sky.a(leds-arch.o)
 .bss           0x0000000000001a34        0x0 contiki-sky.a(uart1-putchar.o)
 .bss           0x0000000000001a34        0x0 contiki-sky.a(rtimer-arch.o)
 .bss           0x0000000000001a34        0x0 contiki-sky.a(rand.o)
 .bss           0x0000000000001a34        0x0 contiki-sky.a(timer.o)
 .bss           0x0000000000001a34        0x4 contiki-sky.a(ctimer.o)
 .bss           0x0000000000001a38        0x0 contiki-sky.a(ringbuf.o)
 .bss           0x0000000000001a38        0x2 contiki-sky.a(spi.o)
                0x0000000000001a38                spi_busy
 .bss           0x0000000000001a3a        0x0 contiki-sky.a(list.o)
 .bss           0x0000000000001a3a        0x0 /usr/bin/../lib/gcc/msp430/4.6.3/mmpy-16/libgcc.a(_mulsi3.o)
 .bss           0x0000000000001a3a        0x0 /usr/bin/../lib/gcc/msp430/4.6.3/mmpy-16/libgcc.a(_udivmod16.o)
 .bss           0x0000000000001a3a        0x0 /usr/bin/../lib/gcc/msp430/4.6.3/mmpy-16/libgcc.a(_divmod16.o)
 .bss           0x0000000000001a3a        0x0 /usr/bin/../lib/gcc/msp430/4.6.3/mmpy-16/libgcc.a(_udivmod32.o)
 .bss           0x0000000000001a3a        0x0 /usr/bin/../lib/gcc/msp430/4.6.3/mmpy-16/libgcc.a(_divmod32.o)
 .bss           0x0000000000001a3a        0x0 /usr/bin/../lib/gcc/msp430/4.6.3/../../../../msp430/lib/mmpy-16/libc.a(strcmp.o)
 .bss           0x0000000000001a3a        0x0 /usr/bin/../lib/gcc/msp430/4.6.3/../../../../msp430/lib/mmpy-16/libc.a(strncpy.o)
 .bss           0x0000000000001a3a        0x0 /usr/bin/../lib/gcc/msp430/4.6.3/../../../../msp430/lib/mmpy-16/libc.a(atoi.o)
 .bss           0x0000000000001a3a        0x0 /usr/bin/../lib/gcc/msp430/4.6.3/../../../../msp430/lib/mmpy-16/libc.a(printf.o)
 .bss           0x0000000000001a3a        0x0 /usr/bin/../lib/gcc/msp430/4.6.3/../../../../msp430/lib/mmpy-16/libc.a(vuprintf.o)
 .bss           0x0000000000001a3a        0x0 /usr/bin/../lib/gcc/msp430/4.6.3/../../../../msp430/lib/mmpy-16/libc.a(puts.o)
 .bss           0x0000000000001a3a        0x0 /usr/bin/../lib/gcc/msp430/4.6.3/mmpy-16/libgcc.a(_udivmod64.o)
 .bss           0x0000000000001a3a        0x0 /usr/bin/../lib/gcc/msp430/4.6.3/mmpy-16/libcrt0.a(_reset_vector__.o)
 .bss           0x0000000000001a3a        0x0 /usr/bin/../lib/gcc/msp430/4.6.3/mmpy-16/libcrt0.a(__watchdog_support.o)
 .bss           0x0000000000001a3a        0x0 /usr/bin/../lib/gcc/msp430/4.6.3/mmpy-16/libcrt0.a(__init_stack.o)
 .bss           0x0000000000001a3a        0x0 /usr/bin/../lib/gcc/msp430/4.6.3/mmpy-16/libcrt0.a(__low_level_init.o)
 .bss           0x0000000000001a3a        0x0 /usr/bin/../lib/gcc/msp430/4.6.3/mmpy-16/libcrt0.a(_copy_data.o)
 .bss           0x0000000000001a3a        0x0 /usr/bin/../lib/gcc/msp430/4.6.3/mmpy-16/libcrt0.a(_clear_bss.o)
 .bss           0x0000000000001a3a        0x0 /usr/bin/../lib/gcc/msp430/4.6.3/mmpy-16/libcrt0.a(__stop_progExec__.o)
 .bss           0x0000000000001a3a        0x0 /usr/bin/../lib/gcc/msp430/4.6.3/mmpy-16/libcrt0.a(_endless_loop__.o)
 .bss           0x0000000000001a3a        0x0 /usr/bin/../lib/gcc/msp430/4.6.3/mmpy-16/libcrt0.a(_unexpected_.o)
 *(COMMON)
 COMMON         0x0000000000001a3a        0x1 contiki-sky.a(process.o)
                0x0000000000001a3a                process_maxevents
 *fill*         0x0000000000001a3b        0x1 00
 COMMON         0x0000000000001a3c       0x56 contiki-sky.a(energest.o)
                0x0000000000001a3c                energest_total_time
                0x0000000000001a6c                energest_total_count
                0x0000000000001a6e                energest_current_mode
                0x0000000000001a7a                energest_current_time
 COMMON         0x0000000000001a92        0x2 contiki-sky.a(metric.o)
                0x0000000000001a92                node_duty_cycle
 COMMON         0x0000000000001a94        0x6 contiki-sky.a(energytrace.o)
                0x0000000000001a94                node_state
                0x0000000000001a96                node_activation_ev
                0x0000000000001a98                fd_read_solar
 COMMON         0x0000000000001a9a       0x52 contiki-sky.a(staffetta.o)
                0x0000000000001a9a                index
                0x0000000000001a9c                edc_id
                0x0000000000001aec                . = ALIGN (0x2)
                0x0000000000001aec                PROVIDE (__bss_end, .)
                0x000000000000099e                PROVIDE (__bss_size, SIZEOF (.bss))

.noinit         0x0000000000001aec        0x6 load address 0x0000000000009b0a
                0x0000000000001aec                PROVIDE (__noinit_start, .)
 *(.noinit .noinit.*)
 .noinit        0x0000000000001aec        0x4 contiki-sky.a(rand.o)
                0x0000000000001aec                rand_state
 .noinit.crt0   0x0000000000001af0        0x2 /usr/bin/../lib/gcc/msp430/4.6.3/mmpy-16/libcrt0.a(__watchdog_support.o)
                0x0000000000001af0                __wdt_clear_value
                0x0000000000001af2                . = ALIGN (0x2)
                0x0000000000001af2                PROVIDE (__noinit_end, .)
                0x0000000000001af2                . = ALIGN (0x2)
                0x0000000000001af2                _end = .

.infomem        0x0000000000001000        0x0
 *(.infomem)
                0x0000000000001000                . = ALIGN (0x2)
 *(.infomem.*)

.infomemnobits  0x0000000000001000        0x0
 *(.infomemnobits)
                0x0000000000001000                . = ALIGN (0x2)
 *(.infomemnobits.*)

.infoa
 *(.infoa .infoa.*)

.infob
 *(.infob .infob.*)

.infoc
 *(.infoc .infoc.*)

.infod
 *(.infod .infod.*)

.vectors        0x000000000000ffe0       0x20
                0x000000000000ffe0                PROVIDE (__vectors_start, .)
 *(.vectors*)
 .vectors       0x000000000000ffe0       0x20 /usr/bin/../lib/gcc/msp430/4.6.3/mmpy-16/crt0ivtbl16.o
                0x000000000000ffe0                __ivtbl_16
                0x0000000000010000                _vectors_end = .

.fartext        0x0000000000000000        0x0
                0x0000000000000000                . = ALIGN (0x2)
 *(.fartext)
                0x0000000000000000                . = ALIGN (0x2)
 *(.fartext.*)
                0x0000000000000000                _efartext = .

.profiler
 *(.profiler)

.stab
 *(.stab)

.stabstr
 *(.stabstr)

.stab.excl
 *(.stab.excl)

.stab.exclstr
 *(.stab.exclstr)

.stab.index
 *(.stab.index)

.stab.indexstr
 *(.stab.indexstr)

.comment
 *(.comment)

.debug
 *(.debug)

.line
 *(.line)

.debug_srcinfo
 *(.debug_srcinfo)

.debug_sfnames
 *(.debug_sfnames)

.debug_aranges  0x0000000000000000      0x3ac
 *(.debug_aranges)
 .debug_aranges
                0x0000000000000000       0x14 staffetta-test.co
 .debug_aranges
                0x0000000000000014       0x14 obj_sky/contiki-sky-main.o
 .debug_aranges
                0x0000000000000028       0x14 contiki-sky.a(process.o)
 .debug_aranges
                0x000000000000003c       0x14 contiki-sky.a(autostart.o)
 .debug_aranges
                0x0000000000000050       0x14 contiki-sky.a(random.o)
 .debug_aranges
                0x0000000000000064       0x14 contiki-sky.a(etimer.o)
 .debug_aranges
                0x0000000000000078       0x14 contiki-sky.a(energest.o)
 .debug_aranges
                0x000000000000008c       0x14 contiki-sky.a(rtimer.o)
 .debug_aranges
                0x00000000000000a0       0x14 contiki-sky.a(metric.o)
 .debug_aranges
                0x00000000000000b4       0x14 contiki-sky.a(gpio.o)
 .debug_aranges
                0x00000000000000c8       0x14 contiki-sky.a(energytrace.o)
 .debug_aranges
                0x00000000000000dc       0x14 contiki-sky.a(staffetta.o)
 .debug_aranges
                0x00000000000000f0       0x14 contiki-sky.a(msp430.o)
 .debug_aranges
                0x0000000000000104       0x14 contiki-sky.a(leds.o)
 .debug_aranges
                0x0000000000000118       0x14 contiki-sky.a(watchdog.o)
 .debug_aranges
                0x000000000000012c       0x14 contiki-sky.a(xmem.o)
 .debug_aranges
                0x0000000000000140       0x14 contiki-sky.a(cc2420.o)
 .debug_aranges
                0x0000000000000154       0x14 contiki-sky.a(node-id.o)
 .debug_aranges
                0x0000000000000168       0x14 contiki-sky.a(uart1.o)
 .debug_aranges
                0x000000000000017c       0x14 contiki-sky.a(clock.o)
 .debug_aranges
                0x0000000000000190       0x14 contiki-sky.a(leds-arch.o)
 .debug_aranges
                0x00000000000001a4       0x14 contiki-sky.a(uart1-putchar.o)
 .debug_aranges
                0x00000000000001b8       0x14 contiki-sky.a(rtimer-arch.o)
 .debug_aranges
                0x00000000000001cc       0x14 contiki-sky.a(rand.o)
 .debug_aranges
                0x00000000000001e0       0x14 contiki-sky.a(timer.o)
 .debug_aranges
                0x00000000000001f4       0x14 contiki-sky.a(ctimer.o)
 .debug_aranges
                0x0000000000000208       0x14 contiki-sky.a(ringbuf.o)
 .debug_aranges
                0x000000000000021c       0x14 contiki-sky.a(spi.o)
 .debug_aranges
                0x0000000000000230       0x14 contiki-sky.a(list.o)
 .debug_aranges
                0x0000000000000244       0x14 /usr/bin/../lib/gcc/msp430/4.6.3/mmpy-16/libgcc.a(_mulsi3.o)
 .debug_aranges
                0x0000000000000258       0x14 /usr/bin/../lib/gcc/msp430/4.6.3/mmpy-16/libgcc.a(_udivmod16.o)
 .debug_aranges
                0x000000000000026c       0x14 /usr/bin/../lib/gcc/msp430/4.6.3/mmpy-16/libgcc.a(_divmod16.o)
 .debug_aranges
                0x0000000000000280       0x14 /usr/bin/../lib/gcc/msp430/4.6.3/mmpy-16/libgcc.a(_udivmod32.o)
 .debug_aranges
                0x0000000000000294       0x14 /usr/bin/../lib/gcc/msp430/4.6.3/mmpy-16/libgcc.a(_divmod32.o)
 .debug_aranges
                0x00000000000002a8       0x14 /usr/bin/../lib/gcc/msp430/4.6.3/../../../../msp430/lib/mmpy-16/libc.a(strcmp.o)
 .debug_aranges
                0x00000000000002bc       0x14 /usr/bin/../lib/gcc/msp430/4.6.3/../../../../msp430/lib/mmpy-16/libc.a(strncpy.o)
 .debug_aranges
                0x00000000000002d0       0x14 /usr/bin/../lib/gcc/msp430/4.6.3/../../../../msp430/lib/mmpy-16/libc.a(atoi.o)
 .debug_aranges
                0x00000000000002e4       0x14 /usr/bin/../lib/gcc/msp430/4.6.3/../../../../msp430/lib/mmpy-16/libc.a(printf.o)
 .debug_aranges
                0x00000000000002f8       0x14 /usr/bin/../lib/gcc/msp430/4.6.3/../../../../msp430/lib/mmpy-16/libc.a(vuprintf.o)
 .debug_aranges
                0x000000000000030c       0x14 /usr/bin/../lib/gcc/msp430/4.6.3/../../../../msp430/lib/mmpy-16/libc.a(puts.o)
 .debug_aranges
                0x0000000000000320       0x14 /usr/bin/../lib/gcc/msp430/4.6.3/mmpy-16/libgcc.a(_udivmod64.o)
 .debug_aranges
                0x0000000000000334       0x14 /usr/bin/../lib/gcc/msp430/4.6.3/mmpy-16/libcrt0.a(__watchdog_support.o)
 .debug_aranges
                0x0000000000000348       0x14 /usr/bin/../lib/gcc/msp430/4.6.3/mmpy-16/libcrt0.a(__init_stack.o)
 .debug_aranges
                0x000000000000035c       0x14 /usr/bin/../lib/gcc/msp430/4.6.3/mmpy-16/libcrt0.a(_copy_data.o)
 .debug_aranges
                0x0000000000000370       0x14 /usr/bin/../lib/gcc/msp430/4.6.3/mmpy-16/libcrt0.a(_clear_bss.o)
 .debug_aranges
                0x0000000000000384       0x14 /usr/bin/../lib/gcc/msp430/4.6.3/mmpy-16/libcrt0.a(_endless_loop__.o)
 .debug_aranges
                0x0000000000000398       0x14 /usr/bin/../lib/gcc/msp430/4.6.3/mmpy-16/libcrt0.a(_unexpected_.o)

.debug_pubnames
 *(.debug_pubnames)

.debug_info     0x0000000000000000     0x801d
 *(.debug_info)
 .debug_info    0x0000000000000000      0x42c staffetta-test.co
 .debug_info    0x000000000000042c      0x354 obj_sky/contiki-sky-main.o
 .debug_info    0x0000000000000780      0x53f contiki-sky.a(process.o)
 .debug_info    0x0000000000000cbf      0x1ad contiki-sky.a(autostart.o)
 .debug_info    0x0000000000000e6c       0xa0 contiki-sky.a(random.o)
 .debug_info    0x0000000000000f0c      0x4aa contiki-sky.a(etimer.o)
 .debug_info    0x00000000000013b6      0x265 contiki-sky.a(energest.o)
 .debug_info    0x000000000000161b      0x203 contiki-sky.a(rtimer.o)
 .debug_info    0x000000000000181e      0x1f9 contiki-sky.a(metric.o)
 .debug_info    0x0000000000001a17      0x279 contiki-sky.a(gpio.o)
 .debug_info    0x0000000000001c90     0x1dd7 contiki-sky.a(energytrace.o)
 .debug_info    0x0000000000003a67      0xe07 contiki-sky.a(staffetta.o)
 .debug_info    0x000000000000486e      0x36a contiki-sky.a(msp430.o)
 .debug_info    0x0000000000004bd8      0x2fd contiki-sky.a(leds.o)
 .debug_info    0x0000000000004ed5      0x129 contiki-sky.a(watchdog.o)
 .debug_info    0x0000000000004ffe      0x4a8 contiki-sky.a(xmem.o)
 .debug_info    0x00000000000054a6      0x3f8 contiki-sky.a(cc2420.o)
 .debug_info    0x000000000000589e       0xde contiki-sky.a(node-id.o)
 .debug_info    0x000000000000597c      0x2d6 contiki-sky.a(uart1.o)
 .debug_info    0x0000000000005c52      0x391 contiki-sky.a(clock.o)
 .debug_info    0x0000000000005fe3       0xd9 contiki-sky.a(leds-arch.o)
 .debug_info    0x00000000000060bc       0x8b contiki-sky.a(uart1-putchar.o)
 .debug_info    0x0000000000006147       0xef contiki-sky.a(rtimer-arch.o)
 .debug_info    0x0000000000006236      0x14c contiki-sky.a(rand.o)
 .debug_info    0x0000000000006382      0x170 contiki-sky.a(timer.o)
 .debug_info    0x00000000000064f2      0x488 contiki-sky.a(ctimer.o)
 .debug_info    0x000000000000697a      0x1b0 contiki-sky.a(ringbuf.o)
 .debug_info    0x0000000000006b2a      0x132 contiki-sky.a(spi.o)
 .debug_info    0x0000000000006c5c      0x2f0 contiki-sky.a(list.o)
 .debug_info    0x0000000000006f4c       0xb4 /usr/bin/../lib/gcc/msp430/4.6.3/mmpy-16/libgcc.a(_mulsi3.o)
 .debug_info    0x0000000000007000       0xb4 /usr/bin/../lib/gcc/msp430/4.6.3/mmpy-16/libgcc.a(_udivmod16.o)
 .debug_info    0x00000000000070b4       0xb4 /usr/bin/../lib/gcc/msp430/4.6.3/mmpy-16/libgcc.a(_divmod16.o)
 .debug_info    0x0000000000007168       0xb4 /usr/bin/../lib/gcc/msp430/4.6.3/mmpy-16/libgcc.a(_udivmod32.o)
 .debug_info    0x000000000000721c       0xb4 /usr/bin/../lib/gcc/msp430/4.6.3/mmpy-16/libgcc.a(_divmod32.o)
 .debug_info    0x00000000000072d0       0xa4 /usr/bin/../lib/gcc/msp430/4.6.3/../../../../msp430/lib/mmpy-16/libc.a(strcmp.o)
 .debug_info    0x0000000000007374       0xe1 /usr/bin/../lib/gcc/msp430/4.6.3/../../../../msp430/lib/mmpy-16/libc.a(strncpy.o)
 .debug_info    0x0000000000007455       0xb4 /usr/bin/../lib/gcc/msp430/4.6.3/../../../../msp430/lib/mmpy-16/libc.a(atoi.o)
 .debug_info    0x0000000000007509      0x105 /usr/bin/../lib/gcc/msp430/4.6.3/../../../../msp430/lib/mmpy-16/libc.a(printf.o)
 .debug_info    0x000000000000760e      0x565 /usr/bin/../lib/gcc/msp430/4.6.3/../../../../msp430/lib/mmpy-16/libc.a(vuprintf.o)
 .debug_info    0x0000000000007b73       0x96 /usr/bin/../lib/gcc/msp430/4.6.3/../../../../msp430/lib/mmpy-16/libc.a(puts.o)
 .debug_info    0x0000000000007c09       0xb4 /usr/bin/../lib/gcc/msp430/4.6.3/mmpy-16/libgcc.a(_udivmod64.o)
 .debug_info    0x0000000000007cbd       0x90 /usr/bin/../lib/gcc/msp430/4.6.3/mmpy-16/libcrt0.a(__watchdog_support.o)
 .debug_info    0x0000000000007d4d       0x90 /usr/bin/../lib/gcc/msp430/4.6.3/mmpy-16/libcrt0.a(__init_stack.o)
 .debug_info    0x0000000000007ddd       0x90 /usr/bin/../lib/gcc/msp430/4.6.3/mmpy-16/libcrt0.a(_copy_data.o)
 .debug_info    0x0000000000007e6d       0x90 /usr/bin/../lib/gcc/msp430/4.6.3/mmpy-16/libcrt0.a(_clear_bss.o)
 .debug_info    0x0000000000007efd       0x90 /usr/bin/../lib/gcc/msp430/4.6.3/mmpy-16/libcrt0.a(_endless_loop__.o)
 .debug_info    0x0000000000007f8d       0x90 /usr/bin/../lib/gcc/msp430/4.6.3/mmpy-16/libcrt0.a(_unexpected_.o)
 *(.gnu.linkonce.wi.*)

.debug_abbrev   0x0000000000000000     0x2f88
 *(.debug_abbrev)
 .debug_abbrev  0x0000000000000000      0x1b0 staffetta-test.co
 .debug_abbrev  0x00000000000001b0      0x1bc obj_sky/contiki-sky-main.o
 .debug_abbrev  0x000000000000036c      0x323 contiki-sky.a(process.o)
 .debug_abbrev  0x000000000000068f       0xf5 contiki-sky.a(autostart.o)
 .debug_abbrev  0x0000000000000784       0x67 contiki-sky.a(random.o)
 .debug_abbrev  0x00000000000007eb      0x27a contiki-sky.a(etimer.o)
 .debug_abbrev  0x0000000000000a65      0x14e contiki-sky.a(energest.o)
 .debug_abbrev  0x0000000000000bb3      0x139 contiki-sky.a(rtimer.o)
 .debug_abbrev  0x0000000000000cec       0xe2 contiki-sky.a(metric.o)
 .debug_abbrev  0x0000000000000dce      0x115 contiki-sky.a(gpio.o)
 .debug_abbrev  0x0000000000000ee3      0x48e contiki-sky.a(energytrace.o)
 .debug_abbrev  0x0000000000001371      0x447 contiki-sky.a(staffetta.o)
 .debug_abbrev  0x00000000000017b8      0x157 contiki-sky.a(msp430.o)
 .debug_abbrev  0x000000000000190f      0x163 contiki-sky.a(leds.o)
 .debug_abbrev  0x0000000000001a72       0x91 contiki-sky.a(watchdog.o)
 .debug_abbrev  0x0000000000001b03      0x21f contiki-sky.a(xmem.o)
 .debug_abbrev  0x0000000000001d22      0x161 contiki-sky.a(cc2420.o)
 .debug_abbrev  0x0000000000001e83       0x82 contiki-sky.a(node-id.o)
 .debug_abbrev  0x0000000000001f05      0x162 contiki-sky.a(uart1.o)
 .debug_abbrev  0x0000000000002067      0x1b5 contiki-sky.a(clock.o)
 .debug_abbrev  0x000000000000221c       0x97 contiki-sky.a(leds-arch.o)
 .debug_abbrev  0x00000000000022b3       0x50 contiki-sky.a(uart1-putchar.o)
 .debug_abbrev  0x0000000000002303       0xa2 contiki-sky.a(rtimer-arch.o)
 .debug_abbrev  0x00000000000023a5       0xae contiki-sky.a(rand.o)
 .debug_abbrev  0x0000000000002453       0xf8 contiki-sky.a(timer.o)
 .debug_abbrev  0x000000000000254b      0x1cb contiki-sky.a(ctimer.o)
 .debug_abbrev  0x0000000000002716      0x109 contiki-sky.a(ringbuf.o)
 .debug_abbrev  0x000000000000281f       0x97 contiki-sky.a(spi.o)
 .debug_abbrev  0x00000000000028b6      0x151 contiki-sky.a(list.o)
 .debug_abbrev  0x0000000000002a07       0x14 /usr/bin/../lib/gcc/msp430/4.6.3/mmpy-16/libgcc.a(_mulsi3.o)
 .debug_abbrev  0x0000000000002a1b       0x14 /usr/bin/../lib/gcc/msp430/4.6.3/mmpy-16/libgcc.a(_udivmod16.o)
 .debug_abbrev  0x0000000000002a2f       0x14 /usr/bin/../lib/gcc/msp430/4.6.3/mmpy-16/libgcc.a(_divmod16.o)
 .debug_abbrev  0x0000000000002a43       0x14 /usr/bin/../lib/gcc/msp430/4.6.3/mmpy-16/libgcc.a(_udivmod32.o)
 .debug_abbrev  0x0000000000002a57       0x14 /usr/bin/../lib/gcc/msp430/4.6.3/mmpy-16/libgcc.a(_divmod32.o)
 .debug_abbrev  0x0000000000002a6b       0x60 /usr/bin/../lib/gcc/msp430/4.6.3/../../../../msp430/lib/mmpy-16/libc.a(strcmp.o)
 .debug_abbrev  0x0000000000002acb       0x94 /usr/bin/../lib/gcc/msp430/4.6.3/../../../../msp430/lib/mmpy-16/libc.a(strncpy.o)
 .debug_abbrev  0x0000000000002b5f       0x7e /usr/bin/../lib/gcc/msp430/4.6.3/../../../../msp430/lib/mmpy-16/libc.a(atoi.o)
 .debug_abbrev  0x0000000000002bdd       0xd0 /usr/bin/../lib/gcc/msp430/4.6.3/../../../../msp430/lib/mmpy-16/libc.a(printf.o)
 .debug_abbrev  0x0000000000002cad      0x1ef /usr/bin/../lib/gcc/msp430/4.6.3/../../../../msp430/lib/mmpy-16/libc.a(vuprintf.o)
 .debug_abbrev  0x0000000000002e9c       0x60 /usr/bin/../lib/gcc/msp430/4.6.3/../../../../msp430/lib/mmpy-16/libc.a(puts.o)
 .debug_abbrev  0x0000000000002efc       0x14 /usr/bin/../lib/gcc/msp430/4.6.3/mmpy-16/libgcc.a(_udivmod64.o)
 .debug_abbrev  0x0000000000002f10       0x14 /usr/bin/../lib/gcc/msp430/4.6.3/mmpy-16/libcrt0.a(__watchdog_support.o)
 .debug_abbrev  0x0000000000002f24       0x14 /usr/bin/../lib/gcc/msp430/4.6.3/mmpy-16/libcrt0.a(__init_stack.o)
 .debug_abbrev  0x0000000000002f38       0x14 /usr/bin/../lib/gcc/msp430/4.6.3/mmpy-16/libcrt0.a(_copy_data.o)
 .debug_abbrev  0x0000000000002f4c       0x14 /usr/bin/../lib/gcc/msp430/4.6.3/mmpy-16/libcrt0.a(_clear_bss.o)
 .debug_abbrev  0x0000000000002f60       0x14 /usr/bin/../lib/gcc/msp430/4.6.3/mmpy-16/libcrt0.a(_endless_loop__.o)
 .debug_abbrev  0x0000000000002f74       0x14 /usr/bin/../lib/gcc/msp430/4.6.3/mmpy-16/libcrt0.a(_unexpected_.o)

.debug_line     0x0000000000000000     0x36b2
 *(.debug_line)
 .debug_line    0x0000000000000000      0x1a5 staffetta-test.co
 .debug_line    0x00000000000001a5      0x181 obj_sky/contiki-sky-main.o
 .debug_line    0x0000000000000326      0x13d contiki-sky.a(process.o)
 .debug_line    0x0000000000000463       0x96 contiki-sky.a(autostart.o)
 .debug_line    0x00000000000004f9       0x4a contiki-sky.a(random.o)
 .debug_line    0x0000000000000543      0x170 contiki-sky.a(etimer.o)
 .debug_line    0x00000000000006b3       0xe8 contiki-sky.a(energest.o)
 .debug_line    0x000000000000079b       0x81 contiki-sky.a(rtimer.o)
 .debug_line    0x000000000000081c      0x106 contiki-sky.a(metric.o)
 .debug_line    0x0000000000000922      0x126 contiki-sky.a(gpio.o)
 .debug_line    0x0000000000000a48      0x725 contiki-sky.a(energytrace.o)
 .debug_line    0x000000000000116d      0x891 contiki-sky.a(staffetta.o)
 .debug_line    0x00000000000019fe      0x155 contiki-sky.a(msp430.o)
 .debug_line    0x0000000000001b53      0x133 contiki-sky.a(leds.o)
 .debug_line    0x0000000000001c86       0xae contiki-sky.a(watchdog.o)
 .debug_line    0x0000000000001d34      0x1d0 contiki-sky.a(xmem.o)
 .debug_line    0x0000000000001f04      0x32e contiki-sky.a(cc2420.o)
 .debug_line    0x0000000000002232       0x61 contiki-sky.a(node-id.o)
 .debug_line    0x0000000000002293      0x10c contiki-sky.a(uart1.o)
 .debug_line    0x000000000000239f      0x16a contiki-sky.a(clock.o)
 .debug_line    0x0000000000002509       0xe2 contiki-sky.a(leds-arch.o)
 .debug_line    0x00000000000025eb       0x9c contiki-sky.a(uart1-putchar.o)
 .debug_line    0x0000000000002687       0xc5 contiki-sky.a(rtimer-arch.o)
 .debug_line    0x000000000000274c       0xc6 contiki-sky.a(rand.o)
 .debug_line    0x0000000000002812       0xa2 contiki-sky.a(timer.o)
 .debug_line    0x00000000000028b4      0x15d contiki-sky.a(ctimer.o)
 .debug_line    0x0000000000002a11       0xba contiki-sky.a(ringbuf.o)
 .debug_line    0x0000000000002acb       0x9d contiki-sky.a(spi.o)
 .debug_line    0x0000000000002b68       0xd8 contiki-sky.a(list.o)
 .debug_line    0x0000000000002c40       0x74 /usr/bin/../lib/gcc/msp430/4.6.3/mmpy-16/libgcc.a(_mulsi3.o)
 .debug_line    0x0000000000002cb4       0x6d /usr/bin/../lib/gcc/msp430/4.6.3/mmpy-16/libgcc.a(_udivmod16.o)
 .debug_line    0x0000000000002d21       0x78 /usr/bin/../lib/gcc/msp430/4.6.3/mmpy-16/libgcc.a(_divmod16.o)
 .debug_line    0x0000000000002d99       0x7c /usr/bin/../lib/gcc/msp430/4.6.3/mmpy-16/libgcc.a(_udivmod32.o)
 .debug_line    0x0000000000002e15       0x81 /usr/bin/../lib/gcc/msp430/4.6.3/mmpy-16/libgcc.a(_divmod32.o)
 .debug_line    0x0000000000002e96       0x49 /usr/bin/../lib/gcc/msp430/4.6.3/../../../../msp430/lib/mmpy-16/libc.a(strcmp.o)
 .debug_line    0x0000000000002edf       0xb7 /usr/bin/../lib/gcc/msp430/4.6.3/../../../../msp430/lib/mmpy-16/libc.a(strncpy.o)
 .debug_line    0x0000000000002f96       0x6e /usr/bin/../lib/gcc/msp430/4.6.3/../../../../msp430/lib/mmpy-16/libc.a(atoi.o)
 .debug_line    0x0000000000003004       0xb1 /usr/bin/../lib/gcc/msp430/4.6.3/../../../../msp430/lib/mmpy-16/libc.a(printf.o)
 .debug_line    0x00000000000030b5      0x311 /usr/bin/../lib/gcc/msp430/4.6.3/../../../../msp430/lib/mmpy-16/libc.a(vuprintf.o)
 .debug_line    0x00000000000033c6       0x4d /usr/bin/../lib/gcc/msp430/4.6.3/../../../../msp430/lib/mmpy-16/libc.a(puts.o)
 .debug_line    0x0000000000003413       0xc2 /usr/bin/../lib/gcc/msp430/4.6.3/mmpy-16/libgcc.a(_udivmod64.o)
 .debug_line    0x00000000000034d5       0x4f /usr/bin/../lib/gcc/msp430/4.6.3/mmpy-16/libcrt0.a(__watchdog_support.o)
 .debug_line    0x0000000000003524       0x4d /usr/bin/../lib/gcc/msp430/4.6.3/mmpy-16/libcrt0.a(__init_stack.o)
 .debug_line    0x0000000000003571       0x53 /usr/bin/../lib/gcc/msp430/4.6.3/mmpy-16/libcrt0.a(_copy_data.o)
 .debug_line    0x00000000000035c4       0x53 /usr/bin/../lib/gcc/msp430/4.6.3/mmpy-16/libcrt0.a(_clear_bss.o)
 .debug_line    0x0000000000003617       0x4e /usr/bin/../lib/gcc/msp430/4.6.3/mmpy-16/libcrt0.a(_endless_loop__.o)
 .debug_line    0x0000000000003665       0x4d /usr/bin/../lib/gcc/msp430/4.6.3/mmpy-16/libcrt0.a(_unexpected_.o)

.debug_frame    0x0000000000000000     0x137a
 *(.debug_frame)
 .debug_frame   0x0000000000000000       0x7a staffetta-test.co
 .debug_frame   0x000000000000007a       0x50 obj_sky/contiki-sky-main.o
 .debug_frame   0x00000000000000ca       0xe8 contiki-sky.a(process.o)
 .debug_frame   0x00000000000001b2       0x36 contiki-sky.a(autostart.o)
 .debug_frame   0x00000000000001e8       0x2a contiki-sky.a(random.o)
 .debug_frame   0x0000000000000212       0xf8 contiki-sky.a(etimer.o)
 .debug_frame   0x000000000000030a       0x62 contiki-sky.a(energest.o)
 .debug_frame   0x000000000000036c       0x36 contiki-sky.a(rtimer.o)
 .debug_frame   0x00000000000003a2       0x5a contiki-sky.a(metric.o)
 .debug_frame   0x00000000000003fc       0xc0 contiki-sky.a(gpio.o)
 .debug_frame   0x00000000000004bc      0x456 contiki-sky.a(energytrace.o)
 .debug_frame   0x0000000000000912      0x196 contiki-sky.a(staffetta.o)
 .debug_frame   0x0000000000000aa8       0x86 contiki-sky.a(msp430.o)
 .debug_frame   0x0000000000000b2e       0xa2 contiki-sky.a(leds.o)
 .debug_frame   0x0000000000000bd0       0x5a contiki-sky.a(watchdog.o)
 .debug_frame   0x0000000000000c2a       0xc4 contiki-sky.a(xmem.o)
 .debug_frame   0x0000000000000cee       0x6e contiki-sky.a(cc2420.o)
 .debug_frame   0x0000000000000d5c       0x32 contiki-sky.a(node-id.o)
 .debug_frame   0x0000000000000d8e       0x88 contiki-sky.a(uart1.o)
 .debug_frame   0x0000000000000e16       0xd0 contiki-sky.a(clock.o)
 .debug_frame   0x0000000000000ee6       0x36 contiki-sky.a(leds-arch.o)
 .debug_frame   0x0000000000000f1c       0x24 contiki-sky.a(uart1-putchar.o)
 .debug_frame   0x0000000000000f40       0x4a contiki-sky.a(rtimer-arch.o)
 .debug_frame   0x0000000000000f8a       0x40 contiki-sky.a(rand.o)
 .debug_frame   0x0000000000000fca       0x6a contiki-sky.a(timer.o)
 .debug_frame   0x0000000000001034       0xaa contiki-sky.a(ctimer.o)
 .debug_frame   0x00000000000010de       0x5e contiki-sky.a(ringbuf.o)
 .debug_frame   0x000000000000113c       0x1e contiki-sky.a(spi.o)
 .debug_frame   0x000000000000115a       0xbc contiki-sky.a(list.o)
 .debug_frame   0x0000000000001216       0x1e /usr/bin/../lib/gcc/msp430/4.6.3/../../../../msp430/lib/mmpy-16/libc.a(strcmp.o)
 .debug_frame   0x0000000000001234       0x24 /usr/bin/../lib/gcc/msp430/4.6.3/../../../../msp430/lib/mmpy-16/libc.a(strncpy.o)
 .debug_frame   0x0000000000001258       0x24 /usr/bin/../lib/gcc/msp430/4.6.3/../../../../msp430/lib/mmpy-16/libc.a(atoi.o)
 .debug_frame   0x000000000000127c       0x2a /usr/bin/../lib/gcc/msp430/4.6.3/../../../../msp430/lib/mmpy-16/libc.a(printf.o)
 .debug_frame   0x00000000000012a6       0xb0 /usr/bin/../lib/gcc/msp430/4.6.3/../../../../msp430/lib/mmpy-16/libc.a(vuprintf.o)
 .debug_frame   0x0000000000001356       0x24 /usr/bin/../lib/gcc/msp430/4.6.3/../../../../msp430/lib/mmpy-16/libc.a(puts.o)

.debug_str      0x0000000000000000     0x256f
 *(.debug_str)
 .debug_str     0x0000000000000000      0x38f staffetta-test.co
                                        0x436 (size before relaxing)
 .debug_str     0x000000000000038f       0xd2 obj_sky/contiki-sky-main.o
                                        0x382 (size before relaxing)
 .debug_str     0x0000000000000461      0x178 contiki-sky.a(process.o)
                                        0x2cf (size before relaxing)
 .debug_str     0x00000000000005d9       0x3a contiki-sky.a(autostart.o)
                                        0x187 (size before relaxing)
 .debug_str     0x0000000000000613       0x35 contiki-sky.a(random.o)
                                        0x12b (size before relaxing)
 .debug_str     0x0000000000000648      0x133 contiki-sky.a(etimer.o)
                                        0x2dc (size before relaxing)
 .debug_str     0x000000000000077b       0x9b contiki-sky.a(energest.o)
                                        0x325 (size before relaxing)
 .debug_str     0x0000000000000816       0xb8 contiki-sky.a(rtimer.o)
                                        0x2f0 (size before relaxing)
 .debug_str     0x00000000000008ce       0x9e contiki-sky.a(metric.o)
                                        0x34a (size before relaxing)
 .debug_str     0x000000000000096c       0xcf contiki-sky.a(gpio.o)
                                        0x1dd (size before relaxing)
 .debug_str     0x0000000000000a3b      0x7f7 contiki-sky.a(energytrace.o)
                                        0xc0d (size before relaxing)
 .debug_str     0x0000000000001232      0x723 contiki-sky.a(staffetta.o)
                                        0xb10 (size before relaxing)
 .debug_str     0x0000000000001955      0x133 contiki-sky.a(msp430.o)
                                        0x295 (size before relaxing)
 .debug_str     0x0000000000001a88       0x87 contiki-sky.a(leds.o)
                                        0x325 (size before relaxing)
 .debug_str     0x0000000000001b0f       0xa6 contiki-sky.a(watchdog.o)
                                        0x1a4 (size before relaxing)
 .debug_str     0x0000000000001bb5       0xa5 contiki-sky.a(xmem.o)
                                        0x399 (size before relaxing)
 .debug_str     0x0000000000001c5a       0x85 contiki-sky.a(cc2420.o)
                                        0x59d (size before relaxing)
 .debug_str     0x0000000000001cdf       0x3c contiki-sky.a(node-id.o)
                                        0x13a (size before relaxing)
 .debug_str     0x0000000000001d1b      0x12f contiki-sky.a(uart1.o)
                                        0x291 (size before relaxing)
 .debug_str     0x0000000000001e4a       0xdd contiki-sky.a(clock.o)
                                        0x3ab (size before relaxing)
 .debug_str     0x0000000000001f27       0x5a contiki-sky.a(leds-arch.o)
                                        0x161 (size before relaxing)
 .debug_str     0x0000000000001f81       0x2d contiki-sky.a(uart1-putchar.o)
                                        0x123 (size before relaxing)
 .debug_str     0x0000000000001fae       0x62 contiki-sky.a(rtimer-arch.o)
                                        0x184 (size before relaxing)
 .debug_str     0x0000000000002010       0x27 contiki-sky.a(rand.o)
                                        0x268 (size before relaxing)
 .debug_str     0x0000000000002037       0x27 contiki-sky.a(timer.o)
                                        0x176 (size before relaxing)
 .debug_str     0x000000000000205e       0xc0 contiki-sky.a(ctimer.o)
                                        0x397 (size before relaxing)
 .debug_str     0x000000000000211e       0x64 contiki-sky.a(ringbuf.o)
                                        0x189 (size before relaxing)
 .debug_str     0x0000000000002182       0x5d contiki-sky.a(spi.o)
                                        0x198 (size before relaxing)
 .debug_str     0x00000000000021df       0xa8 contiki-sky.a(list.o)
                                        0x13a (size before relaxing)
 .debug_str     0x0000000000002287       0x6b /usr/bin/../lib/gcc/msp430/4.6.3/../../../../msp430/lib/mmpy-16/libc.a(strcmp.o)
                                        0x11f (size before relaxing)
 .debug_str     0x00000000000022f2       0x1b /usr/bin/../lib/gcc/msp430/4.6.3/../../../../msp430/lib/mmpy-16/libc.a(strncpy.o)
                                        0x128 (size before relaxing)
 .debug_str     0x000000000000230d       0x1a /usr/bin/../lib/gcc/msp430/4.6.3/../../../../msp430/lib/mmpy-16/libc.a(atoi.o)
                                        0x120 (size before relaxing)
 .debug_str     0x0000000000002327       0x40 /usr/bin/../lib/gcc/msp430/4.6.3/../../../../msp430/lib/mmpy-16/libc.a(printf.o)
                                        0x155 (size before relaxing)
 .debug_str     0x0000000000002367      0x1f3 /usr/bin/../lib/gcc/msp430/4.6.3/../../../../msp430/lib/mmpy-16/libc.a(vuprintf.o)
                                        0x3a0 (size before relaxing)
 .debug_str     0x000000000000255a       0x15 /usr/bin/../lib/gcc/msp430/4.6.3/../../../../msp430/lib/mmpy-16/libc.a(puts.o)
                                        0x11b (size before relaxing)

.debug_loc      0x0000000000000000     0x3754
 *(.debug_loc)
 .debug_loc     0x0000000000000000      0x1f7 staffetta-test.co
 .debug_loc     0x00000000000001f7       0x9a obj_sky/contiki-sky-main.o
 .debug_loc     0x0000000000000291      0x20d contiki-sky.a(process.o)
 .debug_loc     0x000000000000049e       0x56 contiki-sky.a(autostart.o)
 .debug_loc     0x00000000000004f4        0xb contiki-sky.a(random.o)
 .debug_loc     0x00000000000004ff      0x270 contiki-sky.a(etimer.o)
 .debug_loc     0x000000000000076f       0x8a contiki-sky.a(energest.o)
 .debug_loc     0x00000000000007f9       0x5b contiki-sky.a(rtimer.o)
 .debug_loc     0x0000000000000854       0x28 contiki-sky.a(metric.o)
 .debug_loc     0x000000000000087c       0xb3 contiki-sky.a(gpio.o)
 .debug_loc     0x000000000000092f     0x13ea contiki-sky.a(energytrace.o)
 .debug_loc     0x0000000000001d19      0x493 contiki-sky.a(staffetta.o)
 .debug_loc     0x00000000000021ac      0x118 contiki-sky.a(msp430.o)
 .debug_loc     0x00000000000022c4       0xdc contiki-sky.a(leds.o)
 .debug_loc     0x00000000000023a0      0x2f2 contiki-sky.a(xmem.o)
 .debug_loc     0x0000000000002692      0x119 contiki-sky.a(cc2420.o)
 .debug_loc     0x00000000000027ab       0x33 contiki-sky.a(node-id.o)
 .debug_loc     0x00000000000027de       0x99 contiki-sky.a(uart1.o)
 .debug_loc     0x0000000000002877       0x92 contiki-sky.a(clock.o)
 .debug_loc     0x0000000000002909        0xb contiki-sky.a(leds-arch.o)
 .debug_loc     0x0000000000002914       0x2d contiki-sky.a(uart1-putchar.o)
 .debug_loc     0x0000000000002941       0x2c contiki-sky.a(rtimer-arch.o)
 .debug_loc     0x000000000000296d       0x74 contiki-sky.a(rand.o)
 .debug_loc     0x00000000000029e1       0xb9 contiki-sky.a(timer.o)
 .debug_loc     0x0000000000002a9a      0x205 contiki-sky.a(ctimer.o)
 .debug_loc     0x0000000000002c9f       0xa3 contiki-sky.a(ringbuf.o)
 .debug_loc     0x0000000000002d42      0x1ac contiki-sky.a(list.o)
 .debug_loc     0x0000000000002eee       0x24 /usr/bin/../lib/gcc/msp430/4.6.3/../../../../msp430/lib/mmpy-16/libc.a(strcmp.o)
 .debug_loc     0x0000000000002f12       0x45 /usr/bin/../lib/gcc/msp430/4.6.3/../../../../msp430/lib/mmpy-16/libc.a(strncpy.o)
 .debug_loc     0x0000000000002f57       0x9a /usr/bin/../lib/gcc/msp430/4.6.3/../../../../msp430/lib/mmpy-16/libc.a(atoi.o)
 .debug_loc     0x0000000000002ff1       0x38 /usr/bin/../lib/gcc/msp430/4.6.3/../../../../msp430/lib/mmpy-16/libc.a(printf.o)
 .debug_loc     0x0000000000003029      0x705 /usr/bin/../lib/gcc/msp430/4.6.3/../../../../msp430/lib/mmpy-16/libc.a(vuprintf.o)
 .debug_loc     0x000000000000372e       0x26 /usr/bin/../lib/gcc/msp430/4.6.3/../../../../msp430/lib/mmpy-16/libc.a(puts.o)

.debug_macinfo
 *(.debug_macinfo)

.debug_pubtypes
 *(.debug_pubtypes)

.debug_ranges   0x0000000000000000       0x68
 *(.debug_ranges)
 .debug_ranges  0x0000000000000000       0x18 staffetta-test.co
 .debug_ranges  0x0000000000000018        0x8 obj_sky/contiki-sky-main.o
 .debug_ranges  0x0000000000000020       0x24 contiki-sky.a(energytrace.o)
 .debug_ranges  0x0000000000000044        0xc contiki-sky.a(staffetta.o)
 .debug_ranges  0x0000000000000050       0x18 /usr/bin/../lib/gcc/msp430/4.6.3/../../../../msp430/lib/mmpy-16/libc.a(vuprintf.o)
                0x0000000000003900                PROVIDE (__stack, (ORIGIN (ram) + 0x2800))
                0x0000000000009abc                PROVIDE (__data_start_rom, _etext)
                0x0000000000009b0a                PROVIDE (__data_end_rom, (_etext + SIZEOF (.data)))
OUTPUT(staffetta-test.sky elf32-msp430)

.glossy         0x0000000000004000        0x0
