Archive member included because of file (symbol)

contiki-sky.a(process.o)      obj_sky/contiki-sky-main.o (process_init)
contiki-sky.a(autostart.o)    obj_sky/contiki-sky-main.o (autostart_start)
contiki-sky.a(random.o)       staffetta-test.co (random_init)
contiki-sky.a(etimer.o)       obj_sky/contiki-sky-main.o (etimer_process)
contiki-sky.a(energest.o)     obj_sky/contiki-sky-main.o (energest_init)
contiki-sky.a(rtimer.o)       obj_sky/contiki-sky-main.o (rtimer_init)
contiki-sky.a(metric.o)       staffetta-test.co (node_energy_state)
contiki-sky.a(gpio.o)         obj_sky/contiki-sky-main.o (gpio_init)
contiki-sky.a(energytrace.o)  staffetta-test.co (remaining_energy)
contiki-sky.a(staffetta.o)    staffetta-test.co (getWakeups)
contiki-sky.a(msp430.o)       obj_sky/contiki-sky-main.o (msp430_cpu_init)
contiki-sky.a(leds.o)         staffetta-test.co (leds_init)
contiki-sky.a(watchdog.o)     obj_sky/contiki-sky-main.o (watchdog_init)
contiki-sky.a(xmem.o)         obj_sky/contiki-sky-main.o (xmem_init)
contiki-sky.a(cc2420.o)       obj_sky/contiki-sky-main.o (cc2420_init)
contiki-sky.a(node-id.o)      staffetta-test.co (node_id)
contiki-sky.a(uart1.o)        obj_sky/contiki-sky-main.o (uart1_active)
contiki-sky.a(clock.o)        contiki-sky.a(etimer.o) (clock_time)
contiki-sky.a(leds-arch.o)    contiki-sky.a(leds.o) (leds_arch_init)
contiki-sky.a(uart1-putchar.o)
                              obj_sky/contiki-sky-main.o (putchar)
contiki-sky.a(rtimer-arch.o)  contiki-sky.a(rtimer.o) (rtimer_arch_init)
contiki-sky.a(rand.o)         contiki-sky.a(random.o) (rand)
contiki-sky.a(timer.o)        contiki-sky.a(etimer.o) (timer_set)
contiki-sky.a(ctimer.o)       contiki-sky.a(staffetta.o) (ctimer_stop)
contiki-sky.a(ringbuf.o)      contiki-sky.a(uart1.o) (ringbuf_init)
contiki-sky.a(spi.o)          contiki-sky.a(xmem.o) (spi_init)
contiki-sky.a(list.o)         contiki-sky.a(ctimer.o) (list_init)
/usr/lib/gcc/msp430/4.6.3/mmpy-16/libgcc.a(_mulsi3.o)
                              contiki-sky.a(energytrace.o) (__mulsi3)
/usr/lib/gcc/msp430/4.6.3/mmpy-16/libgcc.a(_udivmod16.o)
                              staffetta-test.co (__umodhi3)
/usr/lib/gcc/msp430/4.6.3/mmpy-16/libgcc.a(_divmod16.o)
                              contiki-sky.a(staffetta.o) (__modhi3)
/usr/lib/gcc/msp430/4.6.3/mmpy-16/libgcc.a(_udivmod32.o)
                              staffetta-test.co (__udivsi3)
/usr/lib/gcc/msp430/4.6.3/mmpy-16/libgcc.a(_divmod32.o)
                              contiki-sky.a(energytrace.o) (__divsi3)
/usr/lib/gcc/msp430/4.6.3/mmpy-16/libgcc.a(_fixunssfsi.o)
                              contiki-sky.a(energytrace.o) (__fixunssfsi)
/usr/lib/gcc/msp430/4.6.3/mmpy-16/libgcc.a(_addsub_sf.o)
                              /usr/lib/gcc/msp430/4.6.3/mmpy-16/libgcc.a(_fixunssfsi.o) (__subsf3)
/usr/lib/gcc/msp430/4.6.3/mmpy-16/libgcc.a(_mul_sf.o)
                              contiki-sky.a(energytrace.o) (__mulsf3)
/usr/lib/gcc/msp430/4.6.3/mmpy-16/libgcc.a(_ge_sf.o)
                              /usr/lib/gcc/msp430/4.6.3/mmpy-16/libgcc.a(_fixunssfsi.o) (__gesf2)
/usr/lib/gcc/msp430/4.6.3/mmpy-16/libgcc.a(_sf_to_si.o)
                              /usr/lib/gcc/msp430/4.6.3/mmpy-16/libgcc.a(_fixunssfsi.o) (__fixsfsi)
/usr/lib/gcc/msp430/4.6.3/mmpy-16/libgcc.a(_thenan_sf.o)
                              /usr/lib/gcc/msp430/4.6.3/mmpy-16/libgcc.a(_addsub_sf.o) (__thenan_sf)
/usr/lib/gcc/msp430/4.6.3/mmpy-16/libgcc.a(_usi_to_sf.o)
                              contiki-sky.a(energytrace.o) (__floatunsisf)
/usr/lib/gcc/msp430/4.6.3/mmpy-16/libgcc.a(_clzsi2.o)
                              /usr/lib/gcc/msp430/4.6.3/mmpy-16/libgcc.a(_usi_to_sf.o) (__clzsi2)
/usr/lib/gcc/msp430/4.6.3/mmpy-16/libgcc.a(_pack_sf.o)
                              /usr/lib/gcc/msp430/4.6.3/mmpy-16/libgcc.a(_addsub_sf.o) (__pack_f)
/usr/lib/gcc/msp430/4.6.3/mmpy-16/libgcc.a(_unpack_sf.o)
                              /usr/lib/gcc/msp430/4.6.3/mmpy-16/libgcc.a(_addsub_sf.o) (__unpack_f)
/usr/lib/gcc/msp430/4.6.3/mmpy-16/libgcc.a(_fpcmp_parts_sf.o)
                              /usr/lib/gcc/msp430/4.6.3/mmpy-16/libgcc.a(_ge_sf.o) (__fpcmp_parts_f)
/usr/lib/gcc/msp430/4.6.3/mmpy-16/libgcc.a(_clz.o)
                              /usr/lib/gcc/msp430/4.6.3/mmpy-16/libgcc.a(_clzsi2.o) (__clz_tab)
/usr/lib/gcc/msp430/4.6.3/../../../../msp430/lib/mmpy-16/libc.a(printf.o)
                              staffetta-test.co (printf)
/usr/lib/gcc/msp430/4.6.3/../../../../msp430/lib/mmpy-16/libc.a(vuprintf.o)
                              /usr/lib/gcc/msp430/4.6.3/../../../../msp430/lib/mmpy-16/libc.a(printf.o) (vuprintf)
/usr/lib/gcc/msp430/4.6.3/../../../../msp430/lib/mmpy-16/libc.a(puts.o)
                              staffetta-test.co (puts)
/usr/lib/gcc/msp430/4.6.3/mmpy-16/libgcc.a(_udivmod64.o)
                              /usr/lib/gcc/msp430/4.6.3/../../../../msp430/lib/mmpy-16/libc.a(vuprintf.o) (__udivdi3)
/usr/lib/gcc/msp430/4.6.3/mmpy-16/libcrt0.a(_reset_vector__.o)
                              /usr/lib/gcc/msp430/4.6.3/mmpy-16/crt0ivtbl16.o (_reset_vector__)
/usr/lib/gcc/msp430/4.6.3/mmpy-16/libcrt0.a(__watchdog_support.o)
                              /usr/lib/gcc/msp430/4.6.3/mmpy-16/libcrt0.a(_reset_vector__.o) (__watchdog_support)
/usr/lib/gcc/msp430/4.6.3/mmpy-16/libcrt0.a(__init_stack.o)
                              /usr/lib/gcc/msp430/4.6.3/mmpy-16/libcrt0.a(_reset_vector__.o) (__init_stack)
/usr/lib/gcc/msp430/4.6.3/mmpy-16/libcrt0.a(__low_level_init.o)
                              /usr/lib/gcc/msp430/4.6.3/mmpy-16/libcrt0.a(_reset_vector__.o) (__low_level_init)
/usr/lib/gcc/msp430/4.6.3/mmpy-16/libcrt0.a(_copy_data.o)
                              /usr/lib/gcc/msp430/4.6.3/mmpy-16/libcrt0.a(_reset_vector__.o) (__do_copy_data)
/usr/lib/gcc/msp430/4.6.3/mmpy-16/libcrt0.a(_clear_bss.o)
                              /usr/lib/gcc/msp430/4.6.3/mmpy-16/libcrt0.a(_reset_vector__.o) (__do_clear_bss)
/usr/lib/gcc/msp430/4.6.3/mmpy-16/libcrt0.a(__stop_progExec__.o)
                              /usr/lib/gcc/msp430/4.6.3/mmpy-16/libcrt0.a(_reset_vector__.o) (__stop_progExec__)
/usr/lib/gcc/msp430/4.6.3/mmpy-16/libcrt0.a(_endless_loop__.o)
                              /usr/lib/gcc/msp430/4.6.3/mmpy-16/libcrt0.a(_reset_vector__.o) (_endless_loop__)
/usr/lib/gcc/msp430/4.6.3/mmpy-16/libcrt0.a(_unexpected_.o)
                              /usr/lib/gcc/msp430/4.6.3/mmpy-16/crt0ivtbl16.o (_unexpected_)

Allocating common symbols
Common symbol       size              file

energest_total_time
                    0x30              contiki-sky.a(energest.o)
energest_total_count
                    0x2               contiki-sky.a(energest.o)
energest_current_mode
                    0xc               contiki-sky.a(energest.o)
process_maxevents   0x1               contiki-sky.a(process.o)
node_state          0x2               contiki-sky.a(energytrace.o)
node_duty_cycle     0x2               contiki-sky.a(metric.o)
node_activation_ev  0x1               contiki-sky.a(energytrace.o)
energest_current_time
                    0x18              contiki-sky.a(energest.o)

Memory Configuration

Name             Origin             Length             Attributes
sfr              0x0000000000000000 0x0000000000000010
peripheral_8bit  0x0000000000000010 0x00000000000000f0
peripheral_16bit 0x0000000000000100 0x0000000000000100
ram_mirror       0x0000000000000200 0x0000000000000800 xw
infomem          0x0000000000001000 0x0000000000000100
infob            0x0000000000001000 0x0000000000000080
infoa            0x0000000000001080 0x0000000000000080
ram              0x0000000000001100 0x0000000000002800 xw
rom              0x0000000000004000 0x000000000000bfe0 xr
vectors          0x000000000000ffe0 0x0000000000000020
bsl              0x0000000000000000 0x0000000000000000
infoc            0x0000000000000000 0x0000000000000000
infod            0x0000000000000000 0x0000000000000000
ram2             0x0000000000000000 0x0000000000000000 xw
usbram           0x0000000000000000 0x0000000000000000 xw
far_rom          0x0000000000000000 0x0000000000000000
*default*        0x0000000000000000 0xffffffffffffffff

Linker script and memory map

LOAD /usr/lib/gcc/msp430/4.6.3/mmpy-16/crt0ivtbl16.o
Address of section .glossy set to 0x4000
Address of section .text set to 0x4400
LOAD staffetta-test.co
LOAD obj_sky/contiki-sky-main.o
LOAD contiki-sky.a
LOAD /usr/lib/gcc/msp430/4.6.3/mmpy-16/libgcc.a
LOAD /usr/lib/gcc/msp430/4.6.3/../../../../msp430/lib/mmpy-16/libc.a
LOAD /usr/lib/gcc/msp430/4.6.3/mmpy-16/libgcc.a
LOAD /usr/lib/gcc/msp430/4.6.3/mmpy-16/libcrt0.a
                0x0000000000000080                PROVIDE (__info_segment_size, 0x80)
                0x0000000000001000                PROVIDE (__infob, 0x1000)
                0x0000000000001080                PROVIDE (__infoa, 0x1080)
                0x0000000000000000                __IE1 = 0x0
                0x0000000000000002                __IFG1 = 0x2
                0x0000000000000004                __ME1 = 0x4
                0x0000000000000001                __IE2 = 0x1
                0x0000000000000003                __IFG2 = 0x3
                0x0000000000000005                __ME2 = 0x5
                0x0000000000000120                __WDTCTL = 0x120
                0x0000000000000130                __MPY = 0x130
                0x0000000000000132                __MPYS = 0x132
                0x0000000000000134                __MAC = 0x134
                0x0000000000000136                __MACS = 0x136
                0x0000000000000138                __OP2 = 0x138
                0x000000000000013a                __RESLO = 0x13a
                0x000000000000013c                __RESHI = 0x13c
                0x000000000000013e                __SUMEXT = 0x13e
                0x0000000000000020                __P1IN = 0x20
                0x0000000000000021                __P1OUT = 0x21
                0x0000000000000022                __P1DIR = 0x22
                0x0000000000000023                __P1IFG = 0x23
                0x0000000000000024                __P1IES = 0x24
                0x0000000000000025                __P1IE = 0x25
                0x0000000000000026                __P1SEL = 0x26
                0x0000000000000028                __P2IN = 0x28
                0x0000000000000029                __P2OUT = 0x29
                0x000000000000002a                __P2DIR = 0x2a
                0x000000000000002b                __P2IFG = 0x2b
                0x000000000000002c                __P2IES = 0x2c
                0x000000000000002d                __P2IE = 0x2d
                0x000000000000002e                __P2SEL = 0x2e
                0x0000000000000018                __P3IN = 0x18
                0x0000000000000019                __P3OUT = 0x19
                0x000000000000001a                __P3DIR = 0x1a
                0x000000000000001b                __P3SEL = 0x1b
                0x000000000000001c                __P4IN = 0x1c
                0x000000000000001d                __P4OUT = 0x1d
                0x000000000000001e                __P4DIR = 0x1e
                0x000000000000001f                __P4SEL = 0x1f
                0x0000000000000030                __P5IN = 0x30
                0x0000000000000031                __P5OUT = 0x31
                0x0000000000000032                __P5DIR = 0x32
                0x0000000000000033                __P5SEL = 0x33
                0x0000000000000034                __P6IN = 0x34
                0x0000000000000035                __P6OUT = 0x35
                0x0000000000000036                __P6DIR = 0x36
                0x0000000000000037                __P6SEL = 0x37
                0x0000000000000070                __U0CTL = 0x70
                0x0000000000000071                __U0TCTL = 0x71
                0x0000000000000072                __U0RCTL = 0x72
                0x0000000000000073                __U0MCTL = 0x73
                0x0000000000000074                __U0BR0 = 0x74
                0x0000000000000075                __U0BR1 = 0x75
                0x0000000000000076                __U0RXBUF = 0x76
                0x0000000000000077                __U0TXBUF = 0x77
                0x0000000000000078                __U1CTL = 0x78
                0x0000000000000079                __U1TCTL = 0x79
                0x000000000000007a                __U1RCTL = 0x7a
                0x000000000000007b                __U1MCTL = 0x7b
                0x000000000000007c                __U1BR0 = 0x7c
                0x000000000000007d                __U1BR1 = 0x7d
                0x000000000000007e                __U1RXBUF = 0x7e
                0x000000000000007f                __U1TXBUF = 0x7f
                0x0000000000000050                __I2CIE = 0x50
                0x0000000000000051                __I2CIFG = 0x51
                0x0000000000000052                __I2CNDAT = 0x52
                0x0000000000000071                __I2CTCTL = 0x71
                0x0000000000000072                __I2CDCTL = 0x72
                0x0000000000000073                __I2CPSC = 0x73
                0x0000000000000074                __I2CSCLH = 0x74
                0x0000000000000075                __I2CSCLL = 0x75
                0x0000000000000076                __I2CDRB = 0x76
                0x0000000000000076                __I2CDRW = 0x76
                0x0000000000000118                __I2COA = 0x118
                0x000000000000011a                __I2CSA = 0x11a
                0x000000000000011c                __I2CIV = 0x11c
                0x000000000000012e                __TAIV = 0x12e
                0x0000000000000160                __TACTL = 0x160
                0x0000000000000162                __TACCTL0 = 0x162
                0x0000000000000164                __TACCTL1 = 0x164
                0x0000000000000166                __TACCTL2 = 0x166
                0x0000000000000170                __TAR = 0x170
                0x0000000000000172                __TACCR0 = 0x172
                0x0000000000000174                __TACCR1 = 0x174
                0x0000000000000176                __TACCR2 = 0x176
                0x000000000000011e                __TBIV = 0x11e
                0x0000000000000180                __TBCTL = 0x180
                0x0000000000000182                __TBCCTL0 = 0x182
                0x0000000000000184                __TBCCTL1 = 0x184
                0x0000000000000186                __TBCCTL2 = 0x186
                0x0000000000000188                __TBCCTL3 = 0x188
                0x000000000000018a                __TBCCTL4 = 0x18a
                0x000000000000018c                __TBCCTL5 = 0x18c
                0x000000000000018e                __TBCCTL6 = 0x18e
                0x0000000000000190                __TBR = 0x190
                0x0000000000000192                __TBCCR0 = 0x192
                0x0000000000000194                __TBCCR1 = 0x194
                0x0000000000000196                __TBCCR2 = 0x196
                0x0000000000000198                __TBCCR3 = 0x198
                0x000000000000019a                __TBCCR4 = 0x19a
                0x000000000000019c                __TBCCR5 = 0x19c
                0x000000000000019e                __TBCCR6 = 0x19e
                0x0000000000000056                __DCOCTL = 0x56
                0x0000000000000057                __BCSCTL1 = 0x57
                0x0000000000000058                __BCSCTL2 = 0x58
                0x0000000000000055                __SVSCTL = 0x55
                0x0000000000000128                __FCTL1 = 0x128
                0x000000000000012a                __FCTL2 = 0x12a
                0x000000000000012c                __FCTL3 = 0x12c
                0x0000000000000059                __CACTL1 = 0x59
                0x000000000000005a                __CACTL2 = 0x5a
                0x000000000000005b                __CAPD = 0x5b
                0x00000000000001a0                __ADC12CTL0 = 0x1a0
                0x00000000000001a2                __ADC12CTL1 = 0x1a2
                0x00000000000001a4                __ADC12IFG = 0x1a4
                0x00000000000001a6                __ADC12IE = 0x1a6
                0x00000000000001a8                __ADC12IV = 0x1a8
                0x0000000000000140                __ADC12MEM0 = 0x140
                0x0000000000000142                __ADC12MEM1 = 0x142
                0x0000000000000144                __ADC12MEM2 = 0x144
                0x0000000000000146                __ADC12MEM3 = 0x146
                0x0000000000000148                __ADC12MEM4 = 0x148
                0x000000000000014a                __ADC12MEM5 = 0x14a
                0x000000000000014c                __ADC12MEM6 = 0x14c
                0x000000000000014e                __ADC12MEM7 = 0x14e
                0x0000000000000150                __ADC12MEM8 = 0x150
                0x0000000000000152                __ADC12MEM9 = 0x152
                0x0000000000000154                __ADC12MEM10 = 0x154
                0x0000000000000156                __ADC12MEM11 = 0x156
                0x0000000000000158                __ADC12MEM12 = 0x158
                0x000000000000015a                __ADC12MEM13 = 0x15a
                0x000000000000015c                __ADC12MEM14 = 0x15c
                0x000000000000015e                __ADC12MEM15 = 0x15e
                0x0000000000000080                __ADC12MCTL0 = 0x80
                0x0000000000000081                __ADC12MCTL1 = 0x81
                0x0000000000000082                __ADC12MCTL2 = 0x82
                0x0000000000000083                __ADC12MCTL3 = 0x83
                0x0000000000000084                __ADC12MCTL4 = 0x84
                0x0000000000000085                __ADC12MCTL5 = 0x85
                0x0000000000000086                __ADC12MCTL6 = 0x86
                0x0000000000000087                __ADC12MCTL7 = 0x87
                0x0000000000000088                __ADC12MCTL8 = 0x88
                0x0000000000000089                __ADC12MCTL9 = 0x89
                0x000000000000008a                __ADC12MCTL10 = 0x8a
                0x000000000000008b                __ADC12MCTL11 = 0x8b
                0x000000000000008c                __ADC12MCTL12 = 0x8c
                0x000000000000008d                __ADC12MCTL13 = 0x8d
                0x000000000000008e                __ADC12MCTL14 = 0x8e
                0x000000000000008f                __ADC12MCTL15 = 0x8f
                0x00000000000001c0                __DAC12_0CTL = 0x1c0
                0x00000000000001c2                __DAC12_1CTL = 0x1c2
                0x00000000000001c8                __DAC12_0DAT = 0x1c8
                0x00000000000001ca                __DAC12_1DAT = 0x1ca
                0x0000000000000122                __DMACTL0 = 0x122
                0x0000000000000124                __DMACTL1 = 0x124
                0x00000000000001e0                __DMA0CTL = 0x1e0
                0x00000000000001e8                __DMA1CTL = 0x1e8
                0x00000000000001f0                __DMA2CTL = 0x1f0
                0x00000000000001e2                __DMA0SA = 0x1e2
                0x00000000000001e4                __DMA0DA = 0x1e4
                0x00000000000001e6                __DMA0SZ = 0x1e6
                0x00000000000001ea                __DMA1SA = 0x1ea
                0x00000000000001ec                __DMA1DA = 0x1ec
                0x00000000000001ee                __DMA1SZ = 0x1ee
                0x00000000000001f2                __DMA2SA = 0x1f2
                0x00000000000001f4                __DMA2DA = 0x1f4
                0x00000000000001f6                __DMA2SZ = 0x1f6

.hash
 *(.hash)

.dynsym
 *(.dynsym)

.dynstr
 *(.dynstr)

.gnu.version
 *(.gnu.version)

.gnu.version_d
 *(.gnu.version_d)

.gnu.version_r
 *(.gnu.version_r)

.rel.init
 *(.rel.init)

.rela.init
 *(.rela.init)

.rel.fini
 *(.rel.fini)

.rela.fini
 *(.rela.fini)

.rel.text
 *(.rel.text .rel.text.* .rel.gnu.linkonce.t.*)

.rela.text
 *(.rela.text .rela.text.* .rela.gnu.linkonce.t.*)

.rel.rodata
 *(.rel.rodata .rel.rodata.* .rel.gnu.linkonce.r.*)

.rela.rodata
 *(.rela.rodata .rela.rodata.* .rela.gnu.linkonce.r.*)

.rel.data
 *(.rel.data .rel.data.* .rel.gnu.linkonce.d.*)

.rela.data
 *(.rela.data .rela.data.* .rela.gnu.linkonce.d.*)

.rel.bss
 *(.rel.bss .rel.bss.* .rel.gnu.linkonce.b.*)

.rela.bss
 *(.rela.bss .rela.bss.* .rela.gnu.linkonce.b.*)

.rel.ctors
 *(.rel.ctors)

.rela.ctors
 *(.rela.ctors)

.rel.dtors
 *(.rel.dtors)

.rela.dtors
 *(.rela.dtors)

.rel.got
 *(.rel.got)

.rela.got
 *(.rela.got)

.rel.plt
 *(.rel.plt)

.rela.plt
 *(.rela.plt)

.text           0x0000000000004400     0x4a40
                0x0000000000004400                . = ALIGN (0x2)
 *(.init .init.*)
 *(.init0)
 .init0         0x0000000000004400        0x0 /usr/lib/gcc/msp430/4.6.3/mmpy-16/libcrt0.a(_reset_vector__.o)
                0x0000000000004400                _reset_vector__
 *(.init1)
 .init1         0x0000000000004400        0xc /usr/lib/gcc/msp430/4.6.3/mmpy-16/libcrt0.a(__watchdog_support.o)
                0x0000000000004400                __watchdog_support
 *(.init2)
 .init2         0x000000000000440c        0x4 /usr/lib/gcc/msp430/4.6.3/mmpy-16/libcrt0.a(__init_stack.o)
                0x000000000000440c                __init_stack
 *(.init3)
 .init3         0x0000000000004410        0x0 /usr/lib/gcc/msp430/4.6.3/mmpy-16/libcrt0.a(__low_level_init.o)
                0x0000000000004410                __low_level_init
 *(.init4)
 .init4         0x0000000000004410       0x18 /usr/lib/gcc/msp430/4.6.3/mmpy-16/libcrt0.a(_copy_data.o)
                0x0000000000004410                __do_copy_data
 .init4         0x0000000000004428       0x16 /usr/lib/gcc/msp430/4.6.3/mmpy-16/libcrt0.a(_clear_bss.o)
                0x0000000000004428                __do_clear_bss
 *(.init5)
 *(.init6)
 *(.init7)
 *(.init8)
 *(.init9)
 .init9         0x000000000000443e      0x17a obj_sky/contiki-sky-main.o
                0x000000000000443e                main
 *(.fini9)
 .fini9         0x00000000000045b8        0x0 /usr/lib/gcc/msp430/4.6.3/mmpy-16/libcrt0.a(__stop_progExec__.o)
                0x00000000000045b8                __stop_progExec__
 *(.fini8)
 *(.fini7)
 *(.fini6)
 *(.fini5)
 *(.fini4)
 *(.fini3)
 *(.fini2)
 *(.fini1)
 *(.fini0)
 .fini0         0x00000000000045b8        0x6 /usr/lib/gcc/msp430/4.6.3/mmpy-16/libcrt0.a(_endless_loop__.o)
                0x00000000000045b8                _endless_loop__
 *(.fini .fini.*)
                0x00000000000045be                . = ALIGN (0x2)
                0x00000000000045be                __ctors_start = .
 *(.ctors)
                0x00000000000045be                __ctors_end = .
                0x00000000000045be                __dtors_start = .
 *(.dtors)
                0x00000000000045be                __dtors_end = .
                0x00000000000045be                . = ALIGN (0x2)
 *(.text .text.* .gnu.linkonce.t.*)
 .text          0x00000000000045be        0x4 /usr/lib/gcc/msp430/4.6.3/mmpy-16/crt0ivtbl16.o
                0x00000000000045be                __isr_14
                0x00000000000045be                __isr_4
                0x00000000000045be                __isr_11
                0x00000000000045be                __isr_7
                0x00000000000045be                __isr_0
                0x00000000000045be                __isr_8
                0x00000000000045be                __isr_12
                0x00000000000045be                __isr_13
                0x00000000000045be                __isr_9
                0x00000000000045be                __isr_1
 .text.crt0     0x00000000000045c2        0x0 /usr/lib/gcc/msp430/4.6.3/mmpy-16/crt0ivtbl16.o
 .text          0x00000000000045c2      0x1aa staffetta-test.co
 .text          0x000000000000476c        0x0 obj_sky/contiki-sky-main.o
 .text          0x000000000000476c      0x29e contiki-sky.a(process.o)
                0x0000000000004868                process_alloc_event
                0x0000000000004876                process_exit
                0x0000000000004880                process_init
                0x000000000000489c                process_run
                0x000000000000493e                process_nevents
                0x000000000000494c                process_post
                0x00000000000049a0                process_post_synch
                0x00000000000049b2                process_start
                0x00000000000049e4                process_poll
                0x00000000000049fc                process_is_running
 .text          0x0000000000004a0a       0x2a contiki-sky.a(autostart.o)
                0x0000000000004a0a                autostart_start
                0x0000000000004a20                autostart_exit
 .text          0x0000000000004a34        0xc contiki-sky.a(random.o)
                0x0000000000004a34                random_init
                0x0000000000004a3a                random_rand
 .text          0x0000000000004a40      0x25a contiki-sky.a(etimer.o)
                0x0000000000004ab8                etimer_request_poll
                0x0000000000004bc2                etimer_set
                0x0000000000004bd4                etimer_reset
                0x0000000000004be6                etimer_restart
                0x0000000000004bf8                etimer_adjust
                0x0000000000004c12                etimer_expired
                0x0000000000004c20                etimer_expiration_time
                0x0000000000004c34                etimer_start_time
                0x0000000000004c3c                etimer_pending
                0x0000000000004c48                etimer_next_expiration_time
                0x0000000000004c5e                etimer_stop
 .text          0x0000000000004c9a       0xba contiki-sky.a(energest.o)
                0x0000000000004c9a                energest_init
                0x0000000000004cc2                energest_type_time
                0x0000000000004d04                energest_leveldevice_leveltime
                0x0000000000004d0a                energest_type_set
                0x0000000000004d18                energest_flush
 .text          0x0000000000004d54       0x50 contiki-sky.a(rtimer.o)
                0x0000000000004d54                rtimer_init
                0x0000000000004d5a                rtimer_set
                0x0000000000004d7e                rtimer_run_next
 .text          0x0000000000004da4       0xae contiki-sky.a(metric.o)
                0x0000000000004da4                compute_node_duty_cycle
                0x0000000000004dd4                get_duty_cycle
                0x0000000000004dda                compute_node_state
                0x0000000000004e10                get_node_state
                0x0000000000004e16                compute_harvesting_rate
                0x0000000000004e4c                get_harvesting_rate
 .text          0x0000000000004e52      0x10e contiki-sky.a(gpio.o)
                0x0000000000004e52                gpio_arch_init
                0x0000000000004e60                gpio_arch_get
                0x0000000000004e8e                gpio_arch_set
                0x0000000000004ed0                gpio_init
                0x0000000000004ede                gpio_get
                0x0000000000004ee4                gpio_on
                0x0000000000004eee                gpio_off
                0x0000000000004ef8                gpio_invert
                0x0000000000004f02                gpio_toggle
                0x0000000000004f08                gpio_blink
                0x0000000000004f24                gpio_green
                0x0000000000004f38                gpio_yellow
                0x0000000000004f4c                gpio_red
 .text          0x0000000000004f60      0x494 contiki-sky.a(energytrace.o)
                0x000000000000517c                tx_current_consumption
                0x00000000000051fc                energytrace_print
                0x00000000000053d2                energytrace_start
                0x00000000000053ea                energytrace_stop
 .text          0x00000000000053f4     0x102c contiki-sky.a(staffetta.o)
                0x0000000000005606                getWakeups
                0x0000000000005610                staffetta_send_packet
                0x0000000000005fee                sink_busy_wait
                0x0000000000005ff0                sink_listen
                0x0000000000006278                staffetta_print_stats
                0x000000000000634c                staffetta_add_data
                0x000000000000636e                staffetta_init
 .text          0x0000000000006420      0x192 contiki-sky.a(msp430.o)
                0x0000000000006420                w_memcpy
                0x0000000000006432                w_memset
                0x0000000000006444                msp430_init_dco
                0x00000000000064c8                msp430_cpu_init
                0x00000000000064ee                sbrk
                0x0000000000006548                splhigh_
                0x0000000000006550                splx_
                0x0000000000006554                msp430_sync_dco
 .text          0x00000000000065b2      0x15c contiki-sky.a(leds.o)
                0x0000000000006662                leds_init
                0x0000000000006670                leds_get
                0x0000000000006676                leds_on
                0x000000000000668a                leds_off
                0x000000000000669e                leds_invert
                0x00000000000066a8                leds_toggle
                0x00000000000066ae                leds_blink
                0x00000000000066d2                leds_green
                0x00000000000066e6                leds_yellow
                0x00000000000066fa                leds_red
 .text          0x000000000000670e       0x20 contiki-sky.a(watchdog.o)
                0x000000000000670e                __isr_10
                0x000000000000670e                watchdog_interrupt
                0x0000000000006710                watchdog_init
                0x0000000000006726                watchdog_start
                0x0000000000006728                watchdog_periodic
                0x000000000000672a                watchdog_stop
                0x000000000000672c                watchdog_reboot
 .text          0x000000000000672e      0x358 contiki-sky.a(xmem.o)
                0x000000000000679e                xmem_init
                0x00000000000067ba                xmem_pread
                0x0000000000006892                xmem_pwrite
                0x00000000000069d0                xmem_erase
 .text          0x0000000000006a86      0x468 contiki-sky.a(cc2420.o)
                0x0000000000006aa2                cc2420_init
                0x0000000000006d8a                cc2420_set_channel
                0x0000000000006dee                cc2420_set_txpower
                0x0000000000006e94                cc2420_get_txpower
 .text          0x0000000000006eee       0x6e contiki-sky.a(node-id.o)
                0x0000000000006eee                node_id_restore
                0x0000000000006f26                node_id_burn
 .text          0x0000000000006f5c      0x1b2 contiki-sky.a(uart1.o)
                0x0000000000006f5c                uart1_active
                0x0000000000006f74                uart1_set_input
                0x0000000000006f7a                uart1_writeb
                0x0000000000006fac                uart1_init
                0x000000000000708a                uart1_rx_interrupt
                0x000000000000708a                __isr_3
                0x00000000000070de                __isr_2
                0x00000000000070de                uart1_tx_interrupt
 .text          0x000000000000710e      0x1b2 contiki-sky.a(clock.o)
                0x000000000000710e                etimer_interrupt
                0x0000000000007180                __isr_5
                0x0000000000007180                timera1
                0x00000000000071f0                clock_time
                0x000000000000720a                clock_set
                0x0000000000007220                clock_fine_max
                0x0000000000007226                clock_fine
                0x0000000000007230                clock_init
                0x0000000000007258                clock_delay
                0x000000000000725e                clock_wait
                0x000000000000729e                clock_set_seconds
                0x00000000000072a0                clock_seconds
                0x00000000000072ba                clock_counter
 .text          0x00000000000072c0       0x7c contiki-sky.a(leds-arch.o)
                0x00000000000072c0                leds_arch_init
                0x00000000000072ce                leds_arch_get
                0x0000000000007302                leds_arch_set
 .text          0x000000000000733c       0x10 contiki-sky.a(uart1-putchar.o)
                0x000000000000733c                putchar
 .text          0x000000000000734c       0x3c contiki-sky.a(rtimer-arch.o)
                0x000000000000734c                __isr_6
                0x000000000000734c                timera0
                0x0000000000007368                rtimer_arch_init
                0x0000000000007376                rtimer_arch_schedule
 .text          0x0000000000007388       0x88 contiki-sky.a(rand.o)
                0x0000000000007388                rand
                0x0000000000007406                srand
 .text          0x0000000000007410       0x90 contiki-sky.a(timer.o)
                0x0000000000007410                timer_set
                0x000000000000742c                timer_reset
                0x000000000000743a                timer_restart
                0x000000000000744e                timer_expired
                0x0000000000007478                timer_remaining
 .text          0x00000000000074a0      0x1e4 contiki-sky.a(ctimer.o)
                0x0000000000007544                ctimer_init
                0x000000000000755c                ctimer_set
                0x00000000000075b6                ctimer_reset
                0x00000000000075f0                ctimer_restart
                0x000000000000762a                ctimer_stop
                0x0000000000007652                ctimer_expired
 .text          0x0000000000007684       0x98 contiki-sky.a(ringbuf.o)
                0x0000000000007684                ringbuf_init
                0x0000000000007698                ringbuf_put
                0x00000000000076d0                ringbuf_get
                0x0000000000007702                ringbuf_size
                0x000000000000770a                ringbuf_elements
 .text          0x000000000000771c       0x32 contiki-sky.a(spi.o)
                0x000000000000771c                spi_init
 .text          0x000000000000774e       0xfe contiki-sky.a(list.o)
                0x000000000000774e                list_init
                0x0000000000007754                list_head
                0x0000000000007758                list_copy
                0x000000000000775e                list_tail
                0x0000000000007770                list_chop
                0x0000000000007794                list_pop
                0x00000000000077a2                list_remove
                0x00000000000077d6                list_push
                0x00000000000077f0                list_add
                0x000000000000781a                list_length
                0x000000000000782a                list_insert
                0x0000000000007840                list_item_next
 .text          0x000000000000784c        0x0 /usr/lib/gcc/msp430/4.6.3/mmpy-16/libgcc.a(_mulsi3.o)
 .text.libgcc   0x000000000000784c       0x2c /usr/lib/gcc/msp430/4.6.3/mmpy-16/libgcc.a(_mulsi3.o)
                0x000000000000784c                __mulsi3
 .text          0x0000000000007878        0x0 /usr/lib/gcc/msp430/4.6.3/mmpy-16/libgcc.a(_udivmod16.o)
 .text.libgcc   0x0000000000007878       0x22 /usr/lib/gcc/msp430/4.6.3/mmpy-16/libgcc.a(_udivmod16.o)
                0x0000000000007878                __udivhi3
                0x0000000000007878                __ext_udivmod16
                0x0000000000007892                __umodhi3
 .text          0x000000000000789a        0x0 /usr/lib/gcc/msp430/4.6.3/mmpy-16/libgcc.a(_divmod16.o)
 .text.libgcc   0x000000000000789a       0x3a /usr/lib/gcc/msp430/4.6.3/mmpy-16/libgcc.a(_divmod16.o)
                0x000000000000789a                __ext_divmod16
                0x000000000000789a                __divhi3
                0x00000000000078cc                __modhi3
 .text          0x00000000000078d4        0x0 /usr/lib/gcc/msp430/4.6.3/mmpy-16/libgcc.a(_udivmod32.o)
 .text.libgcc   0x00000000000078d4       0x40 /usr/lib/gcc/msp430/4.6.3/mmpy-16/libgcc.a(_udivmod32.o)
                0x00000000000078d4                __udivsi3
                0x00000000000078d4                __ext_udivmod32
                0x000000000000790a                __umodsi3
 .text          0x0000000000007914        0x0 /usr/lib/gcc/msp430/4.6.3/mmpy-16/libgcc.a(_divmod32.o)
 .text.libgcc   0x0000000000007914       0x4c /usr/lib/gcc/msp430/4.6.3/mmpy-16/libgcc.a(_divmod32.o)
                0x0000000000007914                __ext_divmod32
                0x0000000000007914                __divsi3
                0x0000000000007956                __modsi3
 .text          0x0000000000007960       0x42 /usr/lib/gcc/msp430/4.6.3/mmpy-16/libgcc.a(_fixunssfsi.o)
                0x0000000000007960                __fixunssfsi
 .text          0x00000000000079a2      0x32e /usr/lib/gcc/msp430/4.6.3/mmpy-16/libgcc.a(_addsub_sf.o)
                0x0000000000007c34                __addsf3
                0x0000000000007c80                __subsf3
 .text          0x0000000000007cd0      0x224 /usr/lib/gcc/msp430/4.6.3/mmpy-16/libgcc.a(_mul_sf.o)
                0x0000000000007cd0                __mulsf3
 .text          0x0000000000007ef4       0x50 /usr/lib/gcc/msp430/4.6.3/mmpy-16/libgcc.a(_ge_sf.o)
                0x0000000000007ef4                __gesf2
 .text          0x0000000000007f44       0x90 /usr/lib/gcc/msp430/4.6.3/mmpy-16/libgcc.a(_sf_to_si.o)
                0x0000000000007f44                __fixsfsi
 .text          0x0000000000007fd4        0x0 /usr/lib/gcc/msp430/4.6.3/mmpy-16/libgcc.a(_thenan_sf.o)
 .text          0x0000000000007fd4       0xe2 /usr/lib/gcc/msp430/4.6.3/mmpy-16/libgcc.a(_usi_to_sf.o)
                0x0000000000007fd4                __floatunsisf
 .text          0x00000000000080b6       0x72 /usr/lib/gcc/msp430/4.6.3/mmpy-16/libgcc.a(_clzsi2.o)
                0x00000000000080b6                __clzsi2
 .text          0x0000000000008128      0x1de /usr/lib/gcc/msp430/4.6.3/mmpy-16/libgcc.a(_pack_sf.o)
                0x0000000000008128                __pack_f
 .text          0x0000000000008306      0x124 /usr/lib/gcc/msp430/4.6.3/mmpy-16/libgcc.a(_unpack_sf.o)
                0x0000000000008306                __unpack_f
 .text          0x000000000000842a       0xa4 /usr/lib/gcc/msp430/4.6.3/mmpy-16/libgcc.a(_fpcmp_parts_sf.o)
                0x000000000000842a                __fpcmp_parts_f
 .text          0x00000000000084ce        0x0 /usr/lib/gcc/msp430/4.6.3/mmpy-16/libgcc.a(_clz.o)
 .text          0x00000000000084ce       0x1e /usr/lib/gcc/msp430/4.6.3/../../../../msp430/lib/mmpy-16/libc.a(printf.o)
                0x00000000000084ce                printf
                0x00000000000084de                vprintf
 .text          0x00000000000084ec      0x836 /usr/lib/gcc/msp430/4.6.3/../../../../msp430/lib/mmpy-16/libc.a(vuprintf.o)
                0x0000000000008684                vuprintf
 .text          0x0000000000008d22       0x2c /usr/lib/gcc/msp430/4.6.3/../../../../msp430/lib/mmpy-16/libc.a(puts.o)
                0x0000000000008d22                puts
 .text          0x0000000000008d4e        0x0 /usr/lib/gcc/msp430/4.6.3/mmpy-16/libgcc.a(_udivmod64.o)
 .text.libgcc   0x0000000000008d4e       0xf0 /usr/lib/gcc/msp430/4.6.3/mmpy-16/libgcc.a(_udivmod64.o)
                0x0000000000008d4e                __xabi_udivmod64
                0x0000000000008dac                __udivdi3
                0x0000000000008dd2                __umoddi3
                0x0000000000008e00                __udivmoddi4
 .text          0x0000000000008e3e        0x0 /usr/lib/gcc/msp430/4.6.3/mmpy-16/libcrt0.a(_reset_vector__.o)
 .text          0x0000000000008e3e        0x0 /usr/lib/gcc/msp430/4.6.3/mmpy-16/libcrt0.a(__watchdog_support.o)
 .text          0x0000000000008e3e        0x0 /usr/lib/gcc/msp430/4.6.3/mmpy-16/libcrt0.a(__init_stack.o)
 .text          0x0000000000008e3e        0x0 /usr/lib/gcc/msp430/4.6.3/mmpy-16/libcrt0.a(__low_level_init.o)
 .text          0x0000000000008e3e        0x0 /usr/lib/gcc/msp430/4.6.3/mmpy-16/libcrt0.a(_copy_data.o)
 .text          0x0000000000008e3e        0x0 /usr/lib/gcc/msp430/4.6.3/mmpy-16/libcrt0.a(_clear_bss.o)
 .text          0x0000000000008e3e        0x0 /usr/lib/gcc/msp430/4.6.3/mmpy-16/libcrt0.a(__stop_progExec__.o)
 .text          0x0000000000008e3e        0x0 /usr/lib/gcc/msp430/4.6.3/mmpy-16/libcrt0.a(_endless_loop__.o)
 .text          0x0000000000008e3e        0x0 /usr/lib/gcc/msp430/4.6.3/mmpy-16/libcrt0.a(_unexpected_.o)
 .text.crt0     0x0000000000008e3e        0x2 /usr/lib/gcc/msp430/4.6.3/mmpy-16/libcrt0.a(_unexpected_.o)
                0x0000000000008e3e                _unexpected_
                0x0000000000008e40                . = ALIGN (0x2)

.rodata         0x0000000000008e40      0x222
                0x0000000000008e40                . = ALIGN (0x2)
 *(.rodata .rodata.* .gnu.linkonce.r.*)
 .rodata        0x0000000000008e40       0x3c staffetta-test.co
                0x0000000000008e68                autostart_processes
 .rodata        0x0000000000008e7c       0x50 obj_sky/contiki-sky-main.o
 .rodata        0x0000000000008ecc        0xc contiki-sky.a(etimer.o)
 .rodata        0x0000000000008ed8       0x34 contiki-sky.a(energytrace.o)
 .rodata        0x0000000000008f0c       0x36 contiki-sky.a(staffetta.o)
 .rodata        0x0000000000008f42        0xf contiki-sky.a(ctimer.o)
 *fill*         0x0000000000008f51        0x1 00
 .rodata        0x0000000000008f52        0x8 /usr/lib/gcc/msp430/4.6.3/mmpy-16/libgcc.a(_thenan_sf.o)
                0x0000000000008f52                __thenan_sf
 .rodata        0x0000000000008f5a      0x100 /usr/lib/gcc/msp430/4.6.3/mmpy-16/libgcc.a(_clz.o)
                0x0000000000008f5a                __clz_tab
 .rodata        0x000000000000905a        0x7 /usr/lib/gcc/msp430/4.6.3/../../../../msp430/lib/mmpy-16/libc.a(vuprintf.o)
                0x0000000000009062                . = ALIGN (0x2)
 *fill*         0x0000000000009061        0x1 00
                0x0000000000009062                _etext = .

.data           0x0000000000001100       0x4e load address 0x0000000000009062
                0x0000000000001100                . = ALIGN (0x2)
                0x0000000000001100                PROVIDE (__data_start, .)
 *(.data .data.* .gnu.linkonce.d.*)
 .data          0x0000000000001100        0x0 /usr/lib/gcc/msp430/4.6.3/mmpy-16/crt0ivtbl16.o
 .data          0x0000000000001100       0x14 staffetta-test.co
                0x0000000000001100                staffetta_print_stats_process
                0x000000000000110a                staffetta_test
 .data          0x0000000000001114        0x4 obj_sky/contiki-sky-main.o
                0x0000000000001114                TOS_LOCAL_ADDRESS
                0x0000000000001116                TOS_NODE_ID
 .data          0x0000000000001118        0x0 contiki-sky.a(process.o)
 .data          0x0000000000001118        0x0 contiki-sky.a(autostart.o)
 .data          0x0000000000001118        0x0 contiki-sky.a(random.o)
 .data          0x0000000000001118        0xa contiki-sky.a(etimer.o)
                0x0000000000001118                etimer_process
 .data          0x0000000000001122        0x0 contiki-sky.a(energest.o)
 .data          0x0000000000001122        0x0 contiki-sky.a(rtimer.o)
 .data          0x0000000000001122        0x0 contiki-sky.a(metric.o)
 .data          0x0000000000001122        0x0 contiki-sky.a(gpio.o)
 .data          0x0000000000001122       0x18 contiki-sky.a(energytrace.o)
                0x0000000000001122                energytrace_process_print
                0x000000000000112c                energytrace_process
                0x0000000000001136                remaining_energy
 .data          0x000000000000113a        0x8 contiki-sky.a(staffetta.o)
 .data          0x0000000000001142        0x2 contiki-sky.a(msp430.o)
 .data          0x0000000000001144        0x0 contiki-sky.a(leds.o)
 .data          0x0000000000001144        0x0 contiki-sky.a(watchdog.o)
 .data          0x0000000000001144        0x0 contiki-sky.a(xmem.o)
 .data          0x0000000000001144        0x0 contiki-sky.a(cc2420.o)
 .data          0x0000000000001144        0x0 contiki-sky.a(node-id.o)
 .data          0x0000000000001144        0x0 contiki-sky.a(uart1.o)
 .data          0x0000000000001144        0x0 contiki-sky.a(clock.o)
 .data          0x0000000000001144        0x0 contiki-sky.a(leds-arch.o)
 .data          0x0000000000001144        0x0 contiki-sky.a(uart1-putchar.o)
 .data          0x0000000000001144        0x0 contiki-sky.a(rtimer-arch.o)
 .data          0x0000000000001144        0x0 contiki-sky.a(rand.o)
 .data          0x0000000000001144        0x0 contiki-sky.a(timer.o)
 .data          0x0000000000001144        0xa contiki-sky.a(ctimer.o)
                0x0000000000001144                ctimer_process
 .data          0x000000000000114e        0x0 contiki-sky.a(ringbuf.o)
 .data          0x000000000000114e        0x0 contiki-sky.a(spi.o)
 .data          0x000000000000114e        0x0 contiki-sky.a(list.o)
 .data          0x000000000000114e        0x0 /usr/lib/gcc/msp430/4.6.3/mmpy-16/libgcc.a(_mulsi3.o)
 .data          0x000000000000114e        0x0 /usr/lib/gcc/msp430/4.6.3/mmpy-16/libgcc.a(_udivmod16.o)
 .data          0x000000000000114e        0x0 /usr/lib/gcc/msp430/4.6.3/mmpy-16/libgcc.a(_divmod16.o)
 .data          0x000000000000114e        0x0 /usr/lib/gcc/msp430/4.6.3/mmpy-16/libgcc.a(_udivmod32.o)
 .data          0x000000000000114e        0x0 /usr/lib/gcc/msp430/4.6.3/mmpy-16/libgcc.a(_divmod32.o)
 .data          0x000000000000114e        0x0 /usr/lib/gcc/msp430/4.6.3/mmpy-16/libgcc.a(_fixunssfsi.o)
 .data          0x000000000000114e        0x0 /usr/lib/gcc/msp430/4.6.3/mmpy-16/libgcc.a(_addsub_sf.o)
 .data          0x000000000000114e        0x0 /usr/lib/gcc/msp430/4.6.3/mmpy-16/libgcc.a(_mul_sf.o)
 .data          0x000000000000114e        0x0 /usr/lib/gcc/msp430/4.6.3/mmpy-16/libgcc.a(_ge_sf.o)
 .data          0x000000000000114e        0x0 /usr/lib/gcc/msp430/4.6.3/mmpy-16/libgcc.a(_sf_to_si.o)
 .data          0x000000000000114e        0x0 /usr/lib/gcc/msp430/4.6.3/mmpy-16/libgcc.a(_thenan_sf.o)
 .data          0x000000000000114e        0x0 /usr/lib/gcc/msp430/4.6.3/mmpy-16/libgcc.a(_usi_to_sf.o)
 .data          0x000000000000114e        0x0 /usr/lib/gcc/msp430/4.6.3/mmpy-16/libgcc.a(_clzsi2.o)
 .data          0x000000000000114e        0x0 /usr/lib/gcc/msp430/4.6.3/mmpy-16/libgcc.a(_pack_sf.o)
 .data          0x000000000000114e        0x0 /usr/lib/gcc/msp430/4.6.3/mmpy-16/libgcc.a(_unpack_sf.o)
 .data          0x000000000000114e        0x0 /usr/lib/gcc/msp430/4.6.3/mmpy-16/libgcc.a(_fpcmp_parts_sf.o)
 .data          0x000000000000114e        0x0 /usr/lib/gcc/msp430/4.6.3/mmpy-16/libgcc.a(_clz.o)
 .data          0x000000000000114e        0x0 /usr/lib/gcc/msp430/4.6.3/../../../../msp430/lib/mmpy-16/libc.a(printf.o)
 .data          0x000000000000114e        0x0 /usr/lib/gcc/msp430/4.6.3/../../../../msp430/lib/mmpy-16/libc.a(vuprintf.o)
 .data          0x000000000000114e        0x0 /usr/lib/gcc/msp430/4.6.3/../../../../msp430/lib/mmpy-16/libc.a(puts.o)
 .data          0x000000000000114e        0x0 /usr/lib/gcc/msp430/4.6.3/mmpy-16/libgcc.a(_udivmod64.o)
 .data          0x000000000000114e        0x0 /usr/lib/gcc/msp430/4.6.3/mmpy-16/libcrt0.a(_reset_vector__.o)
 .data          0x000000000000114e        0x0 /usr/lib/gcc/msp430/4.6.3/mmpy-16/libcrt0.a(__watchdog_support.o)
 .data          0x000000000000114e        0x0 /usr/lib/gcc/msp430/4.6.3/mmpy-16/libcrt0.a(__init_stack.o)
 .data          0x000000000000114e        0x0 /usr/lib/gcc/msp430/4.6.3/mmpy-16/libcrt0.a(__low_level_init.o)
 .data          0x000000000000114e        0x0 /usr/lib/gcc/msp430/4.6.3/mmpy-16/libcrt0.a(_copy_data.o)
 .data          0x000000000000114e        0x0 /usr/lib/gcc/msp430/4.6.3/mmpy-16/libcrt0.a(_clear_bss.o)
 .data          0x000000000000114e        0x0 /usr/lib/gcc/msp430/4.6.3/mmpy-16/libcrt0.a(__stop_progExec__.o)
 .data          0x000000000000114e        0x0 /usr/lib/gcc/msp430/4.6.3/mmpy-16/libcrt0.a(_endless_loop__.o)
 .data          0x000000000000114e        0x0 /usr/lib/gcc/msp430/4.6.3/mmpy-16/libcrt0.a(_unexpected_.o)
                0x000000000000114e                . = ALIGN (0x2)
                0x000000000000114e                _edata = .
                0x0000000000009062                PROVIDE (__data_load_start, LOADADDR (.data))
                0x000000000000004e                PROVIDE (__data_size, SIZEOF (.data))

.bss            0x000000000000114e      0x82a load address 0x00000000000090b0
                0x000000000000114e                PROVIDE (__bss_start, .)
 *(.bss .bss.*)
 .bss           0x000000000000114e        0x0 /usr/lib/gcc/msp430/4.6.3/mmpy-16/crt0ivtbl16.o
 .bss           0x000000000000114e       0x1c staffetta-test.co
 .bss           0x000000000000116a        0x4 obj_sky/contiki-sky-main.o
 .bss           0x000000000000116e       0x42 contiki-sky.a(process.o)
                0x000000000000116e                process_current
                0x0000000000001170                process_list
 .bss           0x00000000000011b0        0x0 contiki-sky.a(autostart.o)
 .bss           0x00000000000011b0        0x0 contiki-sky.a(random.o)
 .bss           0x00000000000011b0        0x6 contiki-sky.a(etimer.o)
 .bss           0x00000000000011b6        0x0 contiki-sky.a(energest.o)
 .bss           0x00000000000011b6        0x2 contiki-sky.a(rtimer.o)
 .bss           0x00000000000011b8        0x4 contiki-sky.a(metric.o)
                0x00000000000011b8                harvesting_rate
                0x00000000000011ba                node_energy_state
 .bss           0x00000000000011bc        0x2 contiki-sky.a(gpio.o)
 .bss           0x00000000000011be       0x52 contiki-sky.a(energytrace.o)
                0x00000000000011be                harvesting_array_index
                0x00000000000011c0                harvesting_rate_array
                0x00000000000011d4                node_dc_state
                0x00000000000011d6                node_state_old
 .bss           0x0000000000001210      0x6aa contiki-sky.a(staffetta.o)
 .bss           0x00000000000018ba        0x0 contiki-sky.a(msp430.o)
 .bss           0x00000000000018ba        0x2 contiki-sky.a(leds.o)
 .bss           0x00000000000018bc        0x2 contiki-sky.a(watchdog.o)
 .bss           0x00000000000018be        0x0 contiki-sky.a(xmem.o)
 .bss           0x00000000000018be        0x0 contiki-sky.a(cc2420.o)
 .bss           0x00000000000018be        0x2 contiki-sky.a(node-id.o)
                0x00000000000018be                node_id
 .bss           0x00000000000018c0       0x4a contiki-sky.a(uart1.o)
 .bss           0x000000000000190a        0xa contiki-sky.a(clock.o)
 .bss           0x0000000000001914        0x0 contiki-sky.a(leds-arch.o)
 .bss           0x0000000000001914        0x0 contiki-sky.a(uart1-putchar.o)
 .bss           0x0000000000001914        0x0 contiki-sky.a(rtimer-arch.o)
 .bss           0x0000000000001914        0x0 contiki-sky.a(rand.o)
 .bss           0x0000000000001914        0x0 contiki-sky.a(timer.o)
 .bss           0x0000000000001914        0x4 contiki-sky.a(ctimer.o)
 .bss           0x0000000000001918        0x0 contiki-sky.a(ringbuf.o)
 .bss           0x0000000000001918        0x2 contiki-sky.a(spi.o)
                0x0000000000001918                spi_busy
 .bss           0x000000000000191a        0x0 contiki-sky.a(list.o)
 .bss           0x000000000000191a        0x0 /usr/lib/gcc/msp430/4.6.3/mmpy-16/libgcc.a(_mulsi3.o)
 .bss           0x000000000000191a        0x0 /usr/lib/gcc/msp430/4.6.3/mmpy-16/libgcc.a(_udivmod16.o)
 .bss           0x000000000000191a        0x0 /usr/lib/gcc/msp430/4.6.3/mmpy-16/libgcc.a(_divmod16.o)
 .bss           0x000000000000191a        0x0 /usr/lib/gcc/msp430/4.6.3/mmpy-16/libgcc.a(_udivmod32.o)
 .bss           0x000000000000191a        0x0 /usr/lib/gcc/msp430/4.6.3/mmpy-16/libgcc.a(_divmod32.o)
 .bss           0x000000000000191a        0x0 /usr/lib/gcc/msp430/4.6.3/mmpy-16/libgcc.a(_fixunssfsi.o)
 .bss           0x000000000000191a        0x0 /usr/lib/gcc/msp430/4.6.3/mmpy-16/libgcc.a(_addsub_sf.o)
 .bss           0x000000000000191a        0x0 /usr/lib/gcc/msp430/4.6.3/mmpy-16/libgcc.a(_mul_sf.o)
 .bss           0x000000000000191a        0x0 /usr/lib/gcc/msp430/4.6.3/mmpy-16/libgcc.a(_ge_sf.o)
 .bss           0x000000000000191a        0x0 /usr/lib/gcc/msp430/4.6.3/mmpy-16/libgcc.a(_sf_to_si.o)
 .bss           0x000000000000191a        0x0 /usr/lib/gcc/msp430/4.6.3/mmpy-16/libgcc.a(_thenan_sf.o)
 .bss           0x000000000000191a        0x0 /usr/lib/gcc/msp430/4.6.3/mmpy-16/libgcc.a(_usi_to_sf.o)
 .bss           0x000000000000191a        0x0 /usr/lib/gcc/msp430/4.6.3/mmpy-16/libgcc.a(_clzsi2.o)
 .bss           0x000000000000191a        0x0 /usr/lib/gcc/msp430/4.6.3/mmpy-16/libgcc.a(_pack_sf.o)
 .bss           0x000000000000191a        0x0 /usr/lib/gcc/msp430/4.6.3/mmpy-16/libgcc.a(_unpack_sf.o)
 .bss           0x000000000000191a        0x0 /usr/lib/gcc/msp430/4.6.3/mmpy-16/libgcc.a(_fpcmp_parts_sf.o)
 .bss           0x000000000000191a        0x0 /usr/lib/gcc/msp430/4.6.3/mmpy-16/libgcc.a(_clz.o)
 .bss           0x000000000000191a        0x0 /usr/lib/gcc/msp430/4.6.3/../../../../msp430/lib/mmpy-16/libc.a(printf.o)
 .bss           0x000000000000191a        0x0 /usr/lib/gcc/msp430/4.6.3/../../../../msp430/lib/mmpy-16/libc.a(vuprintf.o)
 .bss           0x000000000000191a        0x0 /usr/lib/gcc/msp430/4.6.3/../../../../msp430/lib/mmpy-16/libc.a(puts.o)
 .bss           0x000000000000191a        0x0 /usr/lib/gcc/msp430/4.6.3/mmpy-16/libgcc.a(_udivmod64.o)
 .bss           0x000000000000191a        0x0 /usr/lib/gcc/msp430/4.6.3/mmpy-16/libcrt0.a(_reset_vector__.o)
 .bss           0x000000000000191a        0x0 /usr/lib/gcc/msp430/4.6.3/mmpy-16/libcrt0.a(__watchdog_support.o)
 .bss           0x000000000000191a        0x0 /usr/lib/gcc/msp430/4.6.3/mmpy-16/libcrt0.a(__init_stack.o)
 .bss           0x000000000000191a        0x0 /usr/lib/gcc/msp430/4.6.3/mmpy-16/libcrt0.a(__low_level_init.o)
 .bss           0x000000000000191a        0x0 /usr/lib/gcc/msp430/4.6.3/mmpy-16/libcrt0.a(_copy_data.o)
 .bss           0x000000000000191a        0x0 /usr/lib/gcc/msp430/4.6.3/mmpy-16/libcrt0.a(_clear_bss.o)
 .bss           0x000000000000191a        0x0 /usr/lib/gcc/msp430/4.6.3/mmpy-16/libcrt0.a(__stop_progExec__.o)
 .bss           0x000000000000191a        0x0 /usr/lib/gcc/msp430/4.6.3/mmpy-16/libcrt0.a(_endless_loop__.o)
 .bss           0x000000000000191a        0x0 /usr/lib/gcc/msp430/4.6.3/mmpy-16/libcrt0.a(_unexpected_.o)
 *(COMMON)
 COMMON         0x000000000000191a        0x1 contiki-sky.a(process.o)
                0x000000000000191a                process_maxevents
 *fill*         0x000000000000191b        0x1 00
 COMMON         0x000000000000191c       0x56 contiki-sky.a(energest.o)
                0x000000000000191c                energest_total_time
                0x000000000000194c                energest_total_count
                0x000000000000194e                energest_current_mode
                0x000000000000195a                energest_current_time
 COMMON         0x0000000000001972        0x2 contiki-sky.a(metric.o)
                0x0000000000001972                node_duty_cycle
 COMMON         0x0000000000001974        0x3 contiki-sky.a(energytrace.o)
                0x0000000000001974                node_state
                0x0000000000001976                node_activation_ev
                0x0000000000001978                . = ALIGN (0x2)
 *fill*         0x0000000000001977        0x1 00
                0x0000000000001978                PROVIDE (__bss_end, .)
                0x000000000000082a                PROVIDE (__bss_size, SIZEOF (.bss))

.noinit         0x0000000000001978        0x6 load address 0x00000000000090b0
                0x0000000000001978                PROVIDE (__noinit_start, .)
 *(.noinit .noinit.*)
 .noinit        0x0000000000001978        0x4 contiki-sky.a(rand.o)
                0x0000000000001978                rand_state
 .noinit.crt0   0x000000000000197c        0x2 /usr/lib/gcc/msp430/4.6.3/mmpy-16/libcrt0.a(__watchdog_support.o)
                0x000000000000197c                __wdt_clear_value
                0x000000000000197e                . = ALIGN (0x2)
                0x000000000000197e                PROVIDE (__noinit_end, .)
                0x000000000000197e                . = ALIGN (0x2)
                0x000000000000197e                _end = .

.infomem        0x0000000000001000        0x0
 *(.infomem)
                0x0000000000001000                . = ALIGN (0x2)
 *(.infomem.*)

.infomemnobits  0x0000000000001000        0x0
 *(.infomemnobits)
                0x0000000000001000                . = ALIGN (0x2)
 *(.infomemnobits.*)

.infoa
 *(.infoa .infoa.*)

.infob
 *(.infob .infob.*)

.infoc
 *(.infoc .infoc.*)

.infod
 *(.infod .infod.*)

.vectors        0x000000000000ffe0       0x20
                0x000000000000ffe0                PROVIDE (__vectors_start, .)
 *(.vectors*)
 .vectors       0x000000000000ffe0       0x20 /usr/lib/gcc/msp430/4.6.3/mmpy-16/crt0ivtbl16.o
                0x000000000000ffe0                __ivtbl_16
                0x0000000000010000                _vectors_end = .

.fartext        0x0000000000000000        0x0
                0x0000000000000000                . = ALIGN (0x2)
 *(.fartext)
                0x0000000000000000                . = ALIGN (0x2)
 *(.fartext.*)
                0x0000000000000000                _efartext = .

.profiler
 *(.profiler)

.stab
 *(.stab)

.stabstr
 *(.stabstr)

.stab.excl
 *(.stab.excl)

.stab.exclstr
 *(.stab.exclstr)

.stab.index
 *(.stab.index)

.stab.indexstr
 *(.stab.indexstr)

.comment
 *(.comment)

.debug
 *(.debug)

.line
 *(.line)

.debug_srcinfo
 *(.debug_srcinfo)

.debug_sfnames
 *(.debug_sfnames)

.debug_aranges  0x0000000000000000      0x438
 *(.debug_aranges)
 .debug_aranges
                0x0000000000000000       0x14 staffetta-test.co
 .debug_aranges
                0x0000000000000014       0x14 obj_sky/contiki-sky-main.o
 .debug_aranges
                0x0000000000000028       0x14 contiki-sky.a(process.o)
 .debug_aranges
                0x000000000000003c       0x14 contiki-sky.a(autostart.o)
 .debug_aranges
                0x0000000000000050       0x14 contiki-sky.a(random.o)
 .debug_aranges
                0x0000000000000064       0x14 contiki-sky.a(etimer.o)
 .debug_aranges
                0x0000000000000078       0x14 contiki-sky.a(energest.o)
 .debug_aranges
                0x000000000000008c       0x14 contiki-sky.a(rtimer.o)
 .debug_aranges
                0x00000000000000a0       0x14 contiki-sky.a(metric.o)
 .debug_aranges
                0x00000000000000b4       0x14 contiki-sky.a(gpio.o)
 .debug_aranges
                0x00000000000000c8       0x14 contiki-sky.a(energytrace.o)
 .debug_aranges
                0x00000000000000dc       0x14 contiki-sky.a(staffetta.o)
 .debug_aranges
                0x00000000000000f0       0x14 contiki-sky.a(msp430.o)
 .debug_aranges
                0x0000000000000104       0x14 contiki-sky.a(leds.o)
 .debug_aranges
                0x0000000000000118       0x14 contiki-sky.a(watchdog.o)
 .debug_aranges
                0x000000000000012c       0x14 contiki-sky.a(xmem.o)
 .debug_aranges
                0x0000000000000140       0x14 contiki-sky.a(cc2420.o)
 .debug_aranges
                0x0000000000000154       0x14 contiki-sky.a(node-id.o)
 .debug_aranges
                0x0000000000000168       0x14 contiki-sky.a(uart1.o)
 .debug_aranges
                0x000000000000017c       0x14 contiki-sky.a(clock.o)
 .debug_aranges
                0x0000000000000190       0x14 contiki-sky.a(leds-arch.o)
 .debug_aranges
                0x00000000000001a4       0x14 contiki-sky.a(uart1-putchar.o)
 .debug_aranges
                0x00000000000001b8       0x14 contiki-sky.a(rtimer-arch.o)
 .debug_aranges
                0x00000000000001cc       0x14 contiki-sky.a(rand.o)
 .debug_aranges
                0x00000000000001e0       0x14 contiki-sky.a(timer.o)
 .debug_aranges
                0x00000000000001f4       0x14 contiki-sky.a(ctimer.o)
 .debug_aranges
                0x0000000000000208       0x14 contiki-sky.a(ringbuf.o)
 .debug_aranges
                0x000000000000021c       0x14 contiki-sky.a(spi.o)
 .debug_aranges
                0x0000000000000230       0x14 contiki-sky.a(list.o)
 .debug_aranges
                0x0000000000000244       0x14 /usr/lib/gcc/msp430/4.6.3/mmpy-16/libgcc.a(_mulsi3.o)
 .debug_aranges
                0x0000000000000258       0x14 /usr/lib/gcc/msp430/4.6.3/mmpy-16/libgcc.a(_udivmod16.o)
 .debug_aranges
                0x000000000000026c       0x14 /usr/lib/gcc/msp430/4.6.3/mmpy-16/libgcc.a(_divmod16.o)
 .debug_aranges
                0x0000000000000280       0x14 /usr/lib/gcc/msp430/4.6.3/mmpy-16/libgcc.a(_udivmod32.o)
 .debug_aranges
                0x0000000000000294       0x14 /usr/lib/gcc/msp430/4.6.3/mmpy-16/libgcc.a(_divmod32.o)
 .debug_aranges
                0x00000000000002a8       0x14 /usr/lib/gcc/msp430/4.6.3/mmpy-16/libgcc.a(_fixunssfsi.o)
 .debug_aranges
                0x00000000000002bc       0x14 /usr/lib/gcc/msp430/4.6.3/mmpy-16/libgcc.a(_addsub_sf.o)
 .debug_aranges
                0x00000000000002d0       0x14 /usr/lib/gcc/msp430/4.6.3/mmpy-16/libgcc.a(_mul_sf.o)
 .debug_aranges
                0x00000000000002e4       0x14 /usr/lib/gcc/msp430/4.6.3/mmpy-16/libgcc.a(_ge_sf.o)
 .debug_aranges
                0x00000000000002f8       0x14 /usr/lib/gcc/msp430/4.6.3/mmpy-16/libgcc.a(_sf_to_si.o)
 .debug_aranges
                0x000000000000030c       0x14 /usr/lib/gcc/msp430/4.6.3/mmpy-16/libgcc.a(_usi_to_sf.o)
 .debug_aranges
                0x0000000000000320       0x14 /usr/lib/gcc/msp430/4.6.3/mmpy-16/libgcc.a(_clzsi2.o)
 .debug_aranges
                0x0000000000000334       0x14 /usr/lib/gcc/msp430/4.6.3/mmpy-16/libgcc.a(_pack_sf.o)
 .debug_aranges
                0x0000000000000348       0x14 /usr/lib/gcc/msp430/4.6.3/mmpy-16/libgcc.a(_unpack_sf.o)
 .debug_aranges
                0x000000000000035c       0x14 /usr/lib/gcc/msp430/4.6.3/mmpy-16/libgcc.a(_fpcmp_parts_sf.o)
 .debug_aranges
                0x0000000000000370       0x14 /usr/lib/gcc/msp430/4.6.3/../../../../msp430/lib/mmpy-16/libc.a(printf.o)
 .debug_aranges
                0x0000000000000384       0x14 /usr/lib/gcc/msp430/4.6.3/../../../../msp430/lib/mmpy-16/libc.a(vuprintf.o)
 .debug_aranges
                0x0000000000000398       0x14 /usr/lib/gcc/msp430/4.6.3/../../../../msp430/lib/mmpy-16/libc.a(puts.o)
 .debug_aranges
                0x00000000000003ac       0x14 /usr/lib/gcc/msp430/4.6.3/mmpy-16/libgcc.a(_udivmod64.o)
 .debug_aranges
                0x00000000000003c0       0x14 /usr/lib/gcc/msp430/4.6.3/mmpy-16/libcrt0.a(__watchdog_support.o)
 .debug_aranges
                0x00000000000003d4       0x14 /usr/lib/gcc/msp430/4.6.3/mmpy-16/libcrt0.a(__init_stack.o)
 .debug_aranges
                0x00000000000003e8       0x14 /usr/lib/gcc/msp430/4.6.3/mmpy-16/libcrt0.a(_copy_data.o)
 .debug_aranges
                0x00000000000003fc       0x14 /usr/lib/gcc/msp430/4.6.3/mmpy-16/libcrt0.a(_clear_bss.o)
 .debug_aranges
                0x0000000000000410       0x14 /usr/lib/gcc/msp430/4.6.3/mmpy-16/libcrt0.a(_endless_loop__.o)
 .debug_aranges
                0x0000000000000424       0x14 /usr/lib/gcc/msp430/4.6.3/mmpy-16/libcrt0.a(_unexpected_.o)

.debug_pubnames
 *(.debug_pubnames)

.debug_info     0x0000000000000000     0x805b
 *(.debug_info)
 .debug_info    0x0000000000000000      0x3f4 staffetta-test.co
 .debug_info    0x00000000000003f4      0x354 obj_sky/contiki-sky-main.o
 .debug_info    0x0000000000000748      0x53f contiki-sky.a(process.o)
 .debug_info    0x0000000000000c87      0x1ad contiki-sky.a(autostart.o)
 .debug_info    0x0000000000000e34       0xa0 contiki-sky.a(random.o)
 .debug_info    0x0000000000000ed4      0x4aa contiki-sky.a(etimer.o)
 .debug_info    0x000000000000137e      0x265 contiki-sky.a(energest.o)
 .debug_info    0x00000000000015e3      0x203 contiki-sky.a(rtimer.o)
 .debug_info    0x00000000000017e6      0x1f9 contiki-sky.a(metric.o)
 .debug_info    0x00000000000019df      0x279 contiki-sky.a(gpio.o)
 .debug_info    0x0000000000001c58      0x67d contiki-sky.a(energytrace.o)
 .debug_info    0x00000000000022d5      0xd05 contiki-sky.a(staffetta.o)
 .debug_info    0x0000000000002fda      0x36a contiki-sky.a(msp430.o)
 .debug_info    0x0000000000003344      0x2fd contiki-sky.a(leds.o)
 .debug_info    0x0000000000003641      0x129 contiki-sky.a(watchdog.o)
 .debug_info    0x000000000000376a      0x4a8 contiki-sky.a(xmem.o)
 .debug_info    0x0000000000003c12      0x3f8 contiki-sky.a(cc2420.o)
 .debug_info    0x000000000000400a       0xde contiki-sky.a(node-id.o)
 .debug_info    0x00000000000040e8      0x2d6 contiki-sky.a(uart1.o)
 .debug_info    0x00000000000043be      0x391 contiki-sky.a(clock.o)
 .debug_info    0x000000000000474f       0xd9 contiki-sky.a(leds-arch.o)
 .debug_info    0x0000000000004828       0x8b contiki-sky.a(uart1-putchar.o)
 .debug_info    0x00000000000048b3       0xef contiki-sky.a(rtimer-arch.o)
 .debug_info    0x00000000000049a2      0x14c contiki-sky.a(rand.o)
 .debug_info    0x0000000000004aee      0x170 contiki-sky.a(timer.o)
 .debug_info    0x0000000000004c5e      0x488 contiki-sky.a(ctimer.o)
 .debug_info    0x00000000000050e6      0x1b0 contiki-sky.a(ringbuf.o)
 .debug_info    0x0000000000005296      0x132 contiki-sky.a(spi.o)
 .debug_info    0x00000000000053c8      0x2f0 contiki-sky.a(list.o)
 .debug_info    0x00000000000056b8       0xd6 /usr/lib/gcc/msp430/4.6.3/mmpy-16/libgcc.a(_mulsi3.o)
 .debug_info    0x000000000000578e       0xd6 /usr/lib/gcc/msp430/4.6.3/mmpy-16/libgcc.a(_udivmod16.o)
 .debug_info    0x0000000000005864       0xd6 /usr/lib/gcc/msp430/4.6.3/mmpy-16/libgcc.a(_divmod16.o)
 .debug_info    0x000000000000593a       0xd6 /usr/lib/gcc/msp430/4.6.3/mmpy-16/libgcc.a(_udivmod32.o)
 .debug_info    0x0000000000005a10       0xd6 /usr/lib/gcc/msp430/4.6.3/mmpy-16/libgcc.a(_divmod32.o)
 .debug_info    0x0000000000005ae6       0xb5 /usr/lib/gcc/msp430/4.6.3/mmpy-16/libgcc.a(_fixunssfsi.o)
 .debug_info    0x0000000000005b9b      0x425 /usr/lib/gcc/msp430/4.6.3/mmpy-16/libgcc.a(_addsub_sf.o)
 .debug_info    0x0000000000005fc0      0x3c9 /usr/lib/gcc/msp430/4.6.3/mmpy-16/libgcc.a(_mul_sf.o)
 .debug_info    0x0000000000006389      0x26e /usr/lib/gcc/msp430/4.6.3/mmpy-16/libgcc.a(_ge_sf.o)
 .debug_info    0x00000000000065f7      0x289 /usr/lib/gcc/msp430/4.6.3/mmpy-16/libgcc.a(_sf_to_si.o)
 .debug_info    0x0000000000006880      0x144 /usr/lib/gcc/msp430/4.6.3/mmpy-16/libgcc.a(_thenan_sf.o)
 .debug_info    0x00000000000069c4      0x204 /usr/lib/gcc/msp430/4.6.3/mmpy-16/libgcc.a(_usi_to_sf.o)
 .debug_info    0x0000000000006bc8      0x109 /usr/lib/gcc/msp430/4.6.3/mmpy-16/libgcc.a(_clzsi2.o)
 .debug_info    0x0000000000006cd1      0x2b1 /usr/lib/gcc/msp430/4.6.3/mmpy-16/libgcc.a(_pack_sf.o)
 .debug_info    0x0000000000006f82      0x23e /usr/lib/gcc/msp430/4.6.3/mmpy-16/libgcc.a(_unpack_sf.o)
 .debug_info    0x00000000000071c0      0x1d5 /usr/lib/gcc/msp430/4.6.3/mmpy-16/libgcc.a(_fpcmp_parts_sf.o)
 .debug_info    0x0000000000007395       0xa0 /usr/lib/gcc/msp430/4.6.3/mmpy-16/libgcc.a(_clz.o)
 .debug_info    0x0000000000007435      0x105 /usr/lib/gcc/msp430/4.6.3/../../../../msp430/lib/mmpy-16/libc.a(printf.o)
 .debug_info    0x000000000000753a      0x565 /usr/lib/gcc/msp430/4.6.3/../../../../msp430/lib/mmpy-16/libc.a(vuprintf.o)
 .debug_info    0x0000000000007a9f       0x96 /usr/lib/gcc/msp430/4.6.3/../../../../msp430/lib/mmpy-16/libc.a(puts.o)
 .debug_info    0x0000000000007b35       0xd6 /usr/lib/gcc/msp430/4.6.3/mmpy-16/libgcc.a(_udivmod64.o)
 .debug_info    0x0000000000007c0b       0xb8 /usr/lib/gcc/msp430/4.6.3/mmpy-16/libcrt0.a(__watchdog_support.o)
 .debug_info    0x0000000000007cc3       0xb8 /usr/lib/gcc/msp430/4.6.3/mmpy-16/libcrt0.a(__init_stack.o)
 .debug_info    0x0000000000007d7b       0xb8 /usr/lib/gcc/msp430/4.6.3/mmpy-16/libcrt0.a(_copy_data.o)
 .debug_info    0x0000000000007e33       0xb8 /usr/lib/gcc/msp430/4.6.3/mmpy-16/libcrt0.a(_clear_bss.o)
 .debug_info    0x0000000000007eeb       0xb8 /usr/lib/gcc/msp430/4.6.3/mmpy-16/libcrt0.a(_endless_loop__.o)
 .debug_info    0x0000000000007fa3       0xb8 /usr/lib/gcc/msp430/4.6.3/mmpy-16/libcrt0.a(_unexpected_.o)
 *(.gnu.linkonce.wi.*)

.debug_abbrev   0x0000000000000000     0x3977
 *(.debug_abbrev)
 .debug_abbrev  0x0000000000000000      0x1b0 staffetta-test.co
 .debug_abbrev  0x00000000000001b0      0x1bc obj_sky/contiki-sky-main.o
 .debug_abbrev  0x000000000000036c      0x323 contiki-sky.a(process.o)
 .debug_abbrev  0x000000000000068f       0xf5 contiki-sky.a(autostart.o)
 .debug_abbrev  0x0000000000000784       0x67 contiki-sky.a(random.o)
 .debug_abbrev  0x00000000000007eb      0x27a contiki-sky.a(etimer.o)
 .debug_abbrev  0x0000000000000a65      0x14e contiki-sky.a(energest.o)
 .debug_abbrev  0x0000000000000bb3      0x139 contiki-sky.a(rtimer.o)
 .debug_abbrev  0x0000000000000cec       0xe2 contiki-sky.a(metric.o)
 .debug_abbrev  0x0000000000000dce      0x115 contiki-sky.a(gpio.o)
 .debug_abbrev  0x0000000000000ee3      0x28e contiki-sky.a(energytrace.o)
 .debug_abbrev  0x0000000000001171      0x3e5 contiki-sky.a(staffetta.o)
 .debug_abbrev  0x0000000000001556      0x157 contiki-sky.a(msp430.o)
 .debug_abbrev  0x00000000000016ad      0x163 contiki-sky.a(leds.o)
 .debug_abbrev  0x0000000000001810       0x91 contiki-sky.a(watchdog.o)
 .debug_abbrev  0x00000000000018a1      0x21f contiki-sky.a(xmem.o)
 .debug_abbrev  0x0000000000001ac0      0x161 contiki-sky.a(cc2420.o)
 .debug_abbrev  0x0000000000001c21       0x82 contiki-sky.a(node-id.o)
 .debug_abbrev  0x0000000000001ca3      0x162 contiki-sky.a(uart1.o)
 .debug_abbrev  0x0000000000001e05      0x1b5 contiki-sky.a(clock.o)
 .debug_abbrev  0x0000000000001fba       0x97 contiki-sky.a(leds-arch.o)
 .debug_abbrev  0x0000000000002051       0x50 contiki-sky.a(uart1-putchar.o)
 .debug_abbrev  0x00000000000020a1       0xa2 contiki-sky.a(rtimer-arch.o)
 .debug_abbrev  0x0000000000002143       0xae contiki-sky.a(rand.o)
 .debug_abbrev  0x00000000000021f1       0xf8 contiki-sky.a(timer.o)
 .debug_abbrev  0x00000000000022e9      0x1cb contiki-sky.a(ctimer.o)
 .debug_abbrev  0x00000000000024b4      0x109 contiki-sky.a(ringbuf.o)
 .debug_abbrev  0x00000000000025bd       0x97 contiki-sky.a(spi.o)
 .debug_abbrev  0x0000000000002654      0x151 contiki-sky.a(list.o)
 .debug_abbrev  0x00000000000027a5       0x14 /usr/lib/gcc/msp430/4.6.3/mmpy-16/libgcc.a(_mulsi3.o)
 .debug_abbrev  0x00000000000027b9       0x14 /usr/lib/gcc/msp430/4.6.3/mmpy-16/libgcc.a(_udivmod16.o)
 .debug_abbrev  0x00000000000027cd       0x14 /usr/lib/gcc/msp430/4.6.3/mmpy-16/libgcc.a(_divmod16.o)
 .debug_abbrev  0x00000000000027e1       0x14 /usr/lib/gcc/msp430/4.6.3/mmpy-16/libgcc.a(_udivmod32.o)
 .debug_abbrev  0x00000000000027f5       0x14 /usr/lib/gcc/msp430/4.6.3/mmpy-16/libgcc.a(_divmod32.o)
 .debug_abbrev  0x0000000000002809       0x5d /usr/lib/gcc/msp430/4.6.3/mmpy-16/libgcc.a(_fixunssfsi.o)
 .debug_abbrev  0x0000000000002866      0x1ab /usr/lib/gcc/msp430/4.6.3/mmpy-16/libgcc.a(_addsub_sf.o)
 .debug_abbrev  0x0000000000002a11      0x1d9 /usr/lib/gcc/msp430/4.6.3/mmpy-16/libgcc.a(_mul_sf.o)
 .debug_abbrev  0x0000000000002bea      0x151 /usr/lib/gcc/msp430/4.6.3/mmpy-16/libgcc.a(_ge_sf.o)
 .debug_abbrev  0x0000000000002d3b      0x160 /usr/lib/gcc/msp430/4.6.3/mmpy-16/libgcc.a(_sf_to_si.o)
 .debug_abbrev  0x0000000000002e9b       0xba /usr/lib/gcc/msp430/4.6.3/mmpy-16/libgcc.a(_thenan_sf.o)
 .debug_abbrev  0x0000000000002f55      0x173 /usr/lib/gcc/msp430/4.6.3/mmpy-16/libgcc.a(_usi_to_sf.o)
 .debug_abbrev  0x00000000000030c8       0xac /usr/lib/gcc/msp430/4.6.3/mmpy-16/libgcc.a(_clzsi2.o)
 .debug_abbrev  0x0000000000003174      0x192 /usr/lib/gcc/msp430/4.6.3/mmpy-16/libgcc.a(_pack_sf.o)
 .debug_abbrev  0x0000000000003306      0x15a /usr/lib/gcc/msp430/4.6.3/mmpy-16/libgcc.a(_unpack_sf.o)
 .debug_abbrev  0x0000000000003460      0x10b /usr/lib/gcc/msp430/4.6.3/mmpy-16/libgcc.a(_fpcmp_parts_sf.o)
 .debug_abbrev  0x000000000000356b       0x61 /usr/lib/gcc/msp430/4.6.3/mmpy-16/libgcc.a(_clz.o)
 .debug_abbrev  0x00000000000035cc       0xd0 /usr/lib/gcc/msp430/4.6.3/../../../../msp430/lib/mmpy-16/libc.a(printf.o)
 .debug_abbrev  0x000000000000369c      0x1ef /usr/lib/gcc/msp430/4.6.3/../../../../msp430/lib/mmpy-16/libc.a(vuprintf.o)
 .debug_abbrev  0x000000000000388b       0x60 /usr/lib/gcc/msp430/4.6.3/../../../../msp430/lib/mmpy-16/libc.a(puts.o)
 .debug_abbrev  0x00000000000038eb       0x14 /usr/lib/gcc/msp430/4.6.3/mmpy-16/libgcc.a(_udivmod64.o)
 .debug_abbrev  0x00000000000038ff       0x14 /usr/lib/gcc/msp430/4.6.3/mmpy-16/libcrt0.a(__watchdog_support.o)
 .debug_abbrev  0x0000000000003913       0x14 /usr/lib/gcc/msp430/4.6.3/mmpy-16/libcrt0.a(__init_stack.o)
 .debug_abbrev  0x0000000000003927       0x14 /usr/lib/gcc/msp430/4.6.3/mmpy-16/libcrt0.a(_copy_data.o)
 .debug_abbrev  0x000000000000393b       0x14 /usr/lib/gcc/msp430/4.6.3/mmpy-16/libcrt0.a(_clear_bss.o)
 .debug_abbrev  0x000000000000394f       0x14 /usr/lib/gcc/msp430/4.6.3/mmpy-16/libcrt0.a(_endless_loop__.o)
 .debug_abbrev  0x0000000000003963       0x14 /usr/lib/gcc/msp430/4.6.3/mmpy-16/libcrt0.a(_unexpected_.o)

.debug_line     0x0000000000000000     0x3b0e
 *(.debug_line)
 .debug_line    0x0000000000000000      0x195 staffetta-test.co
 .debug_line    0x0000000000000195      0x17a obj_sky/contiki-sky-main.o
 .debug_line    0x000000000000030f      0x13d contiki-sky.a(process.o)
 .debug_line    0x000000000000044c       0x96 contiki-sky.a(autostart.o)
 .debug_line    0x00000000000004e2       0x4a contiki-sky.a(random.o)
 .debug_line    0x000000000000052c      0x170 contiki-sky.a(etimer.o)
 .debug_line    0x000000000000069c       0xe1 contiki-sky.a(energest.o)
 .debug_line    0x000000000000077d       0x81 contiki-sky.a(rtimer.o)
 .debug_line    0x00000000000007fe       0xff contiki-sky.a(metric.o)
 .debug_line    0x00000000000008fd      0x11f contiki-sky.a(gpio.o)
 .debug_line    0x0000000000000a1c      0x20d contiki-sky.a(energytrace.o)
 .debug_line    0x0000000000000c29      0x84e contiki-sky.a(staffetta.o)
 .debug_line    0x0000000000001477      0x147 contiki-sky.a(msp430.o)
 .debug_line    0x00000000000015be      0x12c contiki-sky.a(leds.o)
 .debug_line    0x00000000000016ea       0xa7 contiki-sky.a(watchdog.o)
 .debug_line    0x0000000000001791      0x1c9 contiki-sky.a(xmem.o)
 .debug_line    0x000000000000195a      0x327 contiki-sky.a(cc2420.o)
 .debug_line    0x0000000000001c81       0x61 contiki-sky.a(node-id.o)
 .debug_line    0x0000000000001ce2      0x105 contiki-sky.a(uart1.o)
 .debug_line    0x0000000000001de7      0x163 contiki-sky.a(clock.o)
 .debug_line    0x0000000000001f4a       0xdb contiki-sky.a(leds-arch.o)
 .debug_line    0x0000000000002025       0x95 contiki-sky.a(uart1-putchar.o)
 .debug_line    0x00000000000020ba       0xbe contiki-sky.a(rtimer-arch.o)
 .debug_line    0x0000000000002178       0xbf contiki-sky.a(rand.o)
 .debug_line    0x0000000000002237       0xa2 contiki-sky.a(timer.o)
 .debug_line    0x00000000000022d9      0x15d contiki-sky.a(ctimer.o)
 .debug_line    0x0000000000002436       0xb3 contiki-sky.a(ringbuf.o)
 .debug_line    0x00000000000024e9       0x96 contiki-sky.a(spi.o)
 .debug_line    0x000000000000257f       0xd8 contiki-sky.a(list.o)
 .debug_line    0x0000000000002657       0xa3 /usr/lib/gcc/msp430/4.6.3/mmpy-16/libgcc.a(_mulsi3.o)
 .debug_line    0x00000000000026fa       0x9c /usr/lib/gcc/msp430/4.6.3/mmpy-16/libgcc.a(_udivmod16.o)
 .debug_line    0x0000000000002796       0xa7 /usr/lib/gcc/msp430/4.6.3/mmpy-16/libgcc.a(_divmod16.o)
 .debug_line    0x000000000000283d       0xab /usr/lib/gcc/msp430/4.6.3/mmpy-16/libgcc.a(_udivmod32.o)
 .debug_line    0x00000000000028e8       0xb0 /usr/lib/gcc/msp430/4.6.3/mmpy-16/libgcc.a(_divmod32.o)
 .debug_line    0x0000000000002998       0x94 /usr/lib/gcc/msp430/4.6.3/mmpy-16/libgcc.a(_fixunssfsi.o)
 .debug_line    0x0000000000002a2c      0x13f /usr/lib/gcc/msp430/4.6.3/mmpy-16/libgcc.a(_addsub_sf.o)
 .debug_line    0x0000000000002b6b      0x137 /usr/lib/gcc/msp430/4.6.3/mmpy-16/libgcc.a(_mul_sf.o)
 .debug_line    0x0000000000002ca2       0xb1 /usr/lib/gcc/msp430/4.6.3/mmpy-16/libgcc.a(_ge_sf.o)
 .debug_line    0x0000000000002d53       0xbf /usr/lib/gcc/msp430/4.6.3/mmpy-16/libgcc.a(_sf_to_si.o)
 .debug_line    0x0000000000002e12       0x94 /usr/lib/gcc/msp430/4.6.3/mmpy-16/libgcc.a(_thenan_sf.o)
 .debug_line    0x0000000000002ea6       0xc6 /usr/lib/gcc/msp430/4.6.3/mmpy-16/libgcc.a(_usi_to_sf.o)
 .debug_line    0x0000000000002f6c       0xbe /usr/lib/gcc/msp430/4.6.3/mmpy-16/libgcc.a(_clzsi2.o)
 .debug_line    0x000000000000302a      0x102 /usr/lib/gcc/msp430/4.6.3/mmpy-16/libgcc.a(_pack_sf.o)
 .debug_line    0x000000000000312c       0xdd /usr/lib/gcc/msp430/4.6.3/mmpy-16/libgcc.a(_unpack_sf.o)
 .debug_line    0x0000000000003209       0xe8 /usr/lib/gcc/msp430/4.6.3/mmpy-16/libgcc.a(_fpcmp_parts_sf.o)
 .debug_line    0x00000000000032f1       0x80 /usr/lib/gcc/msp430/4.6.3/mmpy-16/libgcc.a(_clz.o)
 .debug_line    0x0000000000003371       0x72 /usr/lib/gcc/msp430/4.6.3/../../../../msp430/lib/mmpy-16/libc.a(printf.o)
 .debug_line    0x00000000000033e3      0x2d2 /usr/lib/gcc/msp430/4.6.3/../../../../msp430/lib/mmpy-16/libc.a(vuprintf.o)
 .debug_line    0x00000000000036b5       0x4d /usr/lib/gcc/msp430/4.6.3/../../../../msp430/lib/mmpy-16/libc.a(puts.o)
 .debug_line    0x0000000000003702       0xf1 /usr/lib/gcc/msp430/4.6.3/mmpy-16/libgcc.a(_udivmod64.o)
 .debug_line    0x00000000000037f3       0x84 /usr/lib/gcc/msp430/4.6.3/mmpy-16/libcrt0.a(__watchdog_support.o)
 .debug_line    0x0000000000003877       0x82 /usr/lib/gcc/msp430/4.6.3/mmpy-16/libcrt0.a(__init_stack.o)
 .debug_line    0x00000000000038f9       0x88 /usr/lib/gcc/msp430/4.6.3/mmpy-16/libcrt0.a(_copy_data.o)
 .debug_line    0x0000000000003981       0x88 /usr/lib/gcc/msp430/4.6.3/mmpy-16/libcrt0.a(_clear_bss.o)
 .debug_line    0x0000000000003a09       0x83 /usr/lib/gcc/msp430/4.6.3/mmpy-16/libcrt0.a(_endless_loop__.o)
 .debug_line    0x0000000000003a8c       0x82 /usr/lib/gcc/msp430/4.6.3/mmpy-16/libcrt0.a(_unexpected_.o)

.debug_frame    0x0000000000000000     0x116a
 *(.debug_frame)
 .debug_frame   0x0000000000000000       0x60 staffetta-test.co
 .debug_frame   0x0000000000000060       0x50 obj_sky/contiki-sky-main.o
 .debug_frame   0x00000000000000b0       0xe8 contiki-sky.a(process.o)
 .debug_frame   0x0000000000000198       0x36 contiki-sky.a(autostart.o)
 .debug_frame   0x00000000000001ce       0x2a contiki-sky.a(random.o)
 .debug_frame   0x00000000000001f8       0xf8 contiki-sky.a(etimer.o)
 .debug_frame   0x00000000000002f0       0x62 contiki-sky.a(energest.o)
 .debug_frame   0x0000000000000352       0x36 contiki-sky.a(rtimer.o)
 .debug_frame   0x0000000000000388       0x5a contiki-sky.a(metric.o)
 .debug_frame   0x00000000000003e2       0xc0 contiki-sky.a(gpio.o)
 .debug_frame   0x00000000000004a2       0x9c contiki-sky.a(energytrace.o)
 .debug_frame   0x000000000000053e      0x1b8 contiki-sky.a(staffetta.o)
 .debug_frame   0x00000000000006f6       0x86 contiki-sky.a(msp430.o)
 .debug_frame   0x000000000000077c       0xa2 contiki-sky.a(leds.o)
 .debug_frame   0x000000000000081e       0x5a contiki-sky.a(watchdog.o)
 .debug_frame   0x0000000000000878       0xc4 contiki-sky.a(xmem.o)
 .debug_frame   0x000000000000093c       0x6e contiki-sky.a(cc2420.o)
 .debug_frame   0x00000000000009aa       0x32 contiki-sky.a(node-id.o)
 .debug_frame   0x00000000000009dc       0x88 contiki-sky.a(uart1.o)
 .debug_frame   0x0000000000000a64       0xd0 contiki-sky.a(clock.o)
 .debug_frame   0x0000000000000b34       0x36 contiki-sky.a(leds-arch.o)
 .debug_frame   0x0000000000000b6a       0x24 contiki-sky.a(uart1-putchar.o)
 .debug_frame   0x0000000000000b8e       0x4a contiki-sky.a(rtimer-arch.o)
 .debug_frame   0x0000000000000bd8       0x40 contiki-sky.a(rand.o)
 .debug_frame   0x0000000000000c18       0x6a contiki-sky.a(timer.o)
 .debug_frame   0x0000000000000c82       0xaa contiki-sky.a(ctimer.o)
 .debug_frame   0x0000000000000d2c       0x5e contiki-sky.a(ringbuf.o)
 .debug_frame   0x0000000000000d8a       0x1e contiki-sky.a(spi.o)
 .debug_frame   0x0000000000000da8       0xbc contiki-sky.a(list.o)
 .debug_frame   0x0000000000000e64       0x28 /usr/lib/gcc/msp430/4.6.3/mmpy-16/libgcc.a(_fixunssfsi.o)
 .debug_frame   0x0000000000000e8c       0x6a /usr/lib/gcc/msp430/4.6.3/mmpy-16/libgcc.a(_addsub_sf.o)
 .debug_frame   0x0000000000000ef6       0x4a /usr/lib/gcc/msp430/4.6.3/mmpy-16/libgcc.a(_mul_sf.o)
 .debug_frame   0x0000000000000f40       0x22 /usr/lib/gcc/msp430/4.6.3/mmpy-16/libgcc.a(_ge_sf.o)
 .debug_frame   0x0000000000000f62       0x22 /usr/lib/gcc/msp430/4.6.3/mmpy-16/libgcc.a(_sf_to_si.o)
 .debug_frame   0x0000000000000f84       0x36 /usr/lib/gcc/msp430/4.6.3/mmpy-16/libgcc.a(_usi_to_sf.o)
 .debug_frame   0x0000000000000fba       0x2e /usr/lib/gcc/msp430/4.6.3/mmpy-16/libgcc.a(_clzsi2.o)
 .debug_frame   0x0000000000000fe8       0x38 /usr/lib/gcc/msp430/4.6.3/mmpy-16/libgcc.a(_pack_sf.o)
 .debug_frame   0x0000000000001020       0x28 /usr/lib/gcc/msp430/4.6.3/mmpy-16/libgcc.a(_unpack_sf.o)
 .debug_frame   0x0000000000001048       0x24 /usr/lib/gcc/msp430/4.6.3/mmpy-16/libgcc.a(_fpcmp_parts_sf.o)
 .debug_frame   0x000000000000106c       0x2a /usr/lib/gcc/msp430/4.6.3/../../../../msp430/lib/mmpy-16/libc.a(printf.o)
 .debug_frame   0x0000000000001096       0xb0 /usr/lib/gcc/msp430/4.6.3/../../../../msp430/lib/mmpy-16/libc.a(vuprintf.o)
 .debug_frame   0x0000000000001146       0x24 /usr/lib/gcc/msp430/4.6.3/../../../../msp430/lib/mmpy-16/libc.a(puts.o)

.debug_str      0x0000000000000000     0x21dc
 *(.debug_str)
 .debug_str     0x0000000000000000      0x35a staffetta-test.co
                                        0x3fc (size before relaxing)
 .debug_str     0x000000000000035a       0xd2 obj_sky/contiki-sky-main.o
                                        0x379 (size before relaxing)
 .debug_str     0x000000000000042c      0x178 contiki-sky.a(process.o)
                                        0x2c6 (size before relaxing)
 .debug_str     0x00000000000005a4       0x3a contiki-sky.a(autostart.o)
                                        0x17e (size before relaxing)
 .debug_str     0x00000000000005de       0x35 contiki-sky.a(random.o)
                                        0x122 (size before relaxing)
 .debug_str     0x0000000000000613      0x133 contiki-sky.a(etimer.o)
                                        0x2d3 (size before relaxing)
 .debug_str     0x0000000000000746       0x9b contiki-sky.a(energest.o)
                                        0x31c (size before relaxing)
 .debug_str     0x00000000000007e1       0xb8 contiki-sky.a(rtimer.o)
                                        0x2e7 (size before relaxing)
 .debug_str     0x0000000000000899       0x9e contiki-sky.a(metric.o)
                                        0x341 (size before relaxing)
 .debug_str     0x0000000000000937       0xcf contiki-sky.a(gpio.o)
                                        0x1d4 (size before relaxing)
 .debug_str     0x0000000000000a06      0x2a5 contiki-sky.a(energytrace.o)
                                        0x5ed (size before relaxing)
 .debug_str     0x0000000000000cab      0x6b2 contiki-sky.a(staffetta.o)
                                        0xa7d (size before relaxing)
 .debug_str     0x000000000000135d      0x138 contiki-sky.a(msp430.o)
                                        0x28c (size before relaxing)
 .debug_str     0x0000000000001495       0x87 contiki-sky.a(leds.o)
                                        0x31c (size before relaxing)
 .debug_str     0x000000000000151c       0xa6 contiki-sky.a(watchdog.o)
                                        0x19b (size before relaxing)
 .debug_str     0x00000000000015c2       0xbb contiki-sky.a(xmem.o)
                                        0x390 (size before relaxing)
 .debug_str     0x000000000000167d       0x85 contiki-sky.a(cc2420.o)
                                        0x594 (size before relaxing)
 .debug_str     0x0000000000001702       0x3c contiki-sky.a(node-id.o)
                                        0x131 (size before relaxing)
 .debug_str     0x000000000000173e      0x12f contiki-sky.a(uart1.o)
                                        0x288 (size before relaxing)
 .debug_str     0x000000000000186d       0xdd contiki-sky.a(clock.o)
                                        0x3a2 (size before relaxing)
 .debug_str     0x000000000000194a       0x5a contiki-sky.a(leds-arch.o)
                                        0x158 (size before relaxing)
 .debug_str     0x00000000000019a4       0x2d contiki-sky.a(uart1-putchar.o)
                                        0x11a (size before relaxing)
 .debug_str     0x00000000000019d1       0x62 contiki-sky.a(rtimer-arch.o)
                                        0x17b (size before relaxing)
 .debug_str     0x0000000000001a33       0x27 contiki-sky.a(rand.o)
                                        0x25f (size before relaxing)
 .debug_str     0x0000000000001a5a       0x27 contiki-sky.a(timer.o)
                                        0x16d (size before relaxing)
 .debug_str     0x0000000000001a81       0xc0 contiki-sky.a(ctimer.o)
                                        0x38e (size before relaxing)
 .debug_str     0x0000000000001b41       0x64 contiki-sky.a(ringbuf.o)
                                        0x180 (size before relaxing)
 .debug_str     0x0000000000001ba5       0x5d contiki-sky.a(spi.o)
                                        0x18f (size before relaxing)
 .debug_str     0x0000000000001c02       0xa8 contiki-sky.a(list.o)
                                        0x131 (size before relaxing)
 .debug_str     0x0000000000001caa       0xcf /usr/lib/gcc/msp430/4.6.3/mmpy-16/libgcc.a(_fixunssfsi.o)
                                        0x17d (size before relaxing)
 .debug_str     0x0000000000001d79      0x149 /usr/lib/gcc/msp430/4.6.3/mmpy-16/libgcc.a(_addsub_sf.o)
                                        0x255 (size before relaxing)
 .debug_str     0x0000000000001ec2       0x27 /usr/lib/gcc/msp430/4.6.3/mmpy-16/libgcc.a(_mul_sf.o)
                                        0x20e (size before relaxing)
 .debug_str     0x0000000000001ee9        0x8 /usr/lib/gcc/msp430/4.6.3/mmpy-16/libgcc.a(_ge_sf.o)
                                        0x1dc (size before relaxing)
 .debug_str     0x0000000000001ef1        0xa /usr/lib/gcc/msp430/4.6.3/mmpy-16/libgcc.a(_sf_to_si.o)
                                        0x1e5 (size before relaxing)
 .debug_str     0x0000000000000000      0x187 /usr/lib/gcc/msp430/4.6.3/mmpy-16/libgcc.a(_thenan_sf.o)
 .debug_str     0x0000000000001efb       0x2a /usr/lib/gcc/msp430/4.6.3/mmpy-16/libgcc.a(_usi_to_sf.o)
                                        0x1c7 (size before relaxing)
 .debug_str     0x0000000000001f25       0x17 /usr/lib/gcc/msp430/4.6.3/mmpy-16/libgcc.a(_clzsi2.o)
                                        0x189 (size before relaxing)
 .debug_str     0x0000000000001f3c       0x10 /usr/lib/gcc/msp430/4.6.3/mmpy-16/libgcc.a(_pack_sf.o)
                                        0x1e4 (size before relaxing)
 .debug_str     0x0000000000001f4c        0xb /usr/lib/gcc/msp430/4.6.3/mmpy-16/libgcc.a(_unpack_sf.o)
                                        0x1c6 (size before relaxing)
 .debug_str     0x0000000000001f57       0x10 /usr/lib/gcc/msp430/4.6.3/mmpy-16/libgcc.a(_fpcmp_parts_sf.o)
                                        0x1aa (size before relaxing)
 .debug_str     0x0000000000000000      0x16c /usr/lib/gcc/msp430/4.6.3/mmpy-16/libgcc.a(_clz.o)
 .debug_str     0x0000000000001f67       0x67 /usr/lib/gcc/msp430/4.6.3/../../../../msp430/lib/mmpy-16/libc.a(printf.o)
                                        0x12a (size before relaxing)
 .debug_str     0x0000000000001fce      0x1f9 /usr/lib/gcc/msp430/4.6.3/../../../../msp430/lib/mmpy-16/libc.a(vuprintf.o)
                                        0x375 (size before relaxing)
 .debug_str     0x00000000000021c7       0x15 /usr/lib/gcc/msp430/4.6.3/../../../../msp430/lib/mmpy-16/libc.a(puts.o)
                                         0xf0 (size before relaxing)

.debug_loc      0x0000000000000000     0x2d61
 *(.debug_loc)
 .debug_loc     0x0000000000000000      0x178 staffetta-test.co
 .debug_loc     0x0000000000000178       0x9a obj_sky/contiki-sky-main.o
 .debug_loc     0x0000000000000212      0x20d contiki-sky.a(process.o)
 .debug_loc     0x000000000000041f       0x56 contiki-sky.a(autostart.o)
 .debug_loc     0x0000000000000475        0xb contiki-sky.a(random.o)
 .debug_loc     0x0000000000000480      0x270 contiki-sky.a(etimer.o)
 .debug_loc     0x00000000000006f0       0x8a contiki-sky.a(energest.o)
 .debug_loc     0x000000000000077a       0x5b contiki-sky.a(rtimer.o)
 .debug_loc     0x00000000000007d5       0x28 contiki-sky.a(metric.o)
 .debug_loc     0x00000000000007fd       0xb3 contiki-sky.a(gpio.o)
 .debug_loc     0x00000000000008b0      0x259 contiki-sky.a(energytrace.o)
 .debug_loc     0x0000000000000b09      0x49a contiki-sky.a(staffetta.o)
 .debug_loc     0x0000000000000fa3      0x118 contiki-sky.a(msp430.o)
 .debug_loc     0x00000000000010bb       0xdc contiki-sky.a(leds.o)
 .debug_loc     0x0000000000001197      0x2f2 contiki-sky.a(xmem.o)
 .debug_loc     0x0000000000001489      0x119 contiki-sky.a(cc2420.o)
 .debug_loc     0x00000000000015a2       0x33 contiki-sky.a(node-id.o)
 .debug_loc     0x00000000000015d5       0x99 contiki-sky.a(uart1.o)
 .debug_loc     0x000000000000166e       0x92 contiki-sky.a(clock.o)
 .debug_loc     0x0000000000001700        0xb contiki-sky.a(leds-arch.o)
 .debug_loc     0x000000000000170b       0x2d contiki-sky.a(uart1-putchar.o)
 .debug_loc     0x0000000000001738       0x2c contiki-sky.a(rtimer-arch.o)
 .debug_loc     0x0000000000001764       0x74 contiki-sky.a(rand.o)
 .debug_loc     0x00000000000017d8       0xb9 contiki-sky.a(timer.o)
 .debug_loc     0x0000000000001891      0x205 contiki-sky.a(ctimer.o)
 .debug_loc     0x0000000000001a96       0xa3 contiki-sky.a(ringbuf.o)
 .debug_loc     0x0000000000001b39      0x1ac contiki-sky.a(list.o)
 .debug_loc     0x0000000000001ce5       0x44 /usr/lib/gcc/msp430/4.6.3/mmpy-16/libgcc.a(_fixunssfsi.o)
 .debug_loc     0x0000000000001d29      0x2ca /usr/lib/gcc/msp430/4.6.3/mmpy-16/libgcc.a(_addsub_sf.o)
 .debug_loc     0x0000000000001ff3      0x248 /usr/lib/gcc/msp430/4.6.3/mmpy-16/libgcc.a(_mul_sf.o)
 .debug_loc     0x000000000000223b       0x3c /usr/lib/gcc/msp430/4.6.3/mmpy-16/libgcc.a(_ge_sf.o)
 .debug_loc     0x0000000000002277       0x3c /usr/lib/gcc/msp430/4.6.3/mmpy-16/libgcc.a(_sf_to_si.o)
 .debug_loc     0x00000000000022b3       0x6c /usr/lib/gcc/msp430/4.6.3/mmpy-16/libgcc.a(_usi_to_sf.o)
 .debug_loc     0x000000000000231f       0x80 /usr/lib/gcc/msp430/4.6.3/mmpy-16/libgcc.a(_clzsi2.o)
 .debug_loc     0x000000000000239f      0x181 /usr/lib/gcc/msp430/4.6.3/mmpy-16/libgcc.a(_pack_sf.o)
 .debug_loc     0x0000000000002520       0x83 /usr/lib/gcc/msp430/4.6.3/mmpy-16/libgcc.a(_unpack_sf.o)
 .debug_loc     0x00000000000025a3       0x5b /usr/lib/gcc/msp430/4.6.3/mmpy-16/libgcc.a(_fpcmp_parts_sf.o)
 .debug_loc     0x00000000000025fe       0x38 /usr/lib/gcc/msp430/4.6.3/../../../../msp430/lib/mmpy-16/libc.a(printf.o)
 .debug_loc     0x0000000000002636      0x705 /usr/lib/gcc/msp430/4.6.3/../../../../msp430/lib/mmpy-16/libc.a(vuprintf.o)
 .debug_loc     0x0000000000002d3b       0x26 /usr/lib/gcc/msp430/4.6.3/../../../../msp430/lib/mmpy-16/libc.a(puts.o)

.debug_macinfo
 *(.debug_macinfo)

.debug_pubtypes
 *(.debug_pubtypes)

.debug_ranges   0x0000000000000000       0x98
 *(.debug_ranges)
 .debug_ranges  0x0000000000000000       0x18 staffetta-test.co
 .debug_ranges  0x0000000000000018        0x8 obj_sky/contiki-sky-main.o
 .debug_ranges  0x0000000000000020        0xc contiki-sky.a(energytrace.o)
 .debug_ranges  0x000000000000002c        0xc contiki-sky.a(staffetta.o)
 .debug_ranges  0x0000000000000038       0x14 /usr/lib/gcc/msp430/4.6.3/mmpy-16/libgcc.a(_addsub_sf.o)
 .debug_ranges  0x000000000000004c       0x28 /usr/lib/gcc/msp430/4.6.3/mmpy-16/libgcc.a(_mul_sf.o)
 .debug_ranges  0x0000000000000074        0xc /usr/lib/gcc/msp430/4.6.3/mmpy-16/libgcc.a(_clzsi2.o)
 .debug_ranges  0x0000000000000080       0x18 /usr/lib/gcc/msp430/4.6.3/../../../../msp430/lib/mmpy-16/libc.a(vuprintf.o)
                0x0000000000003900                PROVIDE (__stack, (ORIGIN (ram) + 0x2800))
                0x0000000000009062                PROVIDE (__data_start_rom, _etext)
                0x00000000000090b0                PROVIDE (__data_end_rom, (_etext + SIZEOF (.data)))
OUTPUT(staffetta-test.sky elf32-msp430)

.glossy         0x0000000000004000        0x0
