Archive member included because of file (symbol)

contiki-sky.a(process.o)      obj_sky/contiki-sky-main.o (process_init)
contiki-sky.a(autostart.o)    obj_sky/contiki-sky-main.o (autostart_start)
contiki-sky.a(random.o)       staffetta-test.co (random_init)
contiki-sky.a(etimer.o)       obj_sky/contiki-sky-main.o (etimer_process)
contiki-sky.a(energest.o)     obj_sky/contiki-sky-main.o (energest_init)
contiki-sky.a(rtimer.o)       obj_sky/contiki-sky-main.o (rtimer_init)
contiki-sky.a(metric.o)       staffetta-test.co (node_energy_state)
contiki-sky.a(gpio.o)         obj_sky/contiki-sky-main.o (gpio_init)
contiki-sky.a(energytrace.o)  contiki-sky.a(metric.o) (harvesting_rate_array)
contiki-sky.a(staffetta.o)    staffetta-test.co (getWakeups)
contiki-sky.a(msp430.o)       contiki-sky.a(energytrace.o) (w_memcpy)
contiki-sky.a(leds.o)         staffetta-test.co (leds_init)
contiki-sky.a(watchdog.o)     obj_sky/contiki-sky-main.o (watchdog_init)
contiki-sky.a(xmem.o)         obj_sky/contiki-sky-main.o (xmem_init)
contiki-sky.a(cc2420.o)       obj_sky/contiki-sky-main.o (cc2420_init)
contiki-sky.a(node-id.o)      staffetta-test.co (node_id)
contiki-sky.a(uart1.o)        obj_sky/contiki-sky-main.o (uart1_active)
contiki-sky.a(clock.o)        contiki-sky.a(etimer.o) (clock_time)
contiki-sky.a(leds-arch.o)    contiki-sky.a(leds.o) (leds_arch_init)
contiki-sky.a(uart1-putchar.o)
                              obj_sky/contiki-sky-main.o (putchar)
contiki-sky.a(rtimer-arch.o)  contiki-sky.a(rtimer.o) (rtimer_arch_init)
contiki-sky.a(rand.o)         contiki-sky.a(random.o) (rand)
contiki-sky.a(timer.o)        contiki-sky.a(etimer.o) (timer_set)
contiki-sky.a(ctimer.o)       contiki-sky.a(staffetta.o) (ctimer_stop)
contiki-sky.a(ringbuf.o)      contiki-sky.a(uart1.o) (ringbuf_init)
contiki-sky.a(spi.o)          contiki-sky.a(xmem.o) (spi_init)
contiki-sky.a(list.o)         contiki-sky.a(ctimer.o) (list_init)
/usr/lib/gcc/msp430/4.6.3/mmpy-16/libgcc.a(_mulsi3.o)
                              contiki-sky.a(energytrace.o) (__mulsi3)
/usr/lib/gcc/msp430/4.6.3/mmpy-16/libgcc.a(_udivmod16.o)
                              contiki-sky.a(energytrace.o) (__udivhi3)
/usr/lib/gcc/msp430/4.6.3/mmpy-16/libgcc.a(_divmod16.o)
                              contiki-sky.a(staffetta.o) (__modhi3)
/usr/lib/gcc/msp430/4.6.3/mmpy-16/libgcc.a(_udivmod32.o)
                              staffetta-test.co (__udivsi3)
/usr/lib/gcc/msp430/4.6.3/../../../../msp430/lib/mmpy-16/libc.a(strcmp.o)
                              contiki-sky.a(energytrace.o) (strcmp)
/usr/lib/gcc/msp430/4.6.3/../../../../msp430/lib/mmpy-16/libc.a(strncpy.o)
                              contiki-sky.a(energytrace.o) (strncpy)
/usr/lib/gcc/msp430/4.6.3/../../../../msp430/lib/mmpy-16/libc.a(atoi.o)
                              contiki-sky.a(energytrace.o) (atoi)
/usr/lib/gcc/msp430/4.6.3/../../../../msp430/lib/mmpy-16/libc.a(printf.o)
                              staffetta-test.co (printf)
/usr/lib/gcc/msp430/4.6.3/../../../../msp430/lib/mmpy-16/libc.a(vuprintf.o)
                              /usr/lib/gcc/msp430/4.6.3/../../../../msp430/lib/mmpy-16/libc.a(printf.o) (vuprintf)
/usr/lib/gcc/msp430/4.6.3/../../../../msp430/lib/mmpy-16/libc.a(puts.o)
                              staffetta-test.co (puts)
/usr/lib/gcc/msp430/4.6.3/mmpy-16/libgcc.a(_udivmod64.o)
                              /usr/lib/gcc/msp430/4.6.3/../../../../msp430/lib/mmpy-16/libc.a(vuprintf.o) (__udivdi3)
/usr/lib/gcc/msp430/4.6.3/mmpy-16/libcrt0.a(_reset_vector__.o)
                              /usr/lib/gcc/msp430/4.6.3/mmpy-16/crt0ivtbl16.o (_reset_vector__)
/usr/lib/gcc/msp430/4.6.3/mmpy-16/libcrt0.a(__watchdog_support.o)
                              /usr/lib/gcc/msp430/4.6.3/mmpy-16/libcrt0.a(_reset_vector__.o) (__watchdog_support)
/usr/lib/gcc/msp430/4.6.3/mmpy-16/libcrt0.a(__init_stack.o)
                              /usr/lib/gcc/msp430/4.6.3/mmpy-16/libcrt0.a(_reset_vector__.o) (__init_stack)
/usr/lib/gcc/msp430/4.6.3/mmpy-16/libcrt0.a(__low_level_init.o)
                              /usr/lib/gcc/msp430/4.6.3/mmpy-16/libcrt0.a(_reset_vector__.o) (__low_level_init)
/usr/lib/gcc/msp430/4.6.3/mmpy-16/libcrt0.a(_copy_data.o)
                              /usr/lib/gcc/msp430/4.6.3/mmpy-16/libcrt0.a(_reset_vector__.o) (__do_copy_data)
/usr/lib/gcc/msp430/4.6.3/mmpy-16/libcrt0.a(_clear_bss.o)
                              /usr/lib/gcc/msp430/4.6.3/mmpy-16/libcrt0.a(_reset_vector__.o) (__do_clear_bss)
/usr/lib/gcc/msp430/4.6.3/mmpy-16/libcrt0.a(__stop_progExec__.o)
                              /usr/lib/gcc/msp430/4.6.3/mmpy-16/libcrt0.a(_reset_vector__.o) (__stop_progExec__)
/usr/lib/gcc/msp430/4.6.3/mmpy-16/libcrt0.a(_endless_loop__.o)
                              /usr/lib/gcc/msp430/4.6.3/mmpy-16/libcrt0.a(_reset_vector__.o) (_endless_loop__)
/usr/lib/gcc/msp430/4.6.3/mmpy-16/libcrt0.a(_unexpected_.o)
                              /usr/lib/gcc/msp430/4.6.3/mmpy-16/crt0ivtbl16.o (_unexpected_)

Allocating common symbols
Common symbol       size              file

energest_total_time
                    0x30              contiki-sky.a(energest.o)
energest_total_count
                    0x2               contiki-sky.a(energest.o)
energest_current_mode
                    0xc               contiki-sky.a(energest.o)
process_maxevents   0x1               contiki-sky.a(process.o)
node_state          0x2               contiki-sky.a(energytrace.o)
node_duty_cycle     0x2               contiki-sky.a(metric.o)
node_activation_ev  0x1               contiki-sky.a(energytrace.o)
energest_current_time
                    0x18              contiki-sky.a(energest.o)
edc_id              0x50              contiki-sky.a(staffetta.o)
fd_read_solar       0x2               contiki-sky.a(energytrace.o)

Memory Configuration

Name             Origin             Length             Attributes
sfr              0x0000000000000000 0x0000000000000010
peripheral_8bit  0x0000000000000010 0x00000000000000f0
peripheral_16bit 0x0000000000000100 0x0000000000000100
ram_mirror       0x0000000000000200 0x0000000000000800 xw
infomem          0x0000000000001000 0x0000000000000100
infob            0x0000000000001000 0x0000000000000080
infoa            0x0000000000001080 0x0000000000000080
ram              0x0000000000001100 0x0000000000002800 xw
rom              0x0000000000004000 0x000000000000bfe0 xr
vectors          0x000000000000ffe0 0x0000000000000020
bsl              0x0000000000000000 0x0000000000000000
infoc            0x0000000000000000 0x0000000000000000
infod            0x0000000000000000 0x0000000000000000
ram2             0x0000000000000000 0x0000000000000000 xw
usbram           0x0000000000000000 0x0000000000000000 xw
far_rom          0x0000000000000000 0x0000000000000000
*default*        0x0000000000000000 0xffffffffffffffff

Linker script and memory map

LOAD /usr/lib/gcc/msp430/4.6.3/mmpy-16/crt0ivtbl16.o
Address of section .glossy set to 0x4000
Address of section .text set to 0x4400
LOAD staffetta-test.co
LOAD obj_sky/contiki-sky-main.o
LOAD contiki-sky.a
LOAD /usr/lib/gcc/msp430/4.6.3/../../../../msp430/lib/mmpy-16/libm.a
LOAD /usr/lib/gcc/msp430/4.6.3/mmpy-16/libgcc.a
LOAD /usr/lib/gcc/msp430/4.6.3/../../../../msp430/lib/mmpy-16/libc.a
LOAD /usr/lib/gcc/msp430/4.6.3/mmpy-16/libgcc.a
LOAD /usr/lib/gcc/msp430/4.6.3/mmpy-16/libcrt0.a
                0x0000000000000080                PROVIDE (__info_segment_size, 0x80)
                0x0000000000001000                PROVIDE (__infob, 0x1000)
                0x0000000000001080                PROVIDE (__infoa, 0x1080)
                0x0000000000000000                __IE1 = 0x0
                0x0000000000000002                __IFG1 = 0x2
                0x0000000000000004                __ME1 = 0x4
                0x0000000000000001                __IE2 = 0x1
                0x0000000000000003                __IFG2 = 0x3
                0x0000000000000005                __ME2 = 0x5
                0x0000000000000120                __WDTCTL = 0x120
                0x0000000000000130                __MPY = 0x130
                0x0000000000000132                __MPYS = 0x132
                0x0000000000000134                __MAC = 0x134
                0x0000000000000136                __MACS = 0x136
                0x0000000000000138                __OP2 = 0x138
                0x000000000000013a                __RESLO = 0x13a
                0x000000000000013c                __RESHI = 0x13c
                0x000000000000013e                __SUMEXT = 0x13e
                0x0000000000000020                __P1IN = 0x20
                0x0000000000000021                __P1OUT = 0x21
                0x0000000000000022                __P1DIR = 0x22
                0x0000000000000023                __P1IFG = 0x23
                0x0000000000000024                __P1IES = 0x24
                0x0000000000000025                __P1IE = 0x25
                0x0000000000000026                __P1SEL = 0x26
                0x0000000000000028                __P2IN = 0x28
                0x0000000000000029                __P2OUT = 0x29
                0x000000000000002a                __P2DIR = 0x2a
                0x000000000000002b                __P2IFG = 0x2b
                0x000000000000002c                __P2IES = 0x2c
                0x000000000000002d                __P2IE = 0x2d
                0x000000000000002e                __P2SEL = 0x2e
                0x0000000000000018                __P3IN = 0x18
                0x0000000000000019                __P3OUT = 0x19
                0x000000000000001a                __P3DIR = 0x1a
                0x000000000000001b                __P3SEL = 0x1b
                0x000000000000001c                __P4IN = 0x1c
                0x000000000000001d                __P4OUT = 0x1d
                0x000000000000001e                __P4DIR = 0x1e
                0x000000000000001f                __P4SEL = 0x1f
                0x0000000000000030                __P5IN = 0x30
                0x0000000000000031                __P5OUT = 0x31
                0x0000000000000032                __P5DIR = 0x32
                0x0000000000000033                __P5SEL = 0x33
                0x0000000000000034                __P6IN = 0x34
                0x0000000000000035                __P6OUT = 0x35
                0x0000000000000036                __P6DIR = 0x36
                0x0000000000000037                __P6SEL = 0x37
                0x0000000000000070                __U0CTL = 0x70
                0x0000000000000071                __U0TCTL = 0x71
                0x0000000000000072                __U0RCTL = 0x72
                0x0000000000000073                __U0MCTL = 0x73
                0x0000000000000074                __U0BR0 = 0x74
                0x0000000000000075                __U0BR1 = 0x75
                0x0000000000000076                __U0RXBUF = 0x76
                0x0000000000000077                __U0TXBUF = 0x77
                0x0000000000000078                __U1CTL = 0x78
                0x0000000000000079                __U1TCTL = 0x79
                0x000000000000007a                __U1RCTL = 0x7a
                0x000000000000007b                __U1MCTL = 0x7b
                0x000000000000007c                __U1BR0 = 0x7c
                0x000000000000007d                __U1BR1 = 0x7d
                0x000000000000007e                __U1RXBUF = 0x7e
                0x000000000000007f                __U1TXBUF = 0x7f
                0x0000000000000050                __I2CIE = 0x50
                0x0000000000000051                __I2CIFG = 0x51
                0x0000000000000052                __I2CNDAT = 0x52
                0x0000000000000071                __I2CTCTL = 0x71
                0x0000000000000072                __I2CDCTL = 0x72
                0x0000000000000073                __I2CPSC = 0x73
                0x0000000000000074                __I2CSCLH = 0x74
                0x0000000000000075                __I2CSCLL = 0x75
                0x0000000000000076                __I2CDRB = 0x76
                0x0000000000000076                __I2CDRW = 0x76
                0x0000000000000118                __I2COA = 0x118
                0x000000000000011a                __I2CSA = 0x11a
                0x000000000000011c                __I2CIV = 0x11c
                0x000000000000012e                __TAIV = 0x12e
                0x0000000000000160                __TACTL = 0x160
                0x0000000000000162                __TACCTL0 = 0x162
                0x0000000000000164                __TACCTL1 = 0x164
                0x0000000000000166                __TACCTL2 = 0x166
                0x0000000000000170                __TAR = 0x170
                0x0000000000000172                __TACCR0 = 0x172
                0x0000000000000174                __TACCR1 = 0x174
                0x0000000000000176                __TACCR2 = 0x176
                0x000000000000011e                __TBIV = 0x11e
                0x0000000000000180                __TBCTL = 0x180
                0x0000000000000182                __TBCCTL0 = 0x182
                0x0000000000000184                __TBCCTL1 = 0x184
                0x0000000000000186                __TBCCTL2 = 0x186
                0x0000000000000188                __TBCCTL3 = 0x188
                0x000000000000018a                __TBCCTL4 = 0x18a
                0x000000000000018c                __TBCCTL5 = 0x18c
                0x000000000000018e                __TBCCTL6 = 0x18e
                0x0000000000000190                __TBR = 0x190
                0x0000000000000192                __TBCCR0 = 0x192
                0x0000000000000194                __TBCCR1 = 0x194
                0x0000000000000196                __TBCCR2 = 0x196
                0x0000000000000198                __TBCCR3 = 0x198
                0x000000000000019a                __TBCCR4 = 0x19a
                0x000000000000019c                __TBCCR5 = 0x19c
                0x000000000000019e                __TBCCR6 = 0x19e
                0x0000000000000056                __DCOCTL = 0x56
                0x0000000000000057                __BCSCTL1 = 0x57
                0x0000000000000058                __BCSCTL2 = 0x58
                0x0000000000000055                __SVSCTL = 0x55
                0x0000000000000128                __FCTL1 = 0x128
                0x000000000000012a                __FCTL2 = 0x12a
                0x000000000000012c                __FCTL3 = 0x12c
                0x0000000000000059                __CACTL1 = 0x59
                0x000000000000005a                __CACTL2 = 0x5a
                0x000000000000005b                __CAPD = 0x5b
                0x00000000000001a0                __ADC12CTL0 = 0x1a0
                0x00000000000001a2                __ADC12CTL1 = 0x1a2
                0x00000000000001a4                __ADC12IFG = 0x1a4
                0x00000000000001a6                __ADC12IE = 0x1a6
                0x00000000000001a8                __ADC12IV = 0x1a8
                0x0000000000000140                __ADC12MEM0 = 0x140
                0x0000000000000142                __ADC12MEM1 = 0x142
                0x0000000000000144                __ADC12MEM2 = 0x144
                0x0000000000000146                __ADC12MEM3 = 0x146
                0x0000000000000148                __ADC12MEM4 = 0x148
                0x000000000000014a                __ADC12MEM5 = 0x14a
                0x000000000000014c                __ADC12MEM6 = 0x14c
                0x000000000000014e                __ADC12MEM7 = 0x14e
                0x0000000000000150                __ADC12MEM8 = 0x150
                0x0000000000000152                __ADC12MEM9 = 0x152
                0x0000000000000154                __ADC12MEM10 = 0x154
                0x0000000000000156                __ADC12MEM11 = 0x156
                0x0000000000000158                __ADC12MEM12 = 0x158
                0x000000000000015a                __ADC12MEM13 = 0x15a
                0x000000000000015c                __ADC12MEM14 = 0x15c
                0x000000000000015e                __ADC12MEM15 = 0x15e
                0x0000000000000080                __ADC12MCTL0 = 0x80
                0x0000000000000081                __ADC12MCTL1 = 0x81
                0x0000000000000082                __ADC12MCTL2 = 0x82
                0x0000000000000083                __ADC12MCTL3 = 0x83
                0x0000000000000084                __ADC12MCTL4 = 0x84
                0x0000000000000085                __ADC12MCTL5 = 0x85
                0x0000000000000086                __ADC12MCTL6 = 0x86
                0x0000000000000087                __ADC12MCTL7 = 0x87
                0x0000000000000088                __ADC12MCTL8 = 0x88
                0x0000000000000089                __ADC12MCTL9 = 0x89
                0x000000000000008a                __ADC12MCTL10 = 0x8a
                0x000000000000008b                __ADC12MCTL11 = 0x8b
                0x000000000000008c                __ADC12MCTL12 = 0x8c
                0x000000000000008d                __ADC12MCTL13 = 0x8d
                0x000000000000008e                __ADC12MCTL14 = 0x8e
                0x000000000000008f                __ADC12MCTL15 = 0x8f
                0x00000000000001c0                __DAC12_0CTL = 0x1c0
                0x00000000000001c2                __DAC12_1CTL = 0x1c2
                0x00000000000001c8                __DAC12_0DAT = 0x1c8
                0x00000000000001ca                __DAC12_1DAT = 0x1ca
                0x0000000000000122                __DMACTL0 = 0x122
                0x0000000000000124                __DMACTL1 = 0x124
                0x00000000000001e0                __DMA0CTL = 0x1e0
                0x00000000000001e8                __DMA1CTL = 0x1e8
                0x00000000000001f0                __DMA2CTL = 0x1f0
                0x00000000000001e2                __DMA0SA = 0x1e2
                0x00000000000001e4                __DMA0DA = 0x1e4
                0x00000000000001e6                __DMA0SZ = 0x1e6
                0x00000000000001ea                __DMA1SA = 0x1ea
                0x00000000000001ec                __DMA1DA = 0x1ec
                0x00000000000001ee                __DMA1SZ = 0x1ee
                0x00000000000001f2                __DMA2SA = 0x1f2
                0x00000000000001f4                __DMA2DA = 0x1f4
                0x00000000000001f6                __DMA2SZ = 0x1f6

.hash
 *(.hash)

.dynsym
 *(.dynsym)

.dynstr
 *(.dynstr)

.gnu.version
 *(.gnu.version)

.gnu.version_d
 *(.gnu.version_d)

.gnu.version_r
 *(.gnu.version_r)

.rel.init
 *(.rel.init)

.rela.init
 *(.rela.init)

.rel.fini
 *(.rel.fini)

.rela.fini
 *(.rela.fini)

.rel.text
 *(.rel.text .rel.text.* .rel.gnu.linkonce.t.*)

.rela.text
 *(.rela.text .rela.text.* .rela.gnu.linkonce.t.*)

.rel.rodata
 *(.rel.rodata .rel.rodata.* .rel.gnu.linkonce.r.*)

.rela.rodata
 *(.rela.rodata .rela.rodata.* .rela.gnu.linkonce.r.*)

.rel.data
 *(.rel.data .rel.data.* .rel.gnu.linkonce.d.*)

.rela.data
 *(.rela.data .rela.data.* .rela.gnu.linkonce.d.*)

.rel.bss
 *(.rel.bss .rel.bss.* .rel.gnu.linkonce.b.*)

.rela.bss
 *(.rela.bss .rela.bss.* .rela.gnu.linkonce.b.*)

.rel.ctors
 *(.rel.ctors)

.rela.ctors
 *(.rela.ctors)

.rel.dtors
 *(.rel.dtors)

.rela.dtors
 *(.rela.dtors)

.rel.got
 *(.rel.got)

.rela.got
 *(.rela.got)

.rel.plt
 *(.rel.plt)

.rela.plt
 *(.rela.plt)

.text           0x0000000000004400     0x534e
                0x0000000000004400                . = ALIGN (0x2)
 *(.init .init.*)
 *(.init0)
 .init0         0x0000000000004400        0x0 /usr/lib/gcc/msp430/4.6.3/mmpy-16/libcrt0.a(_reset_vector__.o)
                0x0000000000004400                _reset_vector__
 *(.init1)
 .init1         0x0000000000004400        0xc /usr/lib/gcc/msp430/4.6.3/mmpy-16/libcrt0.a(__watchdog_support.o)
                0x0000000000004400                __watchdog_support
 *(.init2)
 .init2         0x000000000000440c        0x4 /usr/lib/gcc/msp430/4.6.3/mmpy-16/libcrt0.a(__init_stack.o)
                0x000000000000440c                __init_stack
 *(.init3)
 .init3         0x0000000000004410        0x0 /usr/lib/gcc/msp430/4.6.3/mmpy-16/libcrt0.a(__low_level_init.o)
                0x0000000000004410                __low_level_init
 *(.init4)
 .init4         0x0000000000004410       0x18 /usr/lib/gcc/msp430/4.6.3/mmpy-16/libcrt0.a(_copy_data.o)
                0x0000000000004410                __do_copy_data
 .init4         0x0000000000004428       0x16 /usr/lib/gcc/msp430/4.6.3/mmpy-16/libcrt0.a(_clear_bss.o)
                0x0000000000004428                __do_clear_bss
 *(.init5)
 *(.init6)
 *(.init7)
 *(.init8)
 *(.init9)
 .init9         0x000000000000443e      0x17a obj_sky/contiki-sky-main.o
                0x000000000000443e                main
 *(.fini9)
 .fini9         0x00000000000045b8        0x0 /usr/lib/gcc/msp430/4.6.3/mmpy-16/libcrt0.a(__stop_progExec__.o)
                0x00000000000045b8                __stop_progExec__
 *(.fini8)
 *(.fini7)
 *(.fini6)
 *(.fini5)
 *(.fini4)
 *(.fini3)
 *(.fini2)
 *(.fini1)
 *(.fini0)
 .fini0         0x00000000000045b8        0x6 /usr/lib/gcc/msp430/4.6.3/mmpy-16/libcrt0.a(_endless_loop__.o)
                0x00000000000045b8                _endless_loop__
 *(.fini .fini.*)
                0x00000000000045be                . = ALIGN (0x2)
                0x00000000000045be                __ctors_start = .
 *(.ctors)
                0x00000000000045be                __ctors_end = .
                0x00000000000045be                __dtors_start = .
 *(.dtors)
                0x00000000000045be                __dtors_end = .
                0x00000000000045be                . = ALIGN (0x2)
 *(.text .text.* .gnu.linkonce.t.*)
 .text          0x00000000000045be        0x4 /usr/lib/gcc/msp430/4.6.3/mmpy-16/crt0ivtbl16.o
                0x00000000000045be                __isr_14
                0x00000000000045be                __isr_4
                0x00000000000045be                __isr_11
                0x00000000000045be                __isr_7
                0x00000000000045be                __isr_0
                0x00000000000045be                __isr_8
                0x00000000000045be                __isr_12
                0x00000000000045be                __isr_13
                0x00000000000045be                __isr_9
                0x00000000000045be                __isr_1
 .text.crt0     0x00000000000045c2        0x0 /usr/lib/gcc/msp430/4.6.3/mmpy-16/crt0ivtbl16.o
 .text          0x00000000000045c2      0x1ea staffetta-test.co
 .text          0x00000000000047ac        0x0 obj_sky/contiki-sky-main.o
 .text          0x00000000000047ac      0x29e contiki-sky.a(process.o)
                0x00000000000048a8                process_alloc_event
                0x00000000000048b6                process_exit
                0x00000000000048c0                process_init
                0x00000000000048dc                process_run
                0x000000000000497e                process_nevents
                0x000000000000498c                process_post
                0x00000000000049e0                process_post_synch
                0x00000000000049f2                process_start
                0x0000000000004a24                process_poll
                0x0000000000004a3c                process_is_running
 .text          0x0000000000004a4a       0x2a contiki-sky.a(autostart.o)
                0x0000000000004a4a                autostart_start
                0x0000000000004a60                autostart_exit
 .text          0x0000000000004a74        0xc contiki-sky.a(random.o)
                0x0000000000004a74                random_init
                0x0000000000004a7a                random_rand
 .text          0x0000000000004a80      0x25a contiki-sky.a(etimer.o)
                0x0000000000004af8                etimer_request_poll
                0x0000000000004c02                etimer_set
                0x0000000000004c14                etimer_reset
                0x0000000000004c26                etimer_restart
                0x0000000000004c38                etimer_adjust
                0x0000000000004c52                etimer_expired
                0x0000000000004c60                etimer_expiration_time
                0x0000000000004c74                etimer_start_time
                0x0000000000004c7c                etimer_pending
                0x0000000000004c88                etimer_next_expiration_time
                0x0000000000004c9e                etimer_stop
 .text          0x0000000000004cda       0xba contiki-sky.a(energest.o)
                0x0000000000004cda                energest_init
                0x0000000000004d02                energest_type_time
                0x0000000000004d44                energest_leveldevice_leveltime
                0x0000000000004d4a                energest_type_set
                0x0000000000004d58                energest_flush
 .text          0x0000000000004d94       0x50 contiki-sky.a(rtimer.o)
                0x0000000000004d94                rtimer_init
                0x0000000000004d9a                rtimer_set
                0x0000000000004dbe                rtimer_run_next
 .text          0x0000000000004de4      0x146 contiki-sky.a(metric.o)
                0x0000000000004de4                compute_node_duty_cycle
                0x0000000000004e14                get_duty_cycle
                0x0000000000004e1a                compute_node_state
                0x0000000000004edc                get_node_state
                0x0000000000004ee2                compute_harvesting_rate
                0x0000000000004f20                get_harvesting_rate
 .text          0x0000000000004f2a      0x10e contiki-sky.a(gpio.o)
                0x0000000000004f2a                gpio_arch_init
                0x0000000000004f38                gpio_arch_get
                0x0000000000004f66                gpio_arch_set
                0x0000000000004fa8                gpio_init
                0x0000000000004fb6                gpio_get
                0x0000000000004fbc                gpio_on
                0x0000000000004fc6                gpio_off
                0x0000000000004fd0                gpio_invert
                0x0000000000004fda                gpio_toggle
                0x0000000000004fe0                gpio_blink
                0x0000000000004ffc                gpio_green
                0x0000000000005010                gpio_yellow
                0x0000000000005024                gpio_red
 .text          0x0000000000005038     0x15f0 contiki-sky.a(energytrace.o)
                0x000000000000584e                cfs_open
                0x00000000000058f4                cfs_close
                0x0000000000005920                cfs_seek
                0x00000000000059a6                cfs_remove
                0x00000000000059c0                cfs_read
                0x0000000000005ecc                cfs_write
                0x0000000000006026                cfs_opendir
                0x0000000000006032                cfs_readdir
                0x00000000000060c4                cfs_closedir
                0x00000000000060c6                cfs_coffee_reserve
                0x00000000000060f2                cfs_coffee_configure_log
                0x0000000000006156                cfs_coffee_set_io_semantics
                0x0000000000006180                cfs_coffee_format
                0x00000000000061bc                cfs_coffee_get_protected_mem
                0x00000000000061c8                clean_message
                0x00000000000061dc                read_lines
                0x000000000000625e                init_solar_file
                0x000000000000629c                get_solar_energy
                0x00000000000062ec                tx_current_consumption
                0x0000000000006606                energytrace_start
                0x000000000000661e                energytrace_stop
 .text          0x0000000000006628     0x11ee contiki-sky.a(staffetta.o)
                0x000000000000683a                getWakeups
                0x0000000000006844                staffetta_send_packet
                0x00000000000073ac                sink_busy_wait
                0x00000000000073ae                sink_listen
                0x0000000000007626                staffetta_print_stats
                0x000000000000763c                staffetta_get_energy_consumption
                0x0000000000007716                staffetta_add_data
                0x000000000000773c                staffetta_init
 .text          0x0000000000007816      0x192 contiki-sky.a(msp430.o)
                0x0000000000007816                w_memcpy
                0x0000000000007828                w_memset
                0x000000000000783a                msp430_init_dco
                0x00000000000078be                msp430_cpu_init
                0x00000000000078e4                sbrk
                0x000000000000793e                splhigh_
                0x0000000000007946                splx_
                0x000000000000794a                msp430_sync_dco
 .text          0x00000000000079a8      0x15c contiki-sky.a(leds.o)
                0x0000000000007a58                leds_init
                0x0000000000007a66                leds_get
                0x0000000000007a6c                leds_on
                0x0000000000007a80                leds_off
                0x0000000000007a94                leds_invert
                0x0000000000007a9e                leds_toggle
                0x0000000000007aa4                leds_blink
                0x0000000000007ac8                leds_green
                0x0000000000007adc                leds_yellow
                0x0000000000007af0                leds_red
 .text          0x0000000000007b04       0x20 contiki-sky.a(watchdog.o)
                0x0000000000007b04                __isr_10
                0x0000000000007b04                watchdog_interrupt
                0x0000000000007b06                watchdog_init
                0x0000000000007b1c                watchdog_start
                0x0000000000007b1e                watchdog_periodic
                0x0000000000007b20                watchdog_stop
                0x0000000000007b22                watchdog_reboot
 .text          0x0000000000007b24      0x358 contiki-sky.a(xmem.o)
                0x0000000000007b94                xmem_init
                0x0000000000007bb0                xmem_pread
                0x0000000000007c88                xmem_pwrite
                0x0000000000007dc6                xmem_erase
 .text          0x0000000000007e7c      0x468 contiki-sky.a(cc2420.o)
                0x0000000000007e98                cc2420_init
                0x0000000000008180                cc2420_set_channel
                0x00000000000081e4                cc2420_set_txpower
                0x000000000000828a                cc2420_get_txpower
 .text          0x00000000000082e4       0x6e contiki-sky.a(node-id.o)
                0x00000000000082e4                node_id_restore
                0x000000000000831c                node_id_burn
 .text          0x0000000000008352      0x1b2 contiki-sky.a(uart1.o)
                0x0000000000008352                uart1_active
                0x000000000000836a                uart1_set_input
                0x0000000000008370                uart1_writeb
                0x00000000000083a2                uart1_init
                0x0000000000008480                uart1_rx_interrupt
                0x0000000000008480                __isr_3
                0x00000000000084d4                __isr_2
                0x00000000000084d4                uart1_tx_interrupt
 .text          0x0000000000008504      0x1b2 contiki-sky.a(clock.o)
                0x0000000000008504                etimer_interrupt
                0x0000000000008576                __isr_5
                0x0000000000008576                timera1
                0x00000000000085e6                clock_time
                0x0000000000008600                clock_set
                0x0000000000008616                clock_fine_max
                0x000000000000861c                clock_fine
                0x0000000000008626                clock_init
                0x000000000000864e                clock_delay
                0x0000000000008654                clock_wait
                0x0000000000008694                clock_set_seconds
                0x0000000000008696                clock_seconds
                0x00000000000086b0                clock_counter
 .text          0x00000000000086b6       0x7c contiki-sky.a(leds-arch.o)
                0x00000000000086b6                leds_arch_init
                0x00000000000086c4                leds_arch_get
                0x00000000000086f8                leds_arch_set
 .text          0x0000000000008732       0x10 contiki-sky.a(uart1-putchar.o)
                0x0000000000008732                putchar
 .text          0x0000000000008742       0x3c contiki-sky.a(rtimer-arch.o)
                0x0000000000008742                __isr_6
                0x0000000000008742                timera0
                0x000000000000875e                rtimer_arch_init
                0x000000000000876c                rtimer_arch_schedule
 .text          0x000000000000877e       0x88 contiki-sky.a(rand.o)
                0x000000000000877e                rand
                0x00000000000087fc                srand
 .text          0x0000000000008806       0x90 contiki-sky.a(timer.o)
                0x0000000000008806                timer_set
                0x0000000000008822                timer_reset
                0x0000000000008830                timer_restart
                0x0000000000008844                timer_expired
                0x000000000000886e                timer_remaining
 .text          0x0000000000008896      0x1e4 contiki-sky.a(ctimer.o)
                0x000000000000893a                ctimer_init
                0x0000000000008952                ctimer_set
                0x00000000000089ac                ctimer_reset
                0x00000000000089e6                ctimer_restart
                0x0000000000008a20                ctimer_stop
                0x0000000000008a48                ctimer_expired
 .text          0x0000000000008a7a       0x98 contiki-sky.a(ringbuf.o)
                0x0000000000008a7a                ringbuf_init
                0x0000000000008a8e                ringbuf_put
                0x0000000000008ac6                ringbuf_get
                0x0000000000008af8                ringbuf_size
                0x0000000000008b00                ringbuf_elements
 .text          0x0000000000008b12       0x32 contiki-sky.a(spi.o)
                0x0000000000008b12                spi_init
 .text          0x0000000000008b44       0xfe contiki-sky.a(list.o)
                0x0000000000008b44                list_init
                0x0000000000008b4a                list_head
                0x0000000000008b4e                list_copy
                0x0000000000008b54                list_tail
                0x0000000000008b66                list_chop
                0x0000000000008b8a                list_pop
                0x0000000000008b98                list_remove
                0x0000000000008bcc                list_push
                0x0000000000008be6                list_add
                0x0000000000008c10                list_length
                0x0000000000008c20                list_insert
                0x0000000000008c36                list_item_next
 .text          0x0000000000008c42        0x0 /usr/lib/gcc/msp430/4.6.3/mmpy-16/libgcc.a(_mulsi3.o)
 .text.libgcc   0x0000000000008c42       0x2c /usr/lib/gcc/msp430/4.6.3/mmpy-16/libgcc.a(_mulsi3.o)
                0x0000000000008c42                __mulsi3
 .text          0x0000000000008c6e        0x0 /usr/lib/gcc/msp430/4.6.3/mmpy-16/libgcc.a(_udivmod16.o)
 .text.libgcc   0x0000000000008c6e       0x22 /usr/lib/gcc/msp430/4.6.3/mmpy-16/libgcc.a(_udivmod16.o)
                0x0000000000008c6e                __udivhi3
                0x0000000000008c6e                __ext_udivmod16
                0x0000000000008c88                __umodhi3
 .text          0x0000000000008c90        0x0 /usr/lib/gcc/msp430/4.6.3/mmpy-16/libgcc.a(_divmod16.o)
 .text.libgcc   0x0000000000008c90       0x3a /usr/lib/gcc/msp430/4.6.3/mmpy-16/libgcc.a(_divmod16.o)
                0x0000000000008c90                __ext_divmod16
                0x0000000000008c90                __divhi3
                0x0000000000008cc2                __modhi3
 .text          0x0000000000008cca        0x0 /usr/lib/gcc/msp430/4.6.3/mmpy-16/libgcc.a(_udivmod32.o)
 .text.libgcc   0x0000000000008cca       0x40 /usr/lib/gcc/msp430/4.6.3/mmpy-16/libgcc.a(_udivmod32.o)
                0x0000000000008cca                __udivsi3
                0x0000000000008cca                __ext_udivmod32
                0x0000000000008d00                __umodsi3
 .text          0x0000000000008d0a       0x1e /usr/lib/gcc/msp430/4.6.3/../../../../msp430/lib/mmpy-16/libc.a(strcmp.o)
                0x0000000000008d0a                strcmp
 .text          0x0000000000008d28       0x2a /usr/lib/gcc/msp430/4.6.3/../../../../msp430/lib/mmpy-16/libc.a(strncpy.o)
                0x0000000000008d28                strncpy
 .text          0x0000000000008d52       0x8a /usr/lib/gcc/msp430/4.6.3/../../../../msp430/lib/mmpy-16/libc.a(atoi.o)
                0x0000000000008d52                atoi
 .text          0x0000000000008ddc       0x1e /usr/lib/gcc/msp430/4.6.3/../../../../msp430/lib/mmpy-16/libc.a(printf.o)
                0x0000000000008ddc                printf
                0x0000000000008dec                vprintf
 .text          0x0000000000008dfa      0x836 /usr/lib/gcc/msp430/4.6.3/../../../../msp430/lib/mmpy-16/libc.a(vuprintf.o)
                0x0000000000008f92                vuprintf
 .text          0x0000000000009630       0x2c /usr/lib/gcc/msp430/4.6.3/../../../../msp430/lib/mmpy-16/libc.a(puts.o)
                0x0000000000009630                puts
 .text          0x000000000000965c        0x0 /usr/lib/gcc/msp430/4.6.3/mmpy-16/libgcc.a(_udivmod64.o)
 .text.libgcc   0x000000000000965c       0xf0 /usr/lib/gcc/msp430/4.6.3/mmpy-16/libgcc.a(_udivmod64.o)
                0x000000000000965c                __xabi_udivmod64
                0x00000000000096ba                __udivdi3
                0x00000000000096e0                __umoddi3
                0x000000000000970e                __udivmoddi4
 .text          0x000000000000974c        0x0 /usr/lib/gcc/msp430/4.6.3/mmpy-16/libcrt0.a(_reset_vector__.o)
 .text          0x000000000000974c        0x0 /usr/lib/gcc/msp430/4.6.3/mmpy-16/libcrt0.a(__watchdog_support.o)
 .text          0x000000000000974c        0x0 /usr/lib/gcc/msp430/4.6.3/mmpy-16/libcrt0.a(__init_stack.o)
 .text          0x000000000000974c        0x0 /usr/lib/gcc/msp430/4.6.3/mmpy-16/libcrt0.a(__low_level_init.o)
 .text          0x000000000000974c        0x0 /usr/lib/gcc/msp430/4.6.3/mmpy-16/libcrt0.a(_copy_data.o)
 .text          0x000000000000974c        0x0 /usr/lib/gcc/msp430/4.6.3/mmpy-16/libcrt0.a(_clear_bss.o)
 .text          0x000000000000974c        0x0 /usr/lib/gcc/msp430/4.6.3/mmpy-16/libcrt0.a(__stop_progExec__.o)
 .text          0x000000000000974c        0x0 /usr/lib/gcc/msp430/4.6.3/mmpy-16/libcrt0.a(_endless_loop__.o)
 .text          0x000000000000974c        0x0 /usr/lib/gcc/msp430/4.6.3/mmpy-16/libcrt0.a(_unexpected_.o)
 .text.crt0     0x000000000000974c        0x2 /usr/lib/gcc/msp430/4.6.3/mmpy-16/libcrt0.a(_unexpected_.o)
                0x000000000000974c                _unexpected_
                0x000000000000974e                . = ALIGN (0x2)

.rodata         0x000000000000974e      0x16a
                0x000000000000974e                . = ALIGN (0x2)
 *(.rodata .rodata.* .gnu.linkonce.r.*)
 .rodata        0x000000000000974e       0x4e staffetta-test.co
                0x0000000000009788                autostart_processes
 .rodata        0x000000000000979c       0x50 obj_sky/contiki-sky-main.o
 .rodata        0x00000000000097ec        0xc contiki-sky.a(etimer.o)
 .rodata        0x00000000000097f8       0x59 contiki-sky.a(energytrace.o)
 .rodata        0x0000000000009851       0x50 contiki-sky.a(staffetta.o)
 .rodata        0x00000000000098a1        0xf contiki-sky.a(ctimer.o)
 .rodata        0x00000000000098b0        0x7 /usr/lib/gcc/msp430/4.6.3/../../../../msp430/lib/mmpy-16/libc.a(vuprintf.o)
                0x00000000000098b8                . = ALIGN (0x2)
 *fill*         0x00000000000098b7        0x1 00
                0x00000000000098b8                _etext = .

.data           0x0000000000001100       0x44 load address 0x00000000000098b8
                0x0000000000001100                . = ALIGN (0x2)
                0x0000000000001100                PROVIDE (__data_start, .)
 *(.data .data.* .gnu.linkonce.d.*)
 .data          0x0000000000001100        0x0 /usr/lib/gcc/msp430/4.6.3/mmpy-16/crt0ivtbl16.o
 .data          0x0000000000001100       0x14 staffetta-test.co
                0x0000000000001100                staffetta_print_stats_process
                0x000000000000110a                staffetta_test
 .data          0x0000000000001114        0x4 obj_sky/contiki-sky-main.o
                0x0000000000001114                TOS_LOCAL_ADDRESS
                0x0000000000001116                TOS_NODE_ID
 .data          0x0000000000001118        0x0 contiki-sky.a(process.o)
 .data          0x0000000000001118        0x0 contiki-sky.a(autostart.o)
 .data          0x0000000000001118        0x0 contiki-sky.a(random.o)
 .data          0x0000000000001118        0xa contiki-sky.a(etimer.o)
                0x0000000000001118                etimer_process
 .data          0x0000000000001122        0x0 contiki-sky.a(energest.o)
 .data          0x0000000000001122        0x0 contiki-sky.a(rtimer.o)
 .data          0x0000000000001122        0x0 contiki-sky.a(metric.o)
 .data          0x0000000000001122        0x0 contiki-sky.a(gpio.o)
 .data          0x0000000000001122        0xe contiki-sky.a(energytrace.o)
                0x0000000000001122                energytrace_process
                0x000000000000112c                remaining_energy
 .data          0x0000000000001130        0x8 contiki-sky.a(staffetta.o)
 .data          0x0000000000001138        0x2 contiki-sky.a(msp430.o)
 .data          0x000000000000113a        0x0 contiki-sky.a(leds.o)
 .data          0x000000000000113a        0x0 contiki-sky.a(watchdog.o)
 .data          0x000000000000113a        0x0 contiki-sky.a(xmem.o)
 .data          0x000000000000113a        0x0 contiki-sky.a(cc2420.o)
 .data          0x000000000000113a        0x0 contiki-sky.a(node-id.o)
 .data          0x000000000000113a        0x0 contiki-sky.a(uart1.o)
 .data          0x000000000000113a        0x0 contiki-sky.a(clock.o)
 .data          0x000000000000113a        0x0 contiki-sky.a(leds-arch.o)
 .data          0x000000000000113a        0x0 contiki-sky.a(uart1-putchar.o)
 .data          0x000000000000113a        0x0 contiki-sky.a(rtimer-arch.o)
 .data          0x000000000000113a        0x0 contiki-sky.a(rand.o)
 .data          0x000000000000113a        0x0 contiki-sky.a(timer.o)
 .data          0x000000000000113a        0xa contiki-sky.a(ctimer.o)
                0x000000000000113a                ctimer_process
 .data          0x0000000000001144        0x0 contiki-sky.a(ringbuf.o)
 .data          0x0000000000001144        0x0 contiki-sky.a(spi.o)
 .data          0x0000000000001144        0x0 contiki-sky.a(list.o)
 .data          0x0000000000001144        0x0 /usr/lib/gcc/msp430/4.6.3/mmpy-16/libgcc.a(_mulsi3.o)
 .data          0x0000000000001144        0x0 /usr/lib/gcc/msp430/4.6.3/mmpy-16/libgcc.a(_udivmod16.o)
 .data          0x0000000000001144        0x0 /usr/lib/gcc/msp430/4.6.3/mmpy-16/libgcc.a(_divmod16.o)
 .data          0x0000000000001144        0x0 /usr/lib/gcc/msp430/4.6.3/mmpy-16/libgcc.a(_udivmod32.o)
 .data          0x0000000000001144        0x0 /usr/lib/gcc/msp430/4.6.3/../../../../msp430/lib/mmpy-16/libc.a(strcmp.o)
 .data          0x0000000000001144        0x0 /usr/lib/gcc/msp430/4.6.3/../../../../msp430/lib/mmpy-16/libc.a(strncpy.o)
 .data          0x0000000000001144        0x0 /usr/lib/gcc/msp430/4.6.3/../../../../msp430/lib/mmpy-16/libc.a(atoi.o)
 .data          0x0000000000001144        0x0 /usr/lib/gcc/msp430/4.6.3/../../../../msp430/lib/mmpy-16/libc.a(printf.o)
 .data          0x0000000000001144        0x0 /usr/lib/gcc/msp430/4.6.3/../../../../msp430/lib/mmpy-16/libc.a(vuprintf.o)
 .data          0x0000000000001144        0x0 /usr/lib/gcc/msp430/4.6.3/../../../../msp430/lib/mmpy-16/libc.a(puts.o)
 .data          0x0000000000001144        0x0 /usr/lib/gcc/msp430/4.6.3/mmpy-16/libgcc.a(_udivmod64.o)
 .data          0x0000000000001144        0x0 /usr/lib/gcc/msp430/4.6.3/mmpy-16/libcrt0.a(_reset_vector__.o)
 .data          0x0000000000001144        0x0 /usr/lib/gcc/msp430/4.6.3/mmpy-16/libcrt0.a(__watchdog_support.o)
 .data          0x0000000000001144        0x0 /usr/lib/gcc/msp430/4.6.3/mmpy-16/libcrt0.a(__init_stack.o)
 .data          0x0000000000001144        0x0 /usr/lib/gcc/msp430/4.6.3/mmpy-16/libcrt0.a(__low_level_init.o)
 .data          0x0000000000001144        0x0 /usr/lib/gcc/msp430/4.6.3/mmpy-16/libcrt0.a(_copy_data.o)
 .data          0x0000000000001144        0x0 /usr/lib/gcc/msp430/4.6.3/mmpy-16/libcrt0.a(_clear_bss.o)
 .data          0x0000000000001144        0x0 /usr/lib/gcc/msp430/4.6.3/mmpy-16/libcrt0.a(__stop_progExec__.o)
 .data          0x0000000000001144        0x0 /usr/lib/gcc/msp430/4.6.3/mmpy-16/libcrt0.a(_endless_loop__.o)
 .data          0x0000000000001144        0x0 /usr/lib/gcc/msp430/4.6.3/mmpy-16/libcrt0.a(_unexpected_.o)
                0x0000000000001144                . = ALIGN (0x2)
                0x0000000000001144                _edata = .
                0x00000000000098b8                PROVIDE (__data_load_start, LOADADDR (.data))
                0x0000000000000044                PROVIDE (__data_size, SIZEOF (.data))

.bss            0x0000000000001144      0x986 load address 0x00000000000098fc
                0x0000000000001144                PROVIDE (__bss_start, .)
 *(.bss .bss.*)
 .bss           0x0000000000001144        0x0 /usr/lib/gcc/msp430/4.6.3/mmpy-16/crt0ivtbl16.o
 .bss           0x0000000000001144       0x1c staffetta-test.co
 .bss           0x0000000000001160        0x4 obj_sky/contiki-sky-main.o
 .bss           0x0000000000001164       0x42 contiki-sky.a(process.o)
                0x0000000000001164                process_current
                0x0000000000001166                process_list
 .bss           0x00000000000011a6        0x0 contiki-sky.a(autostart.o)
 .bss           0x00000000000011a6        0x0 contiki-sky.a(random.o)
 .bss           0x00000000000011a6        0x6 contiki-sky.a(etimer.o)
 .bss           0x00000000000011ac        0x0 contiki-sky.a(energest.o)
 .bss           0x00000000000011ac        0x2 contiki-sky.a(rtimer.o)
 .bss           0x00000000000011ae        0x6 contiki-sky.a(metric.o)
                0x00000000000011ae                harvesting_rate
                0x00000000000011b2                node_energy_state
 .bss           0x00000000000011b4        0x2 contiki-sky.a(gpio.o)
 .bss           0x00000000000011b6       0xba contiki-sky.a(energytrace.o)
                0x00000000000011b6                acum_harvest
                0x00000000000011ba                acum_consumption
                0x00000000000011be                harvesting_rate_array
                0x00000000000011e6                node_dc_state
                0x00000000000011e8                node_state_old
 .bss           0x0000000000001270      0x74a contiki-sky.a(staffetta.o)
 .bss           0x00000000000019ba        0x0 contiki-sky.a(msp430.o)
 .bss           0x00000000000019ba        0x2 contiki-sky.a(leds.o)
 .bss           0x00000000000019bc        0x2 contiki-sky.a(watchdog.o)
 .bss           0x00000000000019be        0x0 contiki-sky.a(xmem.o)
 .bss           0x00000000000019be        0x0 contiki-sky.a(cc2420.o)
 .bss           0x00000000000019be        0x2 contiki-sky.a(node-id.o)
                0x00000000000019be                node_id
 .bss           0x00000000000019c0       0x4a contiki-sky.a(uart1.o)
 .bss           0x0000000000001a0a        0xa contiki-sky.a(clock.o)
 .bss           0x0000000000001a14        0x0 contiki-sky.a(leds-arch.o)
 .bss           0x0000000000001a14        0x0 contiki-sky.a(uart1-putchar.o)
 .bss           0x0000000000001a14        0x0 contiki-sky.a(rtimer-arch.o)
 .bss           0x0000000000001a14        0x0 contiki-sky.a(rand.o)
 .bss           0x0000000000001a14        0x0 contiki-sky.a(timer.o)
 .bss           0x0000000000001a14        0x4 contiki-sky.a(ctimer.o)
 .bss           0x0000000000001a18        0x0 contiki-sky.a(ringbuf.o)
 .bss           0x0000000000001a18        0x2 contiki-sky.a(spi.o)
                0x0000000000001a18                spi_busy
 .bss           0x0000000000001a1a        0x0 contiki-sky.a(list.o)
 .bss           0x0000000000001a1a        0x0 /usr/lib/gcc/msp430/4.6.3/mmpy-16/libgcc.a(_mulsi3.o)
 .bss           0x0000000000001a1a        0x0 /usr/lib/gcc/msp430/4.6.3/mmpy-16/libgcc.a(_udivmod16.o)
 .bss           0x0000000000001a1a        0x0 /usr/lib/gcc/msp430/4.6.3/mmpy-16/libgcc.a(_divmod16.o)
 .bss           0x0000000000001a1a        0x0 /usr/lib/gcc/msp430/4.6.3/mmpy-16/libgcc.a(_udivmod32.o)
 .bss           0x0000000000001a1a        0x0 /usr/lib/gcc/msp430/4.6.3/../../../../msp430/lib/mmpy-16/libc.a(strcmp.o)
 .bss           0x0000000000001a1a        0x0 /usr/lib/gcc/msp430/4.6.3/../../../../msp430/lib/mmpy-16/libc.a(strncpy.o)
 .bss           0x0000000000001a1a        0x0 /usr/lib/gcc/msp430/4.6.3/../../../../msp430/lib/mmpy-16/libc.a(atoi.o)
 .bss           0x0000000000001a1a        0x0 /usr/lib/gcc/msp430/4.6.3/../../../../msp430/lib/mmpy-16/libc.a(printf.o)
 .bss           0x0000000000001a1a        0x0 /usr/lib/gcc/msp430/4.6.3/../../../../msp430/lib/mmpy-16/libc.a(vuprintf.o)
 .bss           0x0000000000001a1a        0x0 /usr/lib/gcc/msp430/4.6.3/../../../../msp430/lib/mmpy-16/libc.a(puts.o)
 .bss           0x0000000000001a1a        0x0 /usr/lib/gcc/msp430/4.6.3/mmpy-16/libgcc.a(_udivmod64.o)
 .bss           0x0000000000001a1a        0x0 /usr/lib/gcc/msp430/4.6.3/mmpy-16/libcrt0.a(_reset_vector__.o)
 .bss           0x0000000000001a1a        0x0 /usr/lib/gcc/msp430/4.6.3/mmpy-16/libcrt0.a(__watchdog_support.o)
 .bss           0x0000000000001a1a        0x0 /usr/lib/gcc/msp430/4.6.3/mmpy-16/libcrt0.a(__init_stack.o)
 .bss           0x0000000000001a1a        0x0 /usr/lib/gcc/msp430/4.6.3/mmpy-16/libcrt0.a(__low_level_init.o)
 .bss           0x0000000000001a1a        0x0 /usr/lib/gcc/msp430/4.6.3/mmpy-16/libcrt0.a(_copy_data.o)
 .bss           0x0000000000001a1a        0x0 /usr/lib/gcc/msp430/4.6.3/mmpy-16/libcrt0.a(_clear_bss.o)
 .bss           0x0000000000001a1a        0x0 /usr/lib/gcc/msp430/4.6.3/mmpy-16/libcrt0.a(__stop_progExec__.o)
 .bss           0x0000000000001a1a        0x0 /usr/lib/gcc/msp430/4.6.3/mmpy-16/libcrt0.a(_endless_loop__.o)
 .bss           0x0000000000001a1a        0x0 /usr/lib/gcc/msp430/4.6.3/mmpy-16/libcrt0.a(_unexpected_.o)
 *(COMMON)
 COMMON         0x0000000000001a1a        0x1 contiki-sky.a(process.o)
                0x0000000000001a1a                process_maxevents
 *fill*         0x0000000000001a1b        0x1 00
 COMMON         0x0000000000001a1c       0x56 contiki-sky.a(energest.o)
                0x0000000000001a1c                energest_total_time
                0x0000000000001a4c                energest_total_count
                0x0000000000001a4e                energest_current_mode
                0x0000000000001a5a                energest_current_time
 COMMON         0x0000000000001a72        0x2 contiki-sky.a(metric.o)
                0x0000000000001a72                node_duty_cycle
 COMMON         0x0000000000001a74        0x6 contiki-sky.a(energytrace.o)
                0x0000000000001a74                node_state
                0x0000000000001a76                node_activation_ev
                0x0000000000001a78                fd_read_solar
 COMMON         0x0000000000001a7a       0x50 contiki-sky.a(staffetta.o)
                0x0000000000001a7a                edc_id
                0x0000000000001aca                . = ALIGN (0x2)
                0x0000000000001aca                PROVIDE (__bss_end, .)
                0x0000000000000986                PROVIDE (__bss_size, SIZEOF (.bss))

.noinit         0x0000000000001aca        0x6 load address 0x00000000000098fc
                0x0000000000001aca                PROVIDE (__noinit_start, .)
 *(.noinit .noinit.*)
 .noinit        0x0000000000001aca        0x4 contiki-sky.a(rand.o)
                0x0000000000001aca                rand_state
 .noinit.crt0   0x0000000000001ace        0x2 /usr/lib/gcc/msp430/4.6.3/mmpy-16/libcrt0.a(__watchdog_support.o)
                0x0000000000001ace                __wdt_clear_value
                0x0000000000001ad0                . = ALIGN (0x2)
                0x0000000000001ad0                PROVIDE (__noinit_end, .)
                0x0000000000001ad0                . = ALIGN (0x2)
                0x0000000000001ad0                _end = .

.infomem        0x0000000000001000        0x0
 *(.infomem)
                0x0000000000001000                . = ALIGN (0x2)
 *(.infomem.*)

.infomemnobits  0x0000000000001000        0x0
 *(.infomemnobits)
                0x0000000000001000                . = ALIGN (0x2)
 *(.infomemnobits.*)

.infoa
 *(.infoa .infoa.*)

.infob
 *(.infob .infob.*)

.infoc
 *(.infoc .infoc.*)

.infod
 *(.infod .infod.*)

.vectors        0x000000000000ffe0       0x20
                0x000000000000ffe0                PROVIDE (__vectors_start, .)
 *(.vectors*)
 .vectors       0x000000000000ffe0       0x20 /usr/lib/gcc/msp430/4.6.3/mmpy-16/crt0ivtbl16.o
                0x000000000000ffe0                __ivtbl_16
                0x0000000000010000                _vectors_end = .

.fartext        0x0000000000000000        0x0
                0x0000000000000000                . = ALIGN (0x2)
 *(.fartext)
                0x0000000000000000                . = ALIGN (0x2)
 *(.fartext.*)
                0x0000000000000000                _efartext = .

.profiler
 *(.profiler)

.stab
 *(.stab)

.stabstr
 *(.stabstr)

.stab.excl
 *(.stab.excl)

.stab.exclstr
 *(.stab.exclstr)

.stab.index
 *(.stab.index)

.stab.indexstr
 *(.stab.indexstr)

.comment
 *(.comment)

.debug
 *(.debug)

.line
 *(.line)

.debug_srcinfo
 *(.debug_srcinfo)

.debug_sfnames
 *(.debug_sfnames)

.debug_aranges  0x0000000000000000      0x398
 *(.debug_aranges)
 .debug_aranges
                0x0000000000000000       0x14 staffetta-test.co
 .debug_aranges
                0x0000000000000014       0x14 obj_sky/contiki-sky-main.o
 .debug_aranges
                0x0000000000000028       0x14 contiki-sky.a(process.o)
 .debug_aranges
                0x000000000000003c       0x14 contiki-sky.a(autostart.o)
 .debug_aranges
                0x0000000000000050       0x14 contiki-sky.a(random.o)
 .debug_aranges
                0x0000000000000064       0x14 contiki-sky.a(etimer.o)
 .debug_aranges
                0x0000000000000078       0x14 contiki-sky.a(energest.o)
 .debug_aranges
                0x000000000000008c       0x14 contiki-sky.a(rtimer.o)
 .debug_aranges
                0x00000000000000a0       0x14 contiki-sky.a(metric.o)
 .debug_aranges
                0x00000000000000b4       0x14 contiki-sky.a(gpio.o)
 .debug_aranges
                0x00000000000000c8       0x14 contiki-sky.a(energytrace.o)
 .debug_aranges
                0x00000000000000dc       0x14 contiki-sky.a(staffetta.o)
 .debug_aranges
                0x00000000000000f0       0x14 contiki-sky.a(msp430.o)
 .debug_aranges
                0x0000000000000104       0x14 contiki-sky.a(leds.o)
 .debug_aranges
                0x0000000000000118       0x14 contiki-sky.a(watchdog.o)
 .debug_aranges
                0x000000000000012c       0x14 contiki-sky.a(xmem.o)
 .debug_aranges
                0x0000000000000140       0x14 contiki-sky.a(cc2420.o)
 .debug_aranges
                0x0000000000000154       0x14 contiki-sky.a(node-id.o)
 .debug_aranges
                0x0000000000000168       0x14 contiki-sky.a(uart1.o)
 .debug_aranges
                0x000000000000017c       0x14 contiki-sky.a(clock.o)
 .debug_aranges
                0x0000000000000190       0x14 contiki-sky.a(leds-arch.o)
 .debug_aranges
                0x00000000000001a4       0x14 contiki-sky.a(uart1-putchar.o)
 .debug_aranges
                0x00000000000001b8       0x14 contiki-sky.a(rtimer-arch.o)
 .debug_aranges
                0x00000000000001cc       0x14 contiki-sky.a(rand.o)
 .debug_aranges
                0x00000000000001e0       0x14 contiki-sky.a(timer.o)
 .debug_aranges
                0x00000000000001f4       0x14 contiki-sky.a(ctimer.o)
 .debug_aranges
                0x0000000000000208       0x14 contiki-sky.a(ringbuf.o)
 .debug_aranges
                0x000000000000021c       0x14 contiki-sky.a(spi.o)
 .debug_aranges
                0x0000000000000230       0x14 contiki-sky.a(list.o)
 .debug_aranges
                0x0000000000000244       0x14 /usr/lib/gcc/msp430/4.6.3/mmpy-16/libgcc.a(_mulsi3.o)
 .debug_aranges
                0x0000000000000258       0x14 /usr/lib/gcc/msp430/4.6.3/mmpy-16/libgcc.a(_udivmod16.o)
 .debug_aranges
                0x000000000000026c       0x14 /usr/lib/gcc/msp430/4.6.3/mmpy-16/libgcc.a(_divmod16.o)
 .debug_aranges
                0x0000000000000280       0x14 /usr/lib/gcc/msp430/4.6.3/mmpy-16/libgcc.a(_udivmod32.o)
 .debug_aranges
                0x0000000000000294       0x14 /usr/lib/gcc/msp430/4.6.3/../../../../msp430/lib/mmpy-16/libc.a(strcmp.o)
 .debug_aranges
                0x00000000000002a8       0x14 /usr/lib/gcc/msp430/4.6.3/../../../../msp430/lib/mmpy-16/libc.a(strncpy.o)
 .debug_aranges
                0x00000000000002bc       0x14 /usr/lib/gcc/msp430/4.6.3/../../../../msp430/lib/mmpy-16/libc.a(atoi.o)
 .debug_aranges
                0x00000000000002d0       0x14 /usr/lib/gcc/msp430/4.6.3/../../../../msp430/lib/mmpy-16/libc.a(printf.o)
 .debug_aranges
                0x00000000000002e4       0x14 /usr/lib/gcc/msp430/4.6.3/../../../../msp430/lib/mmpy-16/libc.a(vuprintf.o)
 .debug_aranges
                0x00000000000002f8       0x14 /usr/lib/gcc/msp430/4.6.3/../../../../msp430/lib/mmpy-16/libc.a(puts.o)
 .debug_aranges
                0x000000000000030c       0x14 /usr/lib/gcc/msp430/4.6.3/mmpy-16/libgcc.a(_udivmod64.o)
 .debug_aranges
                0x0000000000000320       0x14 /usr/lib/gcc/msp430/4.6.3/mmpy-16/libcrt0.a(__watchdog_support.o)
 .debug_aranges
                0x0000000000000334       0x14 /usr/lib/gcc/msp430/4.6.3/mmpy-16/libcrt0.a(__init_stack.o)
 .debug_aranges
                0x0000000000000348       0x14 /usr/lib/gcc/msp430/4.6.3/mmpy-16/libcrt0.a(_copy_data.o)
 .debug_aranges
                0x000000000000035c       0x14 /usr/lib/gcc/msp430/4.6.3/mmpy-16/libcrt0.a(_clear_bss.o)
 .debug_aranges
                0x0000000000000370       0x14 /usr/lib/gcc/msp430/4.6.3/mmpy-16/libcrt0.a(_endless_loop__.o)
 .debug_aranges
                0x0000000000000384       0x14 /usr/lib/gcc/msp430/4.6.3/mmpy-16/libcrt0.a(_unexpected_.o)

.debug_pubnames
 *(.debug_pubnames)

.debug_info     0x0000000000000000     0x7e9f
 *(.debug_info)
 .debug_info    0x0000000000000000      0x430 staffetta-test.co
 .debug_info    0x0000000000000430      0x354 obj_sky/contiki-sky-main.o
 .debug_info    0x0000000000000784      0x53f contiki-sky.a(process.o)
 .debug_info    0x0000000000000cc3      0x1ad contiki-sky.a(autostart.o)
 .debug_info    0x0000000000000e70       0xa0 contiki-sky.a(random.o)
 .debug_info    0x0000000000000f10      0x4aa contiki-sky.a(etimer.o)
 .debug_info    0x00000000000013ba      0x265 contiki-sky.a(energest.o)
 .debug_info    0x000000000000161f      0x203 contiki-sky.a(rtimer.o)
 .debug_info    0x0000000000001822      0x1ee contiki-sky.a(metric.o)
 .debug_info    0x0000000000001a10      0x279 contiki-sky.a(gpio.o)
 .debug_info    0x0000000000001c89     0x1bb6 contiki-sky.a(energytrace.o)
 .debug_info    0x000000000000383f      0xdcb contiki-sky.a(staffetta.o)
 .debug_info    0x000000000000460a      0x36a contiki-sky.a(msp430.o)
 .debug_info    0x0000000000004974      0x2fd contiki-sky.a(leds.o)
 .debug_info    0x0000000000004c71      0x129 contiki-sky.a(watchdog.o)
 .debug_info    0x0000000000004d9a      0x4a8 contiki-sky.a(xmem.o)
 .debug_info    0x0000000000005242      0x3f8 contiki-sky.a(cc2420.o)
 .debug_info    0x000000000000563a       0xde contiki-sky.a(node-id.o)
 .debug_info    0x0000000000005718      0x2d6 contiki-sky.a(uart1.o)
 .debug_info    0x00000000000059ee      0x391 contiki-sky.a(clock.o)
 .debug_info    0x0000000000005d7f       0xd9 contiki-sky.a(leds-arch.o)
 .debug_info    0x0000000000005e58       0x8b contiki-sky.a(uart1-putchar.o)
 .debug_info    0x0000000000005ee3       0xef contiki-sky.a(rtimer-arch.o)
 .debug_info    0x0000000000005fd2      0x14c contiki-sky.a(rand.o)
 .debug_info    0x000000000000611e      0x170 contiki-sky.a(timer.o)
 .debug_info    0x000000000000628e      0x488 contiki-sky.a(ctimer.o)
 .debug_info    0x0000000000006716      0x1b0 contiki-sky.a(ringbuf.o)
 .debug_info    0x00000000000068c6      0x132 contiki-sky.a(spi.o)
 .debug_info    0x00000000000069f8      0x2f0 contiki-sky.a(list.o)
 .debug_info    0x0000000000006ce8       0xd6 /usr/lib/gcc/msp430/4.6.3/mmpy-16/libgcc.a(_mulsi3.o)
 .debug_info    0x0000000000006dbe       0xd6 /usr/lib/gcc/msp430/4.6.3/mmpy-16/libgcc.a(_udivmod16.o)
 .debug_info    0x0000000000006e94       0xd6 /usr/lib/gcc/msp430/4.6.3/mmpy-16/libgcc.a(_divmod16.o)
 .debug_info    0x0000000000006f6a       0xd6 /usr/lib/gcc/msp430/4.6.3/mmpy-16/libgcc.a(_udivmod32.o)
 .debug_info    0x0000000000007040       0xa4 /usr/lib/gcc/msp430/4.6.3/../../../../msp430/lib/mmpy-16/libc.a(strcmp.o)
 .debug_info    0x00000000000070e4       0xe1 /usr/lib/gcc/msp430/4.6.3/../../../../msp430/lib/mmpy-16/libc.a(strncpy.o)
 .debug_info    0x00000000000071c5       0xb4 /usr/lib/gcc/msp430/4.6.3/../../../../msp430/lib/mmpy-16/libc.a(atoi.o)
 .debug_info    0x0000000000007279      0x105 /usr/lib/gcc/msp430/4.6.3/../../../../msp430/lib/mmpy-16/libc.a(printf.o)
 .debug_info    0x000000000000737e      0x565 /usr/lib/gcc/msp430/4.6.3/../../../../msp430/lib/mmpy-16/libc.a(vuprintf.o)
 .debug_info    0x00000000000078e3       0x96 /usr/lib/gcc/msp430/4.6.3/../../../../msp430/lib/mmpy-16/libc.a(puts.o)
 .debug_info    0x0000000000007979       0xd6 /usr/lib/gcc/msp430/4.6.3/mmpy-16/libgcc.a(_udivmod64.o)
 .debug_info    0x0000000000007a4f       0xb8 /usr/lib/gcc/msp430/4.6.3/mmpy-16/libcrt0.a(__watchdog_support.o)
 .debug_info    0x0000000000007b07       0xb8 /usr/lib/gcc/msp430/4.6.3/mmpy-16/libcrt0.a(__init_stack.o)
 .debug_info    0x0000000000007bbf       0xb8 /usr/lib/gcc/msp430/4.6.3/mmpy-16/libcrt0.a(_copy_data.o)
 .debug_info    0x0000000000007c77       0xb8 /usr/lib/gcc/msp430/4.6.3/mmpy-16/libcrt0.a(_clear_bss.o)
 .debug_info    0x0000000000007d2f       0xb8 /usr/lib/gcc/msp430/4.6.3/mmpy-16/libcrt0.a(_endless_loop__.o)
 .debug_info    0x0000000000007de7       0xb8 /usr/lib/gcc/msp430/4.6.3/mmpy-16/libcrt0.a(_unexpected_.o)
 *(.gnu.linkonce.wi.*)

.debug_abbrev   0x0000000000000000     0x2f5c
 *(.debug_abbrev)
 .debug_abbrev  0x0000000000000000      0x1cb staffetta-test.co
 .debug_abbrev  0x00000000000001cb      0x1bc obj_sky/contiki-sky-main.o
 .debug_abbrev  0x0000000000000387      0x323 contiki-sky.a(process.o)
 .debug_abbrev  0x00000000000006aa       0xf5 contiki-sky.a(autostart.o)
 .debug_abbrev  0x000000000000079f       0x67 contiki-sky.a(random.o)
 .debug_abbrev  0x0000000000000806      0x27a contiki-sky.a(etimer.o)
 .debug_abbrev  0x0000000000000a80      0x14e contiki-sky.a(energest.o)
 .debug_abbrev  0x0000000000000bce      0x139 contiki-sky.a(rtimer.o)
 .debug_abbrev  0x0000000000000d07       0xe2 contiki-sky.a(metric.o)
 .debug_abbrev  0x0000000000000de9      0x115 contiki-sky.a(gpio.o)
 .debug_abbrev  0x0000000000000efe      0x46a contiki-sky.a(energytrace.o)
 .debug_abbrev  0x0000000000001368      0x438 contiki-sky.a(staffetta.o)
 .debug_abbrev  0x00000000000017a0      0x157 contiki-sky.a(msp430.o)
 .debug_abbrev  0x00000000000018f7      0x163 contiki-sky.a(leds.o)
 .debug_abbrev  0x0000000000001a5a       0x91 contiki-sky.a(watchdog.o)
 .debug_abbrev  0x0000000000001aeb      0x21f contiki-sky.a(xmem.o)
 .debug_abbrev  0x0000000000001d0a      0x161 contiki-sky.a(cc2420.o)
 .debug_abbrev  0x0000000000001e6b       0x82 contiki-sky.a(node-id.o)
 .debug_abbrev  0x0000000000001eed      0x162 contiki-sky.a(uart1.o)
 .debug_abbrev  0x000000000000204f      0x1b5 contiki-sky.a(clock.o)
 .debug_abbrev  0x0000000000002204       0x97 contiki-sky.a(leds-arch.o)
 .debug_abbrev  0x000000000000229b       0x50 contiki-sky.a(uart1-putchar.o)
 .debug_abbrev  0x00000000000022eb       0xa2 contiki-sky.a(rtimer-arch.o)
 .debug_abbrev  0x000000000000238d       0xae contiki-sky.a(rand.o)
 .debug_abbrev  0x000000000000243b       0xf8 contiki-sky.a(timer.o)
 .debug_abbrev  0x0000000000002533      0x1cb contiki-sky.a(ctimer.o)
 .debug_abbrev  0x00000000000026fe      0x109 contiki-sky.a(ringbuf.o)
 .debug_abbrev  0x0000000000002807       0x97 contiki-sky.a(spi.o)
 .debug_abbrev  0x000000000000289e      0x151 contiki-sky.a(list.o)
 .debug_abbrev  0x00000000000029ef       0x14 /usr/lib/gcc/msp430/4.6.3/mmpy-16/libgcc.a(_mulsi3.o)
 .debug_abbrev  0x0000000000002a03       0x14 /usr/lib/gcc/msp430/4.6.3/mmpy-16/libgcc.a(_udivmod16.o)
 .debug_abbrev  0x0000000000002a17       0x14 /usr/lib/gcc/msp430/4.6.3/mmpy-16/libgcc.a(_divmod16.o)
 .debug_abbrev  0x0000000000002a2b       0x14 /usr/lib/gcc/msp430/4.6.3/mmpy-16/libgcc.a(_udivmod32.o)
 .debug_abbrev  0x0000000000002a3f       0x60 /usr/lib/gcc/msp430/4.6.3/../../../../msp430/lib/mmpy-16/libc.a(strcmp.o)
 .debug_abbrev  0x0000000000002a9f       0x94 /usr/lib/gcc/msp430/4.6.3/../../../../msp430/lib/mmpy-16/libc.a(strncpy.o)
 .debug_abbrev  0x0000000000002b33       0x7e /usr/lib/gcc/msp430/4.6.3/../../../../msp430/lib/mmpy-16/libc.a(atoi.o)
 .debug_abbrev  0x0000000000002bb1       0xd0 /usr/lib/gcc/msp430/4.6.3/../../../../msp430/lib/mmpy-16/libc.a(printf.o)
 .debug_abbrev  0x0000000000002c81      0x1ef /usr/lib/gcc/msp430/4.6.3/../../../../msp430/lib/mmpy-16/libc.a(vuprintf.o)
 .debug_abbrev  0x0000000000002e70       0x60 /usr/lib/gcc/msp430/4.6.3/../../../../msp430/lib/mmpy-16/libc.a(puts.o)
 .debug_abbrev  0x0000000000002ed0       0x14 /usr/lib/gcc/msp430/4.6.3/mmpy-16/libgcc.a(_udivmod64.o)
 .debug_abbrev  0x0000000000002ee4       0x14 /usr/lib/gcc/msp430/4.6.3/mmpy-16/libcrt0.a(__watchdog_support.o)
 .debug_abbrev  0x0000000000002ef8       0x14 /usr/lib/gcc/msp430/4.6.3/mmpy-16/libcrt0.a(__init_stack.o)
 .debug_abbrev  0x0000000000002f0c       0x14 /usr/lib/gcc/msp430/4.6.3/mmpy-16/libcrt0.a(_copy_data.o)
 .debug_abbrev  0x0000000000002f20       0x14 /usr/lib/gcc/msp430/4.6.3/mmpy-16/libcrt0.a(_clear_bss.o)
 .debug_abbrev  0x0000000000002f34       0x14 /usr/lib/gcc/msp430/4.6.3/mmpy-16/libcrt0.a(_endless_loop__.o)
 .debug_abbrev  0x0000000000002f48       0x14 /usr/lib/gcc/msp430/4.6.3/mmpy-16/libcrt0.a(_unexpected_.o)

.debug_line     0x0000000000000000     0x36d9
 *(.debug_line)
 .debug_line    0x0000000000000000      0x1b2 staffetta-test.co
 .debug_line    0x00000000000001b2      0x17a obj_sky/contiki-sky-main.o
 .debug_line    0x000000000000032c      0x13d contiki-sky.a(process.o)
 .debug_line    0x0000000000000469       0x96 contiki-sky.a(autostart.o)
 .debug_line    0x00000000000004ff       0x4a contiki-sky.a(random.o)
 .debug_line    0x0000000000000549      0x170 contiki-sky.a(etimer.o)
 .debug_line    0x00000000000006b9       0xe1 contiki-sky.a(energest.o)
 .debug_line    0x000000000000079a       0x81 contiki-sky.a(rtimer.o)
 .debug_line    0x000000000000081b      0x10f contiki-sky.a(metric.o)
 .debug_line    0x000000000000092a      0x11f contiki-sky.a(gpio.o)
 .debug_line    0x0000000000000a49      0x6c3 contiki-sky.a(energytrace.o)
 .debug_line    0x000000000000110c      0x890 contiki-sky.a(staffetta.o)
 .debug_line    0x000000000000199c      0x147 contiki-sky.a(msp430.o)
 .debug_line    0x0000000000001ae3      0x12c contiki-sky.a(leds.o)
 .debug_line    0x0000000000001c0f       0xa7 contiki-sky.a(watchdog.o)
 .debug_line    0x0000000000001cb6      0x1c9 contiki-sky.a(xmem.o)
 .debug_line    0x0000000000001e7f      0x327 contiki-sky.a(cc2420.o)
 .debug_line    0x00000000000021a6       0x61 contiki-sky.a(node-id.o)
 .debug_line    0x0000000000002207      0x105 contiki-sky.a(uart1.o)
 .debug_line    0x000000000000230c      0x163 contiki-sky.a(clock.o)
 .debug_line    0x000000000000246f       0xdb contiki-sky.a(leds-arch.o)
 .debug_line    0x000000000000254a       0x95 contiki-sky.a(uart1-putchar.o)
 .debug_line    0x00000000000025df       0xbe contiki-sky.a(rtimer-arch.o)
 .debug_line    0x000000000000269d       0xbf contiki-sky.a(rand.o)
 .debug_line    0x000000000000275c       0xa2 contiki-sky.a(timer.o)
 .debug_line    0x00000000000027fe      0x15d contiki-sky.a(ctimer.o)
 .debug_line    0x000000000000295b       0xb3 contiki-sky.a(ringbuf.o)
 .debug_line    0x0000000000002a0e       0x96 contiki-sky.a(spi.o)
 .debug_line    0x0000000000002aa4       0xd8 contiki-sky.a(list.o)
 .debug_line    0x0000000000002b7c       0xa3 /usr/lib/gcc/msp430/4.6.3/mmpy-16/libgcc.a(_mulsi3.o)
 .debug_line    0x0000000000002c1f       0x9c /usr/lib/gcc/msp430/4.6.3/mmpy-16/libgcc.a(_udivmod16.o)
 .debug_line    0x0000000000002cbb       0xa7 /usr/lib/gcc/msp430/4.6.3/mmpy-16/libgcc.a(_divmod16.o)
 .debug_line    0x0000000000002d62       0xab /usr/lib/gcc/msp430/4.6.3/mmpy-16/libgcc.a(_udivmod32.o)
 .debug_line    0x0000000000002e0d       0x49 /usr/lib/gcc/msp430/4.6.3/../../../../msp430/lib/mmpy-16/libc.a(strcmp.o)
 .debug_line    0x0000000000002e56       0x78 /usr/lib/gcc/msp430/4.6.3/../../../../msp430/lib/mmpy-16/libc.a(strncpy.o)
 .debug_line    0x0000000000002ece       0x6e /usr/lib/gcc/msp430/4.6.3/../../../../msp430/lib/mmpy-16/libc.a(atoi.o)
 .debug_line    0x0000000000002f3c       0x72 /usr/lib/gcc/msp430/4.6.3/../../../../msp430/lib/mmpy-16/libc.a(printf.o)
 .debug_line    0x0000000000002fae      0x2d2 /usr/lib/gcc/msp430/4.6.3/../../../../msp430/lib/mmpy-16/libc.a(vuprintf.o)
 .debug_line    0x0000000000003280       0x4d /usr/lib/gcc/msp430/4.6.3/../../../../msp430/lib/mmpy-16/libc.a(puts.o)
 .debug_line    0x00000000000032cd       0xf1 /usr/lib/gcc/msp430/4.6.3/mmpy-16/libgcc.a(_udivmod64.o)
 .debug_line    0x00000000000033be       0x84 /usr/lib/gcc/msp430/4.6.3/mmpy-16/libcrt0.a(__watchdog_support.o)
 .debug_line    0x0000000000003442       0x82 /usr/lib/gcc/msp430/4.6.3/mmpy-16/libcrt0.a(__init_stack.o)
 .debug_line    0x00000000000034c4       0x88 /usr/lib/gcc/msp430/4.6.3/mmpy-16/libcrt0.a(_copy_data.o)
 .debug_line    0x000000000000354c       0x88 /usr/lib/gcc/msp430/4.6.3/mmpy-16/libcrt0.a(_clear_bss.o)
 .debug_line    0x00000000000035d4       0x83 /usr/lib/gcc/msp430/4.6.3/mmpy-16/libcrt0.a(_endless_loop__.o)
 .debug_line    0x0000000000003657       0x82 /usr/lib/gcc/msp430/4.6.3/mmpy-16/libcrt0.a(_unexpected_.o)

.debug_frame    0x0000000000000000     0x134e
 *(.debug_frame)
 .debug_frame   0x0000000000000000       0x74 staffetta-test.co
 .debug_frame   0x0000000000000074       0x50 obj_sky/contiki-sky-main.o
 .debug_frame   0x00000000000000c4       0xe8 contiki-sky.a(process.o)
 .debug_frame   0x00000000000001ac       0x36 contiki-sky.a(autostart.o)
 .debug_frame   0x00000000000001e2       0x2a contiki-sky.a(random.o)
 .debug_frame   0x000000000000020c       0xf8 contiki-sky.a(etimer.o)
 .debug_frame   0x0000000000000304       0x62 contiki-sky.a(energest.o)
 .debug_frame   0x0000000000000366       0x36 contiki-sky.a(rtimer.o)
 .debug_frame   0x000000000000039c       0x5a contiki-sky.a(metric.o)
 .debug_frame   0x00000000000003f6       0xc0 contiki-sky.a(gpio.o)
 .debug_frame   0x00000000000004b6      0x422 contiki-sky.a(energytrace.o)
 .debug_frame   0x00000000000008d8      0x1a4 contiki-sky.a(staffetta.o)
 .debug_frame   0x0000000000000a7c       0x86 contiki-sky.a(msp430.o)
 .debug_frame   0x0000000000000b02       0xa2 contiki-sky.a(leds.o)
 .debug_frame   0x0000000000000ba4       0x5a contiki-sky.a(watchdog.o)
 .debug_frame   0x0000000000000bfe       0xc4 contiki-sky.a(xmem.o)
 .debug_frame   0x0000000000000cc2       0x6e contiki-sky.a(cc2420.o)
 .debug_frame   0x0000000000000d30       0x32 contiki-sky.a(node-id.o)
 .debug_frame   0x0000000000000d62       0x88 contiki-sky.a(uart1.o)
 .debug_frame   0x0000000000000dea       0xd0 contiki-sky.a(clock.o)
 .debug_frame   0x0000000000000eba       0x36 contiki-sky.a(leds-arch.o)
 .debug_frame   0x0000000000000ef0       0x24 contiki-sky.a(uart1-putchar.o)
 .debug_frame   0x0000000000000f14       0x4a contiki-sky.a(rtimer-arch.o)
 .debug_frame   0x0000000000000f5e       0x40 contiki-sky.a(rand.o)
 .debug_frame   0x0000000000000f9e       0x6a contiki-sky.a(timer.o)
 .debug_frame   0x0000000000001008       0xaa contiki-sky.a(ctimer.o)
 .debug_frame   0x00000000000010b2       0x5e contiki-sky.a(ringbuf.o)
 .debug_frame   0x0000000000001110       0x1e contiki-sky.a(spi.o)
 .debug_frame   0x000000000000112e       0xbc contiki-sky.a(list.o)
 .debug_frame   0x00000000000011ea       0x1e /usr/lib/gcc/msp430/4.6.3/../../../../msp430/lib/mmpy-16/libc.a(strcmp.o)
 .debug_frame   0x0000000000001208       0x24 /usr/lib/gcc/msp430/4.6.3/../../../../msp430/lib/mmpy-16/libc.a(strncpy.o)
 .debug_frame   0x000000000000122c       0x24 /usr/lib/gcc/msp430/4.6.3/../../../../msp430/lib/mmpy-16/libc.a(atoi.o)
 .debug_frame   0x0000000000001250       0x2a /usr/lib/gcc/msp430/4.6.3/../../../../msp430/lib/mmpy-16/libc.a(printf.o)
 .debug_frame   0x000000000000127a       0xb0 /usr/lib/gcc/msp430/4.6.3/../../../../msp430/lib/mmpy-16/libc.a(vuprintf.o)
 .debug_frame   0x000000000000132a       0x24 /usr/lib/gcc/msp430/4.6.3/../../../../msp430/lib/mmpy-16/libc.a(puts.o)

.debug_str      0x0000000000000000     0x2407
 *(.debug_str)
 .debug_str     0x0000000000000000      0x383 staffetta-test.co
                                        0x42a (size before relaxing)
 .debug_str     0x0000000000000383       0xd5 obj_sky/contiki-sky-main.o
                                        0x379 (size before relaxing)
 .debug_str     0x0000000000000458      0x178 contiki-sky.a(process.o)
                                        0x2c6 (size before relaxing)
 .debug_str     0x00000000000005d0       0x3a contiki-sky.a(autostart.o)
                                        0x17e (size before relaxing)
 .debug_str     0x000000000000060a       0x35 contiki-sky.a(random.o)
                                        0x122 (size before relaxing)
 .debug_str     0x000000000000063f      0x133 contiki-sky.a(etimer.o)
                                        0x2d3 (size before relaxing)
 .debug_str     0x0000000000000772       0x9b contiki-sky.a(energest.o)
                                        0x31c (size before relaxing)
 .debug_str     0x000000000000080d       0xb8 contiki-sky.a(rtimer.o)
                                        0x2e7 (size before relaxing)
 .debug_str     0x00000000000008c5       0x9e contiki-sky.a(metric.o)
                                        0x338 (size before relaxing)
 .debug_str     0x0000000000000963       0xcf contiki-sky.a(gpio.o)
                                        0x1d4 (size before relaxing)
 .debug_str     0x0000000000000a32      0x6e7 contiki-sky.a(energytrace.o)
                                        0xac3 (size before relaxing)
 .debug_str     0x0000000000001119      0x6ff contiki-sky.a(staffetta.o)
                                        0xae5 (size before relaxing)
 .debug_str     0x0000000000001818      0x133 contiki-sky.a(msp430.o)
                                        0x28c (size before relaxing)
 .debug_str     0x000000000000194b       0x87 contiki-sky.a(leds.o)
                                        0x31c (size before relaxing)
 .debug_str     0x00000000000019d2       0xa6 contiki-sky.a(watchdog.o)
                                        0x19b (size before relaxing)
 .debug_str     0x0000000000001a78       0xa5 contiki-sky.a(xmem.o)
                                        0x390 (size before relaxing)
 .debug_str     0x0000000000001b1d       0x85 contiki-sky.a(cc2420.o)
                                        0x594 (size before relaxing)
 .debug_str     0x0000000000001ba2       0x3c contiki-sky.a(node-id.o)
                                        0x131 (size before relaxing)
 .debug_str     0x0000000000001bde      0x12f contiki-sky.a(uart1.o)
                                        0x288 (size before relaxing)
 .debug_str     0x0000000000001d0d       0xdd contiki-sky.a(clock.o)
                                        0x3a2 (size before relaxing)
 .debug_str     0x0000000000001dea       0x5a contiki-sky.a(leds-arch.o)
                                        0x158 (size before relaxing)
 .debug_str     0x0000000000001e44       0x2d contiki-sky.a(uart1-putchar.o)
                                        0x11a (size before relaxing)
 .debug_str     0x0000000000001e71       0x62 contiki-sky.a(rtimer-arch.o)
                                        0x17b (size before relaxing)
 .debug_str     0x0000000000001ed3       0x27 contiki-sky.a(rand.o)
                                        0x25f (size before relaxing)
 .debug_str     0x0000000000001efa       0x27 contiki-sky.a(timer.o)
                                        0x16d (size before relaxing)
 .debug_str     0x0000000000001f21       0xc0 contiki-sky.a(ctimer.o)
                                        0x38e (size before relaxing)
 .debug_str     0x0000000000001fe1       0x64 contiki-sky.a(ringbuf.o)
                                        0x180 (size before relaxing)
 .debug_str     0x0000000000002045       0x5d contiki-sky.a(spi.o)
                                        0x18f (size before relaxing)
 .debug_str     0x00000000000020a2       0xa8 contiki-sky.a(list.o)
                                        0x131 (size before relaxing)
 .debug_str     0x000000000000214a       0x40 /usr/lib/gcc/msp430/4.6.3/../../../../msp430/lib/mmpy-16/libc.a(strcmp.o)
                                         0xf4 (size before relaxing)
 .debug_str     0x000000000000218a       0x1b /usr/lib/gcc/msp430/4.6.3/../../../../msp430/lib/mmpy-16/libc.a(strncpy.o)
                                         0xfd (size before relaxing)
 .debug_str     0x00000000000021a5       0x1a /usr/lib/gcc/msp430/4.6.3/../../../../msp430/lib/mmpy-16/libc.a(atoi.o)
                                         0xf5 (size before relaxing)
 .debug_str     0x00000000000021bf       0x40 /usr/lib/gcc/msp430/4.6.3/../../../../msp430/lib/mmpy-16/libc.a(printf.o)
                                        0x12a (size before relaxing)
 .debug_str     0x00000000000021ff      0x1f3 /usr/lib/gcc/msp430/4.6.3/../../../../msp430/lib/mmpy-16/libc.a(vuprintf.o)
                                        0x375 (size before relaxing)
 .debug_str     0x00000000000023f2       0x15 /usr/lib/gcc/msp430/4.6.3/../../../../msp430/lib/mmpy-16/libc.a(puts.o)
                                         0xf0 (size before relaxing)

.debug_loc      0x0000000000000000     0x35a0
 *(.debug_loc)
 .debug_loc     0x0000000000000000      0x1af staffetta-test.co
 .debug_loc     0x00000000000001af       0x9a obj_sky/contiki-sky-main.o
 .debug_loc     0x0000000000000249      0x20d contiki-sky.a(process.o)
 .debug_loc     0x0000000000000456       0x56 contiki-sky.a(autostart.o)
 .debug_loc     0x00000000000004ac        0xb contiki-sky.a(random.o)
 .debug_loc     0x00000000000004b7      0x270 contiki-sky.a(etimer.o)
 .debug_loc     0x0000000000000727       0x8a contiki-sky.a(energest.o)
 .debug_loc     0x00000000000007b1       0x5b contiki-sky.a(rtimer.o)
 .debug_loc     0x000000000000080c       0x28 contiki-sky.a(metric.o)
 .debug_loc     0x0000000000000834       0xb3 contiki-sky.a(gpio.o)
 .debug_loc     0x00000000000008e7     0x127b contiki-sky.a(energytrace.o)
 .debug_loc     0x0000000000001b62      0x496 contiki-sky.a(staffetta.o)
 .debug_loc     0x0000000000001ff8      0x118 contiki-sky.a(msp430.o)
 .debug_loc     0x0000000000002110       0xdc contiki-sky.a(leds.o)
 .debug_loc     0x00000000000021ec      0x2f2 contiki-sky.a(xmem.o)
 .debug_loc     0x00000000000024de      0x119 contiki-sky.a(cc2420.o)
 .debug_loc     0x00000000000025f7       0x33 contiki-sky.a(node-id.o)
 .debug_loc     0x000000000000262a       0x99 contiki-sky.a(uart1.o)
 .debug_loc     0x00000000000026c3       0x92 contiki-sky.a(clock.o)
 .debug_loc     0x0000000000002755        0xb contiki-sky.a(leds-arch.o)
 .debug_loc     0x0000000000002760       0x2d contiki-sky.a(uart1-putchar.o)
 .debug_loc     0x000000000000278d       0x2c contiki-sky.a(rtimer-arch.o)
 .debug_loc     0x00000000000027b9       0x74 contiki-sky.a(rand.o)
 .debug_loc     0x000000000000282d       0xb9 contiki-sky.a(timer.o)
 .debug_loc     0x00000000000028e6      0x205 contiki-sky.a(ctimer.o)
 .debug_loc     0x0000000000002aeb       0xa3 contiki-sky.a(ringbuf.o)
 .debug_loc     0x0000000000002b8e      0x1ac contiki-sky.a(list.o)
 .debug_loc     0x0000000000002d3a       0x24 /usr/lib/gcc/msp430/4.6.3/../../../../msp430/lib/mmpy-16/libc.a(strcmp.o)
 .debug_loc     0x0000000000002d5e       0x45 /usr/lib/gcc/msp430/4.6.3/../../../../msp430/lib/mmpy-16/libc.a(strncpy.o)
 .debug_loc     0x0000000000002da3       0x9a /usr/lib/gcc/msp430/4.6.3/../../../../msp430/lib/mmpy-16/libc.a(atoi.o)
 .debug_loc     0x0000000000002e3d       0x38 /usr/lib/gcc/msp430/4.6.3/../../../../msp430/lib/mmpy-16/libc.a(printf.o)
 .debug_loc     0x0000000000002e75      0x705 /usr/lib/gcc/msp430/4.6.3/../../../../msp430/lib/mmpy-16/libc.a(vuprintf.o)
 .debug_loc     0x000000000000357a       0x26 /usr/lib/gcc/msp430/4.6.3/../../../../msp430/lib/mmpy-16/libc.a(puts.o)

.debug_macinfo
 *(.debug_macinfo)

.debug_pubtypes
 *(.debug_pubtypes)

.debug_ranges   0x0000000000000000       0x68
 *(.debug_ranges)
 .debug_ranges  0x0000000000000000       0x18 staffetta-test.co
 .debug_ranges  0x0000000000000018        0x8 obj_sky/contiki-sky-main.o
 .debug_ranges  0x0000000000000020       0x24 contiki-sky.a(energytrace.o)
 .debug_ranges  0x0000000000000044        0xc contiki-sky.a(staffetta.o)
 .debug_ranges  0x0000000000000050       0x18 /usr/lib/gcc/msp430/4.6.3/../../../../msp430/lib/mmpy-16/libc.a(vuprintf.o)
                0x0000000000003900                PROVIDE (__stack, (ORIGIN (ram) + 0x2800))
                0x00000000000098b8                PROVIDE (__data_start_rom, _etext)
                0x00000000000098fc                PROVIDE (__data_end_rom, (_etext + SIZEOF (.data)))
OUTPUT(staffetta-test.sky elf32-msp430)

.glossy         0x0000000000004000        0x0
