Archive member included because of file (symbol)

contiki-sky.a(process.o)      obj_sky/contiki-sky-main.o (process_init)
contiki-sky.a(autostart.o)    obj_sky/contiki-sky-main.o (autostart_start)
contiki-sky.a(random.o)       staffetta-test.co (random_init)
contiki-sky.a(etimer.o)       obj_sky/contiki-sky-main.o (etimer_process)
contiki-sky.a(energest.o)     obj_sky/contiki-sky-main.o (energest_init)
contiki-sky.a(rtimer.o)       obj_sky/contiki-sky-main.o (rtimer_init)
contiki-sky.a(gpio.o)         obj_sky/contiki-sky-main.o (gpio_init)
contiki-sky.a(staffetta.o)    staffetta-test.co (getWakeups)
contiki-sky.a(msp430.o)       obj_sky/contiki-sky-main.o (msp430_cpu_init)
contiki-sky.a(leds.o)         staffetta-test.co (leds_init)
contiki-sky.a(watchdog.o)     obj_sky/contiki-sky-main.o (watchdog_init)
contiki-sky.a(xmem.o)         obj_sky/contiki-sky-main.o (xmem_init)
contiki-sky.a(cc2420.o)       obj_sky/contiki-sky-main.o (cc2420_init)
contiki-sky.a(node-id.o)      staffetta-test.co (node_id)
contiki-sky.a(uart1.o)        obj_sky/contiki-sky-main.o (uart1_active)
contiki-sky.a(clock.o)        contiki-sky.a(etimer.o) (clock_time)
contiki-sky.a(leds-arch.o)    contiki-sky.a(leds.o) (leds_arch_init)
contiki-sky.a(uart1-putchar.o)
                              obj_sky/contiki-sky-main.o (putchar)
contiki-sky.a(rtimer-arch.o)  contiki-sky.a(rtimer.o) (rtimer_arch_init)
contiki-sky.a(rand.o)         contiki-sky.a(random.o) (rand)
contiki-sky.a(timer.o)        contiki-sky.a(etimer.o) (timer_set)
contiki-sky.a(ctimer.o)       contiki-sky.a(staffetta.o) (ctimer_stop)
contiki-sky.a(ringbuf.o)      contiki-sky.a(uart1.o) (ringbuf_init)
contiki-sky.a(spi.o)          contiki-sky.a(xmem.o) (spi_init)
contiki-sky.a(list.o)         contiki-sky.a(ctimer.o) (list_init)
/usr/bin/../lib/gcc/msp430/4.6.3/mmpy-16/libgcc.a(_mulsi3.o)
                              contiki-sky.a(staffetta.o) (__mulsi3)
/usr/bin/../lib/gcc/msp430/4.6.3/mmpy-16/libgcc.a(_udivmod16.o)
                              staffetta-test.co (__umodhi3)
/usr/bin/../lib/gcc/msp430/4.6.3/mmpy-16/libgcc.a(_divmod16.o)
                              contiki-sky.a(staffetta.o) (__modhi3)
/usr/bin/../lib/gcc/msp430/4.6.3/mmpy-16/libgcc.a(_udivmod32.o)
                              staffetta-test.co (__udivsi3)
/usr/bin/../lib/gcc/msp430/4.6.3/../../../../msp430/lib/mmpy-16/libc.a(printf.o)
                              obj_sky/contiki-sky-main.o (printf)
/usr/bin/../lib/gcc/msp430/4.6.3/../../../../msp430/lib/mmpy-16/libc.a(vuprintf.o)
                              /usr/bin/../lib/gcc/msp430/4.6.3/../../../../msp430/lib/mmpy-16/libc.a(printf.o) (vuprintf)
/usr/bin/../lib/gcc/msp430/4.6.3/../../../../msp430/lib/mmpy-16/libc.a(puts.o)
                              obj_sky/contiki-sky-main.o (puts)
/usr/bin/../lib/gcc/msp430/4.6.3/mmpy-16/libgcc.a(_udivmod64.o)
                              /usr/bin/../lib/gcc/msp430/4.6.3/../../../../msp430/lib/mmpy-16/libc.a(vuprintf.o) (__udivdi3)
/usr/bin/../lib/gcc/msp430/4.6.3/mmpy-16/libcrt0.a(_reset_vector__.o)
                              /usr/bin/../lib/gcc/msp430/4.6.3/mmpy-16/crt0ivtbl16.o (_reset_vector__)
/usr/bin/../lib/gcc/msp430/4.6.3/mmpy-16/libcrt0.a(__watchdog_support.o)
                              /usr/bin/../lib/gcc/msp430/4.6.3/mmpy-16/libcrt0.a(_reset_vector__.o) (__watchdog_support)
/usr/bin/../lib/gcc/msp430/4.6.3/mmpy-16/libcrt0.a(__init_stack.o)
                              /usr/bin/../lib/gcc/msp430/4.6.3/mmpy-16/libcrt0.a(_reset_vector__.o) (__init_stack)
/usr/bin/../lib/gcc/msp430/4.6.3/mmpy-16/libcrt0.a(__low_level_init.o)
                              /usr/bin/../lib/gcc/msp430/4.6.3/mmpy-16/libcrt0.a(_reset_vector__.o) (__low_level_init)
/usr/bin/../lib/gcc/msp430/4.6.3/mmpy-16/libcrt0.a(_copy_data.o)
                              /usr/bin/../lib/gcc/msp430/4.6.3/mmpy-16/libcrt0.a(_reset_vector__.o) (__do_copy_data)
/usr/bin/../lib/gcc/msp430/4.6.3/mmpy-16/libcrt0.a(_clear_bss.o)
                              /usr/bin/../lib/gcc/msp430/4.6.3/mmpy-16/libcrt0.a(_reset_vector__.o) (__do_clear_bss)
/usr/bin/../lib/gcc/msp430/4.6.3/mmpy-16/libcrt0.a(__stop_progExec__.o)
                              /usr/bin/../lib/gcc/msp430/4.6.3/mmpy-16/libcrt0.a(_reset_vector__.o) (__stop_progExec__)
/usr/bin/../lib/gcc/msp430/4.6.3/mmpy-16/libcrt0.a(_endless_loop__.o)
                              /usr/bin/../lib/gcc/msp430/4.6.3/mmpy-16/libcrt0.a(_reset_vector__.o) (_endless_loop__)
/usr/bin/../lib/gcc/msp430/4.6.3/mmpy-16/libcrt0.a(_unexpected_.o)
                              /usr/bin/../lib/gcc/msp430/4.6.3/mmpy-16/crt0ivtbl16.o (_unexpected_)

Allocating common symbols
Common symbol       size              file

energest_total_time
                    0x30              contiki-sky.a(energest.o)
energest_total_count
                    0x2               contiki-sky.a(energest.o)
energest_current_mode
                    0xc               contiki-sky.a(energest.o)
process_maxevents   0x1               contiki-sky.a(process.o)
energest_current_time
                    0x18              contiki-sky.a(energest.o)

Memory Configuration

Name             Origin             Length             Attributes
sfr              0x0000000000000000 0x0000000000000010
peripheral_8bit  0x0000000000000010 0x00000000000000f0
peripheral_16bit 0x0000000000000100 0x0000000000000100
ram_mirror       0x0000000000000200 0x0000000000000800 xw
infomem          0x0000000000001000 0x0000000000000100
infob            0x0000000000001000 0x0000000000000080
infoa            0x0000000000001080 0x0000000000000080
ram              0x0000000000001100 0x0000000000002800 xw
rom              0x0000000000004000 0x000000000000bfe0 xr
vectors          0x000000000000ffe0 0x0000000000000020
bsl              0x0000000000000000 0x0000000000000000
infoc            0x0000000000000000 0x0000000000000000
infod            0x0000000000000000 0x0000000000000000
ram2             0x0000000000000000 0x0000000000000000 xw
usbram           0x0000000000000000 0x0000000000000000 xw
far_rom          0x0000000000000000 0x0000000000000000
*default*        0x0000000000000000 0xffffffffffffffff

Linker script and memory map

LOAD /usr/bin/../lib/gcc/msp430/4.6.3/mmpy-16/crt0ivtbl16.o
Address of section .glossy set to 0x4000
Address of section .text set to 0x4400
LOAD staffetta-test.co
LOAD obj_sky/contiki-sky-main.o
LOAD contiki-sky.a
LOAD /usr/bin/../lib/gcc/msp430/4.6.3/mmpy-16/libgcc.a
LOAD /usr/bin/../lib/gcc/msp430/4.6.3/../../../../msp430/lib/mmpy-16/libc.a
LOAD /usr/bin/../lib/gcc/msp430/4.6.3/mmpy-16/libgcc.a
LOAD /usr/bin/../lib/gcc/msp430/4.6.3/mmpy-16/libcrt0.a
                0x0000000000000080                PROVIDE (__info_segment_size, 0x80)
                0x0000000000001000                PROVIDE (__infob, 0x1000)
                0x0000000000001080                PROVIDE (__infoa, 0x1080)
                0x0000000000000000                __IE1 = 0x0
                0x0000000000000002                __IFG1 = 0x2
                0x0000000000000004                __ME1 = 0x4
                0x0000000000000001                __IE2 = 0x1
                0x0000000000000003                __IFG2 = 0x3
                0x0000000000000005                __ME2 = 0x5
                0x0000000000000120                __WDTCTL = 0x120
                0x0000000000000130                __MPY = 0x130
                0x0000000000000132                __MPYS = 0x132
                0x0000000000000134                __MAC = 0x134
                0x0000000000000136                __MACS = 0x136
                0x0000000000000138                __OP2 = 0x138
                0x000000000000013a                __RESLO = 0x13a
                0x000000000000013c                __RESHI = 0x13c
                0x000000000000013e                __SUMEXT = 0x13e
                0x0000000000000020                __P1IN = 0x20
                0x0000000000000021                __P1OUT = 0x21
                0x0000000000000022                __P1DIR = 0x22
                0x0000000000000023                __P1IFG = 0x23
                0x0000000000000024                __P1IES = 0x24
                0x0000000000000025                __P1IE = 0x25
                0x0000000000000026                __P1SEL = 0x26
                0x0000000000000028                __P2IN = 0x28
                0x0000000000000029                __P2OUT = 0x29
                0x000000000000002a                __P2DIR = 0x2a
                0x000000000000002b                __P2IFG = 0x2b
                0x000000000000002c                __P2IES = 0x2c
                0x000000000000002d                __P2IE = 0x2d
                0x000000000000002e                __P2SEL = 0x2e
                0x0000000000000018                __P3IN = 0x18
                0x0000000000000019                __P3OUT = 0x19
                0x000000000000001a                __P3DIR = 0x1a
                0x000000000000001b                __P3SEL = 0x1b
                0x000000000000001c                __P4IN = 0x1c
                0x000000000000001d                __P4OUT = 0x1d
                0x000000000000001e                __P4DIR = 0x1e
                0x000000000000001f                __P4SEL = 0x1f
                0x0000000000000030                __P5IN = 0x30
                0x0000000000000031                __P5OUT = 0x31
                0x0000000000000032                __P5DIR = 0x32
                0x0000000000000033                __P5SEL = 0x33
                0x0000000000000034                __P6IN = 0x34
                0x0000000000000035                __P6OUT = 0x35
                0x0000000000000036                __P6DIR = 0x36
                0x0000000000000037                __P6SEL = 0x37
                0x0000000000000070                __U0CTL = 0x70
                0x0000000000000071                __U0TCTL = 0x71
                0x0000000000000072                __U0RCTL = 0x72
                0x0000000000000073                __U0MCTL = 0x73
                0x0000000000000074                __U0BR0 = 0x74
                0x0000000000000075                __U0BR1 = 0x75
                0x0000000000000076                __U0RXBUF = 0x76
                0x0000000000000077                __U0TXBUF = 0x77
                0x0000000000000078                __U1CTL = 0x78
                0x0000000000000079                __U1TCTL = 0x79
                0x000000000000007a                __U1RCTL = 0x7a
                0x000000000000007b                __U1MCTL = 0x7b
                0x000000000000007c                __U1BR0 = 0x7c
                0x000000000000007d                __U1BR1 = 0x7d
                0x000000000000007e                __U1RXBUF = 0x7e
                0x000000000000007f                __U1TXBUF = 0x7f
                0x0000000000000050                __I2CIE = 0x50
                0x0000000000000051                __I2CIFG = 0x51
                0x0000000000000052                __I2CNDAT = 0x52
                0x0000000000000071                __I2CTCTL = 0x71
                0x0000000000000072                __I2CDCTL = 0x72
                0x0000000000000073                __I2CPSC = 0x73
                0x0000000000000074                __I2CSCLH = 0x74
                0x0000000000000075                __I2CSCLL = 0x75
                0x0000000000000076                __I2CDRB = 0x76
                0x0000000000000076                __I2CDRW = 0x76
                0x0000000000000118                __I2COA = 0x118
                0x000000000000011a                __I2CSA = 0x11a
                0x000000000000011c                __I2CIV = 0x11c
                0x000000000000012e                __TAIV = 0x12e
                0x0000000000000160                __TACTL = 0x160
                0x0000000000000162                __TACCTL0 = 0x162
                0x0000000000000164                __TACCTL1 = 0x164
                0x0000000000000166                __TACCTL2 = 0x166
                0x0000000000000170                __TAR = 0x170
                0x0000000000000172                __TACCR0 = 0x172
                0x0000000000000174                __TACCR1 = 0x174
                0x0000000000000176                __TACCR2 = 0x176
                0x000000000000011e                __TBIV = 0x11e
                0x0000000000000180                __TBCTL = 0x180
                0x0000000000000182                __TBCCTL0 = 0x182
                0x0000000000000184                __TBCCTL1 = 0x184
                0x0000000000000186                __TBCCTL2 = 0x186
                0x0000000000000188                __TBCCTL3 = 0x188
                0x000000000000018a                __TBCCTL4 = 0x18a
                0x000000000000018c                __TBCCTL5 = 0x18c
                0x000000000000018e                __TBCCTL6 = 0x18e
                0x0000000000000190                __TBR = 0x190
                0x0000000000000192                __TBCCR0 = 0x192
                0x0000000000000194                __TBCCR1 = 0x194
                0x0000000000000196                __TBCCR2 = 0x196
                0x0000000000000198                __TBCCR3 = 0x198
                0x000000000000019a                __TBCCR4 = 0x19a
                0x000000000000019c                __TBCCR5 = 0x19c
                0x000000000000019e                __TBCCR6 = 0x19e
                0x0000000000000056                __DCOCTL = 0x56
                0x0000000000000057                __BCSCTL1 = 0x57
                0x0000000000000058                __BCSCTL2 = 0x58
                0x0000000000000055                __SVSCTL = 0x55
                0x0000000000000128                __FCTL1 = 0x128
                0x000000000000012a                __FCTL2 = 0x12a
                0x000000000000012c                __FCTL3 = 0x12c
                0x0000000000000059                __CACTL1 = 0x59
                0x000000000000005a                __CACTL2 = 0x5a
                0x000000000000005b                __CAPD = 0x5b
                0x00000000000001a0                __ADC12CTL0 = 0x1a0
                0x00000000000001a2                __ADC12CTL1 = 0x1a2
                0x00000000000001a4                __ADC12IFG = 0x1a4
                0x00000000000001a6                __ADC12IE = 0x1a6
                0x00000000000001a8                __ADC12IV = 0x1a8
                0x0000000000000140                __ADC12MEM0 = 0x140
                0x0000000000000142                __ADC12MEM1 = 0x142
                0x0000000000000144                __ADC12MEM2 = 0x144
                0x0000000000000146                __ADC12MEM3 = 0x146
                0x0000000000000148                __ADC12MEM4 = 0x148
                0x000000000000014a                __ADC12MEM5 = 0x14a
                0x000000000000014c                __ADC12MEM6 = 0x14c
                0x000000000000014e                __ADC12MEM7 = 0x14e
                0x0000000000000150                __ADC12MEM8 = 0x150
                0x0000000000000152                __ADC12MEM9 = 0x152
                0x0000000000000154                __ADC12MEM10 = 0x154
                0x0000000000000156                __ADC12MEM11 = 0x156
                0x0000000000000158                __ADC12MEM12 = 0x158
                0x000000000000015a                __ADC12MEM13 = 0x15a
                0x000000000000015c                __ADC12MEM14 = 0x15c
                0x000000000000015e                __ADC12MEM15 = 0x15e
                0x0000000000000080                __ADC12MCTL0 = 0x80
                0x0000000000000081                __ADC12MCTL1 = 0x81
                0x0000000000000082                __ADC12MCTL2 = 0x82
                0x0000000000000083                __ADC12MCTL3 = 0x83
                0x0000000000000084                __ADC12MCTL4 = 0x84
                0x0000000000000085                __ADC12MCTL5 = 0x85
                0x0000000000000086                __ADC12MCTL6 = 0x86
                0x0000000000000087                __ADC12MCTL7 = 0x87
                0x0000000000000088                __ADC12MCTL8 = 0x88
                0x0000000000000089                __ADC12MCTL9 = 0x89
                0x000000000000008a                __ADC12MCTL10 = 0x8a
                0x000000000000008b                __ADC12MCTL11 = 0x8b
                0x000000000000008c                __ADC12MCTL12 = 0x8c
                0x000000000000008d                __ADC12MCTL13 = 0x8d
                0x000000000000008e                __ADC12MCTL14 = 0x8e
                0x000000000000008f                __ADC12MCTL15 = 0x8f
                0x00000000000001c0                __DAC12_0CTL = 0x1c0
                0x00000000000001c2                __DAC12_1CTL = 0x1c2
                0x00000000000001c8                __DAC12_0DAT = 0x1c8
                0x00000000000001ca                __DAC12_1DAT = 0x1ca
                0x0000000000000122                __DMACTL0 = 0x122
                0x0000000000000124                __DMACTL1 = 0x124
                0x00000000000001e0                __DMA0CTL = 0x1e0
                0x00000000000001e8                __DMA1CTL = 0x1e8
                0x00000000000001f0                __DMA2CTL = 0x1f0
                0x00000000000001e2                __DMA0SA = 0x1e2
                0x00000000000001e4                __DMA0DA = 0x1e4
                0x00000000000001e6                __DMA0SZ = 0x1e6
                0x00000000000001ea                __DMA1SA = 0x1ea
                0x00000000000001ec                __DMA1DA = 0x1ec
                0x00000000000001ee                __DMA1SZ = 0x1ee
                0x00000000000001f2                __DMA2SA = 0x1f2
                0x00000000000001f4                __DMA2DA = 0x1f4
                0x00000000000001f6                __DMA2SZ = 0x1f6

.hash
 *(.hash)

.dynsym
 *(.dynsym)

.dynstr
 *(.dynstr)

.gnu.version
 *(.gnu.version)

.gnu.version_d
 *(.gnu.version_d)

.gnu.version_r
 *(.gnu.version_r)

.rel.init
 *(.rel.init)

.rela.init
 *(.rela.init)

.rel.fini
 *(.rel.fini)

.rela.fini
 *(.rela.fini)

.rel.text
 *(.rel.text .rel.text.* .rel.gnu.linkonce.t.*)

.rela.text
 *(.rela.text .rela.text.* .rela.gnu.linkonce.t.*)

.rel.rodata
 *(.rel.rodata .rel.rodata.* .rel.gnu.linkonce.r.*)

.rela.rodata
 *(.rela.rodata .rela.rodata.* .rela.gnu.linkonce.r.*)

.rel.data
 *(.rel.data .rel.data.* .rel.gnu.linkonce.d.*)

.rela.data
 *(.rela.data .rela.data.* .rela.gnu.linkonce.d.*)

.rel.bss
 *(.rel.bss .rel.bss.* .rel.gnu.linkonce.b.*)

.rela.bss
 *(.rela.bss .rela.bss.* .rela.gnu.linkonce.b.*)

.rel.ctors
 *(.rel.ctors)

.rela.ctors
 *(.rela.ctors)

.rel.dtors
 *(.rel.dtors)

.rela.dtors
 *(.rela.dtors)

.rel.got
 *(.rel.got)

.rela.got
 *(.rela.got)

.rel.plt
 *(.rel.plt)

.rela.plt
 *(.rela.plt)

.text           0x0000000000004400     0x38fe
                0x0000000000004400                . = ALIGN (0x2)
 *(.init .init.*)
 *(.init0)
 .init0         0x0000000000004400        0x0 /usr/bin/../lib/gcc/msp430/4.6.3/mmpy-16/libcrt0.a(_reset_vector__.o)
                0x0000000000004400                _reset_vector__
 *(.init1)
 .init1         0x0000000000004400        0xc /usr/bin/../lib/gcc/msp430/4.6.3/mmpy-16/libcrt0.a(__watchdog_support.o)
                0x0000000000004400                __watchdog_support
 *(.init2)
 .init2         0x000000000000440c        0x4 /usr/bin/../lib/gcc/msp430/4.6.3/mmpy-16/libcrt0.a(__init_stack.o)
                0x000000000000440c                __init_stack
 *(.init3)
 .init3         0x0000000000004410        0x0 /usr/bin/../lib/gcc/msp430/4.6.3/mmpy-16/libcrt0.a(__low_level_init.o)
                0x0000000000004410                __low_level_init
 *(.init4)
 .init4         0x0000000000004410       0x18 /usr/bin/../lib/gcc/msp430/4.6.3/mmpy-16/libcrt0.a(_copy_data.o)
                0x0000000000004410                __do_copy_data
 .init4         0x0000000000004428       0x16 /usr/bin/../lib/gcc/msp430/4.6.3/mmpy-16/libcrt0.a(_clear_bss.o)
                0x0000000000004428                __do_clear_bss
 *(.init5)
 *(.init6)
 *(.init7)
 *(.init8)
 *(.init9)
 .init9         0x000000000000443e      0x17a obj_sky/contiki-sky-main.o
                0x000000000000443e                main
 *(.fini9)
 .fini9         0x00000000000045b8        0x0 /usr/bin/../lib/gcc/msp430/4.6.3/mmpy-16/libcrt0.a(__stop_progExec__.o)
                0x00000000000045b8                __stop_progExec__
 *(.fini8)
 *(.fini7)
 *(.fini6)
 *(.fini5)
 *(.fini4)
 *(.fini3)
 *(.fini2)
 *(.fini1)
 *(.fini0)
 .fini0         0x00000000000045b8        0x6 /usr/bin/../lib/gcc/msp430/4.6.3/mmpy-16/libcrt0.a(_endless_loop__.o)
                0x00000000000045b8                _endless_loop__
 *(.fini .fini.*)
                0x00000000000045be                . = ALIGN (0x2)
                0x00000000000045be                __ctors_start = .
 *(.ctors)
                0x00000000000045be                __ctors_end = .
                0x00000000000045be                __dtors_start = .
 *(.dtors)
                0x00000000000045be                __dtors_end = .
                0x00000000000045be                . = ALIGN (0x2)
 *(.text .text.* .gnu.linkonce.t.*)
 .text          0x00000000000045be        0x4 /usr/bin/../lib/gcc/msp430/4.6.3/mmpy-16/crt0ivtbl16.o
                0x00000000000045be                __isr_14
                0x00000000000045be                __isr_4
                0x00000000000045be                __isr_11
                0x00000000000045be                __isr_7
                0x00000000000045be                __isr_0
                0x00000000000045be                __isr_8
                0x00000000000045be                __isr_12
                0x00000000000045be                __isr_13
                0x00000000000045be                __isr_9
                0x00000000000045be                __isr_1
 .text.crt0     0x00000000000045c2        0x0 /usr/bin/../lib/gcc/msp430/4.6.3/mmpy-16/crt0ivtbl16.o
 .text          0x00000000000045c2      0x16e staffetta-test.co
 .text          0x0000000000004730       0x50 obj_sky/contiki-sky-main.o
 .text          0x0000000000004780      0x298 contiki-sky.a(process.o)
                0x000000000000487c                process_alloc_event
                0x000000000000488a                process_exit
                0x0000000000004894                process_init
                0x00000000000048b0                process_run
                0x000000000000494c                process_nevents
                0x0000000000004958                process_post
                0x00000000000049ac                process_post_synch
                0x00000000000049be                process_start
                0x00000000000049f0                process_poll
                0x0000000000004a0a                process_is_running
 .text          0x0000000000004a18       0x2e contiki-sky.a(autostart.o)
                0x0000000000004a18                autostart_start
                0x0000000000004a30                autostart_exit
 .text          0x0000000000004a46        0xc contiki-sky.a(random.o)
                0x0000000000004a46                random_init
                0x0000000000004a4c                random_rand
 .text          0x0000000000004a52      0x26e contiki-sky.a(etimer.o)
                0x0000000000004aca                etimer_request_poll
                0x0000000000004bda                etimer_set
                0x0000000000004bec                etimer_reset
                0x0000000000004bfe                etimer_restart
                0x0000000000004c10                etimer_adjust
                0x0000000000004c2a                etimer_expired
                0x0000000000004c38                etimer_expiration_time
                0x0000000000004c4c                etimer_start_time
                0x0000000000004c54                etimer_pending
                0x0000000000004c62                etimer_next_expiration_time
                0x0000000000004c78                etimer_stop
 .text          0x0000000000004cc0       0xbc contiki-sky.a(energest.o)
                0x0000000000004cc0                energest_init
                0x0000000000004cea                energest_type_time
                0x0000000000004d2a                energest_leveldevice_leveltime
                0x0000000000004d30                energest_type_set
                0x0000000000004d3e                energest_flush
 .text          0x0000000000004d7c       0x50 contiki-sky.a(rtimer.o)
                0x0000000000004d7c                rtimer_init
                0x0000000000004d82                rtimer_set
                0x0000000000004da6                rtimer_run_next
 .text          0x0000000000004dcc      0x114 contiki-sky.a(gpio.o)
                0x0000000000004dcc                gpio_arch_init
                0x0000000000004dda                gpio_arch_get
                0x0000000000004e0a                gpio_arch_set
                0x0000000000004e4e                gpio_init
                0x0000000000004e5c                gpio_get
                0x0000000000004e62                gpio_on
                0x0000000000004e6c                gpio_off
                0x0000000000004e76                gpio_invert
                0x0000000000004e80                gpio_toggle
                0x0000000000004e86                gpio_blink
                0x0000000000004ea4                gpio_green
                0x0000000000004eb8                gpio_yellow
                0x0000000000004ecc                gpio_red
 .text          0x0000000000004ee0     0x1078 contiki-sky.a(staffetta.o)
                0x00000000000050f2                getWakeups
                0x00000000000050fc                staffetta_send_packet
                0x0000000000005b20                sink_busy_wait
                0x0000000000005b2a                sink_listen
                0x0000000000005db6                staffetta_print_stats
                0x0000000000005e76                staffetta_add_data
                0x0000000000005e9e                staffetta_init
 .text          0x0000000000005f58      0x188 contiki-sky.a(msp430.o)
                0x0000000000005f58                w_memcpy
                0x0000000000005f7a                w_memset
                0x0000000000005f8c                msp430_init_dco
                0x0000000000006000                msp430_cpu_init
                0x0000000000006026                sbrk
                0x000000000000607e                splhigh_
                0x0000000000006086                splx_
                0x000000000000608a                msp430_sync_dco
 .text          0x00000000000060e0      0x166 contiki-sky.a(leds.o)
                0x0000000000006198                leds_init
                0x00000000000061a6                leds_get
                0x00000000000061ac                leds_on
                0x00000000000061c0                leds_off
                0x00000000000061d4                leds_invert
                0x00000000000061de                leds_toggle
                0x00000000000061e4                leds_blink
                0x000000000000620a                leds_green
                0x000000000000621e                leds_yellow
                0x0000000000006232                leds_red
 .text          0x0000000000006246       0x20 contiki-sky.a(watchdog.o)
                0x0000000000006246                __isr_10
                0x0000000000006246                watchdog_interrupt
                0x0000000000006248                watchdog_init
                0x000000000000625e                watchdog_start
                0x0000000000006260                watchdog_periodic
                0x0000000000006262                watchdog_stop
                0x0000000000006264                watchdog_reboot
 .text          0x0000000000006266      0x32c contiki-sky.a(xmem.o)
                0x00000000000062d2                xmem_init
                0x00000000000062ee                xmem_pread
                0x00000000000063b6                xmem_pwrite
                0x00000000000064e0                xmem_erase
 .text          0x0000000000006592      0x3dc contiki-sky.a(cc2420.o)
                0x00000000000065ae                cc2420_init
                0x0000000000006872                cc2420_set_channel
                0x00000000000068ce                cc2420_set_txpower
 .text          0x000000000000696e       0x6e contiki-sky.a(node-id.o)
                0x000000000000696e                node_id_restore
                0x00000000000069a6                node_id_burn
 .text          0x00000000000069dc      0x1a8 contiki-sky.a(uart1.o)
                0x00000000000069dc                uart1_active
                0x00000000000069f4                uart1_set_input
                0x00000000000069fa                uart1_writeb
                0x0000000000006a2a                uart1_init
                0x0000000000006b00                uart1_rx_interrupt
                0x0000000000006b00                __isr_3
                0x0000000000006b54                __isr_2
                0x0000000000006b54                uart1_tx_interrupt
 .text          0x0000000000006b84      0x19a contiki-sky.a(clock.o)
                0x0000000000006b84                etimer_interrupt
                0x0000000000006be4                __isr_5
                0x0000000000006be4                timera1
                0x0000000000006c50                clock_time
                0x0000000000006c6a                clock_set
                0x0000000000006c80                clock_fine_max
                0x0000000000006c86                clock_fine
                0x0000000000006c90                clock_init
                0x0000000000006cb8                clock_delay
                0x0000000000006cbe                clock_wait
                0x0000000000006cfc                clock_set_seconds
                0x0000000000006cfe                clock_seconds
                0x0000000000006d18                clock_counter
 .text          0x0000000000006d1e       0x7e contiki-sky.a(leds-arch.o)
                0x0000000000006d1e                leds_arch_init
                0x0000000000006d2c                leds_arch_get
                0x0000000000006d62                leds_arch_set
 .text          0x0000000000006d9c        0xe contiki-sky.a(uart1-putchar.o)
                0x0000000000006d9c                putchar
 .text          0x0000000000006daa       0x3c contiki-sky.a(rtimer-arch.o)
                0x0000000000006daa                __isr_6
                0x0000000000006daa                timera0
                0x0000000000006dc6                rtimer_arch_init
                0x0000000000006dd4                rtimer_arch_schedule
 .text          0x0000000000006de6       0x90 contiki-sky.a(rand.o)
                0x0000000000006de6                rand
                0x0000000000006e6c                srand
 .text          0x0000000000006e76       0x90 contiki-sky.a(timer.o)
                0x0000000000006e76                timer_set
                0x0000000000006e92                timer_reset
                0x0000000000006ea0                timer_restart
                0x0000000000006eb4                timer_expired
                0x0000000000006ede                timer_remaining
 .text          0x0000000000006f06      0x1f4 contiki-sky.a(ctimer.o)
                0x0000000000006faa                ctimer_init
                0x0000000000006fc2                ctimer_set
                0x000000000000701c                ctimer_reset
                0x0000000000007056                ctimer_restart
                0x0000000000007090                ctimer_stop
                0x00000000000070b8                ctimer_expired
 .text          0x00000000000070fa       0x9c contiki-sky.a(ringbuf.o)
                0x00000000000070fa                ringbuf_init
                0x000000000000710e                ringbuf_put
                0x000000000000714a                ringbuf_get
                0x000000000000717c                ringbuf_size
                0x0000000000007184                ringbuf_elements
 .text          0x0000000000007196       0x32 contiki-sky.a(spi.o)
                0x0000000000007196                spi_init
 .text          0x00000000000071c8       0xfc contiki-sky.a(list.o)
                0x00000000000071c8                list_init
                0x00000000000071ce                list_head
                0x00000000000071d2                list_copy
                0x00000000000071d8                list_tail
                0x00000000000071ec                list_chop
                0x0000000000007216                list_pop
                0x0000000000007224                list_remove
                0x0000000000007252                list_push
                0x000000000000726c                list_add
                0x0000000000007296                list_length
                0x00000000000072a6                list_insert
                0x00000000000072bc                list_item_next
 .text          0x00000000000072c4        0x0 /usr/bin/../lib/gcc/msp430/4.6.3/mmpy-16/libgcc.a(_mulsi3.o)
 .text.libgcc   0x00000000000072c4       0x2c /usr/bin/../lib/gcc/msp430/4.6.3/mmpy-16/libgcc.a(_mulsi3.o)
                0x00000000000072c4                __mulsi3
 .text          0x00000000000072f0        0x0 /usr/bin/../lib/gcc/msp430/4.6.3/mmpy-16/libgcc.a(_udivmod16.o)
 .text.libgcc   0x00000000000072f0       0x22 /usr/bin/../lib/gcc/msp430/4.6.3/mmpy-16/libgcc.a(_udivmod16.o)
                0x00000000000072f0                __udivhi3
                0x00000000000072f0                __ext_udivmod16
                0x000000000000730a                __umodhi3
 .text          0x0000000000007312        0x0 /usr/bin/../lib/gcc/msp430/4.6.3/mmpy-16/libgcc.a(_divmod16.o)
 .text.libgcc   0x0000000000007312       0x3a /usr/bin/../lib/gcc/msp430/4.6.3/mmpy-16/libgcc.a(_divmod16.o)
                0x0000000000007312                __ext_divmod16
                0x0000000000007312                __divhi3
                0x0000000000007344                __modhi3
 .text          0x000000000000734c        0x0 /usr/bin/../lib/gcc/msp430/4.6.3/mmpy-16/libgcc.a(_udivmod32.o)
 .text.libgcc   0x000000000000734c       0x40 /usr/bin/../lib/gcc/msp430/4.6.3/mmpy-16/libgcc.a(_udivmod32.o)
                0x000000000000734c                __udivsi3
                0x000000000000734c                __ext_udivmod32
                0x0000000000007382                __umodsi3
 .text          0x000000000000738c       0x1e /usr/bin/../lib/gcc/msp430/4.6.3/../../../../msp430/lib/mmpy-16/libc.a(printf.o)
                0x000000000000738c                printf
                0x000000000000739c                vprintf
 .text          0x00000000000073aa      0x836 /usr/bin/../lib/gcc/msp430/4.6.3/../../../../msp430/lib/mmpy-16/libc.a(vuprintf.o)
                0x0000000000007542                vuprintf
 .text          0x0000000000007be0       0x2c /usr/bin/../lib/gcc/msp430/4.6.3/../../../../msp430/lib/mmpy-16/libc.a(puts.o)
                0x0000000000007be0                puts
 .text          0x0000000000007c0c        0x0 /usr/bin/../lib/gcc/msp430/4.6.3/mmpy-16/libgcc.a(_udivmod64.o)
 .text.libgcc   0x0000000000007c0c       0xf0 /usr/bin/../lib/gcc/msp430/4.6.3/mmpy-16/libgcc.a(_udivmod64.o)
                0x0000000000007c0c                __xabi_udivmod64
                0x0000000000007c6a                __udivdi3
                0x0000000000007c90                __umoddi3
                0x0000000000007cbe                __udivmoddi4
 .text          0x0000000000007cfc        0x0 /usr/bin/../lib/gcc/msp430/4.6.3/mmpy-16/libcrt0.a(_reset_vector__.o)
 .text          0x0000000000007cfc        0x0 /usr/bin/../lib/gcc/msp430/4.6.3/mmpy-16/libcrt0.a(__watchdog_support.o)
 .text          0x0000000000007cfc        0x0 /usr/bin/../lib/gcc/msp430/4.6.3/mmpy-16/libcrt0.a(__init_stack.o)
 .text          0x0000000000007cfc        0x0 /usr/bin/../lib/gcc/msp430/4.6.3/mmpy-16/libcrt0.a(__low_level_init.o)
 .text          0x0000000000007cfc        0x0 /usr/bin/../lib/gcc/msp430/4.6.3/mmpy-16/libcrt0.a(_copy_data.o)
 .text          0x0000000000007cfc        0x0 /usr/bin/../lib/gcc/msp430/4.6.3/mmpy-16/libcrt0.a(_clear_bss.o)
 .text          0x0000000000007cfc        0x0 /usr/bin/../lib/gcc/msp430/4.6.3/mmpy-16/libcrt0.a(__stop_progExec__.o)
 .text          0x0000000000007cfc        0x0 /usr/bin/../lib/gcc/msp430/4.6.3/mmpy-16/libcrt0.a(_endless_loop__.o)
 .text          0x0000000000007cfc        0x0 /usr/bin/../lib/gcc/msp430/4.6.3/mmpy-16/libcrt0.a(_unexpected_.o)
 .text.crt0     0x0000000000007cfc        0x2 /usr/bin/../lib/gcc/msp430/4.6.3/mmpy-16/libcrt0.a(_unexpected_.o)
                0x0000000000007cfc                _unexpected_
                0x0000000000007cfe                . = ALIGN (0x2)

.rodata         0x0000000000007cfe      0x1f6
                0x0000000000007cfe                . = ALIGN (0x2)
 *(.rodata .rodata.* .gnu.linkonce.r.*)
 .rodata        0x0000000000007cfe       0x2a staffetta-test.co
                0x0000000000007d14                autostart_processes
 .rodata        0x0000000000007d28      0x1c4 contiki-sky.a(staffetta.o)
 .rodata        0x0000000000007eec        0x7 /usr/bin/../lib/gcc/msp430/4.6.3/../../../../msp430/lib/mmpy-16/libc.a(vuprintf.o)
                0x0000000000007ef4                . = ALIGN (0x2)
 *fill*         0x0000000000007ef3        0x1 00
                0x0000000000007ef4                _etext = .

.data           0x0000000000001100       0x36 load address 0x0000000000007ef4
                0x0000000000001100                . = ALIGN (0x2)
                0x0000000000001100                PROVIDE (__data_start, .)
 *(.data .data.* .gnu.linkonce.d.*)
 .data          0x0000000000001100        0x0 /usr/bin/../lib/gcc/msp430/4.6.3/mmpy-16/crt0ivtbl16.o
 .data          0x0000000000001100       0x14 staffetta-test.co
                0x0000000000001100                staffetta_print_stats_process
                0x000000000000110a                staffetta_test
 .data          0x0000000000001114        0x4 obj_sky/contiki-sky-main.o
                0x0000000000001114                TOS_NODE_ID
                0x0000000000001116                TOS_LOCAL_ADDRESS
 .data          0x0000000000001118        0x0 contiki-sky.a(process.o)
 .data          0x0000000000001118        0x0 contiki-sky.a(autostart.o)
 .data          0x0000000000001118        0x0 contiki-sky.a(random.o)
 .data          0x0000000000001118        0xa contiki-sky.a(etimer.o)
                0x0000000000001118                etimer_process
 .data          0x0000000000001122        0x0 contiki-sky.a(energest.o)
 .data          0x0000000000001122        0x0 contiki-sky.a(rtimer.o)
 .data          0x0000000000001122        0x0 contiki-sky.a(gpio.o)
 .data          0x0000000000001122        0x8 contiki-sky.a(staffetta.o)
 .data          0x000000000000112a        0x2 contiki-sky.a(msp430.o)
 .data          0x000000000000112c        0x0 contiki-sky.a(leds.o)
 .data          0x000000000000112c        0x0 contiki-sky.a(watchdog.o)
 .data          0x000000000000112c        0x0 contiki-sky.a(xmem.o)
 .data          0x000000000000112c        0x0 contiki-sky.a(cc2420.o)
 .data          0x000000000000112c        0x0 contiki-sky.a(node-id.o)
 .data          0x000000000000112c        0x0 contiki-sky.a(uart1.o)
 .data          0x000000000000112c        0x0 contiki-sky.a(clock.o)
 .data          0x000000000000112c        0x0 contiki-sky.a(leds-arch.o)
 .data          0x000000000000112c        0x0 contiki-sky.a(uart1-putchar.o)
 .data          0x000000000000112c        0x0 contiki-sky.a(rtimer-arch.o)
 .data          0x000000000000112c        0x0 contiki-sky.a(rand.o)
 .data          0x000000000000112c        0x0 contiki-sky.a(timer.o)
 .data          0x000000000000112c        0xa contiki-sky.a(ctimer.o)
                0x000000000000112c                ctimer_process
 .data          0x0000000000001136        0x0 contiki-sky.a(ringbuf.o)
 .data          0x0000000000001136        0x0 contiki-sky.a(spi.o)
 .data          0x0000000000001136        0x0 contiki-sky.a(list.o)
 .data          0x0000000000001136        0x0 /usr/bin/../lib/gcc/msp430/4.6.3/mmpy-16/libgcc.a(_mulsi3.o)
 .data          0x0000000000001136        0x0 /usr/bin/../lib/gcc/msp430/4.6.3/mmpy-16/libgcc.a(_udivmod16.o)
 .data          0x0000000000001136        0x0 /usr/bin/../lib/gcc/msp430/4.6.3/mmpy-16/libgcc.a(_divmod16.o)
 .data          0x0000000000001136        0x0 /usr/bin/../lib/gcc/msp430/4.6.3/mmpy-16/libgcc.a(_udivmod32.o)
 .data          0x0000000000001136        0x0 /usr/bin/../lib/gcc/msp430/4.6.3/../../../../msp430/lib/mmpy-16/libc.a(printf.o)
 .data          0x0000000000001136        0x0 /usr/bin/../lib/gcc/msp430/4.6.3/../../../../msp430/lib/mmpy-16/libc.a(vuprintf.o)
 .data          0x0000000000001136        0x0 /usr/bin/../lib/gcc/msp430/4.6.3/../../../../msp430/lib/mmpy-16/libc.a(puts.o)
 .data          0x0000000000001136        0x0 /usr/bin/../lib/gcc/msp430/4.6.3/mmpy-16/libgcc.a(_udivmod64.o)
 .data          0x0000000000001136        0x0 /usr/bin/../lib/gcc/msp430/4.6.3/mmpy-16/libcrt0.a(_reset_vector__.o)
 .data          0x0000000000001136        0x0 /usr/bin/../lib/gcc/msp430/4.6.3/mmpy-16/libcrt0.a(__watchdog_support.o)
 .data          0x0000000000001136        0x0 /usr/bin/../lib/gcc/msp430/4.6.3/mmpy-16/libcrt0.a(__init_stack.o)
 .data          0x0000000000001136        0x0 /usr/bin/../lib/gcc/msp430/4.6.3/mmpy-16/libcrt0.a(__low_level_init.o)
 .data          0x0000000000001136        0x0 /usr/bin/../lib/gcc/msp430/4.6.3/mmpy-16/libcrt0.a(_copy_data.o)
 .data          0x0000000000001136        0x0 /usr/bin/../lib/gcc/msp430/4.6.3/mmpy-16/libcrt0.a(_clear_bss.o)
 .data          0x0000000000001136        0x0 /usr/bin/../lib/gcc/msp430/4.6.3/mmpy-16/libcrt0.a(__stop_progExec__.o)
 .data          0x0000000000001136        0x0 /usr/bin/../lib/gcc/msp430/4.6.3/mmpy-16/libcrt0.a(_endless_loop__.o)
 .data          0x0000000000001136        0x0 /usr/bin/../lib/gcc/msp430/4.6.3/mmpy-16/libcrt0.a(_unexpected_.o)
                0x0000000000001136                . = ALIGN (0x2)
                0x0000000000001136                _edata = .
                0x0000000000007ef4                PROVIDE (__data_load_start, LOADADDR (.data))
                0x0000000000000036                PROVIDE (__data_size, SIZEOF (.data))

.bss            0x0000000000001136      0x7ce load address 0x0000000000007f2a
                0x0000000000001136                PROVIDE (__bss_start, .)
 *(.bss .bss.*)
 .bss           0x0000000000001136        0x0 /usr/bin/../lib/gcc/msp430/4.6.3/mmpy-16/crt0ivtbl16.o
 .bss           0x0000000000001136       0x1c staffetta-test.co
 .bss           0x0000000000001152        0x4 obj_sky/contiki-sky-main.o
 .bss           0x0000000000001156       0x42 contiki-sky.a(process.o)
                0x0000000000001156                process_list
                0x0000000000001158                process_current
 .bss           0x0000000000001198        0x0 contiki-sky.a(autostart.o)
 .bss           0x0000000000001198        0x0 contiki-sky.a(random.o)
 .bss           0x0000000000001198        0x6 contiki-sky.a(etimer.o)
 .bss           0x000000000000119e        0x0 contiki-sky.a(energest.o)
 .bss           0x000000000000119e        0x2 contiki-sky.a(rtimer.o)
 .bss           0x00000000000011a0        0x2 contiki-sky.a(gpio.o)
 .bss           0x00000000000011a2      0x6aa contiki-sky.a(staffetta.o)
 .bss           0x000000000000184c        0x0 contiki-sky.a(msp430.o)
 .bss           0x000000000000184c        0x2 contiki-sky.a(leds.o)
 .bss           0x000000000000184e        0x2 contiki-sky.a(watchdog.o)
 .bss           0x0000000000001850        0x0 contiki-sky.a(xmem.o)
 .bss           0x0000000000001850        0x0 contiki-sky.a(cc2420.o)
 .bss           0x0000000000001850        0x2 contiki-sky.a(node-id.o)
                0x0000000000001850                node_id
 .bss           0x0000000000001852       0x4a contiki-sky.a(uart1.o)
 .bss           0x000000000000189c        0xa contiki-sky.a(clock.o)
 .bss           0x00000000000018a6        0x0 contiki-sky.a(leds-arch.o)
 .bss           0x00000000000018a6        0x0 contiki-sky.a(uart1-putchar.o)
 .bss           0x00000000000018a6        0x0 contiki-sky.a(rtimer-arch.o)
 .bss           0x00000000000018a6        0x0 contiki-sky.a(rand.o)
 .bss           0x00000000000018a6        0x0 contiki-sky.a(timer.o)
 .bss           0x00000000000018a6        0x4 contiki-sky.a(ctimer.o)
 .bss           0x00000000000018aa        0x0 contiki-sky.a(ringbuf.o)
 .bss           0x00000000000018aa        0x2 contiki-sky.a(spi.o)
                0x00000000000018aa                spi_busy
 .bss           0x00000000000018ac        0x0 contiki-sky.a(list.o)
 .bss           0x00000000000018ac        0x0 /usr/bin/../lib/gcc/msp430/4.6.3/mmpy-16/libgcc.a(_mulsi3.o)
 .bss           0x00000000000018ac        0x0 /usr/bin/../lib/gcc/msp430/4.6.3/mmpy-16/libgcc.a(_udivmod16.o)
 .bss           0x00000000000018ac        0x0 /usr/bin/../lib/gcc/msp430/4.6.3/mmpy-16/libgcc.a(_divmod16.o)
 .bss           0x00000000000018ac        0x0 /usr/bin/../lib/gcc/msp430/4.6.3/mmpy-16/libgcc.a(_udivmod32.o)
 .bss           0x00000000000018ac        0x0 /usr/bin/../lib/gcc/msp430/4.6.3/../../../../msp430/lib/mmpy-16/libc.a(printf.o)
 .bss           0x00000000000018ac        0x0 /usr/bin/../lib/gcc/msp430/4.6.3/../../../../msp430/lib/mmpy-16/libc.a(vuprintf.o)
 .bss           0x00000000000018ac        0x0 /usr/bin/../lib/gcc/msp430/4.6.3/../../../../msp430/lib/mmpy-16/libc.a(puts.o)
 .bss           0x00000000000018ac        0x0 /usr/bin/../lib/gcc/msp430/4.6.3/mmpy-16/libgcc.a(_udivmod64.o)
 .bss           0x00000000000018ac        0x0 /usr/bin/../lib/gcc/msp430/4.6.3/mmpy-16/libcrt0.a(_reset_vector__.o)
 .bss           0x00000000000018ac        0x0 /usr/bin/../lib/gcc/msp430/4.6.3/mmpy-16/libcrt0.a(__watchdog_support.o)
 .bss           0x00000000000018ac        0x0 /usr/bin/../lib/gcc/msp430/4.6.3/mmpy-16/libcrt0.a(__init_stack.o)
 .bss           0x00000000000018ac        0x0 /usr/bin/../lib/gcc/msp430/4.6.3/mmpy-16/libcrt0.a(__low_level_init.o)
 .bss           0x00000000000018ac        0x0 /usr/bin/../lib/gcc/msp430/4.6.3/mmpy-16/libcrt0.a(_copy_data.o)
 .bss           0x00000000000018ac        0x0 /usr/bin/../lib/gcc/msp430/4.6.3/mmpy-16/libcrt0.a(_clear_bss.o)
 .bss           0x00000000000018ac        0x0 /usr/bin/../lib/gcc/msp430/4.6.3/mmpy-16/libcrt0.a(__stop_progExec__.o)
 .bss           0x00000000000018ac        0x0 /usr/bin/../lib/gcc/msp430/4.6.3/mmpy-16/libcrt0.a(_endless_loop__.o)
 .bss           0x00000000000018ac        0x0 /usr/bin/../lib/gcc/msp430/4.6.3/mmpy-16/libcrt0.a(_unexpected_.o)
 *(COMMON)
 COMMON         0x00000000000018ac        0x1 contiki-sky.a(process.o)
                0x00000000000018ac                process_maxevents
 *fill*         0x00000000000018ad        0x1 00
 COMMON         0x00000000000018ae       0x56 contiki-sky.a(energest.o)
                0x00000000000018ae                energest_total_time
                0x00000000000018de                energest_total_count
                0x00000000000018e0                energest_current_mode
                0x00000000000018ec                energest_current_time
                0x0000000000001904                . = ALIGN (0x2)
                0x0000000000001904                PROVIDE (__bss_end, .)
                0x00000000000007ce                PROVIDE (__bss_size, SIZEOF (.bss))

.noinit         0x0000000000001904        0x6 load address 0x0000000000007f2a
                0x0000000000001904                PROVIDE (__noinit_start, .)
 *(.noinit .noinit.*)
 .noinit        0x0000000000001904        0x4 contiki-sky.a(rand.o)
                0x0000000000001904                rand_state
 .noinit.crt0   0x0000000000001908        0x2 /usr/bin/../lib/gcc/msp430/4.6.3/mmpy-16/libcrt0.a(__watchdog_support.o)
                0x0000000000001908                __wdt_clear_value
                0x000000000000190a                . = ALIGN (0x2)
                0x000000000000190a                PROVIDE (__noinit_end, .)
                0x000000000000190a                . = ALIGN (0x2)
                0x000000000000190a                _end = .

.infomem        0x0000000000001000        0x0
 *(.infomem)
                0x0000000000001000                . = ALIGN (0x2)
 *(.infomem.*)

.infomemnobits  0x0000000000001000        0x0
 *(.infomemnobits)
                0x0000000000001000                . = ALIGN (0x2)
 *(.infomemnobits.*)

.infoa
 *(.infoa .infoa.*)

.infob
 *(.infob .infob.*)

.infoc
 *(.infoc .infoc.*)

.infod
 *(.infod .infod.*)

.vectors        0x000000000000ffe0       0x20
                0x000000000000ffe0                PROVIDE (__vectors_start, .)
 *(.vectors*)
 .vectors       0x000000000000ffe0       0x20 /usr/bin/../lib/gcc/msp430/4.6.3/mmpy-16/crt0ivtbl16.o
                0x000000000000ffe0                __ivtbl_16
                0x0000000000010000                _vectors_end = .

.fartext        0x0000000000000000        0x0
                0x0000000000000000                . = ALIGN (0x2)
 *(.fartext)
                0x0000000000000000                . = ALIGN (0x2)
 *(.fartext.*)
                0x0000000000000000                _efartext = .

.profiler
 *(.profiler)

.stab
 *(.stab)

.stabstr
 *(.stabstr)

.stab.excl
 *(.stab.excl)

.stab.exclstr
 *(.stab.exclstr)

.stab.index
 *(.stab.index)

.stab.indexstr
 *(.stab.indexstr)

.comment
 *(.comment)

.debug
 *(.debug)

.line
 *(.line)

.debug_srcinfo
 *(.debug_srcinfo)

.debug_sfnames
 *(.debug_sfnames)

.debug_aranges  0x0000000000000000      0x334
 *(.debug_aranges)
 .debug_aranges
                0x0000000000000000       0x14 staffetta-test.co
 .debug_aranges
                0x0000000000000014       0x14 obj_sky/contiki-sky-main.o
 .debug_aranges
                0x0000000000000028       0x14 contiki-sky.a(process.o)
 .debug_aranges
                0x000000000000003c       0x14 contiki-sky.a(autostart.o)
 .debug_aranges
                0x0000000000000050       0x14 contiki-sky.a(random.o)
 .debug_aranges
                0x0000000000000064       0x14 contiki-sky.a(etimer.o)
 .debug_aranges
                0x0000000000000078       0x14 contiki-sky.a(energest.o)
 .debug_aranges
                0x000000000000008c       0x14 contiki-sky.a(rtimer.o)
 .debug_aranges
                0x00000000000000a0       0x14 contiki-sky.a(gpio.o)
 .debug_aranges
                0x00000000000000b4       0x14 contiki-sky.a(staffetta.o)
 .debug_aranges
                0x00000000000000c8       0x14 contiki-sky.a(msp430.o)
 .debug_aranges
                0x00000000000000dc       0x14 contiki-sky.a(leds.o)
 .debug_aranges
                0x00000000000000f0       0x14 contiki-sky.a(watchdog.o)
 .debug_aranges
                0x0000000000000104       0x14 contiki-sky.a(xmem.o)
 .debug_aranges
                0x0000000000000118       0x14 contiki-sky.a(cc2420.o)
 .debug_aranges
                0x000000000000012c       0x14 contiki-sky.a(node-id.o)
 .debug_aranges
                0x0000000000000140       0x14 contiki-sky.a(uart1.o)
 .debug_aranges
                0x0000000000000154       0x14 contiki-sky.a(clock.o)
 .debug_aranges
                0x0000000000000168       0x14 contiki-sky.a(leds-arch.o)
 .debug_aranges
                0x000000000000017c       0x14 contiki-sky.a(uart1-putchar.o)
 .debug_aranges
                0x0000000000000190       0x14 contiki-sky.a(rtimer-arch.o)
 .debug_aranges
                0x00000000000001a4       0x14 contiki-sky.a(rand.o)
 .debug_aranges
                0x00000000000001b8       0x14 contiki-sky.a(timer.o)
 .debug_aranges
                0x00000000000001cc       0x14 contiki-sky.a(ctimer.o)
 .debug_aranges
                0x00000000000001e0       0x14 contiki-sky.a(ringbuf.o)
 .debug_aranges
                0x00000000000001f4       0x14 contiki-sky.a(spi.o)
 .debug_aranges
                0x0000000000000208       0x14 contiki-sky.a(list.o)
 .debug_aranges
                0x000000000000021c       0x14 /usr/bin/../lib/gcc/msp430/4.6.3/mmpy-16/libgcc.a(_mulsi3.o)
 .debug_aranges
                0x0000000000000230       0x14 /usr/bin/../lib/gcc/msp430/4.6.3/mmpy-16/libgcc.a(_udivmod16.o)
 .debug_aranges
                0x0000000000000244       0x14 /usr/bin/../lib/gcc/msp430/4.6.3/mmpy-16/libgcc.a(_divmod16.o)
 .debug_aranges
                0x0000000000000258       0x14 /usr/bin/../lib/gcc/msp430/4.6.3/mmpy-16/libgcc.a(_udivmod32.o)
 .debug_aranges
                0x000000000000026c       0x14 /usr/bin/../lib/gcc/msp430/4.6.3/../../../../msp430/lib/mmpy-16/libc.a(printf.o)
 .debug_aranges
                0x0000000000000280       0x14 /usr/bin/../lib/gcc/msp430/4.6.3/../../../../msp430/lib/mmpy-16/libc.a(vuprintf.o)
 .debug_aranges
                0x0000000000000294       0x14 /usr/bin/../lib/gcc/msp430/4.6.3/../../../../msp430/lib/mmpy-16/libc.a(puts.o)
 .debug_aranges
                0x00000000000002a8       0x14 /usr/bin/../lib/gcc/msp430/4.6.3/mmpy-16/libgcc.a(_udivmod64.o)
 .debug_aranges
                0x00000000000002bc       0x14 /usr/bin/../lib/gcc/msp430/4.6.3/mmpy-16/libcrt0.a(__watchdog_support.o)
 .debug_aranges
                0x00000000000002d0       0x14 /usr/bin/../lib/gcc/msp430/4.6.3/mmpy-16/libcrt0.a(__init_stack.o)
 .debug_aranges
                0x00000000000002e4       0x14 /usr/bin/../lib/gcc/msp430/4.6.3/mmpy-16/libcrt0.a(_copy_data.o)
 .debug_aranges
                0x00000000000002f8       0x14 /usr/bin/../lib/gcc/msp430/4.6.3/mmpy-16/libcrt0.a(_clear_bss.o)
 .debug_aranges
                0x000000000000030c       0x14 /usr/bin/../lib/gcc/msp430/4.6.3/mmpy-16/libcrt0.a(_endless_loop__.o)
 .debug_aranges
                0x0000000000000320       0x14 /usr/bin/../lib/gcc/msp430/4.6.3/mmpy-16/libcrt0.a(_unexpected_.o)

.debug_pubnames
                0x0000000000000000      0xbf0
 *(.debug_pubnames)
 .debug_pubnames
                0x0000000000000000       0x41 obj_sky/contiki-sky-main.o
 .debug_pubnames
                0x0000000000000041      0x10d contiki-sky.a(process.o)
 .debug_pubnames
                0x000000000000014e       0x39 contiki-sky.a(autostart.o)
 .debug_pubnames
                0x0000000000000187       0x32 contiki-sky.a(random.o)
 .debug_pubnames
                0x00000000000001b9      0x109 contiki-sky.a(etimer.o)
 .debug_pubnames
                0x00000000000002c2       0xec contiki-sky.a(energest.o)
 .debug_pubnames
                0x00000000000003ae       0x45 contiki-sky.a(rtimer.o)
 .debug_pubnames
                0x00000000000003f3       0xd8 contiki-sky.a(gpio.o)
 .debug_pubnames
                0x00000000000004cb       0x88 contiki-sky.a(msp430.o)
 .debug_pubnames
                0x0000000000000553       0xa1 contiki-sky.a(leds.o)
 .debug_pubnames
                0x00000000000005f4       0x8a contiki-sky.a(watchdog.o)
 .debug_pubnames
                0x000000000000067e       0x4e contiki-sky.a(xmem.o)
 .debug_pubnames
                0x00000000000006cc       0x50 contiki-sky.a(cc2420.o)
 .debug_pubnames
                0x000000000000071c       0x43 contiki-sky.a(node-id.o)
 .debug_pubnames
                0x000000000000075f       0x85 contiki-sky.a(uart1.o)
 .debug_pubnames
                0x00000000000007e4       0xda contiki-sky.a(clock.o)
 .debug_pubnames
                0x00000000000008be       0x49 contiki-sky.a(leds-arch.o)
 .debug_pubnames
                0x0000000000000907       0x1e contiki-sky.a(uart1-putchar.o)
 .debug_pubnames
                0x0000000000000925       0x4c contiki-sky.a(rtimer-arch.o)
 .debug_pubnames
                0x0000000000000971       0x34 contiki-sky.a(rand.o)
 .debug_pubnames
                0x00000000000009a5       0x68 contiki-sky.a(timer.o)
 .debug_pubnames
                0x0000000000000a0d       0x8b contiki-sky.a(ctimer.o)
 .debug_pubnames
                0x0000000000000a98       0x69 contiki-sky.a(ringbuf.o)
 .debug_pubnames
                0x0000000000000b01       0x2c contiki-sky.a(spi.o)
 .debug_pubnames
                0x0000000000000b2d       0xc3 contiki-sky.a(list.o)

.debug_info     0x0000000000000000     0x60e2
 *(.debug_info)
 .debug_info    0x0000000000000000      0x396 staffetta-test.co
 .debug_info    0x0000000000000396      0x3c6 obj_sky/contiki-sky-main.o
 .debug_info    0x000000000000075c      0x51b contiki-sky.a(process.o)
 .debug_info    0x0000000000000c77      0x1ad contiki-sky.a(autostart.o)
 .debug_info    0x0000000000000e24       0xa0 contiki-sky.a(random.o)
 .debug_info    0x0000000000000ec4      0x494 contiki-sky.a(etimer.o)
 .debug_info    0x0000000000001358      0x29e contiki-sky.a(energest.o)
 .debug_info    0x00000000000015f6      0x203 contiki-sky.a(rtimer.o)
 .debug_info    0x00000000000017f9      0x299 contiki-sky.a(gpio.o)
 .debug_info    0x0000000000001a92      0xcca contiki-sky.a(staffetta.o)
 .debug_info    0x000000000000275c      0x436 contiki-sky.a(msp430.o)
 .debug_info    0x0000000000002b92      0x331 contiki-sky.a(leds.o)
 .debug_info    0x0000000000002ec3      0x17f contiki-sky.a(watchdog.o)
 .debug_info    0x0000000000003042      0x548 contiki-sky.a(xmem.o)
 .debug_info    0x000000000000358a      0x440 contiki-sky.a(cc2420.o)
 .debug_info    0x00000000000039ca       0xeb contiki-sky.a(node-id.o)
 .debug_info    0x0000000000003ab5      0x3bd contiki-sky.a(uart1.o)
 .debug_info    0x0000000000003e72      0x413 contiki-sky.a(clock.o)
 .debug_info    0x0000000000004285       0xfd contiki-sky.a(leds-arch.o)
 .debug_info    0x0000000000004382       0x8b contiki-sky.a(uart1-putchar.o)
 .debug_info    0x000000000000440d      0x125 contiki-sky.a(rtimer-arch.o)
 .debug_info    0x0000000000004532      0x159 contiki-sky.a(rand.o)
 .debug_info    0x000000000000468b      0x170 contiki-sky.a(timer.o)
 .debug_info    0x00000000000047fb      0x4a3 contiki-sky.a(ctimer.o)
 .debug_info    0x0000000000004c9e      0x1b0 contiki-sky.a(ringbuf.o)
 .debug_info    0x0000000000004e4e      0x1c1 contiki-sky.a(spi.o)
 .debug_info    0x000000000000500f      0x2ef contiki-sky.a(list.o)
 .debug_info    0x00000000000052fe       0xb4 /usr/bin/../lib/gcc/msp430/4.6.3/mmpy-16/libgcc.a(_mulsi3.o)
 .debug_info    0x00000000000053b2       0xb4 /usr/bin/../lib/gcc/msp430/4.6.3/mmpy-16/libgcc.a(_udivmod16.o)
 .debug_info    0x0000000000005466       0xb4 /usr/bin/../lib/gcc/msp430/4.6.3/mmpy-16/libgcc.a(_divmod16.o)
 .debug_info    0x000000000000551a       0xb4 /usr/bin/../lib/gcc/msp430/4.6.3/mmpy-16/libgcc.a(_udivmod32.o)
 .debug_info    0x00000000000055ce      0x105 /usr/bin/../lib/gcc/msp430/4.6.3/../../../../msp430/lib/mmpy-16/libc.a(printf.o)
 .debug_info    0x00000000000056d3      0x565 /usr/bin/../lib/gcc/msp430/4.6.3/../../../../msp430/lib/mmpy-16/libc.a(vuprintf.o)
 .debug_info    0x0000000000005c38       0x96 /usr/bin/../lib/gcc/msp430/4.6.3/../../../../msp430/lib/mmpy-16/libc.a(puts.o)
 .debug_info    0x0000000000005cce       0xb4 /usr/bin/../lib/gcc/msp430/4.6.3/mmpy-16/libgcc.a(_udivmod64.o)
 .debug_info    0x0000000000005d82       0x90 /usr/bin/../lib/gcc/msp430/4.6.3/mmpy-16/libcrt0.a(__watchdog_support.o)
 .debug_info    0x0000000000005e12       0x90 /usr/bin/../lib/gcc/msp430/4.6.3/mmpy-16/libcrt0.a(__init_stack.o)
 .debug_info    0x0000000000005ea2       0x90 /usr/bin/../lib/gcc/msp430/4.6.3/mmpy-16/libcrt0.a(_copy_data.o)
 .debug_info    0x0000000000005f32       0x90 /usr/bin/../lib/gcc/msp430/4.6.3/mmpy-16/libcrt0.a(_clear_bss.o)
 .debug_info    0x0000000000005fc2       0x90 /usr/bin/../lib/gcc/msp430/4.6.3/mmpy-16/libcrt0.a(_endless_loop__.o)
 .debug_info    0x0000000000006052       0x90 /usr/bin/../lib/gcc/msp430/4.6.3/mmpy-16/libcrt0.a(_unexpected_.o)
 *(.gnu.linkonce.wi.*)

.debug_abbrev   0x0000000000000000     0x27d6
 *(.debug_abbrev)
 .debug_abbrev  0x0000000000000000      0x1a3 staffetta-test.co
 .debug_abbrev  0x00000000000001a3      0x1bc obj_sky/contiki-sky-main.o
 .debug_abbrev  0x000000000000035f      0x2f6 contiki-sky.a(process.o)
 .debug_abbrev  0x0000000000000655       0xf5 contiki-sky.a(autostart.o)
 .debug_abbrev  0x000000000000074a       0x67 contiki-sky.a(random.o)
 .debug_abbrev  0x00000000000007b1      0x229 contiki-sky.a(etimer.o)
 .debug_abbrev  0x00000000000009da      0x15f contiki-sky.a(energest.o)
 .debug_abbrev  0x0000000000000b39      0x139 contiki-sky.a(rtimer.o)
 .debug_abbrev  0x0000000000000c72      0x113 contiki-sky.a(gpio.o)
 .debug_abbrev  0x0000000000000d85      0x3e7 contiki-sky.a(staffetta.o)
 .debug_abbrev  0x000000000000116c      0x155 contiki-sky.a(msp430.o)
 .debug_abbrev  0x00000000000012c1      0x161 contiki-sky.a(leds.o)
 .debug_abbrev  0x0000000000001422       0x91 contiki-sky.a(watchdog.o)
 .debug_abbrev  0x00000000000014b3      0x21f contiki-sky.a(xmem.o)
 .debug_abbrev  0x00000000000016d2      0x152 contiki-sky.a(cc2420.o)
 .debug_abbrev  0x0000000000001824       0x93 contiki-sky.a(node-id.o)
 .debug_abbrev  0x00000000000018b7      0x162 contiki-sky.a(uart1.o)
 .debug_abbrev  0x0000000000001a19      0x1b5 contiki-sky.a(clock.o)
 .debug_abbrev  0x0000000000001bce       0x97 contiki-sky.a(leds-arch.o)
 .debug_abbrev  0x0000000000001c65       0x50 contiki-sky.a(uart1-putchar.o)
 .debug_abbrev  0x0000000000001cb5       0xa2 contiki-sky.a(rtimer-arch.o)
 .debug_abbrev  0x0000000000001d57       0xbf contiki-sky.a(rand.o)
 .debug_abbrev  0x0000000000001e16       0xf8 contiki-sky.a(timer.o)
 .debug_abbrev  0x0000000000001f0e      0x1dc contiki-sky.a(ctimer.o)
 .debug_abbrev  0x00000000000020ea      0x109 contiki-sky.a(ringbuf.o)
 .debug_abbrev  0x00000000000021f3       0x97 contiki-sky.a(spi.o)
 .debug_abbrev  0x000000000000228a      0x151 contiki-sky.a(list.o)
 .debug_abbrev  0x00000000000023db       0x14 /usr/bin/../lib/gcc/msp430/4.6.3/mmpy-16/libgcc.a(_mulsi3.o)
 .debug_abbrev  0x00000000000023ef       0x14 /usr/bin/../lib/gcc/msp430/4.6.3/mmpy-16/libgcc.a(_udivmod16.o)
 .debug_abbrev  0x0000000000002403       0x14 /usr/bin/../lib/gcc/msp430/4.6.3/mmpy-16/libgcc.a(_divmod16.o)
 .debug_abbrev  0x0000000000002417       0x14 /usr/bin/../lib/gcc/msp430/4.6.3/mmpy-16/libgcc.a(_udivmod32.o)
 .debug_abbrev  0x000000000000242b       0xd0 /usr/bin/../lib/gcc/msp430/4.6.3/../../../../msp430/lib/mmpy-16/libc.a(printf.o)
 .debug_abbrev  0x00000000000024fb      0x1ef /usr/bin/../lib/gcc/msp430/4.6.3/../../../../msp430/lib/mmpy-16/libc.a(vuprintf.o)
 .debug_abbrev  0x00000000000026ea       0x60 /usr/bin/../lib/gcc/msp430/4.6.3/../../../../msp430/lib/mmpy-16/libc.a(puts.o)
 .debug_abbrev  0x000000000000274a       0x14 /usr/bin/../lib/gcc/msp430/4.6.3/mmpy-16/libgcc.a(_udivmod64.o)
 .debug_abbrev  0x000000000000275e       0x14 /usr/bin/../lib/gcc/msp430/4.6.3/mmpy-16/libcrt0.a(__watchdog_support.o)
 .debug_abbrev  0x0000000000002772       0x14 /usr/bin/../lib/gcc/msp430/4.6.3/mmpy-16/libcrt0.a(__init_stack.o)
 .debug_abbrev  0x0000000000002786       0x14 /usr/bin/../lib/gcc/msp430/4.6.3/mmpy-16/libcrt0.a(_copy_data.o)
 .debug_abbrev  0x000000000000279a       0x14 /usr/bin/../lib/gcc/msp430/4.6.3/mmpy-16/libcrt0.a(_clear_bss.o)
 .debug_abbrev  0x00000000000027ae       0x14 /usr/bin/../lib/gcc/msp430/4.6.3/mmpy-16/libcrt0.a(_endless_loop__.o)
 .debug_abbrev  0x00000000000027c2       0x14 /usr/bin/../lib/gcc/msp430/4.6.3/mmpy-16/libcrt0.a(_unexpected_.o)

.debug_line     0x0000000000000000     0x2b35
 *(.debug_line)
 .debug_line    0x0000000000000000      0x149 staffetta-test.co
 .debug_line    0x0000000000000149      0x17a obj_sky/contiki-sky-main.o
 .debug_line    0x00000000000002c3      0x13d contiki-sky.a(process.o)
 .debug_line    0x0000000000000400       0x96 contiki-sky.a(autostart.o)
 .debug_line    0x0000000000000496       0x4a contiki-sky.a(random.o)
 .debug_line    0x00000000000004e0      0x168 contiki-sky.a(etimer.o)
 .debug_line    0x0000000000000648       0xe1 contiki-sky.a(energest.o)
 .debug_line    0x0000000000000729       0x81 contiki-sky.a(rtimer.o)
 .debug_line    0x00000000000007aa      0x11f contiki-sky.a(gpio.o)
 .debug_line    0x00000000000008c9      0x817 contiki-sky.a(staffetta.o)
 .debug_line    0x00000000000010e0      0x145 contiki-sky.a(msp430.o)
 .debug_line    0x0000000000001225      0x12b contiki-sky.a(leds.o)
 .debug_line    0x0000000000001350       0xa7 contiki-sky.a(watchdog.o)
 .debug_line    0x00000000000013f7      0x1be contiki-sky.a(xmem.o)
 .debug_line    0x00000000000015b5      0x2fb contiki-sky.a(cc2420.o)
 .debug_line    0x00000000000018b0       0x6e contiki-sky.a(node-id.o)
 .debug_line    0x000000000000191e      0x106 contiki-sky.a(uart1.o)
 .debug_line    0x0000000000001a24      0x167 contiki-sky.a(clock.o)
 .debug_line    0x0000000000001b8b       0xdb contiki-sky.a(leds-arch.o)
 .debug_line    0x0000000000001c66       0x95 contiki-sky.a(uart1-putchar.o)
 .debug_line    0x0000000000001cfb       0xbe contiki-sky.a(rtimer-arch.o)
 .debug_line    0x0000000000001db9       0xc9 contiki-sky.a(rand.o)
 .debug_line    0x0000000000001e82       0xa2 contiki-sky.a(timer.o)
 .debug_line    0x0000000000001f24      0x15d contiki-sky.a(ctimer.o)
 .debug_line    0x0000000000002081       0xb3 contiki-sky.a(ringbuf.o)
 .debug_line    0x0000000000002134       0x96 contiki-sky.a(spi.o)
 .debug_line    0x00000000000021ca       0xe8 contiki-sky.a(list.o)
 .debug_line    0x00000000000022b2       0x74 /usr/bin/../lib/gcc/msp430/4.6.3/mmpy-16/libgcc.a(_mulsi3.o)
 .debug_line    0x0000000000002326       0x6d /usr/bin/../lib/gcc/msp430/4.6.3/mmpy-16/libgcc.a(_udivmod16.o)
 .debug_line    0x0000000000002393       0x78 /usr/bin/../lib/gcc/msp430/4.6.3/mmpy-16/libgcc.a(_divmod16.o)
 .debug_line    0x000000000000240b       0x7c /usr/bin/../lib/gcc/msp430/4.6.3/mmpy-16/libgcc.a(_udivmod32.o)
 .debug_line    0x0000000000002487       0xb1 /usr/bin/../lib/gcc/msp430/4.6.3/../../../../msp430/lib/mmpy-16/libc.a(printf.o)
 .debug_line    0x0000000000002538      0x311 /usr/bin/../lib/gcc/msp430/4.6.3/../../../../msp430/lib/mmpy-16/libc.a(vuprintf.o)
 .debug_line    0x0000000000002849       0x4d /usr/bin/../lib/gcc/msp430/4.6.3/../../../../msp430/lib/mmpy-16/libc.a(puts.o)
 .debug_line    0x0000000000002896       0xc2 /usr/bin/../lib/gcc/msp430/4.6.3/mmpy-16/libgcc.a(_udivmod64.o)
 .debug_line    0x0000000000002958       0x4f /usr/bin/../lib/gcc/msp430/4.6.3/mmpy-16/libcrt0.a(__watchdog_support.o)
 .debug_line    0x00000000000029a7       0x4d /usr/bin/../lib/gcc/msp430/4.6.3/mmpy-16/libcrt0.a(__init_stack.o)
 .debug_line    0x00000000000029f4       0x53 /usr/bin/../lib/gcc/msp430/4.6.3/mmpy-16/libcrt0.a(_copy_data.o)
 .debug_line    0x0000000000002a47       0x53 /usr/bin/../lib/gcc/msp430/4.6.3/mmpy-16/libcrt0.a(_clear_bss.o)
 .debug_line    0x0000000000002a9a       0x4e /usr/bin/../lib/gcc/msp430/4.6.3/mmpy-16/libcrt0.a(_endless_loop__.o)
 .debug_line    0x0000000000002ae8       0x4d /usr/bin/../lib/gcc/msp430/4.6.3/mmpy-16/libcrt0.a(_unexpected_.o)

.debug_frame    0x0000000000000000      0xe80
 *(.debug_frame)
 .debug_frame   0x0000000000000000       0x4a staffetta-test.co
 .debug_frame   0x000000000000004a       0x50 obj_sky/contiki-sky-main.o
 .debug_frame   0x000000000000009a       0xe8 contiki-sky.a(process.o)
 .debug_frame   0x0000000000000182       0x36 contiki-sky.a(autostart.o)
 .debug_frame   0x00000000000001b8       0x2a contiki-sky.a(random.o)
 .debug_frame   0x00000000000001e2       0xf8 contiki-sky.a(etimer.o)
 .debug_frame   0x00000000000002da       0x62 contiki-sky.a(energest.o)
 .debug_frame   0x000000000000033c       0x36 contiki-sky.a(rtimer.o)
 .debug_frame   0x0000000000000372       0xc0 contiki-sky.a(gpio.o)
 .debug_frame   0x0000000000000432      0x1f0 contiki-sky.a(staffetta.o)
 .debug_frame   0x0000000000000622       0x8c contiki-sky.a(msp430.o)
 .debug_frame   0x00000000000006ae       0x9c contiki-sky.a(leds.o)
 .debug_frame   0x000000000000074a       0x5a contiki-sky.a(watchdog.o)
 .debug_frame   0x00000000000007a4       0xbe contiki-sky.a(xmem.o)
 .debug_frame   0x0000000000000862       0x62 contiki-sky.a(cc2420.o)
 .debug_frame   0x00000000000008c4       0x32 contiki-sky.a(node-id.o)
 .debug_frame   0x00000000000008f6       0x88 contiki-sky.a(uart1.o)
 .debug_frame   0x000000000000097e       0xd0 contiki-sky.a(clock.o)
 .debug_frame   0x0000000000000a4e       0x36 contiki-sky.a(leds-arch.o)
 .debug_frame   0x0000000000000a84       0x24 contiki-sky.a(uart1-putchar.o)
 .debug_frame   0x0000000000000aa8       0x4a contiki-sky.a(rtimer-arch.o)
 .debug_frame   0x0000000000000af2       0x46 contiki-sky.a(rand.o)
 .debug_frame   0x0000000000000b38       0x6a contiki-sky.a(timer.o)
 .debug_frame   0x0000000000000ba2       0xaa contiki-sky.a(ctimer.o)
 .debug_frame   0x0000000000000c4c       0x62 contiki-sky.a(ringbuf.o)
 .debug_frame   0x0000000000000cae       0x1e contiki-sky.a(spi.o)
 .debug_frame   0x0000000000000ccc       0xb6 contiki-sky.a(list.o)
 .debug_frame   0x0000000000000d82       0x2a /usr/bin/../lib/gcc/msp430/4.6.3/../../../../msp430/lib/mmpy-16/libc.a(printf.o)
 .debug_frame   0x0000000000000dac       0xb0 /usr/bin/../lib/gcc/msp430/4.6.3/../../../../msp430/lib/mmpy-16/libc.a(vuprintf.o)
 .debug_frame   0x0000000000000e5c       0x24 /usr/bin/../lib/gcc/msp430/4.6.3/../../../../msp430/lib/mmpy-16/libc.a(puts.o)

.debug_str      0x0000000000000000     0x1c14
 *(.debug_str)
 .debug_str     0x0000000000000000      0x2f8 staffetta-test.co
                                        0x38a (size before relaxing)
 .debug_str     0x00000000000002f8      0x119 obj_sky/contiki-sky-main.o
                                        0x349 (size before relaxing)
 .debug_str     0x0000000000000411      0x178 contiki-sky.a(process.o)
                                        0x295 (size before relaxing)
 .debug_str     0x0000000000000589       0x3a contiki-sky.a(autostart.o)
                                        0x14d (size before relaxing)
 .debug_str     0x00000000000005c3       0x35 contiki-sky.a(random.o)
                                         0xf1 (size before relaxing)
 .debug_str     0x00000000000005f8      0x133 contiki-sky.a(etimer.o)
                                        0x2a2 (size before relaxing)
 .debug_str     0x000000000000072b       0x9b contiki-sky.a(energest.o)
                                        0x2ec (size before relaxing)
 .debug_str     0x00000000000007c6       0xb8 contiki-sky.a(rtimer.o)
                                        0x2b6 (size before relaxing)
 .debug_str     0x000000000000087e       0xd1 contiki-sky.a(gpio.o)
                                        0x1a5 (size before relaxing)
 .debug_str     0x000000000000094f      0x686 contiki-sky.a(staffetta.o)
                                        0xa35 (size before relaxing)
 .debug_str     0x0000000000000fd5      0x143 contiki-sky.a(msp430.o)
                                        0x266 (size before relaxing)
 .debug_str     0x0000000000001118       0x87 contiki-sky.a(leds.o)
                                        0x2ec (size before relaxing)
 .debug_str     0x000000000000119f       0xd5 contiki-sky.a(watchdog.o)
                                        0x161 (size before relaxing)
 .debug_str     0x0000000000001274       0xe5 contiki-sky.a(xmem.o)
                                        0x366 (size before relaxing)
 .debug_str     0x0000000000001359       0x5c contiki-sky.a(cc2420.o)
                                        0x541 (size before relaxing)
 .debug_str     0x00000000000013b5       0x3c contiki-sky.a(node-id.o)
                                        0x100 (size before relaxing)
 .debug_str     0x00000000000013f1      0x13a contiki-sky.a(uart1.o)
                                        0x264 (size before relaxing)
 .debug_str     0x000000000000152b       0xe0 contiki-sky.a(clock.o)
                                        0x376 (size before relaxing)
 .debug_str     0x000000000000160b       0x5c contiki-sky.a(leds-arch.o)
                                        0x129 (size before relaxing)
 .debug_str     0x0000000000001667       0x2d contiki-sky.a(uart1-putchar.o)
                                         0xe9 (size before relaxing)
 .debug_str     0x0000000000001694       0x64 contiki-sky.a(rtimer-arch.o)
                                        0x14d (size before relaxing)
 .debug_str     0x00000000000016f8       0x27 contiki-sky.a(rand.o)
                                        0x22e (size before relaxing)
 .debug_str     0x000000000000171f       0x27 contiki-sky.a(timer.o)
                                        0x13c (size before relaxing)
 .debug_str     0x0000000000001746       0xc0 contiki-sky.a(ctimer.o)
                                        0x35d (size before relaxing)
 .debug_str     0x0000000000001806       0x64 contiki-sky.a(ringbuf.o)
                                        0x14f (size before relaxing)
 .debug_str     0x000000000000186a       0x62 contiki-sky.a(spi.o)
                                        0x166 (size before relaxing)
 .debug_str     0x00000000000018cc       0xa8 contiki-sky.a(list.o)
                                         0xf2 (size before relaxing)
 .debug_str     0x0000000000001974       0x92 /usr/bin/../lib/gcc/msp430/4.6.3/../../../../msp430/lib/mmpy-16/libc.a(printf.o)
                                        0x155 (size before relaxing)
 .debug_str     0x0000000000001a06      0x1f9 /usr/bin/../lib/gcc/msp430/4.6.3/../../../../msp430/lib/mmpy-16/libc.a(vuprintf.o)
                                        0x3a0 (size before relaxing)
 .debug_str     0x0000000000001bff       0x15 /usr/bin/../lib/gcc/msp430/4.6.3/../../../../msp430/lib/mmpy-16/libc.a(puts.o)
                                        0x11b (size before relaxing)

.debug_loc      0x0000000000000000     0x21a9
 *(.debug_loc)
 .debug_loc     0x0000000000000000      0x150 staffetta-test.co
 .debug_loc     0x0000000000000150       0xa1 obj_sky/contiki-sky-main.o
 .debug_loc     0x00000000000001f1      0x20d contiki-sky.a(process.o)
 .debug_loc     0x00000000000003fe       0x56 contiki-sky.a(autostart.o)
 .debug_loc     0x0000000000000454        0xb contiki-sky.a(random.o)
 .debug_loc     0x000000000000045f      0x285 contiki-sky.a(etimer.o)
 .debug_loc     0x00000000000006e4       0x83 contiki-sky.a(energest.o)
 .debug_loc     0x0000000000000767       0x5b contiki-sky.a(rtimer.o)
 .debug_loc     0x00000000000007c2       0xa8 contiki-sky.a(gpio.o)
 .debug_loc     0x000000000000086a      0x4e6 contiki-sky.a(staffetta.o)
 .debug_loc     0x0000000000000d50       0xed contiki-sky.a(msp430.o)
 .debug_loc     0x0000000000000e3d       0xbd contiki-sky.a(leds.o)
 .debug_loc     0x0000000000000efa      0x2a1 contiki-sky.a(xmem.o)
 .debug_loc     0x000000000000119b       0xfc contiki-sky.a(cc2420.o)
 .debug_loc     0x0000000000001297       0x33 contiki-sky.a(node-id.o)
 .debug_loc     0x00000000000012ca       0x99 contiki-sky.a(uart1.o)
 .debug_loc     0x0000000000001363       0xaa contiki-sky.a(clock.o)
 .debug_loc     0x000000000000140d        0xb contiki-sky.a(leds-arch.o)
 .debug_loc     0x0000000000001418       0x2d contiki-sky.a(uart1-putchar.o)
 .debug_loc     0x0000000000001445       0x2c contiki-sky.a(rtimer-arch.o)
 .debug_loc     0x0000000000001471       0x94 contiki-sky.a(rand.o)
 .debug_loc     0x0000000000001505       0xb9 contiki-sky.a(timer.o)
 .debug_loc     0x00000000000015be      0x21a contiki-sky.a(ctimer.o)
 .debug_loc     0x00000000000017d8       0xab contiki-sky.a(ringbuf.o)
 .debug_loc     0x0000000000001883      0x1c3 contiki-sky.a(list.o)
 .debug_loc     0x0000000000001a46       0x38 /usr/bin/../lib/gcc/msp430/4.6.3/../../../../msp430/lib/mmpy-16/libc.a(printf.o)
 .debug_loc     0x0000000000001a7e      0x705 /usr/bin/../lib/gcc/msp430/4.6.3/../../../../msp430/lib/mmpy-16/libc.a(vuprintf.o)
 .debug_loc     0x0000000000002183       0x26 /usr/bin/../lib/gcc/msp430/4.6.3/../../../../msp430/lib/mmpy-16/libc.a(puts.o)

.debug_macinfo
 *(.debug_macinfo)

.debug_pubtypes
                0x0000000000000000      0x63e
 *(.debug_pubtypes)
 .debug_pubtypes
                0x0000000000000000       0x96 obj_sky/contiki-sky-main.o
 .debug_pubtypes
                0x0000000000000096       0x7d contiki-sky.a(process.o)
 .debug_pubtypes
                0x0000000000000113       0x55 contiki-sky.a(autostart.o)
 .debug_pubtypes
                0x0000000000000168       0x12 contiki-sky.a(random.o)
 .debug_pubtypes
                0x000000000000017a       0x7b contiki-sky.a(etimer.o)
 .debug_pubtypes
                0x00000000000001f5       0x46 contiki-sky.a(energest.o)
 .debug_pubtypes
                0x000000000000023b       0x58 contiki-sky.a(rtimer.o)
 .debug_pubtypes
                0x0000000000000293       0x12 contiki-sky.a(gpio.o)
 .debug_pubtypes
                0x00000000000002a5       0x44 contiki-sky.a(msp430.o)
 .debug_pubtypes
                0x00000000000002e9       0x46 contiki-sky.a(leds.o)
 .debug_pubtypes
                0x000000000000032f       0x12 contiki-sky.a(watchdog.o)
 .debug_pubtypes
                0x0000000000000341       0x46 contiki-sky.a(xmem.o)
 .debug_pubtypes
                0x0000000000000387       0x5f contiki-sky.a(cc2420.o)
 .debug_pubtypes
                0x00000000000003e6       0x12 contiki-sky.a(node-id.o)
 .debug_pubtypes
                0x00000000000003f8       0x2a contiki-sky.a(uart1.o)
 .debug_pubtypes
                0x0000000000000422       0x57 contiki-sky.a(clock.o)
 .debug_pubtypes
                0x0000000000000479       0x12 contiki-sky.a(leds-arch.o)
 .debug_pubtypes
                0x000000000000048b       0x12 contiki-sky.a(uart1-putchar.o)
 .debug_pubtypes
                0x000000000000049d       0x25 contiki-sky.a(rtimer-arch.o)
 .debug_pubtypes
                0x00000000000004c2       0x4a contiki-sky.a(rand.o)
 .debug_pubtypes
                0x000000000000050c       0x2d contiki-sky.a(timer.o)
 .debug_pubtypes
                0x0000000000000539       0xa3 contiki-sky.a(ctimer.o)
 .debug_pubtypes
                0x00000000000005dc       0x2a contiki-sky.a(ringbuf.o)
 .debug_pubtypes
                0x0000000000000606       0x12 contiki-sky.a(spi.o)
 .debug_pubtypes
                0x0000000000000618       0x26 contiki-sky.a(list.o)

.debug_ranges   0x0000000000000000       0x44
 *(.debug_ranges)
 .debug_ranges  0x0000000000000000       0x18 staffetta-test.co
 .debug_ranges  0x0000000000000018        0x8 obj_sky/contiki-sky-main.o
 .debug_ranges  0x0000000000000020        0xc contiki-sky.a(staffetta.o)
 .debug_ranges  0x000000000000002c       0x18 /usr/bin/../lib/gcc/msp430/4.6.3/../../../../msp430/lib/mmpy-16/libc.a(vuprintf.o)
                0x0000000000003900                PROVIDE (__stack, (ORIGIN (ram) + 0x2800))
                0x0000000000007ef4                PROVIDE (__data_start_rom, _etext)
                0x0000000000007f2a                PROVIDE (__data_end_rom, (_etext + SIZEOF (.data)))
OUTPUT(staffetta-test.sky elf32-msp430)

.glossy         0x0000000000004000        0x0
