Archive member included because of file (symbol)

contiki-sky.a(process.o)      obj_sky/contiki-sky-main.o (process_init)
contiki-sky.a(autostart.o)    obj_sky/contiki-sky-main.o (autostart_start)
contiki-sky.a(random.o)       staffetta-test.co (random_init)
contiki-sky.a(etimer.o)       obj_sky/contiki-sky-main.o (etimer_process)
contiki-sky.a(energest.o)     obj_sky/contiki-sky-main.o (energest_init)
contiki-sky.a(rtimer.o)       obj_sky/contiki-sky-main.o (rtimer_init)
contiki-sky.a(metric.o)       staffetta-test.co (node_energy_state)
contiki-sky.a(gpio.o)         obj_sky/contiki-sky-main.o (gpio_init)
contiki-sky.a(energytrace.o)  staffetta-test.co (remaining_energy)
contiki-sky.a(staffetta.o)    staffetta-test.co (getWakeups)
contiki-sky.a(msp430.o)       contiki-sky.a(energytrace.o) (w_memcpy)
contiki-sky.a(leds.o)         staffetta-test.co (leds_init)
contiki-sky.a(watchdog.o)     obj_sky/contiki-sky-main.o (watchdog_init)
contiki-sky.a(xmem.o)         obj_sky/contiki-sky-main.o (xmem_init)
contiki-sky.a(cc2420.o)       obj_sky/contiki-sky-main.o (cc2420_init)
contiki-sky.a(node-id.o)      staffetta-test.co (node_id)
contiki-sky.a(uart1.o)        obj_sky/contiki-sky-main.o (uart1_active)
contiki-sky.a(clock.o)        contiki-sky.a(etimer.o) (clock_time)
contiki-sky.a(leds-arch.o)    contiki-sky.a(leds.o) (leds_arch_init)
contiki-sky.a(uart1-putchar.o)
                              obj_sky/contiki-sky-main.o (putchar)
contiki-sky.a(rtimer-arch.o)  contiki-sky.a(rtimer.o) (rtimer_arch_init)
contiki-sky.a(rand.o)         contiki-sky.a(random.o) (rand)
contiki-sky.a(timer.o)        contiki-sky.a(etimer.o) (timer_set)
contiki-sky.a(ctimer.o)       contiki-sky.a(staffetta.o) (ctimer_stop)
contiki-sky.a(ringbuf.o)      contiki-sky.a(uart1.o) (ringbuf_init)
contiki-sky.a(spi.o)          contiki-sky.a(xmem.o) (spi_init)
contiki-sky.a(list.o)         contiki-sky.a(ctimer.o) (list_init)
/usr/bin/../lib/gcc/msp430/4.6.3/mmpy-16/libgcc.a(_mulsi3.o)
                              contiki-sky.a(energytrace.o) (__mulsi3)
/usr/bin/../lib/gcc/msp430/4.6.3/mmpy-16/libgcc.a(_udivmod16.o)
                              contiki-sky.a(energytrace.o) (__udivhi3)
/usr/bin/../lib/gcc/msp430/4.6.3/mmpy-16/libgcc.a(_divmod16.o)
                              contiki-sky.a(staffetta.o) (__modhi3)
/usr/bin/../lib/gcc/msp430/4.6.3/mmpy-16/libgcc.a(_udivmod32.o)
                              staffetta-test.co (__udivsi3)
/usr/bin/../lib/gcc/msp430/4.6.3/mmpy-16/libgcc.a(_divmod32.o)
                              contiki-sky.a(energytrace.o) (__divsi3)
/usr/bin/../lib/gcc/msp430/4.6.3/mmpy-16/libgcc.a(_fixunssfsi.o)
                              contiki-sky.a(energytrace.o) (__fixunssfsi)
/usr/bin/../lib/gcc/msp430/4.6.3/mmpy-16/libgcc.a(_addsub_sf.o)
                              /usr/bin/../lib/gcc/msp430/4.6.3/mmpy-16/libgcc.a(_fixunssfsi.o) (__subsf3)
/usr/bin/../lib/gcc/msp430/4.6.3/mmpy-16/libgcc.a(_mul_sf.o)
                              contiki-sky.a(energytrace.o) (__mulsf3)
/usr/bin/../lib/gcc/msp430/4.6.3/mmpy-16/libgcc.a(_ge_sf.o)
                              /usr/bin/../lib/gcc/msp430/4.6.3/mmpy-16/libgcc.a(_fixunssfsi.o) (__gesf2)
/usr/bin/../lib/gcc/msp430/4.6.3/mmpy-16/libgcc.a(_sf_to_si.o)
                              /usr/bin/../lib/gcc/msp430/4.6.3/mmpy-16/libgcc.a(_fixunssfsi.o) (__fixsfsi)
/usr/bin/../lib/gcc/msp430/4.6.3/mmpy-16/libgcc.a(_thenan_sf.o)
                              /usr/bin/../lib/gcc/msp430/4.6.3/mmpy-16/libgcc.a(_addsub_sf.o) (__thenan_sf)
/usr/bin/../lib/gcc/msp430/4.6.3/mmpy-16/libgcc.a(_usi_to_sf.o)
                              contiki-sky.a(energytrace.o) (__floatunsisf)
/usr/bin/../lib/gcc/msp430/4.6.3/mmpy-16/libgcc.a(_clzsi2.o)
                              /usr/bin/../lib/gcc/msp430/4.6.3/mmpy-16/libgcc.a(_usi_to_sf.o) (__clzsi2)
/usr/bin/../lib/gcc/msp430/4.6.3/mmpy-16/libgcc.a(_pack_sf.o)
                              /usr/bin/../lib/gcc/msp430/4.6.3/mmpy-16/libgcc.a(_addsub_sf.o) (__pack_f)
/usr/bin/../lib/gcc/msp430/4.6.3/mmpy-16/libgcc.a(_unpack_sf.o)
                              /usr/bin/../lib/gcc/msp430/4.6.3/mmpy-16/libgcc.a(_addsub_sf.o) (__unpack_f)
/usr/bin/../lib/gcc/msp430/4.6.3/mmpy-16/libgcc.a(_fpcmp_parts_sf.o)
                              /usr/bin/../lib/gcc/msp430/4.6.3/mmpy-16/libgcc.a(_ge_sf.o) (__fpcmp_parts_f)
/usr/bin/../lib/gcc/msp430/4.6.3/mmpy-16/libgcc.a(_clz.o)
                              /usr/bin/../lib/gcc/msp430/4.6.3/mmpy-16/libgcc.a(_clzsi2.o) (__clz_tab)
/usr/bin/../lib/gcc/msp430/4.6.3/../../../../msp430/lib/mmpy-16/libc.a(strcmp.o)
                              contiki-sky.a(energytrace.o) (strcmp)
/usr/bin/../lib/gcc/msp430/4.6.3/../../../../msp430/lib/mmpy-16/libc.a(strncpy.o)
                              contiki-sky.a(energytrace.o) (strncpy)
/usr/bin/../lib/gcc/msp430/4.6.3/../../../../msp430/lib/mmpy-16/libc.a(printf.o)
                              staffetta-test.co (printf)
[...]
Memory Configuration

Name             Origin             Length             Attributes
sfr              0x0000000000000000 0x0000000000000010
peripheral_8bit  0x0000000000000010 0x00000000000000f0
peripheral_16bit 0x0000000000000100 0x0000000000000100
ram_mirror       0x0000000000000200 0x0000000000000800 xw
infomem          0x0000000000001000 0x0000000000000100
infob            0x0000000000001000 0x0000000000000080
infoa            0x0000000000001080 0x0000000000000080
ram              0x0000000000001100 0x0000000000002800 xw
rom              0x0000000000004000 0x000000000000bfe0 xr
vectors          0x000000000000ffe0 0x0000000000000020
bsl              0x0000000000000000 0x0000000000000000
infoc            0x0000000000000000 0x0000000000000000
infod            0x0000000000000000 0x0000000000000000
ram2             0x0000000000000000 0x0000000000000000 xw
usbram           0x0000000000000000 0x0000000000000000 xw
far_rom          0x0000000000000000 0x0000000000000000
*default*        0x0000000000000000 0xffffffffffffffff

Linker script and memory map

LOAD /usr/bin/../lib/gcc/msp430/4.6.3/mmpy-16/crt0ivtbl16.o
Address of section .glossy set to 0x4000
Address of section .text set to 0x4400
LOAD staffetta-test.co
LOAD obj_sky/contiki-sky-main.o
LOAD contiki-sky.a
LOAD /usr/bin/../lib/gcc/msp430/4.6.3/../../../../msp430/lib/mmpy-16/libm.a
LOAD /usr/bin/../lib/gcc/msp430/4.6.3/mmpy-16/libgcc.a
LOAD /usr/bin/../lib/gcc/msp430/4.6.3/../../../../msp430/lib/mmpy-16/libc.a
LOAD /usr/bin/../lib/gcc/msp430/4.6.3/mmpy-16/libgcc.a
LOAD /usr/bin/../lib/gcc/msp430/4.6.3/mmpy-16/libcrt0.a
                0x0000000000000080                PROVIDE (__info_segment_size, 0x80)
                0x0000000000001000                PROVIDE (__infob, 0x1000)
                0x0000000000001080                PROVIDE (__infoa, 0x1080)
                0x0000000000000000                __IE1 = 0x0
                0x0000000000000002                __IFG1 = 0x2
                0x0000000000000004                __ME1 = 0x4
                0x0000000000000001                __IE2 = 0x1
                0x0000000000000003                __IFG2 = 0x3
                0x0000000000000005                __ME2 = 0x5
                0x0000000000000120                __WDTCTL = 0x120
                0x0000000000000130                __MPY = 0x130
                0x0000000000000132                __MPYS = 0x132
                0x0000000000000134                __MAC = 0x134
                0x0000000000000136                __MACS = 0x136
                0x0000000000000138                __OP2 = 0x138
                0x000000000000013a                __RESLO = 0x13a
                0x000000000000013c                __RESHI = 0x13c
                0x000000000000013e                __SUMEXT = 0x13e
                0x0000000000000020                __P1IN = 0x20
                0x0000000000000021                __P1OUT = 0x21
                0x0000000000000022                __P1DIR = 0x22
                0x0000000000000023                __P1IFG = 0x23
                0x0000000000000024                __P1IES = 0x24
                0x0000000000000025                __P1IE = 0x25
                0x0000000000000026                __P1SEL = 0x26
                0x0000000000000028                __P2IN = 0x28
                0x0000000000000029                __P2OUT = 0x29
                0x000000000000002a                __P2DIR = 0x2a
                0x000000000000002b                __P2IFG = 0x2b
                0x000000000000002c                __P2IES = 0x2c
                0x000000000000002d                __P2IE = 0x2d
                0x000000000000002e                __P2SEL = 0x2e
                0x0000000000000018                __P3IN = 0x18
                0x0000000000000019                __P3OUT = 0x19
                0x000000000000001a                __P3DIR = 0x1a
                0x000000000000001b                __P3SEL = 0x1b
                0x000000000000001c                __P4IN = 0x1c
                0x000000000000001d                __P4OUT = 0x1d
                0x000000000000001e                __P4DIR = 0x1e
                0x000000000000001f                __P4SEL = 0x1f
                0x0000000000000030                __P5IN = 0x30
                0x0000000000000031                __P5OUT = 0x31
                0x0000000000000032                __P5DIR = 0x32
                0x0000000000000033                __P5SEL = 0x33
                0x0000000000000034                __P6IN = 0x34
                0x0000000000000035                __P6OUT = 0x35
                0x0000000000000036                __P6DIR = 0x36
                0x0000000000000037                __P6SEL = 0x37
                0x0000000000000070                __U0CTL = 0x70
                0x0000000000000071                __U0TCTL = 0x71
                0x0000000000000072                __U0RCTL = 0x72
                0x0000000000000073                __U0MCTL = 0x73
                0x0000000000000074                __U0BR0 = 0x74
                0x0000000000000075                __U0BR1 = 0x75
                0x0000000000000076                __U0RXBUF = 0x76
                0x0000000000000077                __U0TXBUF = 0x77
                0x0000000000000078                __U1CTL = 0x78
                0x0000000000000079                __U1TCTL = 0x79
                0x000000000000007a                __U1RCTL = 0x7a
                0x000000000000007b                __U1MCTL = 0x7b
                0x000000000000007c                __U1BR0 = 0x7c
                0x000000000000007d                __U1BR1 = 0x7d
                0x000000000000007e                __U1RXBUF = 0x7e
                0x000000000000007f                __U1TXBUF = 0x7f
                0x0000000000000050                __I2CIE = 0x50
                0x0000000000000051                __I2CIFG = 0x51
                0x0000000000000052                __I2CNDAT = 0x52
                0x0000000000000071                __I2CTCTL = 0x71
                0x0000000000000072                __I2CDCTL = 0x72
                0x0000000000000073                __I2CPSC = 0x73
                0x0000000000000074                __I2CSCLH = 0x74
                0x0000000000000075                __I2CSCLL = 0x75
                0x0000000000000076                __I2CDRB = 0x76
                0x0000000000000076                __I2CDRW = 0x76
                0x0000000000000118                __I2COA = 0x118
                0x000000000000011a                __I2CSA = 0x11a
                0x000000000000011c                __I2CIV = 0x11c
                0x000000000000012e                __TAIV = 0x12e
                0x0000000000000160                __TACTL = 0x160
                0x0000000000000162                __TACCTL0 = 0x162
                0x0000000000000164                __TACCTL1 = 0x164
                0x0000000000000166                __TACCTL2 = 0x166
                0x0000000000000170                __TAR = 0x170
                0x0000000000000172                __TACCR0 = 0x172
                0x0000000000000174                __TACCR1 = 0x174
                0x0000000000000176                __TACCR2 = 0x176
                0x000000000000011e                __TBIV = 0x11e
                0x0000000000000180                __TBCTL = 0x180
                0x0000000000000182                __TBCCTL0 = 0x182
                0x0000000000000184                __TBCCTL1 = 0x184
                0x0000000000000186                __TBCCTL2 = 0x186
                0x0000000000000188                __TBCCTL3 = 0x188
                0x000000000000018a                __TBCCTL4 = 0x18a
                0x000000000000018c                __TBCCTL5 = 0x18c
                0x000000000000018e                __TBCCTL6 = 0x18e
                0x0000000000000190                __TBR = 0x190
                0x0000000000000192                __TBCCR0 = 0x192
                0x0000000000000194                __TBCCR1 = 0x194
                0x0000000000000196                __TBCCR2 = 0x196
                0x0000000000000198                __TBCCR3 = 0x198
                0x000000000000019a                __TBCCR4 = 0x19a
                0x000000000000019c                __TBCCR5 = 0x19c
                0x000000000000019e                __TBCCR6 = 0x19e
                0x0000000000000056                __DCOCTL = 0x56
                0x0000000000000057                __BCSCTL1 = 0x57
                0x0000000000000058                __BCSCTL2 = 0x58
                0x0000000000000055                __SVSCTL = 0x55
                0x0000000000000128                __FCTL1 = 0x128
                0x000000000000012a                __FCTL2 = 0x12a
                0x000000000000012c                __FCTL3 = 0x12c
                0x0000000000000059                __CACTL1 = 0x59
                0x000000000000005a                __CACTL2 = 0x5a
                0x000000000000005b                __CAPD = 0x5b
                0x00000000000001a0                __ADC12CTL0 = 0x1a0
                0x00000000000001a2                __ADC12CTL1 = 0x1a2
                0x00000000000001a4                __ADC12IFG = 0x1a4
                0x00000000000001a6                __ADC12IE = 0x1a6
                0x00000000000001a8                __ADC12IV = 0x1a8
                0x0000000000000140                __ADC12MEM0 = 0x140
                0x0000000000000142                __ADC12MEM1 = 0x142
                0x0000000000000144                __ADC12MEM2 = 0x144
                0x0000000000000146                __ADC12MEM3 = 0x146
                0x0000000000000148                __ADC12MEM4 = 0x148
                0x000000000000014a                __ADC12MEM5 = 0x14a
                0x000000000000014c                __ADC12MEM6 = 0x14c
                0x000000000000014e                __ADC12MEM7 = 0x14e
                0x0000000000000150                __ADC12MEM8 = 0x150
                0x0000000000000152                __ADC12MEM9 = 0x152
                0x0000000000000154                __ADC12MEM10 = 0x154
                0x0000000000000156                __ADC12MEM11 = 0x156
                0x0000000000000158                __ADC12MEM12 = 0x158
                0x000000000000015a                __ADC12MEM13 = 0x15a
                0x000000000000015c                __ADC12MEM14 = 0x15c
                0x000000000000015e                __ADC12MEM15 = 0x15e
                0x0000000000000080                __ADC12MCTL0 = 0x80
                0x0000000000000081                __ADC12MCTL1 = 0x81
                0x0000000000000082                __ADC12MCTL2 = 0x82
                0x0000000000000083                __ADC12MCTL3 = 0x83
                0x0000000000000084                __ADC12MCTL4 = 0x84
                0x0000000000000085                __ADC12MCTL5 = 0x85
                0x0000000000000086                __ADC12MCTL6 = 0x86
                0x0000000000000087                __ADC12MCTL7 = 0x87
                0x0000000000000088                __ADC12MCTL8 = 0x88
                0x0000000000000089                __ADC12MCTL9 = 0x89
                0x000000000000008a                __ADC12MCTL10 = 0x8a
                0x000000000000008b                __ADC12MCTL11 = 0x8b
                0x000000000000008c                __ADC12MCTL12 = 0x8c
                0x000000000000008d                __ADC12MCTL13 = 0x8d
                0x000000000000008e                __ADC12MCTL14 = 0x8e
                0x000000000000008f                __ADC12MCTL15 = 0x8f
                0x00000000000001c0                __DAC12_0CTL = 0x1c0
                0x00000000000001c2                __DAC12_1CTL = 0x1c2
                0x00000000000001c8                __DAC12_0DAT = 0x1c8
                0x00000000000001ca                __DAC12_1DAT = 0x1ca
                0x0000000000000122                __DMACTL0 = 0x122
                0x0000000000000124                __DMACTL1 = 0x124
                0x00000000000001e0                __DMA0CTL = 0x1e0
                0x00000000000001e8                __DMA1CTL = 0x1e8
                0x00000000000001f0                __DMA2CTL = 0x1f0
                0x00000000000001e2                __DMA0SA = 0x1e2
                0x00000000000001e4                __DMA0DA = 0x1e4
                0x00000000000001e6                __DMA0SZ = 0x1e6
                0x00000000000001ea                __DMA1SA = 0x1ea
                0x00000000000001ec                __DMA1DA = 0x1ec
                0x00000000000001ee                __DMA1SZ = 0x1ee
                0x00000000000001f2                __DMA2SA = 0x1f2
                0x00000000000001f4                __DMA2DA = 0x1f4
                0x00000000000001f6                __DMA2SZ = 0x1f6

.hash
 *(.hash)

.dynsym
 *(.dynsym)

.dynstr
 *(.dynstr)

.gnu.version
 *(.gnu.version)

.gnu.version_d
 *(.gnu.version_d)

.gnu.version_r
 *(.gnu.version_r)

.rel.init
 *(.rel.init)

.rela.init
 *(.rela.init)

.rel.fini
 *(.rel.fini)

.rela.fini
 *(.rela.fini)

.rel.text
 *(.rel.text .rel.text.* .rel.gnu.linkonce.t.*)

.rela.text
 *(.rela.text .rela.text.* .rela.gnu.linkonce.t.*)

.rel.rodata
 *(.rel.rodata .rel.rodata.* .rel.gnu.linkonce.r.*)

.rela.rodata
 *(.rela.rodata .rela.rodata.* .rela.gnu.linkonce.r.*)

.rel.data
 *(.rel.data .rel.data.* .rel.gnu.linkonce.d.*)

.rela.data
 *(.rela.data .rela.data.* .rela.gnu.linkonce.d.*)

.rel.bss
 *(.rel.bss .rel.bss.* .rel.gnu.linkonce.b.*)

.rela.bss
 *(.rela.bss .rela.bss.* .rela.gnu.linkonce.b.*)

.rel.ctors
 *(.rel.ctors)

.rela.ctors
 *(.rela.ctors)

.rel.dtors
 *(.rel.dtors)

.rela.dtors
 *(.rela.dtors)

.rel.got
 *(.rel.got)

.rela.got
 *(.rela.got)

.rel.plt
 *(.rel.plt)

.rela.plt
 *(.rela.plt)

.text           0x0000000000004400     0x5fa2
                0x0000000000004400                . = ALIGN (0x2)
 *(.init .init.*)
 *(.init0)
 .init0         0x0000000000004400        0x0 /usr/bin/../lib/gcc/msp430/4.6.3/mmpy-16/libcrt0.a(_reset_vector__.o)
                0x0000000000004400                _reset_vector__
 *(.init1)
 .init1         0x0000000000004400        0xc /usr/bin/../lib/gcc/msp430/4.6.3/mmpy-16/libcrt0.a(__watchdog_support.o)
                0x0000000000004400                __watchdog_support
 *(.init2)
 .init2         0x000000000000440c        0x4 /usr/bin/../lib/gcc/msp430/4.6.3/mmpy-16/libcrt0.a(__init_stack.o)
                0x000000000000440c                __init_stack
 *(.init3)
 .init3         0x0000000000004410        0x0 /usr/bin/../lib/gcc/msp430/4.6.3/mmpy-16/libcrt0.a(__low_level_init.o)
                0x0000000000004410                __low_level_init
 *(.init4)
 .init4         0x0000000000004410       0x18 /usr/bin/../lib/gcc/msp430/4.6.3/mmpy-16/libcrt0.a(_copy_data.o)
                0x0000000000004410                __do_copy_data
 .init4         0x0000000000004428       0x16 /usr/bin/../lib/gcc/msp430/4.6.3/mmpy-16/libcrt0.a(_clear_bss.o)
                0x0000000000004428                __do_clear_bss
 *(.init5)
 *(.init6)
 *(.init7)
 *(.init8)
 *(.init9)
 .init9         0x000000000000443e      0x17a obj_sky/contiki-sky-main.o
                0x000000000000443e                main
 *(.fini9)
 .fini9         0x00000000000045b8        0x0 /usr/bin/../lib/gcc/msp430/4.6.3/mmpy-16/libcrt0.a(__stop_progExec__.o)
                0x00000000000045b8                __stop_progExec__
 *(.fini8)
 *(.fini7)
 *(.fini6)
 *(.fini5)
 *(.fini4)
 *(.fini3)
 *(.fini2)
 *(.fini1)
 *(.fini0)
 .fini0         0x00000000000045b8        0x6 /usr/bin/../lib/gcc/msp430/4.6.3/mmpy-16/libcrt0.a(_endless_loop__.o)
                0x00000000000045b8                _endless_loop__
 *(.fini .fini.*)
                0x00000000000045be                . = ALIGN (0x2)
                0x00000000000045be                __ctors_start = .
 *(.ctors)
                0x00000000000045be                __ctors_end = .
                0x00000000000045be                __dtors_start = .
 *(.dtors)
                0x00000000000045be                __dtors_end = .
                0x00000000000045be                . = ALIGN (0x2)
 *(.text .text.* .gnu.linkonce.t.*)
 .text          0x00000000000045be        0x4 /usr/bin/../lib/gcc/msp430/4.6.3/mmpy-16/crt0ivtbl16.o
                0x00000000000045be                __isr_14
                0x00000000000045be                __isr_4
                0x00000000000045be                __isr_11
                0x00000000000045be                __isr_7
                0x00000000000045be                __isr_0
                0x00000000000045be                __isr_8
                0x00000000000045be                __isr_12
                0x00000000000045be                __isr_13
                0x00000000000045be                __isr_9
                0x00000000000045be                __isr_1
 .text.crt0     0x00000000000045c2        0x0 /usr/bin/../lib/gcc/msp430/4.6.3/mmpy-16/crt0ivtbl16.o
 .text          0x00000000000045c2      0x1ae staffetta-test.co
 .text          0x0000000000004770        0x0 obj_sky/contiki-sky-main.o
 .text          0x0000000000004770      0x29e contiki-sky.a(process.o)
                0x000000000000486c                process_alloc_event
                0x000000000000487a                process_exit
                0x0000000000004884                process_init
                0x00000000000048a0                process_run
                0x0000000000004942                process_nevents
                0x0000000000004950                process_post
                0x00000000000049a4                process_post_synch
                0x00000000000049b6                process_start
                0x00000000000049e8                process_poll
                0x0000000000004a00                process_is_running
 .text          0x0000000000004a0e       0x2a contiki-sky.a(autostart.o)
                0x0000000000004a0e                autostart_start
                0x0000000000004a24                autostart_exit
 .text          0x0000000000004a38        0xc contiki-sky.a(random.o)
                0x0000000000004a38                random_init
                0x0000000000004a3e                random_rand
 .text          0x0000000000004a44      0x25a contiki-sky.a(etimer.o)
                0x0000000000004abc                etimer_request_poll
                0x0000000000004bc6                etimer_set
                0x0000000000004bd8                etimer_reset
                0x0000000000004bea                etimer_restart
                0x0000000000004bfc                etimer_adjust
                0x0000000000004c16                etimer_expired
                0x0000000000004c24                etimer_expiration_time
                0x0000000000004c38                etimer_start_time
                0x0000000000004c40                etimer_pending
                0x0000000000004c4c                etimer_next_expiration_time
                0x0000000000004c62                etimer_stop
 .text          0x0000000000004c9e       0xba contiki-sky.a(energest.o)
                0x0000000000004c9e                energest_init
                0x0000000000004cc6                energest_type_time
                0x0000000000004d08                energest_leveldevice_leveltime
                0x0000000000004d0e                energest_type_set
                0x0000000000004d1c                energest_flush
 .text          0x0000000000004d58       0x50 contiki-sky.a(rtimer.o)
                0x0000000000004d58                rtimer_init
                0x0000000000004d5e                rtimer_set
                0x0000000000004d82                rtimer_run_next
 .text          0x0000000000004da8       0xae contiki-sky.a(metric.o)
                0x0000000000004da8                compute_node_duty_cycle
                0x0000000000004dd8                get_duty_cycle
                0x0000000000004dde                compute_node_state
                0x0000000000004e14                get_node_state
                0x0000000000004e1a                compute_harvesting_rate
                0x0000000000004e50                get_harvesting_rate
 .text          0x0000000000004e56      0x10e contiki-sky.a(gpio.o)
                0x0000000000004e56                gpio_arch_init
                0x0000000000004e64                gpio_arch_get
                0x0000000000004e92                gpio_arch_set
                0x0000000000004ed4                gpio_init
                0x0000000000004ee2                gpio_get
                0x0000000000004ee8                gpio_on
                0x0000000000004ef2                gpio_off
                0x0000000000004efc                gpio_invert
                0x0000000000004f06                gpio_toggle
                0x0000000000004f0c                gpio_blink
                0x0000000000004f28                gpio_green
                0x0000000000004f3c                gpio_yellow
                0x0000000000004f50                gpio_red
 .text          0x0000000000004f64     0x170a contiki-sky.a(energytrace.o)
                0x0000000000005a36                cfs_open
                0x0000000000005adc                cfs_close
                0x0000000000005b08                cfs_seek
                0x0000000000005b8e                cfs_remove
                0x0000000000005ba8                cfs_read
                0x00000000000060b4                cfs_write
                0x000000000000620e                cfs_opendir
                0x000000000000621a                cfs_readdir
                0x00000000000062ac                cfs_closedir
                0x00000000000062ae                cfs_coffee_reserve
                0x00000000000062da                cfs_coffee_configure_log
                0x000000000000633e                cfs_coffee_set_io_semantics
                0x0000000000006368                cfs_coffee_format
                0x00000000000063a4                cfs_coffee_get_protected_mem
                0x00000000000063b0                read_from_cfs
                0x00000000000063f6                tx_current_consumption
                0x0000000000006476                energytrace_print
                0x000000000000664c                energytrace_start
                0x0000000000006664                energytrace_stop
 .text          0x000000000000666e     0x12cc contiki-sky.a(staffetta.o)
                0x0000000000006880                getWakeups
                0x000000000000688a                staffetta_send_packet
                0x000000000000741c                sink_busy_wait
                0x000000000000741e                sink_listen
                0x0000000000007696                staffetta_print_stats
                0x000000000000776a                staffetta_get_energy_consumption
                0x0000000000007844                staffetta_add_data
                0x000000000000786a                staffetta_init
 .text          0x000000000000793a      0x192 contiki-sky.a(msp430.o)
                0x000000000000793a                w_memcpy
                0x000000000000794c                w_memset
                0x000000000000795e                msp430_init_dco
                0x00000000000079e2                msp430_cpu_init
                0x0000000000007a08                sbrk
                0x0000000000007a62                splhigh_
                0x0000000000007a6a                splx_
                0x0000000000007a6e                msp430_sync_dco
 .text          0x0000000000007acc      0x15c contiki-sky.a(leds.o)
                0x0000000000007b7c                leds_init
                0x0000000000007b8a                leds_get
                0x0000000000007b90                leds_on
                0x0000000000007ba4                leds_off
                0x0000000000007bb8                leds_invert
                0x0000000000007bc2                leds_toggle
                0x0000000000007bc8                leds_blink
                0x0000000000007bec                leds_green
                0x0000000000007c00                leds_yellow
                0x0000000000007c14                leds_red
 .text          0x0000000000007c28       0x20 contiki-sky.a(watchdog.o)
                0x0000000000007c28                __isr_10
                0x0000000000007c28                watchdog_interrupt
                0x0000000000007c2a                watchdog_init
                0x0000000000007c40                watchdog_start
                0x0000000000007c42                watchdog_periodic
                0x0000000000007c44                watchdog_stop
                0x0000000000007c46                watchdog_reboot
 .text          0x0000000000007c48      0x358 contiki-sky.a(xmem.o)
                0x0000000000007cb8                xmem_init
                0x0000000000007cd4                xmem_pread
                0x0000000000007dac                xmem_pwrite
                0x0000000000007eea                xmem_erase
 .text          0x0000000000007fa0      0x468 contiki-sky.a(cc2420.o)
                0x0000000000007fbc                cc2420_init
                0x00000000000082a4                cc2420_set_channel
                0x0000000000008308                cc2420_set_txpower
                0x00000000000083ae                cc2420_get_txpower
 .text          0x0000000000008408       0x6e contiki-sky.a(node-id.o)
                0x0000000000008408                node_id_restore
                0x0000000000008440                node_id_burn
 .text          0x0000000000008476      0x1b2 contiki-sky.a(uart1.o)
                0x0000000000008476                uart1_active
                0x000000000000848e                uart1_set_input
                0x0000000000008494                uart1_writeb
                0x00000000000084c6                uart1_init
                0x00000000000085a4                uart1_rx_interrupt
                0x00000000000085a4                __isr_3
                0x00000000000085f8                __isr_2
                0x00000000000085f8                uart1_tx_interrupt
 .text          0x0000000000008628      0x1b2 contiki-sky.a(clock.o)
                0x0000000000008628                etimer_interrupt
                0x000000000000869a                __isr_5
                0x000000000000869a                timera1
                0x000000000000870a                clock_time
                0x0000000000008724                clock_set
                0x000000000000873a                clock_fine_max
                0x0000000000008740                clock_fine
                0x000000000000874a                clock_init
                0x0000000000008772                clock_delay
                0x0000000000008778                clock_wait
                0x00000000000087b8                clock_set_seconds
                0x00000000000087ba                clock_seconds
                0x00000000000087d4                clock_counter
 .text          0x00000000000087da       0x7c contiki-sky.a(leds-arch.o)
                0x00000000000087da                leds_arch_init
                0x00000000000087e8                leds_arch_get
                0x000000000000881c                leds_arch_set
 .text          0x0000000000008856       0x10 contiki-sky.a(uart1-putchar.o)
                0x0000000000008856                putchar
 .text          0x0000000000008866       0x3c contiki-sky.a(rtimer-arch.o)
                0x0000000000008866                __isr_6
                0x0000000000008866                timera0
                0x0000000000008882                rtimer_arch_init
                0x0000000000008890                rtimer_arch_schedule
 .text          0x00000000000088a2       0x88 contiki-sky.a(rand.o)
                0x00000000000088a2                rand
                0x0000000000008920                srand
 .text          0x000000000000892a       0x90 contiki-sky.a(timer.o)
                0x000000000000892a                timer_set
                0x0000000000008946                timer_reset
                0x0000000000008954                timer_restart
                0x0000000000008968                timer_expired
                0x0000000000008992                timer_remaining
 .text          0x00000000000089ba      0x1e4 contiki-sky.a(ctimer.o)
                0x0000000000008a5e                ctimer_init
                0x0000000000008a76                ctimer_set
                0x0000000000008ad0                ctimer_reset
                0x0000000000008b0a                ctimer_restart
                0x0000000000008b44                ctimer_stop
                0x0000000000008b6c                ctimer_expired
 .text          0x0000000000008b9e       0x98 contiki-sky.a(ringbuf.o)
                0x0000000000008b9e                ringbuf_init
                0x0000000000008bb2                ringbuf_put
                0x0000000000008bea                ringbuf_get
                0x0000000000008c1c                ringbuf_size
                0x0000000000008c24                ringbuf_elements
 .text          0x0000000000008c36       0x32 contiki-sky.a(spi.o)
                0x0000000000008c36                spi_init
 .text          0x0000000000008c68       0xfe contiki-sky.a(list.o)
                0x0000000000008c68                list_init
                0x0000000000008c6e                list_head
                0x0000000000008c72                list_copy
                0x0000000000008c78                list_tail
                0x0000000000008c8a                list_chop
                0x0000000000008cae                list_pop
                0x0000000000008cbc                list_remove
                0x0000000000008cf0                list_push
                0x0000000000008d0a                list_add
                0x0000000000008d34                list_length
                0x0000000000008d44                list_insert
                0x0000000000008d5a                list_item_next
 .text          0x0000000000008d66        0x0 /usr/bin/../lib/gcc/msp430/4.6.3/mmpy-16/libgcc.a(_mulsi3.o)
 .text.libgcc   0x0000000000008d66       0x2c /usr/bin/../lib/gcc/msp430/4.6.3/mmpy-16/libgcc.a(_mulsi3.o)
                0x0000000000008d66                __mulsi3
 .text          0x0000000000008d92        0x0 /usr/bin/../lib/gcc/msp430/4.6.3/mmpy-16/libgcc.a(_udivmod16.o)
 .text.libgcc   0x0000000000008d92       0x22 /usr/bin/../lib/gcc/msp430/4.6.3/mmpy-16/libgcc.a(_udivmod16.o)
                0x0000000000008d92                __udivhi3
                0x0000000000008d92                __ext_udivmod16
                0x0000000000008dac                __umodhi3
 .text          0x0000000000008db4        0x0 /usr/bin/../lib/gcc/msp430/4.6.3/mmpy-16/libgcc.a(_divmod16.o)
 .text.libgcc   0x0000000000008db4       0x3a /usr/bin/../lib/gcc/msp430/4.6.3/mmpy-16/libgcc.a(_divmod16.o)
                0x0000000000008db4                __ext_divmod16
                0x0000000000008db4                __divhi3
                0x0000000000008de6                __modhi3
 .text          0x0000000000008dee        0x0 /usr/bin/../lib/gcc/msp430/4.6.3/mmpy-16/libgcc.a(_udivmod32.o)
 .text.libgcc   0x0000000000008dee       0x40 /usr/bin/../lib/gcc/msp430/4.6.3/mmpy-16/libgcc.a(_udivmod32.o)
                0x0000000000008dee                __udivsi3
                0x0000000000008dee                __ext_udivmod32
                0x0000000000008e24                __umodsi3
 .text          0x0000000000008e2e        0x0 /usr/bin/../lib/gcc/msp430/4.6.3/mmpy-16/libgcc.a(_divmod32.o)
 .text.libgcc   0x0000000000008e2e       0x4c /usr/bin/../lib/gcc/msp430/4.6.3/mmpy-16/libgcc.a(_divmod32.o)
                0x0000000000008e2e                __ext_divmod32
                0x0000000000008e2e                __divsi3
                0x0000000000008e70                __modsi3
 .text          0x0000000000008e7a       0x42 /usr/bin/../lib/gcc/msp430/4.6.3/mmpy-16/libgcc.a(_fixunssfsi.o)
                0x0000000000008e7a                __fixunssfsi
 .text          0x0000000000008ebc      0x32e /usr/bin/../lib/gcc/msp430/4.6.3/mmpy-16/libgcc.a(_addsub_sf.o)
                0x000000000000914e                __addsf3
                0x000000000000919a                __subsf3
 .text          0x00000000000091ea      0x224 /usr/bin/../lib/gcc/msp430/4.6.3/mmpy-16/libgcc.a(_mul_sf.o)
                0x00000000000091ea                __mulsf3
 .text          0x000000000000940e       0x50 /usr/bin/../lib/gcc/msp430/4.6.3/mmpy-16/libgcc.a(_ge_sf.o)
                0x000000000000940e                __gesf2
 .text          0x000000000000945e       0x90 /usr/bin/../lib/gcc/msp430/4.6.3/mmpy-16/libgcc.a(_sf_to_si.o)
                0x000000000000945e                __fixsfsi
 .text          0x00000000000094ee        0x0 /usr/bin/../lib/gcc/msp430/4.6.3/mmpy-16/libgcc.a(_thenan_sf.o)
 .text          0x00000000000094ee       0xe2 /usr/bin/../lib/gcc/msp430/4.6.3/mmpy-16/libgcc.a(_usi_to_sf.o)
                0x00000000000094ee                __floatunsisf
 .text          0x00000000000095d0       0x72 /usr/bin/../lib/gcc/msp430/4.6.3/mmpy-16/libgcc.a(_clzsi2.o)
                0x00000000000095d0                __clzsi2
 .text          0x0000000000009642      0x1de /usr/bin/../lib/gcc/msp430/4.6.3/mmpy-16/libgcc.a(_pack_sf.o)
                0x0000000000009642                __pack_f
 .text          0x0000000000009820      0x124 /usr/bin/../lib/gcc/msp430/4.6.3/mmpy-16/libgcc.a(_unpack_sf.o)
                0x0000000000009820                __unpack_f
 .text          0x0000000000009944       0xa4 /usr/bin/../lib/gcc/msp430/4.6.3/mmpy-16/libgcc.a(_fpcmp_parts_sf.o)
                0x0000000000009944                __fpcmp_parts_f
 .text          0x00000000000099e8        0x0 /usr/bin/../lib/gcc/msp430/4.6.3/mmpy-16/libgcc.a(_clz.o)
 .text          0x00000000000099e8       0x1e /usr/bin/../lib/gcc/msp430/4.6.3/../../../../msp430/lib/mmpy-16/libc.a(strcmp.o)
                0x00000000000099e8                strcmp
 .text          0x0000000000009a06       0x2a /usr/bin/../lib/gcc/msp430/4.6.3/../../../../msp430/lib/mmpy-16/libc.a(strncpy.o)
                0x0000000000009a06                strncpy
 .text          0x0000000000009a30       0x1e /usr/bin/../lib/gcc/msp430/4.6.3/../../../../msp430/lib/mmpy-16/libc.a(printf.o)
                0x0000000000009a30                printf
                0x0000000000009a40                vprintf
 .text          0x0000000000009a4e      0x836 /usr/bin/../lib/gcc/msp430/4.6.3/../../../../msp430/lib/mmpy-16/libc.a(vuprintf.o)
                0x0000000000009be6                vuprintf
 .text          0x000000000000a284       0x2c /usr/bin/../lib/gcc/msp430/4.6.3/../../../../msp430/lib/mmpy-16/libc.a(puts.o)
                0x000000000000a284                puts
 .text          0x000000000000a2b0        0x0 /usr/bin/../lib/gcc/msp430/4.6.3/mmpy-16/libgcc.a(_udivmod64.o)
 .text.libgcc   0x000000000000a2b0       0xf0 /usr/bin/../lib/gcc/msp430/4.6.3/mmpy-16/libgcc.a(_udivmod64.o)
                0x000000000000a2b0                __xabi_udivmod64
                0x000000000000a30e                __udivdi3
                0x000000000000a334                __umoddi3
                0x000000000000a362                __udivmoddi4
 .text          0x000000000000a3a0        0x0 /usr/bin/../lib/gcc/msp430/4.6.3/mmpy-16/libcrt0.a(_reset_vector__.o)
 .text          0x000000000000a3a0        0x0 /usr/bin/../lib/gcc/msp430/4.6.3/mmpy-16/libcrt0.a(__watchdog_support.o)
 .text          0x000000000000a3a0        0x0 /usr/bin/../lib/gcc/msp430/4.6.3/mmpy-16/libcrt0.a(__init_stack.o)
 .text          0x000000000000a3a0        0x0 /usr/bin/../lib/gcc/msp430/4.6.3/mmpy-16/libcrt0.a(__low_level_init.o)
 .text          0x000000000000a3a0        0x0 /usr/bin/../lib/gcc/msp430/4.6.3/mmpy-16/libcrt0.a(_copy_data.o)
 .text          0x000000000000a3a0        0x0 /usr/bin/../lib/gcc/msp430/4.6.3/mmpy-16/libcrt0.a(_clear_bss.o)
 .text          0x000000000000a3a0        0x0 /usr/bin/../lib/gcc/msp430/4.6.3/mmpy-16/libcrt0.a(__stop_progExec__.o)
 .text          0x000000000000a3a0        0x0 /usr/bin/../lib/gcc/msp430/4.6.3/mmpy-16/libcrt0.a(_endless_loop__.o)
 .text          0x000000000000a3a0        0x0 /usr/bin/../lib/gcc/msp430/4.6.3/mmpy-16/libcrt0.a(_unexpected_.o)
 .text.crt0     0x000000000000a3a0        0x2 /usr/bin/../lib/gcc/msp430/4.6.3/mmpy-16/libcrt0.a(_unexpected_.o)
                0x000000000000a3a0                _unexpected_
                0x000000000000a3a2                . = ALIGN (0x2)

.rodata         0x000000000000a3a2      0x26e
                0x000000000000a3a2                . = ALIGN (0x2)
 *(.rodata .rodata.* .gnu.linkonce.r.*)
 .rodata        0x000000000000a3a2       0x3c staffetta-test.co
                0x000000000000a3ca                autostart_processes
 .rodata        0x000000000000a3de       0x50 obj_sky/contiki-sky-main.o
 .rodata        0x000000000000a42e        0xc contiki-sky.a(etimer.o)
 .rodata        0x000000000000a43a       0x64 contiki-sky.a(energytrace.o)
 .rodata        0x000000000000a49e       0x53 contiki-sky.a(staffetta.o)
 .rodata        0x000000000000a4f1        0xf contiki-sky.a(ctimer.o)
 .rodata        0x000000000000a500        0x8 /usr/bin/../lib/gcc/msp430/4.6.3/mmpy-16/libgcc.a(_thenan_sf.o)
                0x000000000000a500                __thenan_sf
 .rodata        0x000000000000a508      0x100 /usr/bin/../lib/gcc/msp430/4.6.3/mmpy-16/libgcc.a(_clz.o)
                0x000000000000a508                __clz_tab
 .rodata        0x000000000000a608        0x7 /usr/bin/../lib/gcc/msp430/4.6.3/../../../../msp430/lib/mmpy-16/libc.a(vuprintf.o)
                0x000000000000a610                . = ALIGN (0x2)
 *fill*         0x000000000000a60f        0x1 00
                0x000000000000a610                _etext = .

.data           0x0000000000001100       0x4e load address 0x000000000000a610
                0x0000000000001100                . = ALIGN (0x2)
                0x0000000000001100                PROVIDE (__data_start, .)
 *(.data .data.* .gnu.linkonce.d.*)
 .data          0x0000000000001100        0x0 /usr/bin/../lib/gcc/msp430/4.6.3/mmpy-16/crt0ivtbl16.o
 .data          0x0000000000001100       0x14 staffetta-test.co
                0x0000000000001100                staffetta_print_stats_process
                0x000000000000110a                staffetta_test
 .data          0x0000000000001114        0x4 obj_sky/contiki-sky-main.o
                0x0000000000001114                TOS_LOCAL_ADDRESS
                0x0000000000001116                TOS_NODE_ID
 .data          0x0000000000001118        0x0 contiki-sky.a(process.o)
 .data          0x0000000000001118        0x0 contiki-sky.a(autostart.o)
 .data          0x0000000000001118        0x0 contiki-sky.a(random.o)
 .data          0x0000000000001118        0xa contiki-sky.a(etimer.o)
                0x0000000000001118                etimer_process
 .data          0x0000000000001122        0x0 contiki-sky.a(energest.o)
 .data          0x0000000000001122        0x0 contiki-sky.a(rtimer.o)
 .data          0x0000000000001122        0x0 contiki-sky.a(metric.o)
 .data          0x0000000000001122        0x0 contiki-sky.a(gpio.o)
 .data          0x0000000000001122       0x18 contiki-sky.a(energytrace.o)
                0x0000000000001122                energytrace_process_print
                0x000000000000112c                energytrace_process
                0x0000000000001136                remaining_energy
 .data          0x000000000000113a        0x8 contiki-sky.a(staffetta.o)
 .data          0x0000000000001142        0x2 contiki-sky.a(msp430.o)
 .data          0x0000000000001144        0x0 contiki-sky.a(leds.o)
 .data          0x0000000000001144        0x0 contiki-sky.a(watchdog.o)
 .data          0x0000000000001144        0x0 contiki-sky.a(xmem.o)
 .data          0x0000000000001144        0x0 contiki-sky.a(cc2420.o)
 .data          0x0000000000001144        0x0 contiki-sky.a(node-id.o)
 .data          0x0000000000001144        0x0 contiki-sky.a(uart1.o)
 .data          0x0000000000001144        0x0 contiki-sky.a(clock.o)
 .data          0x0000000000001144        0x0 contiki-sky.a(leds-arch.o)
 .data          0x0000000000001144        0x0 contiki-sky.a(uart1-putchar.o)
 .data          0x0000000000001144        0x0 contiki-sky.a(rtimer-arch.o)
 .data          0x0000000000001144        0x0 contiki-sky.a(rand.o)
 .data          0x0000000000001144        0x0 contiki-sky.a(timer.o)
 .data          0x0000000000001144        0xa contiki-sky.a(ctimer.o)
                0x0000000000001144                ctimer_process
 .data          0x000000000000114e        0x0 contiki-sky.a(ringbuf.o)
 .data          0x000000000000114e        0x0 contiki-sky.a(spi.o)
 .data          0x000000000000114e        0x0 contiki-sky.a(list.o)
 .data          0x000000000000114e        0x0 /usr/bin/../lib/gcc/msp430/4.6.3/mmpy-16/libgcc.a(_mulsi3.o)
 .data          0x000000000000114e        0x0 /usr/bin/../lib/gcc/msp430/4.6.3/mmpy-16/libgcc.a(_udivmod16.o)
 .data          0x000000000000114e        0x0 /usr/bin/../lib/gcc/msp430/4.6.3/mmpy-16/libgcc.a(_divmod16.o)
 .data          0x000000000000114e        0x0 /usr/bin/../lib/gcc/msp430/4.6.3/mmpy-16/libgcc.a(_udivmod32.o)
 .data          0x000000000000114e        0x0 /usr/bin/../lib/gcc/msp430/4.6.3/mmpy-16/libgcc.a(_divmod32.o)
 .data          0x000000000000114e        0x0 /usr/bin/../lib/gcc/msp430/4.6.3/mmpy-16/libgcc.a(_fixunssfsi.o)
 .data          0x000000000000114e        0x0 /usr/bin/../lib/gcc/msp430/4.6.3/mmpy-16/libgcc.a(_addsub_sf.o)
 .data          0x000000000000114e        0x0 /usr/bin/../lib/gcc/msp430/4.6.3/mmpy-16/libgcc.a(_mul_sf.o)
 .data          0x000000000000114e        0x0 /usr/bin/../lib/gcc/msp430/4.6.3/mmpy-16/libgcc.a(_ge_sf.o)
 .data          0x000000000000114e        0x0 /usr/bin/../lib/gcc/msp430/4.6.3/mmpy-16/libgcc.a(_sf_to_si.o)
 .data          0x000000000000114e        0x0 /usr/bin/../lib/gcc/msp430/4.6.3/mmpy-16/libgcc.a(_thenan_sf.o)
 .data          0x000000000000114e        0x0 /usr/bin/../lib/gcc/msp430/4.6.3/mmpy-16/libgcc.a(_usi_to_sf.o)
 .data          0x000000000000114e        0x0 /usr/bin/../lib/gcc/msp430/4.6.3/mmpy-16/libgcc.a(_clzsi2.o)
 .data          0x000000000000114e        0x0 /usr/bin/../lib/gcc/msp430/4.6.3/mmpy-16/libgcc.a(_pack_sf.o)
 .data          0x000000000000114e        0x0 /usr/bin/../lib/gcc/msp430/4.6.3/mmpy-16/libgcc.a(_unpack_sf.o)
 .data          0x000000000000114e        0x0 /usr/bin/../lib/gcc/msp430/4.6.3/mmpy-16/libgcc.a(_fpcmp_parts_sf.o)
 .data          0x000000000000114e        0x0 /usr/bin/../lib/gcc/msp430/4.6.3/mmpy-16/libgcc.a(_clz.o)
 .data          0x000000000000114e        0x0 /usr/bin/../lib/gcc/msp430/4.6.3/../../../../msp430/lib/mmpy-16/libc.a(strcmp.o)
 .data          0x000000000000114e        0x0 /usr/bin/../lib/gcc/msp430/4.6.3/../../../../msp430/lib/mmpy-16/libc.a(strncpy.o)
 .data          0x000000000000114e        0x0 /usr/bin/../lib/gcc/msp430/4.6.3/../../../../msp430/lib/mmpy-16/libc.a(printf.o)
 .data          0x000000000000114e        0x0 /usr/bin/../lib/gcc/msp430/4.6.3/../../../../msp430/lib/mmpy-16/libc.a(vuprintf.o)
 .data          0x000000000000114e        0x0 /usr/bin/../lib/gcc/msp430/4.6.3/../../../../msp430/lib/mmpy-16/libc.a(puts.o)
 .data          0x000000000000114e        0x0 /usr/bin/../lib/gcc/msp430/4.6.3/mmpy-16/libgcc.a(_udivmod64.o)
 .data          0x000000000000114e        0x0 /usr/bin/../lib/gcc/msp430/4.6.3/mmpy-16/libcrt0.a(_reset_vector__.o)
 .data          0x000000000000114e        0x0 /usr/bin/../lib/gcc/msp430/4.6.3/mmpy-16/libcrt0.a(__watchdog_support.o)
 .data          0x000000000000114e        0x0 /usr/bin/../lib/gcc/msp430/4.6.3/mmpy-16/libcrt0.a(__init_stack.o)
 .data          0x000000000000114e        0x0 /usr/bin/../lib/gcc/msp430/4.6.3/mmpy-16/libcrt0.a(__low_level_init.o)
 .data          0x000000000000114e        0x0 /usr/bin/../lib/gcc/msp430/4.6.3/mmpy-16/libcrt0.a(_copy_data.o)
 .data          0x000000000000114e        0x0 /usr/bin/../lib/gcc/msp430/4.6.3/mmpy-16/libcrt0.a(_clear_bss.o)
 .data          0x000000000000114e        0x0 /usr/bin/../lib/gcc/msp430/4.6.3/mmpy-16/libcrt0.a(__stop_progExec__.o)
 .data          0x000000000000114e        0x0 /usr/bin/../lib/gcc/msp430/4.6.3/mmpy-16/libcrt0.a(_endless_loop__.o)
 .data          0x000000000000114e        0x0 /usr/bin/../lib/gcc/msp430/4.6.3/mmpy-16/libcrt0.a(_unexpected_.o)
                0x000000000000114e                . = ALIGN (0x2)
                0x000000000000114e                _edata = .
                0x000000000000a610                PROVIDE (__data_load_start, LOADADDR (.data))
                0x000000000000004e                PROVIDE (__data_size, SIZEOF (.data))

.bss            0x000000000000114e      0x994 load address 0x000000000000a65e
                0x000000000000114e                PROVIDE (__bss_start, .)
 *(.bss .bss.*)
 .bss           0x000000000000114e        0x0 /usr/bin/../lib/gcc/msp430/4.6.3/mmpy-16/crt0ivtbl16.o
 .bss           0x000000000000114e       0x1c staffetta-test.co
 .bss           0x000000000000116a        0x4 obj_sky/contiki-sky-main.o
 .bss           0x000000000000116e       0x42 contiki-sky.a(process.o)
                0x000000000000116e                process_current
                0x0000000000001170                process_list
 .bss           0x00000000000011b0        0x0 contiki-sky.a(autostart.o)
 .bss           0x00000000000011b0        0x0 contiki-sky.a(random.o)
 .bss           0x00000000000011b0        0x6 contiki-sky.a(etimer.o)
 .bss           0x00000000000011b6        0x0 contiki-sky.a(energest.o)
 .bss           0x00000000000011b6        0x2 contiki-sky.a(rtimer.o)
 .bss           0x00000000000011b8        0x4 contiki-sky.a(metric.o)
                0x00000000000011b8                harvesting_rate
                0x00000000000011ba                node_energy_state
 .bss           0x00000000000011bc        0x2 contiki-sky.a(gpio.o)
 .bss           0x00000000000011be       0xca contiki-sky.a(energytrace.o)
                0x00000000000011be                acum_consumption
                0x00000000000011c2                harvesting_array_index
                0x00000000000011c4                harvesting_rate_array
                0x00000000000011d8                node_dc_state
                0x00000000000011da                node_state_old
 .bss           0x0000000000001288      0x74a contiki-sky.a(staffetta.o)
 .bss           0x00000000000019d2        0x0 contiki-sky.a(msp430.o)
 .bss           0x00000000000019d2        0x2 contiki-sky.a(leds.o)
 .bss           0x00000000000019d4        0x2 contiki-sky.a(watchdog.o)
 .bss           0x00000000000019d6        0x0 contiki-sky.a(xmem.o)
 .bss           0x00000000000019d6        0x0 contiki-sky.a(cc2420.o)
 .bss           0x00000000000019d6        0x2 contiki-sky.a(node-id.o)
                0x00000000000019d6                node_id
 .bss           0x00000000000019d8       0x4a contiki-sky.a(uart1.o)
 .bss           0x0000000000001a22        0xa contiki-sky.a(clock.o)
 .bss           0x0000000000001a2c        0x0 contiki-sky.a(leds-arch.o)
 .bss           0x0000000000001a2c        0x0 contiki-sky.a(uart1-putchar.o)
 .bss           0x0000000000001a2c        0x0 contiki-sky.a(rtimer-arch.o)
 .bss           0x0000000000001a2c        0x0 contiki-sky.a(rand.o)
 .bss           0x0000000000001a2c        0x0 contiki-sky.a(timer.o)
 .bss           0x0000000000001a2c        0x4 contiki-sky.a(ctimer.o)
 .bss           0x0000000000001a30        0x0 contiki-sky.a(ringbuf.o)
 .bss           0x0000000000001a30        0x2 contiki-sky.a(spi.o)
                0x0000000000001a30                spi_busy
 .bss           0x0000000000001a32        0x0 contiki-sky.a(list.o)
 .bss           0x0000000000001a32        0x0 /usr/bin/../lib/gcc/msp430/4.6.3/mmpy-16/libgcc.a(_mulsi3.o)
 .bss           0x0000000000001a32        0x0 /usr/bin/../lib/gcc/msp430/4.6.3/mmpy-16/libgcc.a(_udivmod16.o)
 .bss           0x0000000000001a32        0x0 /usr/bin/../lib/gcc/msp430/4.6.3/mmpy-16/libgcc.a(_divmod16.o)
 .bss           0x0000000000001a32        0x0 /usr/bin/../lib/gcc/msp430/4.6.3/mmpy-16/libgcc.a(_udivmod32.o)
 .bss           0x0000000000001a32        0x0 /usr/bin/../lib/gcc/msp430/4.6.3/mmpy-16/libgcc.a(_divmod32.o)
 .bss           0x0000000000001a32        0x0 /usr/bin/../lib/gcc/msp430/4.6.3/mmpy-16/libgcc.a(_fixunssfsi.o)
 .bss           0x0000000000001a32        0x0 /usr/bin/../lib/gcc/msp430/4.6.3/mmpy-16/libgcc.a(_addsub_sf.o)
 .bss           0x0000000000001a32        0x0 /usr/bin/../lib/gcc/msp430/4.6.3/mmpy-16/libgcc.a(_mul_sf.o)
 .bss           0x0000000000001a32        0x0 /usr/bin/../lib/gcc/msp430/4.6.3/mmpy-16/libgcc.a(_ge_sf.o)
 .bss           0x0000000000001a32        0x0 /usr/bin/../lib/gcc/msp430/4.6.3/mmpy-16/libgcc.a(_sf_to_si.o)
 .bss           0x0000000000001a32        0x0 /usr/bin/../lib/gcc/msp430/4.6.3/mmpy-16/libgcc.a(_thenan_sf.o)
 .bss           0x0000000000001a32        0x0 /usr/bin/../lib/gcc/msp430/4.6.3/mmpy-16/libgcc.a(_usi_to_sf.o)
 .bss           0x0000000000001a32        0x0 /usr/bin/../lib/gcc/msp430/4.6.3/mmpy-16/libgcc.a(_clzsi2.o)
 .bss           0x0000000000001a32        0x0 /usr/bin/../lib/gcc/msp430/4.6.3/mmpy-16/libgcc.a(_pack_sf.o)
 .bss           0x0000000000001a32        0x0 /usr/bin/../lib/gcc/msp430/4.6.3/mmpy-16/libgcc.a(_unpack_sf.o)
 .bss           0x0000000000001a32        0x0 /usr/bin/../lib/gcc/msp430/4.6.3/mmpy-16/libgcc.a(_fpcmp_parts_sf.o)
 .bss           0x0000000000001a32        0x0 /usr/bin/../lib/gcc/msp430/4.6.3/mmpy-16/libgcc.a(_clz.o)
 .bss           0x0000000000001a32        0x0 /usr/bin/../lib/gcc/msp430/4.6.3/../../../../msp430/lib/mmpy-16/libc.a(strcmp.o)
 .bss           0x0000000000001a32        0x0 /usr/bin/../lib/gcc/msp430/4.6.3/../../../../msp430/lib/mmpy-16/libc.a(strncpy.o)
 .bss           0x0000000000001a32        0x0 /usr/bin/../lib/gcc/msp430/4.6.3/../../../../msp430/lib/mmpy-16/libc.a(printf.o)
 .bss           0x0000000000001a32        0x0 /usr/bin/../lib/gcc/msp430/4.6.3/../../../../msp430/lib/mmpy-16/libc.a(vuprintf.o)
 .bss           0x0000000000001a32        0x0 /usr/bin/../lib/gcc/msp430/4.6.3/../../../../msp430/lib/mmpy-16/libc.a(puts.o)
 .bss           0x0000000000001a32        0x0 /usr/bin/../lib/gcc/msp430/4.6.3/mmpy-16/libgcc.a(_udivmod64.o)
 .bss           0x0000000000001a32        0x0 /usr/bin/../lib/gcc/msp430/4.6.3/mmpy-16/libcrt0.a(_reset_vector__.o)
 .bss           0x0000000000001a32        0x0 /usr/bin/../lib/gcc/msp430/4.6.3/mmpy-16/libcrt0.a(__watchdog_support.o)
 .bss           0x0000000000001a32        0x0 /usr/bin/../lib/gcc/msp430/4.6.3/mmpy-16/libcrt0.a(__init_stack.o)
 .bss           0x0000000000001a32        0x0 /usr/bin/../lib/gcc/msp430/4.6.3/mmpy-16/libcrt0.a(__low_level_init.o)
 .bss           0x0000000000001a32        0x0 /usr/bin/../lib/gcc/msp430/4.6.3/mmpy-16/libcrt0.a(_copy_data.o)
 .bss           0x0000000000001a32        0x0 /usr/bin/../lib/gcc/msp430/4.6.3/mmpy-16/libcrt0.a(_clear_bss.o)
 .bss           0x0000000000001a32        0x0 /usr/bin/../lib/gcc/msp430/4.6.3/mmpy-16/libcrt0.a(__stop_progExec__.o)
 .bss           0x0000000000001a32        0x0 /usr/bin/../lib/gcc/msp430/4.6.3/mmpy-16/libcrt0.a(_endless_loop__.o)
 .bss           0x0000000000001a32        0x0 /usr/bin/../lib/gcc/msp430/4.6.3/mmpy-16/libcrt0.a(_unexpected_.o)
 *(COMMON)
 COMMON         0x0000000000001a32        0x1 contiki-sky.a(process.o)
                0x0000000000001a32                process_maxevents
 *fill*         0x0000000000001a33        0x1 00
 COMMON         0x0000000000001a34       0x56 contiki-sky.a(energest.o)
                0x0000000000001a34                energest_total_time
                0x0000000000001a64                energest_total_count
                0x0000000000001a66                energest_current_mode
                0x0000000000001a72                energest_current_time
 COMMON         0x0000000000001a8a        0x2 contiki-sky.a(metric.o)
                0x0000000000001a8a                node_duty_cycle
 COMMON         0x0000000000001a8c        0x3 contiki-sky.a(energytrace.o)
                0x0000000000001a8c                node_state
                0x0000000000001a8e                node_activation_ev
 *fill*         0x0000000000001a8f        0x1 00
 COMMON         0x0000000000001a90       0x52 contiki-sky.a(staffetta.o)
                0x0000000000001a90                index
                0x0000000000001a92                edc_id
                0x0000000000001ae2                . = ALIGN (0x2)
                0x0000000000001ae2                PROVIDE (__bss_end, .)
                0x0000000000000994                PROVIDE (__bss_size, SIZEOF (.bss))

.noinit         0x0000000000001ae2        0x6 load address 0x000000000000a65e
                0x0000000000001ae2                PROVIDE (__noinit_start, .)
 *(.noinit .noinit.*)
 .noinit        0x0000000000001ae2        0x4 contiki-sky.a(rand.o)
                0x0000000000001ae2                rand_state
 .noinit.crt0   0x0000000000001ae6        0x2 /usr/bin/../lib/gcc/msp430/4.6.3/mmpy-16/libcrt0.a(__watchdog_support.o)
                0x0000000000001ae6                __wdt_clear_value
                0x0000000000001ae8                . = ALIGN (0x2)
                0x0000000000001ae8                PROVIDE (__noinit_end, .)
                0x0000000000001ae8                . = ALIGN (0x2)
                0x0000000000001ae8                _end = .

.infomem        0x0000000000001000        0x0
 *(.infomem)
                0x0000000000001000                . = ALIGN (0x2)
 *(.infomem.*)

.infomemnobits  0x0000000000001000        0x0
 *(.infomemnobits)
                0x0000000000001000                . = ALIGN (0x2)
 *(.infomemnobits.*)

.infoa
 *(.infoa .infoa.*)

.infob
 *(.infob .infob.*)

.infoc
 *(.infoc .infoc.*)

.infod
 *(.infod .infod.*)

.vectors        0x000000000000ffe0       0x20
                0x000000000000ffe0                PROVIDE (__vectors_start, .)
 *(.vectors*)
 .vectors       0x000000000000ffe0       0x20 /usr/bin/../lib/gcc/msp430/4.6.3/mmpy-16/crt0ivtbl16.o
                0x000000000000ffe0                __ivtbl_16
                0x0000000000010000                _vectors_end = .

.fartext        0x0000000000000000        0x0
                0x0000000000000000                . = ALIGN (0x2)
 *(.fartext)
                0x0000000000000000                . = ALIGN (0x2)
 *(.fartext.*)
                0x0000000000000000                _efartext = .

.profiler
 *(.profiler)

.stab
 *(.stab)

.stabstr
 *(.stabstr)

.stab.excl
 *(.stab.excl)

.stab.exclstr
 *(.stab.exclstr)

.stab.index
 *(.stab.index)

.stab.indexstr
 *(.stab.indexstr)

.comment
 *(.comment)

.debug
 *(.debug)

.line
 *(.line)

.debug_srcinfo
 *(.debug_srcinfo)

.debug_sfnames
 *(.debug_sfnames)

.debug_aranges  0x0000000000000000      0x460
 *(.debug_aranges)
 .debug_aranges
                0x0000000000000000       0x14 staffetta-test.co
 .debug_aranges
                0x0000000000000014       0x14 obj_sky/contiki-sky-main.o
 .debug_aranges
                0x0000000000000028       0x14 contiki-sky.a(process.o)
 .debug_aranges
                0x000000000000003c       0x14 contiki-sky.a(autostart.o)
 .debug_aranges
                0x0000000000000050       0x14 contiki-sky.a(random.o)
 .debug_aranges
                0x0000000000000064       0x14 contiki-sky.a(etimer.o)
 .debug_aranges
                0x0000000000000078       0x14 contiki-sky.a(energest.o)
 .debug_aranges
                0x000000000000008c       0x14 contiki-sky.a(rtimer.o)
 .debug_aranges
                0x00000000000000a0       0x14 contiki-sky.a(metric.o)
 .debug_aranges
                0x00000000000000b4       0x14 contiki-sky.a(gpio.o)
 .debug_aranges
                0x00000000000000c8       0x14 contiki-sky.a(energytrace.o)
 .debug_aranges
                0x00000000000000dc       0x14 contiki-sky.a(staffetta.o)
 .debug_aranges
                0x00000000000000f0       0x14 contiki-sky.a(msp430.o)
 .debug_aranges
                0x0000000000000104       0x14 contiki-sky.a(leds.o)
 .debug_aranges
                0x0000000000000118       0x14 contiki-sky.a(watchdog.o)
 .debug_aranges
                0x000000000000012c       0x14 contiki-sky.a(xmem.o)
 .debug_aranges
                0x0000000000000140       0x14 contiki-sky.a(cc2420.o)
 .debug_aranges
                0x0000000000000154       0x14 contiki-sky.a(node-id.o)
 .debug_aranges
                0x0000000000000168       0x14 contiki-sky.a(uart1.o)
 .debug_aranges
                0x000000000000017c       0x14 contiki-sky.a(clock.o)
 .debug_aranges
                0x0000000000000190       0x14 contiki-sky.a(leds-arch.o)
 .debug_aranges
                0x00000000000001a4       0x14 contiki-sky.a(uart1-putchar.o)
 .debug_aranges
                0x00000000000001b8       0x14 contiki-sky.a(rtimer-arch.o)
 .debug_aranges
                0x00000000000001cc       0x14 contiki-sky.a(rand.o)
 .debug_aranges
                0x00000000000001e0       0x14 contiki-sky.a(timer.o)
 .debug_aranges
                0x00000000000001f4       0x14 contiki-sky.a(ctimer.o)
 .debug_aranges
                0x0000000000000208       0x14 contiki-sky.a(ringbuf.o)
 .debug_aranges
                0x000000000000021c       0x14 contiki-sky.a(spi.o)
 .debug_aranges
                0x0000000000000230       0x14 contiki-sky.a(list.o)
 .debug_aranges
                0x0000000000000244       0x14 /usr/bin/../lib/gcc/msp430/4.6.3/mmpy-16/libgcc.a(_mulsi3.o)
 .debug_aranges
                0x0000000000000258       0x14 /usr/bin/../lib/gcc/msp430/4.6.3/mmpy-16/libgcc.a(_udivmod16.o)
 .debug_aranges
                0x000000000000026c       0x14 /usr/bin/../lib/gcc/msp430/4.6.3/mmpy-16/libgcc.a(_divmod16.o)
 .debug_aranges
                0x0000000000000280       0x14 /usr/bin/../lib/gcc/msp430/4.6.3/mmpy-16/libgcc.a(_udivmod32.o)
 .debug_aranges
                0x0000000000000294       0x14 /usr/bin/../lib/gcc/msp430/4.6.3/mmpy-16/libgcc.a(_divmod32.o)
 .debug_aranges
                0x00000000000002a8       0x14 /usr/bin/../lib/gcc/msp430/4.6.3/mmpy-16/libgcc.a(_fixunssfsi.o)
 .debug_aranges
                0x00000000000002bc       0x14 /usr/bin/../lib/gcc/msp430/4.6.3/mmpy-16/libgcc.a(_addsub_sf.o)
 .debug_aranges
                0x00000000000002d0       0x14 /usr/bin/../lib/gcc/msp430/4.6.3/mmpy-16/libgcc.a(_mul_sf.o)
 .debug_aranges
                0x00000000000002e4       0x14 /usr/bin/../lib/gcc/msp430/4.6.3/mmpy-16/libgcc.a(_ge_sf.o)
 .debug_aranges
                0x00000000000002f8       0x14 /usr/bin/../lib/gcc/msp430/4.6.3/mmpy-16/libgcc.a(_sf_to_si.o)
 .debug_aranges
                0x000000000000030c       0x14 /usr/bin/../lib/gcc/msp430/4.6.3/mmpy-16/libgcc.a(_usi_to_sf.o)
 .debug_aranges
                0x0000000000000320       0x14 /usr/bin/../lib/gcc/msp430/4.6.3/mmpy-16/libgcc.a(_clzsi2.o)
 .debug_aranges
                0x0000000000000334       0x14 /usr/bin/../lib/gcc/msp430/4.6.3/mmpy-16/libgcc.a(_pack_sf.o)
 .debug_aranges
                0x0000000000000348       0x14 /usr/bin/../lib/gcc/msp430/4.6.3/mmpy-16/libgcc.a(_unpack_sf.o)
 .debug_aranges
                0x000000000000035c       0x14 /usr/bin/../lib/gcc/msp430/4.6.3/mmpy-16/libgcc.a(_fpcmp_parts_sf.o)
 .debug_aranges
                0x0000000000000370       0x14 /usr/bin/../lib/gcc/msp430/4.6.3/../../../../msp430/lib/mmpy-16/libc.a(strcmp.o)
 .debug_aranges
                0x0000000000000384       0x14 /usr/bin/../lib/gcc/msp430/4.6.3/../../../../msp430/lib/mmpy-16/libc.a(strncpy.o)
 .debug_aranges
                0x0000000000000398       0x14 /usr/bin/../lib/gcc/msp430/4.6.3/../../../../msp430/lib/mmpy-16/libc.a(printf.o)
 .debug_aranges
                0x00000000000003ac       0x14 /usr/bin/../lib/gcc/msp430/4.6.3/../../../../msp430/lib/mmpy-16/libc.a(vuprintf.o)
 .debug_aranges
                0x00000000000003c0       0x14 /usr/bin/../lib/gcc/msp430/4.6.3/../../../../msp430/lib/mmpy-16/libc.a(puts.o)
 .debug_aranges
                0x00000000000003d4       0x14 /usr/bin/../lib/gcc/msp430/4.6.3/mmpy-16/libgcc.a(_udivmod64.o)
 .debug_aranges
                0x00000000000003e8       0x14 /usr/bin/../lib/gcc/msp430/4.6.3/mmpy-16/libcrt0.a(__watchdog_support.o)
 .debug_aranges
                0x00000000000003fc       0x14 /usr/bin/../lib/gcc/msp430/4.6.3/mmpy-16/libcrt0.a(__init_stack.o)
 .debug_aranges
                0x0000000000000410       0x14 /usr/bin/../lib/gcc/msp430/4.6.3/mmpy-16/libcrt0.a(_copy_data.o)
 .debug_aranges
                0x0000000000000424       0x14 /usr/bin/../lib/gcc/msp430/4.6.3/mmpy-16/libcrt0.a(_clear_bss.o)
 .debug_aranges
                0x0000000000000438       0x14 /usr/bin/../lib/gcc/msp430/4.6.3/mmpy-16/libcrt0.a(_endless_loop__.o)
 .debug_aranges
                0x000000000000044c       0x14 /usr/bin/../lib/gcc/msp430/4.6.3/mmpy-16/libcrt0.a(_unexpected_.o)

.debug_pubnames
 *(.debug_pubnames)

.debug_info     0x0000000000000000     0x9743
 *(.debug_info)
 .debug_info    0x0000000000000000      0x42e staffetta-test.co
 .debug_info    0x000000000000042e      0x354 obj_sky/contiki-sky-main.o
 .debug_info    0x0000000000000782      0x53f contiki-sky.a(process.o)
 .debug_info    0x0000000000000cc1      0x1ad contiki-sky.a(autostart.o)
 .debug_info    0x0000000000000e6e       0xa0 contiki-sky.a(random.o)
 .debug_info    0x0000000000000f0e      0x4aa contiki-sky.a(etimer.o)
 .debug_info    0x00000000000013b8      0x265 contiki-sky.a(energest.o)
 .debug_info    0x000000000000161d      0x203 contiki-sky.a(rtimer.o)
 .debug_info    0x0000000000001820      0x1f9 contiki-sky.a(metric.o)
 .debug_info    0x0000000000001a19      0x279 contiki-sky.a(gpio.o)
 .debug_info    0x0000000000001c92     0x1c4b contiki-sky.a(energytrace.o)
 .debug_info    0x00000000000038dd      0xe1c contiki-sky.a(staffetta.o)
 .debug_info    0x00000000000046f9      0x36a contiki-sky.a(msp430.o)
 .debug_info    0x0000000000004a63      0x2fd contiki-sky.a(leds.o)
 .debug_info    0x0000000000004d60      0x129 contiki-sky.a(watchdog.o)
 .debug_info    0x0000000000004e89      0x4a8 contiki-sky.a(xmem.o)
 .debug_info    0x0000000000005331      0x3f8 contiki-sky.a(cc2420.o)
 .debug_info    0x0000000000005729       0xde contiki-sky.a(node-id.o)
 .debug_info    0x0000000000005807      0x2d6 contiki-sky.a(uart1.o)
 .debug_info    0x0000000000005add      0x391 contiki-sky.a(clock.o)
 .debug_info    0x0000000000005e6e       0xd9 contiki-sky.a(leds-arch.o)
 .debug_info    0x0000000000005f47       0x8b contiki-sky.a(uart1-putchar.o)
 .debug_info    0x0000000000005fd2       0xef contiki-sky.a(rtimer-arch.o)
 .debug_info    0x00000000000060c1      0x14c contiki-sky.a(rand.o)
 .debug_info    0x000000000000620d      0x170 contiki-sky.a(timer.o)
 .debug_info    0x000000000000637d      0x488 contiki-sky.a(ctimer.o)
 .debug_info    0x0000000000006805      0x1b0 contiki-sky.a(ringbuf.o)
 .debug_info    0x00000000000069b5      0x132 contiki-sky.a(spi.o)
 .debug_info    0x0000000000006ae7      0x2f0 contiki-sky.a(list.o)
 .debug_info    0x0000000000006dd7       0xb4 /usr/bin/../lib/gcc/msp430/4.6.3/mmpy-16/libgcc.a(_mulsi3.o)
 .debug_info    0x0000000000006e8b       0xb4 /usr/bin/../lib/gcc/msp430/4.6.3/mmpy-16/libgcc.a(_udivmod16.o)
 .debug_info    0x0000000000006f3f       0xb4 /usr/bin/../lib/gcc/msp430/4.6.3/mmpy-16/libgcc.a(_divmod16.o)
 .debug_info    0x0000000000006ff3       0xb4 /usr/bin/../lib/gcc/msp430/4.6.3/mmpy-16/libgcc.a(_udivmod32.o)
 .debug_info    0x00000000000070a7       0xb4 /usr/bin/../lib/gcc/msp430/4.6.3/mmpy-16/libgcc.a(_divmod32.o)
 .debug_info    0x000000000000715b       0xb5 /usr/bin/../lib/gcc/msp430/4.6.3/mmpy-16/libgcc.a(_fixunssfsi.o)
 .debug_info    0x0000000000007210      0x425 /usr/bin/../lib/gcc/msp430/4.6.3/mmpy-16/libgcc.a(_addsub_sf.o)
 .debug_info    0x0000000000007635      0x3c9 /usr/bin/../lib/gcc/msp430/4.6.3/mmpy-16/libgcc.a(_mul_sf.o)
 .debug_info    0x00000000000079fe      0x26e /usr/bin/../lib/gcc/msp430/4.6.3/mmpy-16/libgcc.a(_ge_sf.o)
 .debug_info    0x0000000000007c6c      0x289 /usr/bin/../lib/gcc/msp430/4.6.3/mmpy-16/libgcc.a(_sf_to_si.o)
 .debug_info    0x0000000000007ef5      0x144 /usr/bin/../lib/gcc/msp430/4.6.3/mmpy-16/libgcc.a(_thenan_sf.o)
 .debug_info    0x0000000000008039      0x204 /usr/bin/../lib/gcc/msp430/4.6.3/mmpy-16/libgcc.a(_usi_to_sf.o)
 .debug_info    0x000000000000823d      0x109 /usr/bin/../lib/gcc/msp430/4.6.3/mmpy-16/libgcc.a(_clzsi2.o)
 .debug_info    0x0000000000008346      0x2b1 /usr/bin/../lib/gcc/msp430/4.6.3/mmpy-16/libgcc.a(_pack_sf.o)
 .debug_info    0x00000000000085f7      0x23e /usr/bin/../lib/gcc/msp430/4.6.3/mmpy-16/libgcc.a(_unpack_sf.o)
 .debug_info    0x0000000000008835      0x1d5 /usr/bin/../lib/gcc/msp430/4.6.3/mmpy-16/libgcc.a(_fpcmp_parts_sf.o)
 .debug_info    0x0000000000008a0a       0xa0 /usr/bin/../lib/gcc/msp430/4.6.3/mmpy-16/libgcc.a(_clz.o)
 .debug_info    0x0000000000008aaa       0xa4 /usr/bin/../lib/gcc/msp430/4.6.3/../../../../msp430/lib/mmpy-16/libc.a(strcmp.o)
 .debug_info    0x0000000000008b4e       0xe1 /usr/bin/../lib/gcc/msp430/4.6.3/../../../../msp430/lib/mmpy-16/libc.a(strncpy.o)
 .debug_info    0x0000000000008c2f      0x105 /usr/bin/../lib/gcc/msp430/4.6.3/../../../../msp430/lib/mmpy-16/libc.a(printf.o)
 .debug_info    0x0000000000008d34      0x565 /usr/bin/../lib/gcc/msp430/4.6.3/../../../../msp430/lib/mmpy-16/libc.a(vuprintf.o)
 .debug_info    0x0000000000009299       0x96 /usr/bin/../lib/gcc/msp430/4.6.3/../../../../msp430/lib/mmpy-16/libc.a(puts.o)
 .debug_info    0x000000000000932f       0xb4 /usr/bin/../lib/gcc/msp430/4.6.3/mmpy-16/libgcc.a(_udivmod64.o)
 .debug_info    0x00000000000093e3       0x90 /usr/bin/../lib/gcc/msp430/4.6.3/mmpy-16/libcrt0.a(__watchdog_support.o)
 .debug_info    0x0000000000009473       0x90 /usr/bin/../lib/gcc/msp430/4.6.3/mmpy-16/libcrt0.a(__init_stack.o)
 .debug_info    0x0000000000009503       0x90 /usr/bin/../lib/gcc/msp430/4.6.3/mmpy-16/libcrt0.a(_copy_data.o)
 .debug_info    0x0000000000009593       0x90 /usr/bin/../lib/gcc/msp430/4.6.3/mmpy-16/libcrt0.a(_clear_bss.o)
 .debug_info    0x0000000000009623       0x90 /usr/bin/../lib/gcc/msp430/4.6.3/mmpy-16/libcrt0.a(_endless_loop__.o)
 .debug_info    0x00000000000096b3       0x90 /usr/bin/../lib/gcc/msp430/4.6.3/mmpy-16/libcrt0.a(_unexpected_.o)
 *(.gnu.linkonce.wi.*)

.debug_abbrev   0x0000000000000000     0x3c91
 *(.debug_abbrev)
 .debug_abbrev  0x0000000000000000      0x1cb staffetta-test.co
 .debug_abbrev  0x00000000000001cb      0x1bc obj_sky/contiki-sky-main.o
 .debug_abbrev  0x0000000000000387      0x323 contiki-sky.a(process.o)
 .debug_abbrev  0x00000000000006aa       0xf5 contiki-sky.a(autostart.o)
 .debug_abbrev  0x000000000000079f       0x67 contiki-sky.a(random.o)
 .debug_abbrev  0x0000000000000806      0x27a contiki-sky.a(etimer.o)
 .debug_abbrev  0x0000000000000a80      0x14e contiki-sky.a(energest.o)
 .debug_abbrev  0x0000000000000bce      0x139 contiki-sky.a(rtimer.o)
 .debug_abbrev  0x0000000000000d07       0xe2 contiki-sky.a(metric.o)
 .debug_abbrev  0x0000000000000de9      0x115 contiki-sky.a(gpio.o)
 .debug_abbrev  0x0000000000000efe      0x44c contiki-sky.a(energytrace.o)
 .debug_abbrev  0x000000000000134a      0x432 contiki-sky.a(staffetta.o)
 .debug_abbrev  0x000000000000177c      0x157 contiki-sky.a(msp430.o)
 .debug_abbrev  0x00000000000018d3      0x163 contiki-sky.a(leds.o)
 .debug_abbrev  0x0000000000001a36       0x91 contiki-sky.a(watchdog.o)
 .debug_abbrev  0x0000000000001ac7      0x21f contiki-sky.a(xmem.o)
 .debug_abbrev  0x0000000000001ce6      0x161 contiki-sky.a(cc2420.o)
 .debug_abbrev  0x0000000000001e47       0x82 contiki-sky.a(node-id.o)
 .debug_abbrev  0x0000000000001ec9      0x162 contiki-sky.a(uart1.o)
 .debug_abbrev  0x000000000000202b      0x1b5 contiki-sky.a(clock.o)
 .debug_abbrev  0x00000000000021e0       0x97 contiki-sky.a(leds-arch.o)
 .debug_abbrev  0x0000000000002277       0x50 contiki-sky.a(uart1-putchar.o)
 .debug_abbrev  0x00000000000022c7       0xa2 contiki-sky.a(rtimer-arch.o)
 .debug_abbrev  0x0000000000002369       0xae contiki-sky.a(rand.o)
 .debug_abbrev  0x0000000000002417       0xf8 contiki-sky.a(timer.o)
 .debug_abbrev  0x000000000000250f      0x1cb contiki-sky.a(ctimer.o)
 .debug_abbrev  0x00000000000026da      0x109 contiki-sky.a(ringbuf.o)
 .debug_abbrev  0x00000000000027e3       0x97 contiki-sky.a(spi.o)
 .debug_abbrev  0x000000000000287a      0x151 contiki-sky.a(list.o)
 .debug_abbrev  0x00000000000029cb       0x14 /usr/bin/../lib/gcc/msp430/4.6.3/mmpy-16/libgcc.a(_mulsi3.o)
 .debug_abbrev  0x00000000000029df       0x14 /usr/bin/../lib/gcc/msp430/4.6.3/mmpy-16/libgcc.a(_udivmod16.o)
 .debug_abbrev  0x00000000000029f3       0x14 /usr/bin/../lib/gcc/msp430/4.6.3/mmpy-16/libgcc.a(_divmod16.o)
 .debug_abbrev  0x0000000000002a07       0x14 /usr/bin/../lib/gcc/msp430/4.6.3/mmpy-16/libgcc.a(_udivmod32.o)
 .debug_abbrev  0x0000000000002a1b       0x14 /usr/bin/../lib/gcc/msp430/4.6.3/mmpy-16/libgcc.a(_divmod32.o)
 .debug_abbrev  0x0000000000002a2f       0x5d /usr/bin/../lib/gcc/msp430/4.6.3/mmpy-16/libgcc.a(_fixunssfsi.o)
 .debug_abbrev  0x0000000000002a8c      0x1ab /usr/bin/../lib/gcc/msp430/4.6.3/mmpy-16/libgcc.a(_addsub_sf.o)
 .debug_abbrev  0x0000000000002c37      0x1d9 /usr/bin/../lib/gcc/msp430/4.6.3/mmpy-16/libgcc.a(_mul_sf.o)
 .debug_abbrev  0x0000000000002e10      0x151 /usr/bin/../lib/gcc/msp430/4.6.3/mmpy-16/libgcc.a(_ge_sf.o)
 .debug_abbrev  0x0000000000002f61      0x160 /usr/bin/../lib/gcc/msp430/4.6.3/mmpy-16/libgcc.a(_sf_to_si.o)
 .debug_abbrev  0x00000000000030c1       0xba /usr/bin/../lib/gcc/msp430/4.6.3/mmpy-16/libgcc.a(_thenan_sf.o)
 .debug_abbrev  0x000000000000317b      0x173 /usr/bin/../lib/gcc/msp430/4.6.3/mmpy-16/libgcc.a(_usi_to_sf.o)
 .debug_abbrev  0x00000000000032ee       0xac /usr/bin/../lib/gcc/msp430/4.6.3/mmpy-16/libgcc.a(_clzsi2.o)
 .debug_abbrev  0x000000000000339a      0x192 /usr/bin/../lib/gcc/msp430/4.6.3/mmpy-16/libgcc.a(_pack_sf.o)
 .debug_abbrev  0x000000000000352c      0x15a /usr/bin/../lib/gcc/msp430/4.6.3/mmpy-16/libgcc.a(_unpack_sf.o)
 .debug_abbrev  0x0000000000003686      0x10b /usr/bin/../lib/gcc/msp430/4.6.3/mmpy-16/libgcc.a(_fpcmp_parts_sf.o)
 .debug_abbrev  0x0000000000003791       0x61 /usr/bin/../lib/gcc/msp430/4.6.3/mmpy-16/libgcc.a(_clz.o)
 .debug_abbrev  0x00000000000037f2       0x60 /usr/bin/../lib/gcc/msp430/4.6.3/../../../../msp430/lib/mmpy-16/libc.a(strcmp.o)
 .debug_abbrev  0x0000000000003852       0x94 /usr/bin/../lib/gcc/msp430/4.6.3/../../../../msp430/lib/mmpy-16/libc.a(strncpy.o)
 .debug_abbrev  0x00000000000038e6       0xd0 /usr/bin/../lib/gcc/msp430/4.6.3/../../../../msp430/lib/mmpy-16/libc.a(printf.o)
 .debug_abbrev  0x00000000000039b6      0x1ef /usr/bin/../lib/gcc/msp430/4.6.3/../../../../msp430/lib/mmpy-16/libc.a(vuprintf.o)
 .debug_abbrev  0x0000000000003ba5       0x60 /usr/bin/../lib/gcc/msp430/4.6.3/../../../../msp430/lib/mmpy-16/libc.a(puts.o)
 .debug_abbrev  0x0000000000003c05       0x14 /usr/bin/../lib/gcc/msp430/4.6.3/mmpy-16/libgcc.a(_udivmod64.o)
 .debug_abbrev  0x0000000000003c19       0x14 /usr/bin/../lib/gcc/msp430/4.6.3/mmpy-16/libcrt0.a(__watchdog_support.o)
 .debug_abbrev  0x0000000000003c2d       0x14 /usr/bin/../lib/gcc/msp430/4.6.3/mmpy-16/libcrt0.a(__init_stack.o)
 .debug_abbrev  0x0000000000003c41       0x14 /usr/bin/../lib/gcc/msp430/4.6.3/mmpy-16/libcrt0.a(_copy_data.o)
 .debug_abbrev  0x0000000000003c55       0x14 /usr/bin/../lib/gcc/msp430/4.6.3/mmpy-16/libcrt0.a(_clear_bss.o)
 .debug_abbrev  0x0000000000003c69       0x14 /usr/bin/../lib/gcc/msp430/4.6.3/mmpy-16/libcrt0.a(_endless_loop__.o)
 .debug_abbrev  0x0000000000003c7d       0x14 /usr/bin/../lib/gcc/msp430/4.6.3/mmpy-16/libcrt0.a(_unexpected_.o)

.debug_line     0x0000000000000000     0x3dbf
 *(.debug_line)
 .debug_line    0x0000000000000000      0x1ae staffetta-test.co
 .debug_line    0x00000000000001ae      0x181 obj_sky/contiki-sky-main.o
 .debug_line    0x000000000000032f      0x13d contiki-sky.a(process.o)
 .debug_line    0x000000000000046c       0x96 contiki-sky.a(autostart.o)
 .debug_line    0x0000000000000502       0x4a contiki-sky.a(random.o)
 .debug_line    0x000000000000054c      0x170 contiki-sky.a(etimer.o)
 .debug_line    0x00000000000006bc       0xe8 contiki-sky.a(energest.o)
 .debug_line    0x00000000000007a4       0x81 contiki-sky.a(rtimer.o)
 .debug_line    0x0000000000000825      0x106 contiki-sky.a(metric.o)
 .debug_line    0x000000000000092b      0x126 contiki-sky.a(gpio.o)
 .debug_line    0x0000000000000a51      0x6e5 contiki-sky.a(energytrace.o)
 .debug_line    0x0000000000001136      0x89e contiki-sky.a(staffetta.o)
 .debug_line    0x00000000000019d4      0x155 contiki-sky.a(msp430.o)
 .debug_line    0x0000000000001b29      0x133 contiki-sky.a(leds.o)
 .debug_line    0x0000000000001c5c       0xae contiki-sky.a(watchdog.o)
 .debug_line    0x0000000000001d0a      0x1d0 contiki-sky.a(xmem.o)
 .debug_line    0x0000000000001eda      0x32e contiki-sky.a(cc2420.o)
 .debug_line    0x0000000000002208       0x61 contiki-sky.a(node-id.o)
 .debug_line    0x0000000000002269      0x10c contiki-sky.a(uart1.o)
 .debug_line    0x0000000000002375      0x16a contiki-sky.a(clock.o)
 .debug_line    0x00000000000024df       0xe2 contiki-sky.a(leds-arch.o)
 .debug_line    0x00000000000025c1       0x9c contiki-sky.a(uart1-putchar.o)
 .debug_line    0x000000000000265d       0xc5 contiki-sky.a(rtimer-arch.o)
 .debug_line    0x0000000000002722       0xc6 contiki-sky.a(rand.o)
 .debug_line    0x00000000000027e8       0xa2 contiki-sky.a(timer.o)
 .debug_line    0x000000000000288a      0x15d contiki-sky.a(ctimer.o)
 .debug_line    0x00000000000029e7       0xba contiki-sky.a(ringbuf.o)
 .debug_line    0x0000000000002aa1       0x9d contiki-sky.a(spi.o)
 .debug_line    0x0000000000002b3e       0xd8 contiki-sky.a(list.o)
 .debug_line    0x0000000000002c16       0x74 /usr/bin/../lib/gcc/msp430/4.6.3/mmpy-16/libgcc.a(_mulsi3.o)
 .debug_line    0x0000000000002c8a       0x6d /usr/bin/../lib/gcc/msp430/4.6.3/mmpy-16/libgcc.a(_udivmod16.o)
 .debug_line    0x0000000000002cf7       0x78 /usr/bin/../lib/gcc/msp430/4.6.3/mmpy-16/libgcc.a(_divmod16.o)
 .debug_line    0x0000000000002d6f       0x7c /usr/bin/../lib/gcc/msp430/4.6.3/mmpy-16/libgcc.a(_udivmod32.o)
 .debug_line    0x0000000000002deb       0x81 /usr/bin/../lib/gcc/msp430/4.6.3/mmpy-16/libgcc.a(_divmod32.o)
 .debug_line    0x0000000000002e6c       0x65 /usr/bin/../lib/gcc/msp430/4.6.3/mmpy-16/libgcc.a(_fixunssfsi.o)
 .debug_line    0x0000000000002ed1      0x110 /usr/bin/../lib/gcc/msp430/4.6.3/mmpy-16/libgcc.a(_addsub_sf.o)
 .debug_line    0x0000000000002fe1      0x108 /usr/bin/../lib/gcc/msp430/4.6.3/mmpy-16/libgcc.a(_mul_sf.o)
 .debug_line    0x00000000000030e9       0x82 /usr/bin/../lib/gcc/msp430/4.6.3/mmpy-16/libgcc.a(_ge_sf.o)
 .debug_line    0x000000000000316b       0x90 /usr/bin/../lib/gcc/msp430/4.6.3/mmpy-16/libgcc.a(_sf_to_si.o)
 .debug_line    0x00000000000031fb       0x65 /usr/bin/../lib/gcc/msp430/4.6.3/mmpy-16/libgcc.a(_thenan_sf.o)
 .debug_line    0x0000000000003260       0x97 /usr/bin/../lib/gcc/msp430/4.6.3/mmpy-16/libgcc.a(_usi_to_sf.o)
 .debug_line    0x00000000000032f7       0x8f /usr/bin/../lib/gcc/msp430/4.6.3/mmpy-16/libgcc.a(_clzsi2.o)
 .debug_line    0x0000000000003386       0xd3 /usr/bin/../lib/gcc/msp430/4.6.3/mmpy-16/libgcc.a(_pack_sf.o)
 .debug_line    0x0000000000003459       0xae /usr/bin/../lib/gcc/msp430/4.6.3/mmpy-16/libgcc.a(_unpack_sf.o)
 .debug_line    0x0000000000003507       0xb9 /usr/bin/../lib/gcc/msp430/4.6.3/mmpy-16/libgcc.a(_fpcmp_parts_sf.o)
 .debug_line    0x00000000000035c0       0x51 /usr/bin/../lib/gcc/msp430/4.6.3/mmpy-16/libgcc.a(_clz.o)
 .debug_line    0x0000000000003611       0x49 /usr/bin/../lib/gcc/msp430/4.6.3/../../../../msp430/lib/mmpy-16/libc.a(strcmp.o)
 .debug_line    0x000000000000365a       0xb7 /usr/bin/../lib/gcc/msp430/4.6.3/../../../../msp430/lib/mmpy-16/libc.a(strncpy.o)
 .debug_line    0x0000000000003711       0xb1 /usr/bin/../lib/gcc/msp430/4.6.3/../../../../msp430/lib/mmpy-16/libc.a(printf.o)
 .debug_line    0x00000000000037c2      0x311 /usr/bin/../lib/gcc/msp430/4.6.3/../../../../msp430/lib/mmpy-16/libc.a(vuprintf.o)
 .debug_line    0x0000000000003ad3       0x4d /usr/bin/../lib/gcc/msp430/4.6.3/../../../../msp430/lib/mmpy-16/libc.a(puts.o)
 .debug_line    0x0000000000003b20       0xc2 /usr/bin/../lib/gcc/msp430/4.6.3/mmpy-16/libgcc.a(_udivmod64.o)
 .debug_line    0x0000000000003be2       0x4f /usr/bin/../lib/gcc/msp430/4.6.3/mmpy-16/libcrt0.a(__watchdog_support.o)
 .debug_line    0x0000000000003c31       0x4d /usr/bin/../lib/gcc/msp430/4.6.3/mmpy-16/libcrt0.a(__init_stack.o)
 .debug_line    0x0000000000003c7e       0x53 /usr/bin/../lib/gcc/msp430/4.6.3/mmpy-16/libcrt0.a(_copy_data.o)
 .debug_line    0x0000000000003cd1       0x53 /usr/bin/../lib/gcc/msp430/4.6.3/mmpy-16/libcrt0.a(_clear_bss.o)
 .debug_line    0x0000000000003d24       0x4e /usr/bin/../lib/gcc/msp430/4.6.3/mmpy-16/libcrt0.a(_endless_loop__.o)
 .debug_line    0x0000000000003d72       0x4d /usr/bin/../lib/gcc/msp430/4.6.3/mmpy-16/libcrt0.a(_unexpected_.o)

.debug_frame    0x0000000000000000     0x1552
 *(.debug_frame)
 .debug_frame   0x0000000000000000       0x60 staffetta-test.co
 .debug_frame   0x0000000000000060       0x50 obj_sky/contiki-sky-main.o
 .debug_frame   0x00000000000000b0       0xe8 contiki-sky.a(process.o)
 .debug_frame   0x0000000000000198       0x36 contiki-sky.a(autostart.o)
 .debug_frame   0x00000000000001ce       0x2a contiki-sky.a(random.o)
 .debug_frame   0x00000000000001f8       0xf8 contiki-sky.a(etimer.o)
 .debug_frame   0x00000000000002f0       0x62 contiki-sky.a(energest.o)
 .debug_frame   0x0000000000000352       0x36 contiki-sky.a(rtimer.o)
 .debug_frame   0x0000000000000388       0x5a contiki-sky.a(metric.o)
 .debug_frame   0x00000000000003e2       0xc0 contiki-sky.a(gpio.o)
 .debug_frame   0x00000000000004a2      0x40c contiki-sky.a(energytrace.o)
 .debug_frame   0x00000000000008ae      0x1ee contiki-sky.a(staffetta.o)
 .debug_frame   0x0000000000000a9c       0x86 contiki-sky.a(msp430.o)
 .debug_frame   0x0000000000000b22       0xa2 contiki-sky.a(leds.o)
 .debug_frame   0x0000000000000bc4       0x5a contiki-sky.a(watchdog.o)
 .debug_frame   0x0000000000000c1e       0xc4 contiki-sky.a(xmem.o)
 .debug_frame   0x0000000000000ce2       0x6e contiki-sky.a(cc2420.o)
 .debug_frame   0x0000000000000d50       0x32 contiki-sky.a(node-id.o)
 .debug_frame   0x0000000000000d82       0x88 contiki-sky.a(uart1.o)
 .debug_frame   0x0000000000000e0a       0xd0 contiki-sky.a(clock.o)
 .debug_frame   0x0000000000000eda       0x36 contiki-sky.a(leds-arch.o)
 .debug_frame   0x0000000000000f10       0x24 contiki-sky.a(uart1-putchar.o)
 .debug_frame   0x0000000000000f34       0x4a contiki-sky.a(rtimer-arch.o)
 .debug_frame   0x0000000000000f7e       0x40 contiki-sky.a(rand.o)
 .debug_frame   0x0000000000000fbe       0x6a contiki-sky.a(timer.o)
 .debug_frame   0x0000000000001028       0xaa contiki-sky.a(ctimer.o)
 .debug_frame   0x00000000000010d2       0x5e contiki-sky.a(ringbuf.o)
 .debug_frame   0x0000000000001130       0x1e contiki-sky.a(spi.o)
 .debug_frame   0x000000000000114e       0xbc contiki-sky.a(list.o)
 .debug_frame   0x000000000000120a       0x28 /usr/bin/../lib/gcc/msp430/4.6.3/mmpy-16/libgcc.a(_fixunssfsi.o)
 .debug_frame   0x0000000000001232       0x6a /usr/bin/../lib/gcc/msp430/4.6.3/mmpy-16/libgcc.a(_addsub_sf.o)
 .debug_frame   0x000000000000129c       0x4a /usr/bin/../lib/gcc/msp430/4.6.3/mmpy-16/libgcc.a(_mul_sf.o)
 .debug_frame   0x00000000000012e6       0x22 /usr/bin/../lib/gcc/msp430/4.6.3/mmpy-16/libgcc.a(_ge_sf.o)
 .debug_frame   0x0000000000001308       0x22 /usr/bin/../lib/gcc/msp430/4.6.3/mmpy-16/libgcc.a(_sf_to_si.o)
 .debug_frame   0x000000000000132a       0x36 /usr/bin/../lib/gcc/msp430/4.6.3/mmpy-16/libgcc.a(_usi_to_sf.o)
 .debug_frame   0x0000000000001360       0x2e /usr/bin/../lib/gcc/msp430/4.6.3/mmpy-16/libgcc.a(_clzsi2.o)
 .debug_frame   0x000000000000138e       0x38 /usr/bin/../lib/gcc/msp430/4.6.3/mmpy-16/libgcc.a(_pack_sf.o)
 .debug_frame   0x00000000000013c6       0x28 /usr/bin/../lib/gcc/msp430/4.6.3/mmpy-16/libgcc.a(_unpack_sf.o)
 .debug_frame   0x00000000000013ee       0x24 /usr/bin/../lib/gcc/msp430/4.6.3/mmpy-16/libgcc.a(_fpcmp_parts_sf.o)
 .debug_frame   0x0000000000001412       0x1e /usr/bin/../lib/gcc/msp430/4.6.3/../../../../msp430/lib/mmpy-16/libc.a(strcmp.o)
 .debug_frame   0x0000000000001430       0x24 /usr/bin/../lib/gcc/msp430/4.6.3/../../../../msp430/lib/mmpy-16/libc.a(strncpy.o)
 .debug_frame   0x0000000000001454       0x2a /usr/bin/../lib/gcc/msp430/4.6.3/../../../../msp430/lib/mmpy-16/libc.a(printf.o)
 .debug_frame   0x000000000000147e       0xb0 /usr/bin/../lib/gcc/msp430/4.6.3/../../../../msp430/lib/mmpy-16/libc.a(vuprintf.o)
 .debug_frame   0x000000000000152e       0x24 /usr/bin/../lib/gcc/msp430/4.6.3/../../../../msp430/lib/mmpy-16/libc.a(puts.o)

.debug_str      0x0000000000000000     0x2753
 *(.debug_str)
 .debug_str     0x0000000000000000      0x388 staffetta-test.co
                                        0x42f (size before relaxing)
 .debug_str     0x0000000000000388       0xcc obj_sky/contiki-sky-main.o
                                        0x382 (size before relaxing)
 .debug_str     0x0000000000000454      0x178 contiki-sky.a(process.o)
                                        0x2cf (size before relaxing)
 .debug_str     0x00000000000005cc       0x3a contiki-sky.a(autostart.o)
                                        0x187 (size before relaxing)
 .debug_str     0x0000000000000606       0x35 contiki-sky.a(random.o)
                                        0x12b (size before relaxing)
 .debug_str     0x000000000000063b      0x133 contiki-sky.a(etimer.o)
                                        0x2dc (size before relaxing)
 .debug_str     0x000000000000076e       0x9b contiki-sky.a(energest.o)
                                        0x325 (size before relaxing)
 .debug_str     0x0000000000000809       0xb8 contiki-sky.a(rtimer.o)
                                        0x2f0 (size before relaxing)
 .debug_str     0x00000000000008c1       0x9e contiki-sky.a(metric.o)
                                        0x34a (size before relaxing)
 .debug_str     0x000000000000095f       0xcf contiki-sky.a(gpio.o)
                                        0x1dd (size before relaxing)
 .debug_str     0x0000000000000a2e      0x76e contiki-sky.a(energytrace.o)
                                        0xb69 (size before relaxing)
 .debug_str     0x000000000000119c      0x726 contiki-sky.a(staffetta.o)
                                        0xb10 (size before relaxing)
 .debug_str     0x00000000000018c2      0x133 contiki-sky.a(msp430.o)
                                        0x295 (size before relaxing)
 .debug_str     0x00000000000019f5       0x87 contiki-sky.a(leds.o)
                                        0x325 (size before relaxing)
 .debug_str     0x0000000000001a7c       0xa6 contiki-sky.a(watchdog.o)
                                        0x1a4 (size before relaxing)
 .debug_str     0x0000000000001b22       0xa5 contiki-sky.a(xmem.o)
                                        0x399 (size before relaxing)
 .debug_str     0x0000000000001bc7       0x85 contiki-sky.a(cc2420.o)
                                        0x59d (size before relaxing)
 .debug_str     0x0000000000001c4c       0x3c contiki-sky.a(node-id.o)
                                        0x13a (size before relaxing)
 .debug_str     0x0000000000001c88      0x12f contiki-sky.a(uart1.o)
                                        0x291 (size before relaxing)
 .debug_str     0x0000000000001db7       0xdd contiki-sky.a(clock.o)
                                        0x3ab (size before relaxing)
 .debug_str     0x0000000000001e94       0x5a contiki-sky.a(leds-arch.o)
                                        0x161 (size before relaxing)
 .debug_str     0x0000000000001eee       0x2d contiki-sky.a(uart1-putchar.o)
                                        0x123 (size before relaxing)
 .debug_str     0x0000000000001f1b       0x62 contiki-sky.a(rtimer-arch.o)
                                        0x184 (size before relaxing)
 .debug_str     0x0000000000001f7d       0x27 contiki-sky.a(rand.o)
                                        0x268 (size before relaxing)
 .debug_str     0x0000000000001fa4       0x27 contiki-sky.a(timer.o)
                                        0x176 (size before relaxing)
 .debug_str     0x0000000000001fcb       0xc0 contiki-sky.a(ctimer.o)
                                        0x397 (size before relaxing)
 .debug_str     0x000000000000208b       0x64 contiki-sky.a(ringbuf.o)
                                        0x189 (size before relaxing)
 .debug_str     0x00000000000020ef       0x5d contiki-sky.a(spi.o)
                                        0x198 (size before relaxing)
 .debug_str     0x000000000000214c       0xa8 contiki-sky.a(list.o)
                                        0x13a (size before relaxing)
 .debug_str     0x00000000000021f4       0xad /usr/bin/../lib/gcc/msp430/4.6.3/mmpy-16/libgcc.a(_fixunssfsi.o)
                                        0x15b (size before relaxing)
 .debug_str     0x00000000000022a1      0x13f /usr/bin/../lib/gcc/msp430/4.6.3/mmpy-16/libgcc.a(_addsub_sf.o)
                                        0x262 (size before relaxing)
 .debug_str     0x00000000000023e0       0x27 /usr/bin/../lib/gcc/msp430/4.6.3/mmpy-16/libgcc.a(_mul_sf.o)
                                        0x21b (size before relaxing)
 .debug_str     0x0000000000002407        0x8 /usr/bin/../lib/gcc/msp430/4.6.3/mmpy-16/libgcc.a(_ge_sf.o)
                                        0x1e9 (size before relaxing)
 .debug_str     0x000000000000240f        0xa /usr/bin/../lib/gcc/msp430/4.6.3/mmpy-16/libgcc.a(_sf_to_si.o)
                                        0x1f2 (size before relaxing)
 .debug_str     0x0000000000000000      0x194 /usr/bin/../lib/gcc/msp430/4.6.3/mmpy-16/libgcc.a(_thenan_sf.o)
 .debug_str     0x0000000000002419       0x2a /usr/bin/../lib/gcc/msp430/4.6.3/mmpy-16/libgcc.a(_usi_to_sf.o)
                                        0x1d4 (size before relaxing)
 .debug_str     0x0000000000002443       0x17 /usr/bin/../lib/gcc/msp430/4.6.3/mmpy-16/libgcc.a(_clzsi2.o)
                                        0x167 (size before relaxing)
 .debug_str     0x000000000000245a       0x10 /usr/bin/../lib/gcc/msp430/4.6.3/mmpy-16/libgcc.a(_pack_sf.o)
                                        0x1f1 (size before relaxing)
 .debug_str     0x000000000000246a        0xb /usr/bin/../lib/gcc/msp430/4.6.3/mmpy-16/libgcc.a(_unpack_sf.o)
                                        0x1d3 (size before relaxing)
 .debug_str     0x0000000000002475       0x10 /usr/bin/../lib/gcc/msp430/4.6.3/mmpy-16/libgcc.a(_fpcmp_parts_sf.o)
                                        0x1b7 (size before relaxing)
 .debug_str     0x0000000000000000      0x14a /usr/bin/../lib/gcc/msp430/4.6.3/mmpy-16/libgcc.a(_clz.o)
 .debug_str     0x0000000000002485       0x6b /usr/bin/../lib/gcc/msp430/4.6.3/../../../../msp430/lib/mmpy-16/libc.a(strcmp.o)
                                        0x11f (size before relaxing)
 .debug_str     0x00000000000024f0       0x1b /usr/bin/../lib/gcc/msp430/4.6.3/../../../../msp430/lib/mmpy-16/libc.a(strncpy.o)
                                        0x128 (size before relaxing)
 .debug_str     0x000000000000250b       0x40 /usr/bin/../lib/gcc/msp430/4.6.3/../../../../msp430/lib/mmpy-16/libc.a(printf.o)
                                        0x155 (size before relaxing)
 .debug_str     0x000000000000254b      0x1f3 /usr/bin/../lib/gcc/msp430/4.6.3/../../../../msp430/lib/mmpy-16/libc.a(vuprintf.o)
                                        0x3a0 (size before relaxing)
 .debug_str     0x000000000000273e       0x15 /usr/bin/../lib/gcc/msp430/4.6.3/../../../../msp430/lib/mmpy-16/libc.a(puts.o)
                                        0x11b (size before relaxing)

.debug_loc      0x0000000000000000     0x3e7a
 *(.debug_loc)
 .debug_loc     0x0000000000000000      0x180 staffetta-test.co
 .debug_loc     0x0000000000000180       0x9a obj_sky/contiki-sky-main.o
 .debug_loc     0x000000000000021a      0x20d contiki-sky.a(process.o)
 .debug_loc     0x0000000000000427       0x56 contiki-sky.a(autostart.o)
 .debug_loc     0x000000000000047d        0xb contiki-sky.a(random.o)
 .debug_loc     0x0000000000000488      0x270 contiki-sky.a(etimer.o)
 .debug_loc     0x00000000000006f8       0x8a contiki-sky.a(energest.o)
 .debug_loc     0x0000000000000782       0x5b contiki-sky.a(rtimer.o)
 .debug_loc     0x00000000000007dd       0x28 contiki-sky.a(metric.o)
 .debug_loc     0x0000000000000805       0xb3 contiki-sky.a(gpio.o)
 .debug_loc     0x00000000000008b8     0x1288 contiki-sky.a(energytrace.o)
 .debug_loc     0x0000000000001b40      0x513 contiki-sky.a(staffetta.o)
 .debug_loc     0x0000000000002053      0x118 contiki-sky.a(msp430.o)
 .debug_loc     0x000000000000216b       0xdc contiki-sky.a(leds.o)
 .debug_loc     0x0000000000002247      0x2f2 contiki-sky.a(xmem.o)
 .debug_loc     0x0000000000002539      0x119 contiki-sky.a(cc2420.o)
 .debug_loc     0x0000000000002652       0x33 contiki-sky.a(node-id.o)
 .debug_loc     0x0000000000002685       0x99 contiki-sky.a(uart1.o)
 .debug_loc     0x000000000000271e       0x92 contiki-sky.a(clock.o)
 .debug_loc     0x00000000000027b0        0xb contiki-sky.a(leds-arch.o)
 .debug_loc     0x00000000000027bb       0x2d contiki-sky.a(uart1-putchar.o)
 .debug_loc     0x00000000000027e8       0x2c contiki-sky.a(rtimer-arch.o)
 .debug_loc     0x0000000000002814       0x74 contiki-sky.a(rand.o)
 .debug_loc     0x0000000000002888       0xb9 contiki-sky.a(timer.o)
 .debug_loc     0x0000000000002941      0x205 contiki-sky.a(ctimer.o)
 .debug_loc     0x0000000000002b46       0xa3 contiki-sky.a(ringbuf.o)
 .debug_loc     0x0000000000002be9      0x1ac contiki-sky.a(list.o)
 .debug_loc     0x0000000000002d95       0x44 /usr/bin/../lib/gcc/msp430/4.6.3/mmpy-16/libgcc.a(_fixunssfsi.o)
 .debug_loc     0x0000000000002dd9      0x2ca /usr/bin/../lib/gcc/msp430/4.6.3/mmpy-16/libgcc.a(_addsub_sf.o)
 .debug_loc     0x00000000000030a3      0x248 /usr/bin/../lib/gcc/msp430/4.6.3/mmpy-16/libgcc.a(_mul_sf.o)
 .debug_loc     0x00000000000032eb       0x3c /usr/bin/../lib/gcc/msp430/4.6.3/mmpy-16/libgcc.a(_ge_sf.o)
 .debug_loc     0x0000000000003327       0x3c /usr/bin/../lib/gcc/msp430/4.6.3/mmpy-16/libgcc.a(_sf_to_si.o)
 .debug_loc     0x0000000000003363       0x6c /usr/bin/../lib/gcc/msp430/4.6.3/mmpy-16/libgcc.a(_usi_to_sf.o)
 .debug_loc     0x00000000000033cf       0x80 /usr/bin/../lib/gcc/msp430/4.6.3/mmpy-16/libgcc.a(_clzsi2.o)
 .debug_loc     0x000000000000344f      0x181 /usr/bin/../lib/gcc/msp430/4.6.3/mmpy-16/libgcc.a(_pack_sf.o)
 .debug_loc     0x00000000000035d0       0x83 /usr/bin/../lib/gcc/msp430/4.6.3/mmpy-16/libgcc.a(_unpack_sf.o)
 .debug_loc     0x0000000000003653       0x5b /usr/bin/../lib/gcc/msp430/4.6.3/mmpy-16/libgcc.a(_fpcmp_parts_sf.o)
 .debug_loc     0x00000000000036ae       0x24 /usr/bin/../lib/gcc/msp430/4.6.3/../../../../msp430/lib/mmpy-16/libc.a(strcmp.o)
 .debug_loc     0x00000000000036d2       0x45 /usr/bin/../lib/gcc/msp430/4.6.3/../../../../msp430/lib/mmpy-16/libc.a(strncpy.o)
 .debug_loc     0x0000000000003717       0x38 /usr/bin/../lib/gcc/msp430/4.6.3/../../../../msp430/lib/mmpy-16/libc.a(printf.o)
 .debug_loc     0x000000000000374f      0x705 /usr/bin/../lib/gcc/msp430/4.6.3/../../../../msp430/lib/mmpy-16/libc.a(vuprintf.o)
 .debug_loc     0x0000000000003e54       0x26 /usr/bin/../lib/gcc/msp430/4.6.3/../../../../msp430/lib/mmpy-16/libc.a(puts.o)

.debug_macinfo
 *(.debug_macinfo)

.debug_pubtypes
 *(.debug_pubtypes)

.debug_ranges   0x0000000000000000       0xb0
 *(.debug_ranges)
 .debug_ranges  0x0000000000000000       0x18 staffetta-test.co
 .debug_ranges  0x0000000000000018        0x8 obj_sky/contiki-sky-main.o
 .debug_ranges  0x0000000000000020       0x24 contiki-sky.a(energytrace.o)
 .debug_ranges  0x0000000000000044        0xc contiki-sky.a(staffetta.o)
 .debug_ranges  0x0000000000000050       0x14 /usr/bin/../lib/gcc/msp430/4.6.3/mmpy-16/libgcc.a(_addsub_sf.o)
 .debug_ranges  0x0000000000000064       0x28 /usr/bin/../lib/gcc/msp430/4.6.3/mmpy-16/libgcc.a(_mul_sf.o)
 .debug_ranges  0x000000000000008c        0xc /usr/bin/../lib/gcc/msp430/4.6.3/mmpy-16/libgcc.a(_clzsi2.o)
 .debug_ranges  0x0000000000000098       0x18 /usr/bin/../lib/gcc/msp430/4.6.3/../../../../msp430/lib/mmpy-16/libc.a(vuprintf.o)
                0x0000000000003900                PROVIDE (__stack, (ORIGIN (ram) + 0x2800))
                0x000000000000a610                PROVIDE (__data_start_rom, _etext)
                0x000000000000a65e                PROVIDE (__data_end_rom, (_etext + SIZEOF (.data)))
OUTPUT(staffetta-test.sky elf32-msp430)

.glossy         0x0000000000004000        0x0